000 (196930.001.000) 2026-06-12 22:48:48 Job submitted from host: <155.230.23.73:9618?addrs=155.230.23.73-9618+[2407-c000-c024-0-20c-29ff-fe93-3763]-9618&alias=cms03.knu.ac.kr&noUDP&sock=schedd_1478_5d11>
...
040 (196930.001.000) 2026-06-12 22:48:50 Started transferring input files
	Transferring to host: <155.230.21.108:9618?addrs=155.230.21.108-9618+[2407-c000-c025--21-108]-9618&alias=cluster308.knu.ac.kr&noUDP&sock=slot1_24_1782_5482_2349>
...
040 (196930.001.000) 2026-06-12 22:48:50 Finished transferring input files
...
001 (196930.001.000) 2026-06-12 22:48:51 Job executing on host: <155.230.21.108:9618?addrs=155.230.21.108-9618+[2407-c000-c025--21-108]-9618&alias=cluster308.knu.ac.kr&noUDP&sock=startd_1719_ab64>
	SlotName: slot1_24@cluster308.knu.ac.kr
	CondorScratchDir = "/home/condor/dir_3315690"
	Cpus = 1
	Disk = 2758
	GPUs = 0
	Memory = 1100
...
006 (196930.001.000) 2026-06-12 22:49:04 Image size of job updated: 53152
	52  -  MemoryUsage of job (MB)
	53152  -  ResidentSetSize of job (KB)
...
006 (196930.001.000) 2026-06-12 22:54:04 Image size of job updated: 100636
	99  -  MemoryUsage of job (MB)
	100636  -  ResidentSetSize of job (KB)
...
006 (196930.001.000) 2026-06-12 22:59:05 Image size of job updated: 101548
	100  -  MemoryUsage of job (MB)
	101548  -  ResidentSetSize of job (KB)
...
006 (196930.001.000) 2026-06-12 23:04:06 Image size of job updated: 101880
	100  -  MemoryUsage of job (MB)
	101880  -  ResidentSetSize of job (KB)
...
006 (196930.001.000) 2026-06-12 23:09:06 Image size of job updated: 101968
	100  -  MemoryUsage of job (MB)
	101968  -  ResidentSetSize of job (KB)
...
006 (196930.001.000) 2026-06-12 23:11:51 Image size of job updated: 112400
	100  -  MemoryUsage of job (MB)
	101968  -  ResidentSetSize of job (KB)
...
040 (196930.001.000) 2026-06-12 23:11:51 Started transferring output files
...
040 (196930.001.000) 2026-06-12 23:11:51 Finished transferring output files
...
005 (196930.001.000) 2026-06-12 23:11:51 Job terminated.
	(1) Normal termination (return value 139)
		Usr 0 00:22:38, Sys 0 00:00:01  -  Run Remote Usage
		Usr 0 00:00:00, Sys 0 00:00:00  -  Run Local Usage
		Usr 0 00:22:38, Sys 0 00:00:01  -  Total Remote Usage
		Usr 0 00:00:00, Sys 0 00:00:00  -  Total Local Usage
	38183  -  Run Bytes Sent By Job
	1231206  -  Run Bytes Received By Job
	38183  -  Total Bytes Sent By Job
	1231206  -  Total Bytes Received By Job
	Partitionable Resources :    Usage  Request Allocated 
	   Cpus                 :     0.99        1         1 
	   Disk (KB)            :  1262        1250      2758 
	   GPUs                 :                           0 
	   Memory (MB)          :   100        1024      1100 
	   TimeExecute (s)      :  1380                       
	   TimeSlotBusy (s)     :  1381                       

	Job terminated of its own accord at 2026-06-12T14:11:51Z with exit-code 139.
...
