000 (196930.010.000) 2026-06-12 22:48:48 Job submitted from host: <155.230.23.73:9618?addrs=155.230.23.73-9618+[2407-c000-c024-0-20c-29ff-fe93-3763]-9618&alias=cms03.knu.ac.kr&noUDP&sock=schedd_1478_5d11>
...
040 (196930.010.000) 2026-06-12 22:49:50 Started transferring input files
	Transferring to host: <155.230.21.116:9618?addrs=155.230.21.116-9618+[2407-c000-c025--21-116]-9618&alias=cluster316.knu.ac.kr&noUDP&sock=slot1_20_1621_e41b_2877>
...
040 (196930.010.000) 2026-06-12 22:49:50 Finished transferring input files
...
001 (196930.010.000) 2026-06-12 22:49:51 Job executing on host: <155.230.21.116:9618?addrs=155.230.21.116-9618+[2407-c000-c025--21-116]-9618&alias=cluster316.knu.ac.kr&noUDP&sock=startd_1583_6282>
	SlotName: slot1_20@cluster316.knu.ac.kr
	CondorScratchDir = "/home/condor/dir_1259513"
	Cpus = 1
	Disk = 3860
	GPUs = 0
	Memory = 1100
...
006 (196930.010.000) 2026-06-12 22:50:05 Image size of job updated: 56540
	56  -  MemoryUsage of job (MB)
	56540  -  ResidentSetSize of job (KB)
...
006 (196930.010.000) 2026-06-12 22:55:06 Image size of job updated: 100264
	98  -  MemoryUsage of job (MB)
	100264  -  ResidentSetSize of job (KB)
...
006 (196930.010.000) 2026-06-12 23:00:07 Image size of job updated: 100584
	99  -  MemoryUsage of job (MB)
	100584  -  ResidentSetSize of job (KB)
...
006 (196930.010.000) 2026-06-12 23:05:07 Image size of job updated: 100800
	99  -  MemoryUsage of job (MB)
	100800  -  ResidentSetSize of job (KB)
...
006 (196930.010.000) 2026-06-12 23:06:32 Image size of job updated: 111936
	99  -  MemoryUsage of job (MB)
	100800  -  ResidentSetSize of job (KB)
...
040 (196930.010.000) 2026-06-12 23:06:33 Started transferring output files
...
040 (196930.010.000) 2026-06-12 23:06:33 Finished transferring output files
...
005 (196930.010.000) 2026-06-12 23:06:33 Job terminated.
	(1) Normal termination (return value 139)
		Usr 0 00:16:18, Sys 0 00:00:02  -  Run Remote Usage
		Usr 0 00:00:00, Sys 0 00:00:00  -  Run Local Usage
		Usr 0 00:16:18, Sys 0 00:00:02  -  Total Remote Usage
		Usr 0 00:00:00, Sys 0 00:00:00  -  Total Local Usage
	38181  -  Run Bytes Sent By Job
	1231206  -  Run Bytes Received By Job
	38181  -  Total Bytes Sent By Job
	1231206  -  Total Bytes Received By Job
	Partitionable Resources :    Usage  Request Allocated 
	   Cpus                 :     0.99        1         1 
	   Disk (KB)            :  1262        1250      3860 
	   GPUs                 :                           0 
	   Memory (MB)          :    99        1024      1100 
	   TimeExecute (s)      :  1001                       
	   TimeSlotBusy (s)     :  1004                       

	Job terminated of its own accord at 2026-06-12T14:06:32Z with exit-code 139.
...
