
 *** Break *** segmentation violation



===========================================================
There was a crash.
This is the entire stack trace of all threads:
===========================================================
#0  0x00001475b34da1ba in wait4 () from /usr/lib64/libc.so.6
#1  0x00001475b344f4b3 in do_system () from /usr/lib64/libc.so.6
#2  0x00001475b552132e in TUnixSystem::StackTrace() () from /u/user/changhui/software/root/lib/libCore.so
#3  0x00001475b551ea15 in TUnixSystem::DispatchSignals(ESignals) () from /u/user/changhui/software/root/lib/libCore.so
#4  <signal handler called>
#5  0x00001475bc091c65 in RootInterface<koBICInterface::koBICEventData>::close() () from /u/user/changhui/koBIC2026/BICprototype/install/lib/librootIO.so
#6  0x0000000000427e61 in koBICRunAction::~koBICRunAction() ()
#7  0x0000000000427e99 in koBICRunAction::~koBICRunAction() ()
#8  0x00001475bb3b9908 in G4RunManager::~G4RunManager() () from /u/user/changhui/GEANT4/geant4-v10.5.1/install/lib64/libG4run.so
#9  0x00001475bb3b9c59 in G4RunManager::~G4RunManager() () from /u/user/changhui/GEANT4/geant4-v10.5.1/install/lib64/libG4run.so
#10 0x000000000040ef69 in main ()
===========================================================


The lines below might hint at the cause of the crash. If you see question
marks as part of the stack trace, try to recompile with debugging information
enabled and export CLING_DEBUG=1 environment variable before running.
You may get help by asking at the ROOT forum https://root.cern/forum
preferably using the command (.forum bug) in the ROOT prompt.
Only if you are really convinced it is a bug in ROOT then please submit a
report at https://root.cern/bugs or (preferably) using the command (.gh bug) in
the ROOT prompt. Please post the ENTIRE stack trace
from above as an attachment in addition to anything else
that might help us fixing this issue.
===========================================================
#5  0x00001475bc091c65 in RootInterface<koBICInterface::koBICEventData>::close() () from /u/user/changhui/koBIC2026/BICprototype/install/lib/librootIO.so
#6  0x0000000000427e61 in koBICRunAction::~koBICRunAction() ()
#7  0x0000000000427e99 in koBICRunAction::~koBICRunAction() ()
#8  0x00001475bb3b9908 in G4RunManager::~G4RunManager() () from /u/user/changhui/GEANT4/geant4-v10.5.1/install/lib64/libG4run.so
#9  0x00001475bb3b9c59 in G4RunManager::~G4RunManager() () from /u/user/changhui/GEANT4/geant4-v10.5.1/install/lib64/libG4run.so
#10 0x000000000040ef69 in main ()
===========================================================


