000 (196930.107.000) 2026-06-12 22:48:48 Job submitted from host: <155.230.23.73:9618?addrs=155.230.23.73-9618+[2407-c000-c024-0-20c-29ff-fe93-3763]-9618&alias=cms03.knu.ac.kr&noUDP&sock=schedd_1478_5d11>
...
040 (196930.107.000) 2026-06-12 23:18:31 Started transferring input files
	Transferring to host: <155.230.21.146:9618?addrs=155.230.21.146-9618+[2407-c000-c025--21-146]-9618&alias=cluster346.knu.ac.kr&noUDP&sock=slot1_15_2315_e077_2698>
...
040 (196930.107.000) 2026-06-12 23:18:31 Finished transferring input files
...
001 (196930.107.000) 2026-06-12 23:18:32 Job executing on host: <155.230.21.146:9618?addrs=155.230.21.146-9618+[2407-c000-c025--21-146]-9618&alias=cluster346.knu.ac.kr&noUDP&sock=startd_2130_94d0>
	SlotName: slot1_15@cluster346.knu.ac.kr
	CondorScratchDir = "/home/condor/dir_1999122"
	Cpus = 1
	Disk = 3072
	GPUs = 0
	Memory = 1100
...
006 (196930.107.000) 2026-06-12 23:18:45 Image size of job updated: 99436
	98  -  MemoryUsage of job (MB)
	99436  -  ResidentSetSize of job (KB)
...
006 (196930.107.000) 2026-06-12 23:23:45 Image size of job updated: 102676
	101  -  MemoryUsage of job (MB)
	102676  -  ResidentSetSize of job (KB)
...
006 (196930.107.000) 2026-06-12 23:26:41 Image size of job updated: 102836
	101  -  MemoryUsage of job (MB)
	102676  -  ResidentSetSize of job (KB)
...
040 (196930.107.000) 2026-06-12 23:26:41 Started transferring output files
...
040 (196930.107.000) 2026-06-12 23:26:41 Finished transferring output files
...
005 (196930.107.000) 2026-06-12 23:26:41 Job terminated.
	(1) Normal termination (return value 139)
		Usr 0 00:08:01, Sys 0 00:00:01  -  Run Remote Usage
		Usr 0 00:00:00, Sys 0 00:00:00  -  Run Local Usage
		Usr 0 00:08:01, Sys 0 00:00:01  -  Total Remote Usage
		Usr 0 00:00:00, Sys 0 00:00:00  -  Total Local Usage
	38181  -  Run Bytes Sent By Job
	1231206  -  Run Bytes Received By Job
	38181  -  Total Bytes Sent By Job
	1231206  -  Total Bytes Received By Job
	Partitionable Resources :    Usage  Request Allocated 
	   Cpus                 :     0.99        1         1 
	   Disk (KB)            :  1262        1250      3072 
	   GPUs                 :                           0 
	   Memory (MB)          :   101        1024      1100 
	   TimeExecute (s)      :   489                       
	   TimeSlotBusy (s)     :   490                       

	Job terminated of its own accord at 2026-06-12T14:26:41Z with exit-code 139.
...
