000 (196930.011.000) 2026-06-12 22:48:48 Job submitted from host: <155.230.23.73:9618?addrs=155.230.23.73-9618+[2407-c000-c024-0-20c-29ff-fe93-3763]-9618&alias=cms03.knu.ac.kr&noUDP&sock=schedd_1478_5d11>
...
040 (196930.011.000) 2026-06-12 22:51:02 Started transferring input files
	Transferring to host: <155.230.21.151:9618?addrs=155.230.21.151-9618+[2407-c000-c025--21-151]-9618&alias=cluster351.knu.ac.kr&noUDP&sock=slot1_46_376959_777a_4049>
...
040 (196930.011.000) 2026-06-12 22:51:02 Finished transferring input files
...
001 (196930.011.000) 2026-06-12 22:51:03 Job executing on host: <155.230.21.151:9618?addrs=155.230.21.151-9618+[2407-c000-c025--21-151]-9618&alias=cluster351.knu.ac.kr&noUDP&sock=startd_2791_f8ea>
	SlotName: slot1_46@cluster351.knu.ac.kr
	CondorScratchDir = "/home/condor/dir_2157440"
	Cpus = 1
	Disk = 9388
	GPUs = 0
	Memory = 1100
...
006 (196930.011.000) 2026-06-12 22:51:16 Image size of job updated: 78112
	77  -  MemoryUsage of job (MB)
	78112  -  ResidentSetSize of job (KB)
...
006 (196930.011.000) 2026-06-12 22:54:47 Image size of job updated: 106284
	77  -  MemoryUsage of job (MB)
	78112  -  ResidentSetSize of job (KB)
...
040 (196930.011.000) 2026-06-12 22:54:47 Started transferring output files
...
040 (196930.011.000) 2026-06-12 22:54:47 Finished transferring output files
...
005 (196930.011.000) 2026-06-12 22:54:47 Job terminated.
	(1) Normal termination (return value 139)
		Usr 0 00:03:29, Sys 0 00:00:01  -  Run Remote Usage
		Usr 0 00:00:00, Sys 0 00:00:00  -  Run Local Usage
		Usr 0 00:03:29, Sys 0 00:00:01  -  Total Remote Usage
		Usr 0 00:00:00, Sys 0 00:00:00  -  Total Local Usage
	38181  -  Run Bytes Sent By Job
	1231206  -  Run Bytes Received By Job
	38181  -  Total Bytes Sent By Job
	1231206  -  Total Bytes Received By Job
	Partitionable Resources :    Usage  Request Allocated 
	   Cpus                 :     0.99        1         1 
	   Disk (KB)            :  1262        1250      9388 
	   GPUs                 :                           0 
	   Memory (MB)          :    77        1024      1100 
	   TimeExecute (s)      :   224                       
	   TimeSlotBusy (s)     :   226                       

	Job terminated of its own accord at 2026-06-12T13:54:47Z with exit-code 139.
...
