000 (196930.110.000) 2026-06-12 22:48:48 Job submitted from host: <155.230.23.73:9618?addrs=155.230.23.73-9618+[2407-c000-c024-0-20c-29ff-fe93-3763]-9618&alias=cms03.knu.ac.kr&noUDP&sock=schedd_1478_5d11>
...
040 (196930.110.000) 2026-06-12 23:19:25 Started transferring input files
	Transferring to host: <155.230.21.84:9618?addrs=155.230.21.84-9618+[2407-c000-c025--21-84]-9618&alias=cluster284.knu.ac.kr&noUDP&sock=slot1_7_1320_cf2f_2213>
...
040 (196930.110.000) 2026-06-12 23:19:25 Finished transferring input files
...
001 (196930.110.000) 2026-06-12 23:19:26 Job executing on host: <155.230.21.84:9618?addrs=155.230.21.84-9618+[2407-c000-c025--21-84]-9618&alias=cluster284.knu.ac.kr&noUDP&sock=startd_1269_01c5>
	SlotName: slot1_7@cluster284.knu.ac.kr
	CondorScratchDir = "/home/condor/dir_2615289"
	Cpus = 1
	Disk = 3844
	GPUs = 0
	Memory = 1100
...
006 (196930.110.000) 2026-06-12 23:19:39 Image size of job updated: 45420
	45  -  MemoryUsage of job (MB)
	45420  -  ResidentSetSize of job (KB)
...
006 (196930.110.000) 2026-06-12 23:24:39 Image size of job updated: 101128
	99  -  MemoryUsage of job (MB)
	101128  -  ResidentSetSize of job (KB)
...
006 (196930.110.000) 2026-06-12 23:29:40 Image size of job updated: 102384
	100  -  MemoryUsage of job (MB)
	102384  -  ResidentSetSize of job (KB)
...
006 (196930.110.000) 2026-06-12 23:34:41 Image size of job updated: 102752
	101  -  MemoryUsage of job (MB)
	102752  -  ResidentSetSize of job (KB)
...
006 (196930.110.000) 2026-06-12 23:36:55 Image size of job updated: 196024
	101  -  MemoryUsage of job (MB)
	102752  -  ResidentSetSize of job (KB)
...
040 (196930.110.000) 2026-06-12 23:36:55 Started transferring output files
...
040 (196930.110.000) 2026-06-12 23:36:55 Finished transferring output files
...
005 (196930.110.000) 2026-06-12 23:36:55 Job terminated.
	(1) Normal termination (return value 139)
		Usr 0 00:17:01, Sys 0 00:00:02  -  Run Remote Usage
		Usr 0 00:00:00, Sys 0 00:00:00  -  Run Local Usage
		Usr 0 00:17:01, Sys 0 00:00:02  -  Total Remote Usage
		Usr 0 00:00:00, Sys 0 00:00:00  -  Total Local Usage
	38183  -  Run Bytes Sent By Job
	1231206  -  Run Bytes Received By Job
	38183  -  Total Bytes Sent By Job
	1231206  -  Total Bytes Received By Job
	Partitionable Resources :    Usage  Request Allocated 
	   Cpus                 :     0.97        1         1 
	   Disk (KB)            :  1262        1250      3844 
	   GPUs                 :                           0 
	   Memory (MB)          :   101        1024      1100 
	   TimeExecute (s)      :  1049                       
	   TimeSlotBusy (s)     :  1051                       

	Job terminated of its own accord at 2026-06-12T14:36:55Z with exit-code 139.
...
