000 (196930.112.000) 2026-06-12 22:48:48 Job submitted from host: <155.230.23.73:9618?addrs=155.230.23.73-9618+[2407-c000-c024-0-20c-29ff-fe93-3763]-9618&alias=cms03.knu.ac.kr&noUDP&sock=schedd_1478_5d11>
...
040 (196930.112.000) 2026-06-12 23:19:25 Started transferring input files
	Transferring to host: <155.230.21.84:9618?addrs=155.230.21.84-9618+[2407-c000-c025--21-84]-9618&alias=cluster284.knu.ac.kr&noUDP&sock=slot1_13_1320_cf2f_2214>
...
040 (196930.112.000) 2026-06-12 23:19:25 Finished transferring input files
...
001 (196930.112.000) 2026-06-12 23:19:26 Job executing on host: <155.230.21.84:9618?addrs=155.230.21.84-9618+[2407-c000-c025--21-84]-9618&alias=cluster284.knu.ac.kr&noUDP&sock=startd_1269_01c5>
	SlotName: slot1_13@cluster284.knu.ac.kr
	CondorScratchDir = "/home/condor/dir_2615290"
	Cpus = 1
	Disk = 3844
	GPUs = 0
	Memory = 1100
...
006 (196930.112.000) 2026-06-12 23:19:39 Image size of job updated: 45428
	45  -  MemoryUsage of job (MB)
	45428  -  ResidentSetSize of job (KB)
...
006 (196930.112.000) 2026-06-12 23:24:39 Image size of job updated: 100912
	99  -  MemoryUsage of job (MB)
	100912  -  ResidentSetSize of job (KB)
...
006 (196930.112.000) 2026-06-12 23:29:40 Image size of job updated: 101984
	100  -  MemoryUsage of job (MB)
	101984  -  ResidentSetSize of job (KB)
...
006 (196930.112.000) 2026-06-12 23:34:40 Image size of job updated: 102628
	101  -  MemoryUsage of job (MB)
	102628  -  ResidentSetSize of job (KB)
...
006 (196930.112.000) 2026-06-12 23:35:04 Image size of job updated: 229108
	101  -  MemoryUsage of job (MB)
	102628  -  ResidentSetSize of job (KB)
...
040 (196930.112.000) 2026-06-12 23:35:04 Started transferring output files
...
040 (196930.112.000) 2026-06-12 23:35:04 Finished transferring output files
...
005 (196930.112.000) 2026-06-12 23:35:04 Job terminated.
	(1) Normal termination (return value 139)
		Usr 0 00:15:12, Sys 0 00:00:01  -  Run Remote Usage
		Usr 0 00:00:00, Sys 0 00:00:00  -  Run Local Usage
		Usr 0 00:15:12, Sys 0 00:00:01  -  Total Remote Usage
		Usr 0 00:00:00, Sys 0 00:00:00  -  Total Local Usage
	38181  -  Run Bytes Sent By Job
	1231206  -  Run Bytes Received By Job
	38181  -  Total Bytes Sent By Job
	1231206  -  Total Bytes Received By Job
	Partitionable Resources :    Usage  Request Allocated 
	   Cpus                 :     0.96        1         1 
	   Disk (KB)            :  1262        1250      3844 
	   GPUs                 :                           0 
	   Memory (MB)          :   101        1024      1100 
	   TimeExecute (s)      :   938                       
	   TimeSlotBusy (s)     :   940                       

	Job terminated of its own accord at 2026-06-12T14:35:04Z with exit-code 139.
...
