000 (196930.114.000) 2026-06-12 22:48:48 Job submitted from host: <155.230.23.73:9618?addrs=155.230.23.73-9618+[2407-c000-c024-0-20c-29ff-fe93-3763]-9618&alias=cms03.knu.ac.kr&noUDP&sock=schedd_1478_5d11>
...
040 (196930.114.000) 2026-06-12 23:20:03 Started transferring input files
	Transferring to host: <155.230.21.109:9618?addrs=155.230.21.109-9618+[2407-c000-c025--21-109]-9618&alias=cluster309.knu.ac.kr&noUDP&sock=slot1_24_1776_1a41_2341>
...
040 (196930.114.000) 2026-06-12 23:20:03 Finished transferring input files
...
001 (196930.114.000) 2026-06-12 23:20:04 Job executing on host: <155.230.21.109:9618?addrs=155.230.21.109-9618+[2407-c000-c025--21-109]-9618&alias=cluster309.knu.ac.kr&noUDP&sock=startd_1699_f37f>
	SlotName: slot1_24@cluster309.knu.ac.kr
	CondorScratchDir = "/home/condor/dir_2795865"
	Cpus = 1
	Disk = 3839
	GPUs = 0
	Memory = 1100
...
006 (196930.114.000) 2026-06-12 23:20:18 Image size of job updated: 99784
	98  -  MemoryUsage of job (MB)
	99784  -  ResidentSetSize of job (KB)
...
006 (196930.114.000) 2026-06-12 23:25:19 Image size of job updated: 101624
	100  -  MemoryUsage of job (MB)
	101624  -  ResidentSetSize of job (KB)
...
006 (196930.114.000) 2026-06-12 23:30:20 Image size of job updated: 101980
	100  -  MemoryUsage of job (MB)
	101980  -  ResidentSetSize of job (KB)
...
006 (196930.114.000) 2026-06-12 23:33:04 Image size of job updated: 102152
	100  -  MemoryUsage of job (MB)
	101980  -  ResidentSetSize of job (KB)
...
040 (196930.114.000) 2026-06-12 23:33:04 Started transferring output files
...
040 (196930.114.000) 2026-06-12 23:33:04 Finished transferring output files
...
005 (196930.114.000) 2026-06-12 23:33:04 Job terminated.
	(1) Normal termination (return value 139)
		Usr 0 00:12:55, Sys 0 00:00:01  -  Run Remote Usage
		Usr 0 00:00:00, Sys 0 00:00:00  -  Run Local Usage
		Usr 0 00:12:55, Sys 0 00:00:01  -  Total Remote Usage
		Usr 0 00:00:00, Sys 0 00:00:00  -  Total Local Usage
	38181  -  Run Bytes Sent By Job
	1231206  -  Run Bytes Received By Job
	38181  -  Total Bytes Sent By Job
	1231206  -  Total Bytes Received By Job
	Partitionable Resources :    Usage  Request Allocated 
	   Cpus                 :     1.00        1         1 
	   Disk (KB)            :  1262        1250      3839 
	   GPUs                 :                           0 
	   Memory (MB)          :   100        1024      1100 
	   TimeExecute (s)      :   780                       
	   TimeSlotBusy (s)     :   781                       

	Job terminated of its own accord at 2026-06-12T14:33:04Z with exit-code 139.
...
