000 (196930.115.000) 2026-06-12 22:48:48 Job submitted from host: <155.230.23.73:9618?addrs=155.230.23.73-9618+[2407-c000-c024-0-20c-29ff-fe93-3763]-9618&alias=cms03.knu.ac.kr&noUDP&sock=schedd_1478_5d11>
...
040 (196930.115.000) 2026-06-12 23:20:02 Started transferring input files
	Transferring to host: <155.230.21.92:9618?addrs=155.230.21.92-9618+[2407-c000-c025--21-92]-9618&alias=cluster292.knu.ac.kr&noUDP&sock=slot1_12_1322_37ef_2386>
...
040 (196930.115.000) 2026-06-12 23:20:02 Finished transferring input files
...
001 (196930.115.000) 2026-06-12 23:20:03 Job executing on host: <155.230.21.92:9618?addrs=155.230.21.92-9618+[2407-c000-c025--21-92]-9618&alias=cluster292.knu.ac.kr&noUDP&sock=startd_1270_b15e>
	SlotName: slot1_12@cluster292.knu.ac.kr
	CondorScratchDir = "/home/condor/dir_2399082"
	Cpus = 1
	Disk = 3854
	GPUs = 0
	Memory = 1100
...
006 (196930.115.000) 2026-06-12 23:20:16 Image size of job updated: 99664
	98  -  MemoryUsage of job (MB)
	99664  -  ResidentSetSize of job (KB)
...
006 (196930.115.000) 2026-06-12 23:25:16 Image size of job updated: 102092
	100  -  MemoryUsage of job (MB)
	102092  -  ResidentSetSize of job (KB)
...
006 (196930.115.000) 2026-06-12 23:30:17 Image size of job updated: 102444
	101  -  MemoryUsage of job (MB)
	102444  -  ResidentSetSize of job (KB)
...
006 (196930.115.000) 2026-06-12 23:33:37 Image size of job updated: 234620
	101  -  MemoryUsage of job (MB)
	102444  -  ResidentSetSize of job (KB)
...
040 (196930.115.000) 2026-06-12 23:33:37 Started transferring output files
...
040 (196930.115.000) 2026-06-12 23:33:37 Finished transferring output files
...
005 (196930.115.000) 2026-06-12 23:33:37 Job terminated.
	(1) Normal termination (return value 139)
		Usr 0 00:13:19, Sys 0 00:00:01  -  Run Remote Usage
		Usr 0 00:00:00, Sys 0 00:00:00  -  Run Local Usage
		Usr 0 00:13:19, Sys 0 00:00:01  -  Total Remote Usage
		Usr 0 00:00:00, Sys 0 00:00:00  -  Total Local Usage
	38181  -  Run Bytes Sent By Job
	1231206  -  Run Bytes Received By Job
	38181  -  Total Bytes Sent By Job
	1231206  -  Total Bytes Received By Job
	Partitionable Resources :    Usage  Request Allocated 
	   Cpus                 :     0.99        1         1 
	   Disk (KB)            :  1262        1250      3854 
	   GPUs                 :                           0 
	   Memory (MB)          :   101        1024      1100 
	   TimeExecute (s)      :   814                       
	   TimeSlotBusy (s)     :   816                       

	Job terminated of its own accord at 2026-06-12T14:33:37Z with exit-code 139.
...
