000 (196930.116.000) 2026-06-12 22:48:48 Job submitted from host: <155.230.23.73:9618?addrs=155.230.23.73-9618+[2407-c000-c024-0-20c-29ff-fe93-3763]-9618&alias=cms03.knu.ac.kr&noUDP&sock=schedd_1478_5d11>
...
040 (196930.116.000) 2026-06-12 23:20:02 Started transferring input files
	Transferring to host: <155.230.21.85:9618?addrs=155.230.21.85-9618+[2407-c000-c025--21-85]-9618&alias=cluster285.knu.ac.kr&noUDP&sock=slot1_2_1316_fdaf_1628>
...
040 (196930.116.000) 2026-06-12 23:20:02 Finished transferring input files
...
001 (196930.116.000) 2026-06-12 23:20:03 Job executing on host: <155.230.21.85:9618?addrs=155.230.21.85-9618+[2407-c000-c025--21-85]-9618&alias=cluster285.knu.ac.kr&noUDP&sock=startd_1279_ddb8>
	SlotName: slot1_2@cluster285.knu.ac.kr
	CondorScratchDir = "/home/condor/dir_751500"
	Cpus = 1
	Disk = 3848
	GPUs = 0
	Memory = 1100
...
006 (196930.116.000) 2026-06-12 23:20:17 Image size of job updated: 99532
	98  -  MemoryUsage of job (MB)
	99532  -  ResidentSetSize of job (KB)
...
006 (196930.116.000) 2026-06-12 23:25:18 Image size of job updated: 102168
	100  -  MemoryUsage of job (MB)
	102168  -  ResidentSetSize of job (KB)
...
006 (196930.116.000) 2026-06-12 23:30:19 Image size of job updated: 103216
	101  -  MemoryUsage of job (MB)
	103216  -  ResidentSetSize of job (KB)
...
006 (196930.116.000) 2026-06-12 23:35:19 Image size of job updated: 103544
	102  -  MemoryUsage of job (MB)
	103544  -  ResidentSetSize of job (KB)
...
006 (196930.116.000) 2026-06-12 23:36:37 Image size of job updated: 142260
	102  -  MemoryUsage of job (MB)
	103544  -  ResidentSetSize of job (KB)
...
040 (196930.116.000) 2026-06-12 23:36:37 Started transferring output files
...
040 (196930.116.000) 2026-06-12 23:36:37 Finished transferring output files
...
005 (196930.116.000) 2026-06-12 23:36:37 Job terminated.
	(1) Normal termination (return value 139)
		Usr 0 00:16:20, Sys 0 00:00:01  -  Run Remote Usage
		Usr 0 00:00:00, Sys 0 00:00:00  -  Run Local Usage
		Usr 0 00:16:20, Sys 0 00:00:01  -  Total Remote Usage
		Usr 0 00:00:00, Sys 0 00:00:00  -  Total Local Usage
	38181  -  Run Bytes Sent By Job
	1231206  -  Run Bytes Received By Job
	38181  -  Total Bytes Sent By Job
	1231206  -  Total Bytes Received By Job
	Partitionable Resources :    Usage  Request Allocated 
	   Cpus                 :     0.99        1         1 
	   Disk (KB)            :  1262        1250      3848 
	   GPUs                 :                           0 
	   Memory (MB)          :   102        1024      1100 
	   TimeExecute (s)      :   994                       
	   TimeSlotBusy (s)     :   995                       

	Job terminated of its own accord at 2026-06-12T14:36:37Z with exit-code 139.
...
