000 (196930.118.000) 2026-06-12 22:48:48 Job submitted from host: <155.230.23.73:9618?addrs=155.230.23.73-9618+[2407-c000-c024-0-20c-29ff-fe93-3763]-9618&alias=cms03.knu.ac.kr&noUDP&sock=schedd_1478_5d11>
...
040 (196930.118.000) 2026-06-12 23:20:23 Started transferring input files
	Transferring to host: <155.230.21.118:9618?addrs=155.230.21.118-9618+[2407-c000-c025--21-118]-9618&alias=cluster318.knu.ac.kr&noUDP&sock=slot1_15_1766_0e81_2600>
...
040 (196930.118.000) 2026-06-12 23:20:23 Finished transferring input files
...
001 (196930.118.000) 2026-06-12 23:20:24 Job executing on host: <155.230.21.118:9618?addrs=155.230.21.118-9618+[2407-c000-c025--21-118]-9618&alias=cluster318.knu.ac.kr&noUDP&sock=startd_1729_8756>
	SlotName: slot1_15@cluster318.knu.ac.kr
	CondorScratchDir = "/home/condor/dir_2053773"
	Cpus = 1
	Disk = 3828
	GPUs = 0
	Memory = 1100
...
006 (196930.118.000) 2026-06-12 23:20:38 Image size of job updated: 99400
	98  -  MemoryUsage of job (MB)
	99400  -  ResidentSetSize of job (KB)
...
006 (196930.118.000) 2026-06-12 23:25:39 Image size of job updated: 101888
	100  -  MemoryUsage of job (MB)
	101888  -  ResidentSetSize of job (KB)
...
006 (196930.118.000) 2026-06-12 23:30:40 Image size of job updated: 102236
	100  -  MemoryUsage of job (MB)
	102236  -  ResidentSetSize of job (KB)
...
006 (196930.118.000) 2026-06-12 23:35:40 Image size of job updated: 102340
	100  -  MemoryUsage of job (MB)
	102340  -  ResidentSetSize of job (KB)
...
006 (196930.118.000) 2026-06-12 23:39:49 Image size of job updated: 226120
	100  -  MemoryUsage of job (MB)
	102340  -  ResidentSetSize of job (KB)
...
040 (196930.118.000) 2026-06-12 23:39:49 Started transferring output files
...
040 (196930.118.000) 2026-06-12 23:39:49 Finished transferring output files
...
005 (196930.118.000) 2026-06-12 23:39:49 Job terminated.
	(1) Normal termination (return value 139)
		Usr 0 00:19:09, Sys 0 00:00:01  -  Run Remote Usage
		Usr 0 00:00:00, Sys 0 00:00:00  -  Run Local Usage
		Usr 0 00:19:09, Sys 0 00:00:01  -  Total Remote Usage
		Usr 0 00:00:00, Sys 0 00:00:00  -  Total Local Usage
	38183  -  Run Bytes Sent By Job
	1231206  -  Run Bytes Received By Job
	38183  -  Total Bytes Sent By Job
	1231206  -  Total Bytes Received By Job
	Partitionable Resources :    Usage  Request Allocated 
	   Cpus                 :     0.99        1         1 
	   Disk (KB)            :  1262        1250      3828 
	   GPUs                 :                           0 
	   Memory (MB)          :   100        1024      1100 
	   TimeExecute (s)      :  1165                       
	   TimeSlotBusy (s)     :  1166                       

	Job terminated of its own accord at 2026-06-12T14:39:49Z with exit-code 139.
...
