000 (196930.119.000) 2026-06-12 22:48:48 Job submitted from host: <155.230.23.73:9618?addrs=155.230.23.73-9618+[2407-c000-c024-0-20c-29ff-fe93-3763]-9618&alias=cms03.knu.ac.kr&noUDP&sock=schedd_1478_5d11>
...
040 (196930.119.000) 2026-06-12 23:20:22 Started transferring input files
	Transferring to host: <155.230.21.90:9618?addrs=155.230.21.90-9618+[2407-c000-c025--21-90]-9618&alias=cluster290.knu.ac.kr&noUDP&sock=slot1_3_1349_3e10_1899>
...
040 (196930.119.000) 2026-06-12 23:20:22 Finished transferring input files
...
001 (196930.119.000) 2026-06-12 23:20:23 Job executing on host: <155.230.21.90:9618?addrs=155.230.21.90-9618+[2407-c000-c025--21-90]-9618&alias=cluster290.knu.ac.kr&noUDP&sock=startd_1294_27a3>
	SlotName: slot1_3@cluster290.knu.ac.kr
	CondorScratchDir = "/home/condor/dir_2300407"
	Cpus = 1
	Disk = 3859
	GPUs = 0
	Memory = 1100
...
006 (196930.119.000) 2026-06-12 23:20:37 Image size of job updated: 99664
	98  -  MemoryUsage of job (MB)
	99664  -  ResidentSetSize of job (KB)
...
006 (196930.119.000) 2026-06-12 23:25:38 Image size of job updated: 101088
	99  -  MemoryUsage of job (MB)
	101088  -  ResidentSetSize of job (KB)
...
006 (196930.119.000) 2026-06-12 23:30:38 Image size of job updated: 101704
	100  -  MemoryUsage of job (MB)
	101704  -  ResidentSetSize of job (KB)
...
006 (196930.119.000) 2026-06-12 23:35:38 Image size of job updated: 102024
	100  -  MemoryUsage of job (MB)
	102024  -  ResidentSetSize of job (KB)
...
006 (196930.119.000) 2026-06-12 23:38:02 Image size of job updated: 251588
	100  -  MemoryUsage of job (MB)
	102024  -  ResidentSetSize of job (KB)
...
040 (196930.119.000) 2026-06-12 23:38:02 Started transferring output files
...
040 (196930.119.000) 2026-06-12 23:38:02 Finished transferring output files
...
005 (196930.119.000) 2026-06-12 23:38:02 Job terminated.
	(1) Normal termination (return value 139)
		Usr 0 00:17:22, Sys 0 00:00:01  -  Run Remote Usage
		Usr 0 00:00:00, Sys 0 00:00:00  -  Run Local Usage
		Usr 0 00:17:22, Sys 0 00:00:01  -  Total Remote Usage
		Usr 0 00:00:00, Sys 0 00:00:00  -  Total Local Usage
	38183  -  Run Bytes Sent By Job
	1231206  -  Run Bytes Received By Job
	38183  -  Total Bytes Sent By Job
	1231206  -  Total Bytes Received By Job
	Partitionable Resources :    Usage  Request Allocated 
	   Cpus                 :     0.99        1         1 
	   Disk (KB)            :  1262        1250      3859 
	   GPUs                 :                           0 
	   Memory (MB)          :   100        1024      1100 
	   TimeExecute (s)      :  1059                       
	   TimeSlotBusy (s)     :  1060                       

	Job terminated of its own accord at 2026-06-12T14:38:02Z with exit-code 139.
...
