000 (196930.124.000) 2026-06-12 22:48:48 Job submitted from host: <155.230.23.73:9618?addrs=155.230.23.73-9618+[2407-c000-c024-0-20c-29ff-fe93-3763]-9618&alias=cms03.knu.ac.kr&noUDP&sock=schedd_1478_5d11>
...
040 (196930.124.000) 2026-06-12 23:21:23 Started transferring input files
	Transferring to host: <155.230.21.92:9618?addrs=155.230.21.92-9618+[2407-c000-c025--21-92]-9618&alias=cluster292.knu.ac.kr&noUDP&sock=slot1_10_1322_37ef_2387>
...
040 (196930.124.000) 2026-06-12 23:21:23 Finished transferring input files
...
001 (196930.124.000) 2026-06-12 23:21:24 Job executing on host: <155.230.21.92:9618?addrs=155.230.21.92-9618+[2407-c000-c025--21-92]-9618&alias=cluster292.knu.ac.kr&noUDP&sock=startd_1270_b15e>
	SlotName: slot1_10@cluster292.knu.ac.kr
	CondorScratchDir = "/home/condor/dir_2399250"
	Cpus = 1
	Disk = 3854
	GPUs = 0
	Memory = 1100
...
006 (196930.124.000) 2026-06-12 23:21:37 Image size of job updated: 99608
	98  -  MemoryUsage of job (MB)
	99608  -  ResidentSetSize of job (KB)
...
006 (196930.124.000) 2026-06-12 23:26:37 Image size of job updated: 101808
	100  -  MemoryUsage of job (MB)
	101808  -  ResidentSetSize of job (KB)
...
006 (196930.124.000) 2026-06-12 23:31:37 Image size of job updated: 102068
	100  -  MemoryUsage of job (MB)
	102068  -  ResidentSetSize of job (KB)
...
006 (196930.124.000) 2026-06-12 23:32:15 Image size of job updated: 417356
	100  -  MemoryUsage of job (MB)
	102068  -  ResidentSetSize of job (KB)
...
040 (196930.124.000) 2026-06-12 23:32:15 Started transferring output files
...
040 (196930.124.000) 2026-06-12 23:32:15 Finished transferring output files
...
005 (196930.124.000) 2026-06-12 23:32:15 Job terminated.
	(1) Normal termination (return value 139)
		Usr 0 00:10:36, Sys 0 00:00:01  -  Run Remote Usage
		Usr 0 00:00:00, Sys 0 00:00:00  -  Run Local Usage
		Usr 0 00:10:36, Sys 0 00:00:01  -  Total Remote Usage
		Usr 0 00:00:00, Sys 0 00:00:00  -  Total Local Usage
	38181  -  Run Bytes Sent By Job
	1231206  -  Run Bytes Received By Job
	38181  -  Total Bytes Sent By Job
	1231206  -  Total Bytes Received By Job
	Partitionable Resources :    Usage  Request Allocated 
	   Cpus                 :     0.99        1         1 
	   Disk (KB)            :  1262        1250      3854 
	   GPUs                 :                           0 
	   Memory (MB)          :   100        1024      1100 
	   TimeExecute (s)      :   651                       
	   TimeSlotBusy (s)     :   653                       

	Job terminated of its own accord at 2026-06-12T14:32:15Z with exit-code 139.
...
