000 (196930.127.000) 2026-06-12 22:48:48 Job submitted from host: <155.230.23.73:9618?addrs=155.230.23.73-9618+[2407-c000-c024-0-20c-29ff-fe93-3763]-9618&alias=cms03.knu.ac.kr&noUDP&sock=schedd_1478_5d11>
...
040 (196930.127.000) 2026-06-12 23:21:52 Started transferring input files
	Transferring to host: <155.230.21.109:9618?addrs=155.230.21.109-9618+[2407-c000-c025--21-109]-9618&alias=cluster309.knu.ac.kr&noUDP&sock=slot1_6_1776_1a41_2343>
...
040 (196930.127.000) 2026-06-12 23:21:52 Finished transferring input files
...
001 (196930.127.000) 2026-06-12 23:21:53 Job executing on host: <155.230.21.109:9618?addrs=155.230.21.109-9618+[2407-c000-c025--21-109]-9618&alias=cluster309.knu.ac.kr&noUDP&sock=startd_1699_f37f>
	SlotName: slot1_6@cluster309.knu.ac.kr
	CondorScratchDir = "/home/condor/dir_2796226"
	Cpus = 1
	Disk = 3839
	GPUs = 0
	Memory = 1100
...
006 (196930.127.000) 2026-06-12 23:22:07 Image size of job updated: 99508
	98  -  MemoryUsage of job (MB)
	99508  -  ResidentSetSize of job (KB)
...
006 (196930.127.000) 2026-06-12 23:27:08 Image size of job updated: 101472
	100  -  MemoryUsage of job (MB)
	101472  -  ResidentSetSize of job (KB)
...
006 (196930.127.000) 2026-06-12 23:32:08 Image size of job updated: 101940
	100  -  MemoryUsage of job (MB)
	101940  -  ResidentSetSize of job (KB)
...
006 (196930.127.000) 2026-06-12 23:37:08 Image size of job updated: 102080
	100  -  MemoryUsage of job (MB)
	102080  -  ResidentSetSize of job (KB)
...
006 (196930.127.000) 2026-06-12 23:39:38 Image size of job updated: 102152
	100  -  MemoryUsage of job (MB)
	102080  -  ResidentSetSize of job (KB)
...
040 (196930.127.000) 2026-06-12 23:39:38 Started transferring output files
...
040 (196930.127.000) 2026-06-12 23:39:38 Finished transferring output files
...
005 (196930.127.000) 2026-06-12 23:39:38 Job terminated.
	(1) Normal termination (return value 139)
		Usr 0 00:17:40, Sys 0 00:00:01  -  Run Remote Usage
		Usr 0 00:00:00, Sys 0 00:00:00  -  Run Local Usage
		Usr 0 00:17:40, Sys 0 00:00:01  -  Total Remote Usage
		Usr 0 00:00:00, Sys 0 00:00:00  -  Total Local Usage
	38183  -  Run Bytes Sent By Job
	1231206  -  Run Bytes Received By Job
	38183  -  Total Bytes Sent By Job
	1231206  -  Total Bytes Received By Job
	Partitionable Resources :    Usage  Request Allocated 
	   Cpus                 :     1.00        1         1 
	   Disk (KB)            :  1262        1250      3839 
	   GPUs                 :                           0 
	   Memory (MB)          :   100        1024      1100 
	   TimeExecute (s)      :  1065                       
	   TimeSlotBusy (s)     :  1066                       

	Job terminated of its own accord at 2026-06-12T14:39:38Z with exit-code 139.
...
