000 (196930.129.000) 2026-06-12 22:48:48 Job submitted from host: <155.230.23.73:9618?addrs=155.230.23.73-9618+[2407-c000-c024-0-20c-29ff-fe93-3763]-9618&alias=cms03.knu.ac.kr&noUDP&sock=schedd_1478_5d11>
...
040 (196930.129.000) 2026-06-12 23:22:24 Started transferring input files
	Transferring to host: <155.230.21.112:9618?addrs=155.230.21.112-9618+[2407-c000-c025--21-112]-9618&alias=cluster312.knu.ac.kr&noUDP&sock=slot1_25_1724_76bf_2150>
...
040 (196930.129.000) 2026-06-12 23:22:24 Finished transferring input files
...
001 (196930.129.000) 2026-06-12 23:22:25 Job executing on host: <155.230.21.112:9618?addrs=155.230.21.112-9618+[2407-c000-c025--21-112]-9618&alias=cluster312.knu.ac.kr&noUDP&sock=startd_1671_bed8>
	SlotName: slot1_25@cluster312.knu.ac.kr
	CondorScratchDir = "/home/condor/dir_3132516"
	Cpus = 1
	Disk = 3855
	GPUs = 0
	Memory = 1100
...
006 (196930.129.000) 2026-06-12 23:22:39 Image size of job updated: 100540
	99  -  MemoryUsage of job (MB)
	100540  -  ResidentSetSize of job (KB)
...
006 (196930.129.000) 2026-06-12 23:27:40 Image size of job updated: 102100
	100  -  MemoryUsage of job (MB)
	102100  -  ResidentSetSize of job (KB)
...
006 (196930.129.000) 2026-06-12 23:32:40 Image size of job updated: 102476
	101  -  MemoryUsage of job (MB)
	102476  -  ResidentSetSize of job (KB)
...
006 (196930.129.000) 2026-06-12 23:37:40 Image size of job updated: 102632
	101  -  MemoryUsage of job (MB)
	102632  -  ResidentSetSize of job (KB)
...
006 (196930.129.000) 2026-06-12 23:38:24 Image size of job updated: 239220
	101  -  MemoryUsage of job (MB)
	102632  -  ResidentSetSize of job (KB)
...
040 (196930.129.000) 2026-06-12 23:38:24 Started transferring output files
...
040 (196930.129.000) 2026-06-12 23:38:24 Finished transferring output files
...
005 (196930.129.000) 2026-06-12 23:38:24 Job terminated.
	(1) Normal termination (return value 139)
		Usr 0 00:15:51, Sys 0 00:00:01  -  Run Remote Usage
		Usr 0 00:00:00, Sys 0 00:00:00  -  Run Local Usage
		Usr 0 00:15:51, Sys 0 00:00:01  -  Total Remote Usage
		Usr 0 00:00:00, Sys 0 00:00:00  -  Total Local Usage
	38181  -  Run Bytes Sent By Job
	1231206  -  Run Bytes Received By Job
	38181  -  Total Bytes Sent By Job
	1231206  -  Total Bytes Received By Job
	Partitionable Resources :    Usage  Request Allocated 
	   Cpus                 :     1.00        1         1 
	   Disk (KB)            :  1262        1250      3855 
	   GPUs                 :                           0 
	   Memory (MB)          :   101        1024      1100 
	   TimeExecute (s)      :   959                       
	   TimeSlotBusy (s)     :   960                       

	Job terminated of its own accord at 2026-06-12T14:38:24Z with exit-code 139.
...
