000 (196930.013.000) 2026-06-12 22:48:48 Job submitted from host: <155.230.23.73:9618?addrs=155.230.23.73-9618+[2407-c000-c024-0-20c-29ff-fe93-3763]-9618&alias=cms03.knu.ac.kr&noUDP&sock=schedd_1478_5d11>
...
040 (196930.013.000) 2026-06-12 22:52:00 Started transferring input files
	Transferring to host: <155.230.21.88:9618?addrs=155.230.21.88-9618+[2407-c000-c025--21-88]-9618&alias=cluster288.knu.ac.kr&noUDP&sock=slot1_12_1314_94ef_1702>
...
040 (196930.013.000) 2026-06-12 22:52:00 Finished transferring input files
...
001 (196930.013.000) 2026-06-12 22:52:01 Job executing on host: <155.230.21.88:9618?addrs=155.230.21.88-9618+[2407-c000-c025--21-88]-9618&alias=cluster288.knu.ac.kr&noUDP&sock=startd_1261_8503>
	SlotName: slot1_12@cluster288.knu.ac.kr
	CondorScratchDir = "/home/condor/dir_1008775"
	Cpus = 1
	Disk = 3783
	GPUs = 0
	Memory = 1100
...
006 (196930.013.000) 2026-06-12 22:52:15 Image size of job updated: 100544
	99  -  MemoryUsage of job (MB)
	100544  -  ResidentSetSize of job (KB)
...
006 (196930.013.000) 2026-06-12 22:57:16 Image size of job updated: 101408
	100  -  MemoryUsage of job (MB)
	101408  -  ResidentSetSize of job (KB)
...
006 (196930.013.000) 2026-06-12 23:02:17 Image size of job updated: 102880
	101  -  MemoryUsage of job (MB)
	102880  -  ResidentSetSize of job (KB)
...
006 (196930.013.000) 2026-06-12 23:07:17 Image size of job updated: 102988
	101  -  MemoryUsage of job (MB)
	102988  -  ResidentSetSize of job (KB)
...
006 (196930.013.000) 2026-06-12 23:09:53 Image size of job updated: 416848
	101  -  MemoryUsage of job (MB)
	102988  -  ResidentSetSize of job (KB)
...
040 (196930.013.000) 2026-06-12 23:09:53 Started transferring output files
...
040 (196930.013.000) 2026-06-12 23:09:53 Finished transferring output files
...
005 (196930.013.000) 2026-06-12 23:09:53 Job terminated.
	(1) Normal termination (return value 139)
		Usr 0 00:17:35, Sys 0 00:00:01  -  Run Remote Usage
		Usr 0 00:00:00, Sys 0 00:00:00  -  Run Local Usage
		Usr 0 00:17:35, Sys 0 00:00:01  -  Total Remote Usage
		Usr 0 00:00:00, Sys 0 00:00:00  -  Total Local Usage
	38183  -  Run Bytes Sent By Job
	1231206  -  Run Bytes Received By Job
	38183  -  Total Bytes Sent By Job
	1231206  -  Total Bytes Received By Job
	Partitionable Resources :    Usage  Request Allocated 
	   Cpus                 :     0.99        1         1 
	   Disk (KB)            :  1262        1250      3783 
	   GPUs                 :                           0 
	   Memory (MB)          :   101        1024      1100 
	   TimeExecute (s)      :  1072                       
	   TimeSlotBusy (s)     :  1073                       

	Job terminated of its own accord at 2026-06-12T14:09:53Z with exit-code 139.
...
