000 (196930.130.000) 2026-06-12 22:48:48 Job submitted from host: <155.230.23.73:9618?addrs=155.230.23.73-9618+[2407-c000-c024-0-20c-29ff-fe93-3763]-9618&alias=cms03.knu.ac.kr&noUDP&sock=schedd_1478_5d11>
...
040 (196930.130.000) 2026-06-12 23:22:54 Started transferring input files
	Transferring to host: <155.230.21.109:9618?addrs=155.230.21.109-9618+[2407-c000-c025--21-109]-9618&alias=cluster309.knu.ac.kr&noUDP&sock=slot1_23_1776_1a41_2344>
...
040 (196930.130.000) 2026-06-12 23:22:54 Finished transferring input files
...
001 (196930.130.000) 2026-06-12 23:22:55 Job executing on host: <155.230.21.109:9618?addrs=155.230.21.109-9618+[2407-c000-c025--21-109]-9618&alias=cluster309.knu.ac.kr&noUDP&sock=startd_1699_f37f>
	SlotName: slot1_23@cluster309.knu.ac.kr
	CondorScratchDir = "/home/condor/dir_2796422"
	Cpus = 1
	Disk = 3839
	GPUs = 0
	Memory = 1100
...
006 (196930.130.000) 2026-06-12 23:23:08 Image size of job updated: 99804
	98  -  MemoryUsage of job (MB)
	99804  -  ResidentSetSize of job (KB)
...
006 (196930.130.000) 2026-06-12 23:28:08 Image size of job updated: 101408
	100  -  MemoryUsage of job (MB)
	101408  -  ResidentSetSize of job (KB)
...
006 (196930.130.000) 2026-06-12 23:33:08 Image size of job updated: 101788
	100  -  MemoryUsage of job (MB)
	101788  -  ResidentSetSize of job (KB)
...
006 (196930.130.000) 2026-06-12 23:38:09 Image size of job updated: 102472
	101  -  MemoryUsage of job (MB)
	102472  -  ResidentSetSize of job (KB)
...
006 (196930.130.000) 2026-06-12 23:38:38 Image size of job updated: 113004
	101  -  MemoryUsage of job (MB)
	102472  -  ResidentSetSize of job (KB)
...
040 (196930.130.000) 2026-06-12 23:38:38 Started transferring output files
...
040 (196930.130.000) 2026-06-12 23:38:38 Finished transferring output files
...
005 (196930.130.000) 2026-06-12 23:38:38 Job terminated.
	(1) Normal termination (return value 139)
		Usr 0 00:15:37, Sys 0 00:00:01  -  Run Remote Usage
		Usr 0 00:00:00, Sys 0 00:00:00  -  Run Local Usage
		Usr 0 00:15:37, Sys 0 00:00:01  -  Total Remote Usage
		Usr 0 00:00:00, Sys 0 00:00:00  -  Total Local Usage
	38181  -  Run Bytes Sent By Job
	1231206  -  Run Bytes Received By Job
	38181  -  Total Bytes Sent By Job
	1231206  -  Total Bytes Received By Job
	Partitionable Resources :    Usage  Request Allocated 
	   Cpus                 :     1.00        1         1 
	   Disk (KB)            :  1262        1250      3839 
	   GPUs                 :                           0 
	   Memory (MB)          :   101        1024      1100 
	   TimeExecute (s)      :   943                       
	   TimeSlotBusy (s)     :   945                       

	Job terminated of its own accord at 2026-06-12T14:38:38Z with exit-code 139.
...
