000 (196930.138.000) 2026-06-12 22:48:48 Job submitted from host: <155.230.23.73:9618?addrs=155.230.23.73-9618+[2407-c000-c024-0-20c-29ff-fe93-3763]-9618&alias=cms03.knu.ac.kr&noUDP&sock=schedd_1478_5d11>
...
040 (196930.138.000) 2026-06-12 23:24:25 Started transferring input files
	Transferring to host: <155.230.21.119:9618?addrs=155.230.21.119-9618+[2407-c000-c025--21-119]-9618&alias=cluster319.knu.ac.kr&noUDP&sock=slot1_25_1780_ebc1_1988>
...
040 (196930.138.000) 2026-06-12 23:24:25 Finished transferring input files
...
001 (196930.138.000) 2026-06-12 23:24:26 Job executing on host: <155.230.21.119:9618?addrs=155.230.21.119-9618+[2407-c000-c025--21-119]-9618&alias=cluster319.knu.ac.kr&noUDP&sock=startd_1714_3d6a>
	SlotName: slot1_25@cluster319.knu.ac.kr
	CondorScratchDir = "/home/condor/dir_1342285"
	Cpus = 1
	Disk = 3072
	GPUs = 0
	Memory = 1100
...
006 (196930.138.000) 2026-06-12 23:24:40 Image size of job updated: 101628
	100  -  MemoryUsage of job (MB)
	101628  -  ResidentSetSize of job (KB)
...
006 (196930.138.000) 2026-06-12 23:29:41 Image size of job updated: 101888
	100  -  MemoryUsage of job (MB)
	101888  -  ResidentSetSize of job (KB)
...
006 (196930.138.000) 2026-06-12 23:34:41 Image size of job updated: 102208
	100  -  MemoryUsage of job (MB)
	102208  -  ResidentSetSize of job (KB)
...
006 (196930.138.000) 2026-06-12 23:39:42 Image size of job updated: 102664
	101  -  MemoryUsage of job (MB)
	102664  -  ResidentSetSize of job (KB)
...
006 (196930.138.000) 2026-06-12 23:40:07 Image size of job updated: 135140
	101  -  MemoryUsage of job (MB)
	102664  -  ResidentSetSize of job (KB)
...
040 (196930.138.000) 2026-06-12 23:40:07 Started transferring output files
...
040 (196930.138.000) 2026-06-12 23:40:07 Finished transferring output files
...
005 (196930.138.000) 2026-06-12 23:40:08 Job terminated.
	(1) Normal termination (return value 139)
		Usr 0 00:15:28, Sys 0 00:00:01  -  Run Remote Usage
		Usr 0 00:00:00, Sys 0 00:00:00  -  Run Local Usage
		Usr 0 00:15:28, Sys 0 00:00:01  -  Total Remote Usage
		Usr 0 00:00:00, Sys 0 00:00:00  -  Total Local Usage
	38181  -  Run Bytes Sent By Job
	1231206  -  Run Bytes Received By Job
	38181  -  Total Bytes Sent By Job
	1231206  -  Total Bytes Received By Job
	Partitionable Resources :    Usage  Request Allocated 
	   Cpus                 :     1.00        1         1 
	   Disk (KB)            :  1262        1250      3072 
	   GPUs                 :                           0 
	   Memory (MB)          :   101        1024      1100 
	   TimeExecute (s)      :   941                       
	   TimeSlotBusy (s)     :   942                       

	Job terminated of its own accord at 2026-06-12T14:40:07Z with exit-code 139.
...
