000 (196930.141.000) 2026-06-12 22:48:48 Job submitted from host: <155.230.23.73:9618?addrs=155.230.23.73-9618+[2407-c000-c024-0-20c-29ff-fe93-3763]-9618&alias=cms03.knu.ac.kr&noUDP&sock=schedd_1478_5d11>
...
040 (196930.141.000) 2026-06-12 23:24:53 Started transferring input files
	Transferring to host: <155.230.21.119:9618?addrs=155.230.21.119-9618+[2407-c000-c025--21-119]-9618&alias=cluster319.knu.ac.kr&noUDP&sock=slot1_29_1780_ebc1_1989>
...
040 (196930.141.000) 2026-06-12 23:24:53 Finished transferring input files
...
001 (196930.141.000) 2026-06-12 23:24:54 Job executing on host: <155.230.21.119:9618?addrs=155.230.21.119-9618+[2407-c000-c025--21-119]-9618&alias=cluster319.knu.ac.kr&noUDP&sock=startd_1714_3d6a>
	SlotName: slot1_29@cluster319.knu.ac.kr
	CondorScratchDir = "/home/condor/dir_1342621"
	Cpus = 1
	Disk = 3072
	GPUs = 0
	Memory = 1100
...
006 (196930.141.000) 2026-06-12 23:25:08 Image size of job updated: 99132
	97  -  MemoryUsage of job (MB)
	99132  -  ResidentSetSize of job (KB)
...
006 (196930.141.000) 2026-06-12 23:30:08 Image size of job updated: 101620
	100  -  MemoryUsage of job (MB)
	101620  -  ResidentSetSize of job (KB)
...
006 (196930.141.000) 2026-06-12 23:35:08 Image size of job updated: 101976
	100  -  MemoryUsage of job (MB)
	101976  -  ResidentSetSize of job (KB)
...
006 (196930.141.000) 2026-06-12 23:40:09 Image size of job updated: 102128
	100  -  MemoryUsage of job (MB)
	102128  -  ResidentSetSize of job (KB)
...
006 (196930.141.000) 2026-06-12 23:41:52 Image size of job updated: 309968
	100  -  MemoryUsage of job (MB)
	102128  -  ResidentSetSize of job (KB)
...
040 (196930.141.000) 2026-06-12 23:41:52 Started transferring output files
...
040 (196930.141.000) 2026-06-12 23:41:52 Finished transferring output files
...
005 (196930.141.000) 2026-06-12 23:41:52 Job terminated.
	(1) Normal termination (return value 139)
		Usr 0 00:16:44, Sys 0 00:00:01  -  Run Remote Usage
		Usr 0 00:00:00, Sys 0 00:00:00  -  Run Local Usage
		Usr 0 00:16:44, Sys 0 00:00:01  -  Total Remote Usage
		Usr 0 00:00:00, Sys 0 00:00:00  -  Total Local Usage
	38182  -  Run Bytes Sent By Job
	1231206  -  Run Bytes Received By Job
	38182  -  Total Bytes Sent By Job
	1231206  -  Total Bytes Received By Job
	Partitionable Resources :    Usage  Request Allocated 
	   Cpus                 :     0.99        1         1 
	   Disk (KB)            :  1262        1250      3072 
	   GPUs                 :                           0 
	   Memory (MB)          :   100        1024      1100 
	   TimeExecute (s)      :  1018                       
	   TimeSlotBusy (s)     :  1019                       

	Job terminated of its own accord at 2026-06-12T14:41:52Z with exit-code 139.
...
