000 (196930.142.000) 2026-06-12 22:48:48 Job submitted from host: <155.230.23.73:9618?addrs=155.230.23.73-9618+[2407-c000-c024-0-20c-29ff-fe93-3763]-9618&alias=cms03.knu.ac.kr&noUDP&sock=schedd_1478_5d11>
...
040 (196930.142.000) 2026-06-12 23:25:01 Started transferring input files
	Transferring to host: <155.230.21.109:9618?addrs=155.230.21.109-9618+[2407-c000-c025--21-109]-9618&alias=cluster309.knu.ac.kr&noUDP&sock=slot1_27_1776_1a41_2347>
...
040 (196930.142.000) 2026-06-12 23:25:01 Finished transferring input files
...
001 (196930.142.000) 2026-06-12 23:25:02 Job executing on host: <155.230.21.109:9618?addrs=155.230.21.109-9618+[2407-c000-c025--21-109]-9618&alias=cluster309.knu.ac.kr&noUDP&sock=startd_1699_f37f>
	SlotName: slot1_27@cluster309.knu.ac.kr
	CondorScratchDir = "/home/condor/dir_2796865"
	Cpus = 1
	Disk = 3839
	GPUs = 0
	Memory = 1100
...
006 (196930.142.000) 2026-06-12 23:25:16 Image size of job updated: 99184
	97  -  MemoryUsage of job (MB)
	99184  -  ResidentSetSize of job (KB)
...
006 (196930.142.000) 2026-06-12 23:30:17 Image size of job updated: 102824
	101  -  MemoryUsage of job (MB)
	102824  -  ResidentSetSize of job (KB)
...
006 (196930.142.000) 2026-06-12 23:35:18 Image size of job updated: 103148
	101  -  MemoryUsage of job (MB)
	103148  -  ResidentSetSize of job (KB)
...
006 (196930.142.000) 2026-06-12 23:40:18 Image size of job updated: 103244
	101  -  MemoryUsage of job (MB)
	103244  -  ResidentSetSize of job (KB)
...
006 (196930.142.000) 2026-06-12 23:43:33 Image size of job updated: 103300
	101  -  MemoryUsage of job (MB)
	103244  -  ResidentSetSize of job (KB)
...
040 (196930.142.000) 2026-06-12 23:43:33 Started transferring output files
...
040 (196930.142.000) 2026-06-12 23:43:33 Finished transferring output files
...
005 (196930.142.000) 2026-06-12 23:43:33 Job terminated.
	(1) Normal termination (return value 139)
		Usr 0 00:18:26, Sys 0 00:00:01  -  Run Remote Usage
		Usr 0 00:00:00, Sys 0 00:00:00  -  Run Local Usage
		Usr 0 00:18:26, Sys 0 00:00:01  -  Total Remote Usage
		Usr 0 00:00:00, Sys 0 00:00:00  -  Total Local Usage
	38183  -  Run Bytes Sent By Job
	1231206  -  Run Bytes Received By Job
	38183  -  Total Bytes Sent By Job
	1231206  -  Total Bytes Received By Job
	Partitionable Resources :    Usage  Request Allocated 
	   Cpus                 :     1.00        1         1 
	   Disk (KB)            :  1262        1250      3839 
	   GPUs                 :                           0 
	   Memory (MB)          :   101        1024      1100 
	   TimeExecute (s)      :  1111                       
	   TimeSlotBusy (s)     :  1112                       

	Job terminated of its own accord at 2026-06-12T14:43:33Z with exit-code 139.
...
