000 (196930.145.000) 2026-06-12 22:48:48 Job submitted from host: <155.230.23.73:9618?addrs=155.230.23.73-9618+[2407-c000-c024-0-20c-29ff-fe93-3763]-9618&alias=cms03.knu.ac.kr&noUDP&sock=schedd_1478_5d11>
...
040 (196930.145.000) 2026-06-12 23:26:14 Started transferring input files
	Transferring to host: <155.230.21.91:9618?addrs=155.230.21.91-9618+[2407-c000-c025--21-91]-9618&alias=cluster291.knu.ac.kr&noUDP&sock=slot1_3_1312_2c2e_2270>
...
040 (196930.145.000) 2026-06-12 23:26:14 Finished transferring input files
...
001 (196930.145.000) 2026-06-12 23:26:15 Job executing on host: <155.230.21.91:9618?addrs=155.230.21.91-9618+[2407-c000-c025--21-91]-9618&alias=cluster291.knu.ac.kr&noUDP&sock=startd_1261_8503>
	SlotName: slot1_3@cluster291.knu.ac.kr
	CondorScratchDir = "/home/condor/dir_1604409"
	Cpus = 1
	Disk = 3843
	GPUs = 0
	Memory = 1100
...
006 (196930.145.000) 2026-06-12 23:26:29 Image size of job updated: 99544
	98  -  MemoryUsage of job (MB)
	99544  -  ResidentSetSize of job (KB)
...
006 (196930.145.000) 2026-06-12 23:31:30 Image size of job updated: 101412
	100  -  MemoryUsage of job (MB)
	101412  -  ResidentSetSize of job (KB)
...
006 (196930.145.000) 2026-06-12 23:36:30 Image size of job updated: 101828
	100  -  MemoryUsage of job (MB)
	101828  -  ResidentSetSize of job (KB)
...
006 (196930.145.000) 2026-06-12 23:40:25 Image size of job updated: 167768
	100  -  MemoryUsage of job (MB)
	101828  -  ResidentSetSize of job (KB)
...
040 (196930.145.000) 2026-06-12 23:40:25 Started transferring output files
...
040 (196930.145.000) 2026-06-12 23:40:25 Finished transferring output files
...
005 (196930.145.000) 2026-06-12 23:40:25 Job terminated.
	(1) Normal termination (return value 139)
		Usr 0 00:13:55, Sys 0 00:00:01  -  Run Remote Usage
		Usr 0 00:00:00, Sys 0 00:00:00  -  Run Local Usage
		Usr 0 00:13:55, Sys 0 00:00:01  -  Total Remote Usage
		Usr 0 00:00:00, Sys 0 00:00:00  -  Total Local Usage
	38181  -  Run Bytes Sent By Job
	1231206  -  Run Bytes Received By Job
	38181  -  Total Bytes Sent By Job
	1231206  -  Total Bytes Received By Job
	Partitionable Resources :    Usage  Request Allocated 
	   Cpus                 :     0.99        1         1 
	   Disk (KB)            :  1262        1250      3843 
	   GPUs                 :                           0 
	   Memory (MB)          :   100        1024      1100 
	   TimeExecute (s)      :   850                       
	   TimeSlotBusy (s)     :   851                       

	Job terminated of its own accord at 2026-06-12T14:40:25Z with exit-code 139.
...
