000 (196930.146.000) 2026-06-12 22:48:48 Job submitted from host: <155.230.23.73:9618?addrs=155.230.23.73-9618+[2407-c000-c024-0-20c-29ff-fe93-3763]-9618&alias=cms03.knu.ac.kr&noUDP&sock=schedd_1478_5d11>
...
040 (196930.146.000) 2026-06-12 23:26:13 Started transferring input files
	Transferring to host: <155.230.21.145:9618?addrs=155.230.21.145-9618+[2407-c000-c025--21-145]-9618&alias=cluster345.knu.ac.kr&noUDP&sock=slot1_30_2134_5890_2563>
...
040 (196930.146.000) 2026-06-12 23:26:13 Finished transferring input files
...
001 (196930.146.000) 2026-06-12 23:26:14 Job executing on host: <155.230.21.145:9618?addrs=155.230.21.145-9618+[2407-c000-c025--21-145]-9618&alias=cluster345.knu.ac.kr&noUDP&sock=startd_2051_64d5>
	SlotName: slot1_30@cluster345.knu.ac.kr
	CondorScratchDir = "/home/condor/dir_1909302"
	Cpus = 1
	Disk = 3854
	GPUs = 0
	Memory = 1100
...
006 (196930.146.000) 2026-06-12 23:26:27 Image size of job updated: 99904
	98  -  MemoryUsage of job (MB)
	99904  -  ResidentSetSize of job (KB)
...
006 (196930.146.000) 2026-06-12 23:31:27 Image size of job updated: 102096
	100  -  MemoryUsage of job (MB)
	102096  -  ResidentSetSize of job (KB)
...
006 (196930.146.000) 2026-06-12 23:32:58 Image size of job updated: 102176
	100  -  MemoryUsage of job (MB)
	102096  -  ResidentSetSize of job (KB)
...
040 (196930.146.000) 2026-06-12 23:32:58 Started transferring output files
...
040 (196930.146.000) 2026-06-12 23:32:58 Finished transferring output files
...
005 (196930.146.000) 2026-06-12 23:32:59 Job terminated.
	(1) Normal termination (return value 139)
		Usr 0 00:06:37, Sys 0 00:00:01  -  Run Remote Usage
		Usr 0 00:00:00, Sys 0 00:00:00  -  Run Local Usage
		Usr 0 00:06:37, Sys 0 00:00:01  -  Total Remote Usage
		Usr 0 00:00:00, Sys 0 00:00:00  -  Total Local Usage
	38181  -  Run Bytes Sent By Job
	1231206  -  Run Bytes Received By Job
	38181  -  Total Bytes Sent By Job
	1231206  -  Total Bytes Received By Job
	Partitionable Resources :    Usage  Request Allocated 
	   Cpus                 :     1.00        1         1 
	   Disk (KB)            :  1262        1250      3854 
	   GPUs                 :                           0 
	   Memory (MB)          :   100        1024      1100 
	   TimeExecute (s)      :   404                       
	   TimeSlotBusy (s)     :   405                       

	Job terminated of its own accord at 2026-06-12T14:32:58Z with exit-code 139.
...
