000 (196930.147.000) 2026-06-12 22:48:48 Job submitted from host: <155.230.23.73:9618?addrs=155.230.23.73-9618+[2407-c000-c024-0-20c-29ff-fe93-3763]-9618&alias=cms03.knu.ac.kr&noUDP&sock=schedd_1478_5d11>
...
040 (196930.147.000) 2026-06-12 23:26:15 Started transferring input files
	Transferring to host: <155.230.21.119:9618?addrs=155.230.21.119-9618+[2407-c000-c025--21-119]-9618&alias=cluster319.knu.ac.kr&noUDP&sock=slot1_8_1780_ebc1_1990>
...
040 (196930.147.000) 2026-06-12 23:26:15 Finished transferring input files
...
001 (196930.147.000) 2026-06-12 23:26:16 Job executing on host: <155.230.21.119:9618?addrs=155.230.21.119-9618+[2407-c000-c025--21-119]-9618&alias=cluster319.knu.ac.kr&noUDP&sock=startd_1714_3d6a>
	SlotName: slot1_8@cluster319.knu.ac.kr
	CondorScratchDir = "/home/condor/dir_1342807"
	Cpus = 1
	Disk = 3072
	GPUs = 0
	Memory = 1100
...
006 (196930.147.000) 2026-06-12 23:26:30 Image size of job updated: 99888
	98  -  MemoryUsage of job (MB)
	99888  -  ResidentSetSize of job (KB)
...
006 (196930.147.000) 2026-06-12 23:31:31 Image size of job updated: 102012
	100  -  MemoryUsage of job (MB)
	102012  -  ResidentSetSize of job (KB)
...
006 (196930.147.000) 2026-06-12 23:36:31 Image size of job updated: 102352
	100  -  MemoryUsage of job (MB)
	102352  -  ResidentSetSize of job (KB)
...
006 (196930.147.000) 2026-06-12 23:41:32 Image size of job updated: 102532
	101  -  MemoryUsage of job (MB)
	102532  -  ResidentSetSize of job (KB)
...
006 (196930.147.000) 2026-06-12 23:43:12 Image size of job updated: 102560
	101  -  MemoryUsage of job (MB)
	102532  -  ResidentSetSize of job (KB)
...
040 (196930.147.000) 2026-06-12 23:43:12 Started transferring output files
...
040 (196930.147.000) 2026-06-12 23:43:12 Finished transferring output files
...
005 (196930.147.000) 2026-06-12 23:43:12 Job terminated.
	(1) Normal termination (return value 139)
		Usr 0 00:16:43, Sys 0 00:00:01  -  Run Remote Usage
		Usr 0 00:00:00, Sys 0 00:00:00  -  Run Local Usage
		Usr 0 00:16:43, Sys 0 00:00:01  -  Total Remote Usage
		Usr 0 00:00:00, Sys 0 00:00:00  -  Total Local Usage
	38182  -  Run Bytes Sent By Job
	1231206  -  Run Bytes Received By Job
	38182  -  Total Bytes Sent By Job
	1231206  -  Total Bytes Received By Job
	Partitionable Resources :    Usage  Request Allocated 
	   Cpus                 :     0.99        1         1 
	   Disk (KB)            :  1262        1250      3072 
	   GPUs                 :                           0 
	   Memory (MB)          :   101        1024      1100 
	   TimeExecute (s)      :  1016                       
	   TimeSlotBusy (s)     :  1017                       

	Job terminated of its own accord at 2026-06-12T14:43:12Z with exit-code 139.
...
