000 (196930.151.000) 2026-06-12 22:48:48 Job submitted from host: <155.230.23.73:9618?addrs=155.230.23.73-9618+[2407-c000-c024-0-20c-29ff-fe93-3763]-9618&alias=cms03.knu.ac.kr&noUDP&sock=schedd_1478_5d11>
...
040 (196930.151.000) 2026-06-12 23:26:15 Started transferring input files
	Transferring to host: <155.230.21.91:9618?addrs=155.230.21.91-9618+[2407-c000-c025--21-91]-9618&alias=cluster291.knu.ac.kr&noUDP&sock=slot1_13_1312_2c2e_2271>
...
040 (196930.151.000) 2026-06-12 23:26:15 Finished transferring input files
...
001 (196930.151.000) 2026-06-12 23:26:16 Job executing on host: <155.230.21.91:9618?addrs=155.230.21.91-9618+[2407-c000-c025--21-91]-9618&alias=cluster291.knu.ac.kr&noUDP&sock=startd_1261_8503>
	SlotName: slot1_13@cluster291.knu.ac.kr
	CondorScratchDir = "/home/condor/dir_1604411"
	Cpus = 1
	Disk = 3843
	GPUs = 0
	Memory = 1100
...
006 (196930.151.000) 2026-06-12 23:26:30 Image size of job updated: 99712
	98  -  MemoryUsage of job (MB)
	99712  -  ResidentSetSize of job (KB)
...
006 (196930.151.000) 2026-06-12 23:31:31 Image size of job updated: 101208
	99  -  MemoryUsage of job (MB)
	101208  -  ResidentSetSize of job (KB)
...
006 (196930.151.000) 2026-06-12 23:36:31 Image size of job updated: 102156
	100  -  MemoryUsage of job (MB)
	102156  -  ResidentSetSize of job (KB)
...
006 (196930.151.000) 2026-06-12 23:40:29 Image size of job updated: 265308
	100  -  MemoryUsage of job (MB)
	102156  -  ResidentSetSize of job (KB)
...
040 (196930.151.000) 2026-06-12 23:40:29 Started transferring output files
...
040 (196930.151.000) 2026-06-12 23:40:29 Finished transferring output files
...
005 (196930.151.000) 2026-06-12 23:40:29 Job terminated.
	(1) Normal termination (return value 139)
		Usr 0 00:14:00, Sys 0 00:00:01  -  Run Remote Usage
		Usr 0 00:00:00, Sys 0 00:00:00  -  Run Local Usage
		Usr 0 00:14:00, Sys 0 00:00:01  -  Total Remote Usage
		Usr 0 00:00:00, Sys 0 00:00:00  -  Total Local Usage
	38181  -  Run Bytes Sent By Job
	1231206  -  Run Bytes Received By Job
	38181  -  Total Bytes Sent By Job
	1231206  -  Total Bytes Received By Job
	Partitionable Resources :    Usage  Request Allocated 
	   Cpus                 :     0.99        1         1 
	   Disk (KB)            :  1261        1250      3843 
	   GPUs                 :                           0 
	   Memory (MB)          :   100        1024      1100 
	   TimeExecute (s)      :   853                       
	   TimeSlotBusy (s)     :   854                       

	Job terminated of its own accord at 2026-06-12T14:40:29Z with exit-code 139.
...
