000 (196930.156.000) 2026-06-12 22:48:48 Job submitted from host: <155.230.23.73:9618?addrs=155.230.23.73-9618+[2407-c000-c024-0-20c-29ff-fe93-3763]-9618&alias=cms03.knu.ac.kr&noUDP&sock=schedd_1478_5d11>
...
040 (196930.156.000) 2026-06-12 23:27:12 Started transferring input files
	Transferring to host: <155.230.21.99:9618?addrs=155.230.21.99-9618+[2407-c000-c025--21-99]-9618&alias=cluster299.knu.ac.kr&noUDP&sock=slot1_1_1116_12a6_1946>
...
040 (196930.156.000) 2026-06-12 23:27:12 Finished transferring input files
...
001 (196930.156.000) 2026-06-12 23:27:13 Job executing on host: <155.230.21.99:9618?addrs=155.230.21.99-9618+[2407-c000-c025--21-99]-9618&alias=cluster299.knu.ac.kr&noUDP&sock=startd_1072_e19d>
	SlotName: slot1_1@cluster299.knu.ac.kr
	CondorScratchDir = "/home/condor/dir_1686741"
	Cpus = 1
	Disk = 3858
	GPUs = 0
	Memory = 1100
...
006 (196930.156.000) 2026-06-12 23:27:27 Image size of job updated: 99344
	98  -  MemoryUsage of job (MB)
	99344  -  ResidentSetSize of job (KB)
...
006 (196930.156.000) 2026-06-12 23:32:28 Image size of job updated: 101024
	99  -  MemoryUsage of job (MB)
	101024  -  ResidentSetSize of job (KB)
...
006 (196930.156.000) 2026-06-12 23:37:28 Image size of job updated: 101564
	100  -  MemoryUsage of job (MB)
	101564  -  ResidentSetSize of job (KB)
...
006 (196930.156.000) 2026-06-12 23:42:29 Image size of job updated: 101836
	100  -  MemoryUsage of job (MB)
	101836  -  ResidentSetSize of job (KB)
...
006 (196930.156.000) 2026-06-12 23:47:30 Image size of job updated: 102664
	101  -  MemoryUsage of job (MB)
	102664  -  ResidentSetSize of job (KB)
...
006 (196930.156.000) 2026-06-12 23:50:25 Image size of job updated: 196440
	101  -  MemoryUsage of job (MB)
	102664  -  ResidentSetSize of job (KB)
...
040 (196930.156.000) 2026-06-12 23:50:25 Started transferring output files
...
040 (196930.156.000) 2026-06-12 23:50:25 Finished transferring output files
...
005 (196930.156.000) 2026-06-12 23:50:25 Job terminated.
	(1) Normal termination (return value 139)
		Usr 0 00:22:50, Sys 0 00:00:01  -  Run Remote Usage
		Usr 0 00:00:00, Sys 0 00:00:00  -  Run Local Usage
		Usr 0 00:22:50, Sys 0 00:00:01  -  Total Remote Usage
		Usr 0 00:00:00, Sys 0 00:00:00  -  Total Local Usage
	38183  -  Run Bytes Sent By Job
	1231206  -  Run Bytes Received By Job
	38183  -  Total Bytes Sent By Job
	1231206  -  Total Bytes Received By Job
	Partitionable Resources :    Usage  Request Allocated 
	   Cpus                 :     0.99        1         1 
	   Disk (KB)            :  1262        1250      3858 
	   GPUs                 :                           0 
	   Memory (MB)          :   101        1024      1100 
	   TimeExecute (s)      :  1392                       
	   TimeSlotBusy (s)     :  1393                       

	Job terminated of its own accord at 2026-06-12T14:50:25Z with exit-code 139.
...
