000 (196930.164.000) 2026-06-12 22:48:48 Job submitted from host: <155.230.23.73:9618?addrs=155.230.23.73-9618+[2407-c000-c024-0-20c-29ff-fe93-3763]-9618&alias=cms03.knu.ac.kr&noUDP&sock=schedd_1478_5d11>
...
040 (196930.164.000) 2026-06-12 23:27:46 Started transferring input files
	Transferring to host: <155.230.21.119:9618?addrs=155.230.21.119-9618+[2407-c000-c025--21-119]-9618&alias=cluster319.knu.ac.kr&noUDP&sock=slot1_27_1780_ebc1_1992>
...
040 (196930.164.000) 2026-06-12 23:27:46 Finished transferring input files
...
001 (196930.164.000) 2026-06-12 23:27:47 Job executing on host: <155.230.21.119:9618?addrs=155.230.21.119-9618+[2407-c000-c025--21-119]-9618&alias=cluster319.knu.ac.kr&noUDP&sock=startd_1714_3d6a>
	SlotName: slot1_27@cluster319.knu.ac.kr
	CondorScratchDir = "/home/condor/dir_1343053"
	Cpus = 1
	Disk = 3072
	GPUs = 0
	Memory = 1100
...
006 (196930.164.000) 2026-06-12 23:28:01 Image size of job updated: 99856
	98  -  MemoryUsage of job (MB)
	99856  -  ResidentSetSize of job (KB)
...
006 (196930.164.000) 2026-06-12 23:33:02 Image size of job updated: 101560
	100  -  MemoryUsage of job (MB)
	101560  -  ResidentSetSize of job (KB)
...
006 (196930.164.000) 2026-06-12 23:38:02 Image size of job updated: 101896
	100  -  MemoryUsage of job (MB)
	101896  -  ResidentSetSize of job (KB)
...
006 (196930.164.000) 2026-06-12 23:43:02 Image size of job updated: 102008
	100  -  MemoryUsage of job (MB)
	102008  -  ResidentSetSize of job (KB)
...
006 (196930.164.000) 2026-06-12 23:44:05 Image size of job updated: 286524
	100  -  MemoryUsage of job (MB)
	102008  -  ResidentSetSize of job (KB)
...
040 (196930.164.000) 2026-06-12 23:44:05 Started transferring output files
...
040 (196930.164.000) 2026-06-12 23:44:05 Finished transferring output files
...
005 (196930.164.000) 2026-06-12 23:44:05 Job terminated.
	(1) Normal termination (return value 139)
		Usr 0 00:16:05, Sys 0 00:00:01  -  Run Remote Usage
		Usr 0 00:00:00, Sys 0 00:00:00  -  Run Local Usage
		Usr 0 00:16:05, Sys 0 00:00:01  -  Total Remote Usage
		Usr 0 00:00:00, Sys 0 00:00:00  -  Total Local Usage
	38181  -  Run Bytes Sent By Job
	1231206  -  Run Bytes Received By Job
	38181  -  Total Bytes Sent By Job
	1231206  -  Total Bytes Received By Job
	Partitionable Resources :    Usage  Request Allocated 
	   Cpus                 :     0.99        1         1 
	   Disk (KB)            :  1262        1250      3072 
	   GPUs                 :                           0 
	   Memory (MB)          :   100        1024      1100 
	   TimeExecute (s)      :   978                       
	   TimeSlotBusy (s)     :   979                       

	Job terminated of its own accord at 2026-06-12T14:44:05Z with exit-code 139.
...
