000 (196930.168.000) 2026-06-12 22:48:48 Job submitted from host: <155.230.23.73:9618?addrs=155.230.23.73-9618+[2407-c000-c024-0-20c-29ff-fe93-3763]-9618&alias=cms03.knu.ac.kr&noUDP&sock=schedd_1478_5d11>
...
040 (196930.168.000) 2026-06-12 23:29:44 Started transferring input files
	Transferring to host: <155.230.21.118:9618?addrs=155.230.21.118-9618+[2407-c000-c025--21-118]-9618&alias=cluster318.knu.ac.kr&noUDP&sock=slot1_18_1766_0e81_2606>
...
040 (196930.168.000) 2026-06-12 23:29:44 Finished transferring input files
...
001 (196930.168.000) 2026-06-12 23:29:45 Job executing on host: <155.230.21.118:9618?addrs=155.230.21.118-9618+[2407-c000-c025--21-118]-9618&alias=cluster318.knu.ac.kr&noUDP&sock=startd_1729_8756>
	SlotName: slot1_18@cluster318.knu.ac.kr
	CondorScratchDir = "/home/condor/dir_2054538"
	Cpus = 1
	Disk = 3828
	GPUs = 0
	Memory = 1100
...
006 (196930.168.000) 2026-06-12 23:29:58 Image size of job updated: 100384
	99  -  MemoryUsage of job (MB)
	100384  -  ResidentSetSize of job (KB)
...
006 (196930.168.000) 2026-06-12 23:34:58 Image size of job updated: 101508
	100  -  MemoryUsage of job (MB)
	101508  -  ResidentSetSize of job (KB)
...
006 (196930.168.000) 2026-06-12 23:39:59 Image size of job updated: 102556
	101  -  MemoryUsage of job (MB)
	102556  -  ResidentSetSize of job (KB)
...
006 (196930.168.000) 2026-06-12 23:45:00 Image size of job updated: 102728
	101  -  MemoryUsage of job (MB)
	102728  -  ResidentSetSize of job (KB)
...
006 (196930.168.000) 2026-06-12 23:45:40 Image size of job updated: 103176
	101  -  MemoryUsage of job (MB)
	102728  -  ResidentSetSize of job (KB)
...
040 (196930.168.000) 2026-06-12 23:45:40 Started transferring output files
...
040 (196930.168.000) 2026-06-12 23:45:40 Finished transferring output files
...
005 (196930.168.000) 2026-06-12 23:45:40 Job terminated.
	(1) Normal termination (return value 139)
		Usr 0 00:15:43, Sys 0 00:00:01  -  Run Remote Usage
		Usr 0 00:00:00, Sys 0 00:00:00  -  Run Local Usage
		Usr 0 00:15:43, Sys 0 00:00:01  -  Total Remote Usage
		Usr 0 00:00:00, Sys 0 00:00:00  -  Total Local Usage
	38181  -  Run Bytes Sent By Job
	1231206  -  Run Bytes Received By Job
	38181  -  Total Bytes Sent By Job
	1231206  -  Total Bytes Received By Job
	Partitionable Resources :    Usage  Request Allocated 
	   Cpus                 :     0.99        1         1 
	   Disk (KB)            :  1262        1250      3828 
	   GPUs                 :                           0 
	   Memory (MB)          :   101        1024      1100 
	   TimeExecute (s)      :   955                       
	   TimeSlotBusy (s)     :   956                       

	Job terminated of its own accord at 2026-06-12T14:45:40Z with exit-code 139.
...
