000 (196930.171.000) 2026-06-12 22:48:48 Job submitted from host: <155.230.23.73:9618?addrs=155.230.23.73-9618+[2407-c000-c024-0-20c-29ff-fe93-3763]-9618&alias=cms03.knu.ac.kr&noUDP&sock=schedd_1478_5d11>
...
040 (196930.171.000) 2026-06-12 23:30:24 Started transferring input files
	Transferring to host: <155.230.21.112:9618?addrs=155.230.21.112-9618+[2407-c000-c025--21-112]-9618&alias=cluster312.knu.ac.kr&noUDP&sock=slot1_26_1724_76bf_2154>
...
040 (196930.171.000) 2026-06-12 23:30:24 Finished transferring input files
...
001 (196930.171.000) 2026-06-12 23:30:25 Job executing on host: <155.230.21.112:9618?addrs=155.230.21.112-9618+[2407-c000-c025--21-112]-9618&alias=cluster312.knu.ac.kr&noUDP&sock=startd_1671_bed8>
	SlotName: slot1_26@cluster312.knu.ac.kr
	CondorScratchDir = "/home/condor/dir_3133129"
	Cpus = 1
	Disk = 3855
	GPUs = 0
	Memory = 1100
...
006 (196930.171.000) 2026-06-12 23:30:38 Image size of job updated: 97760
	96  -  MemoryUsage of job (MB)
	97760  -  ResidentSetSize of job (KB)
...
006 (196930.171.000) 2026-06-12 23:35:38 Image size of job updated: 99676
	98  -  MemoryUsage of job (MB)
	99676  -  ResidentSetSize of job (KB)
...
006 (196930.171.000) 2026-06-12 23:40:39 Image size of job updated: 100440
	99  -  MemoryUsage of job (MB)
	100440  -  ResidentSetSize of job (KB)
...
006 (196930.171.000) 2026-06-12 23:45:40 Image size of job updated: 100568
	99  -  MemoryUsage of job (MB)
	100568  -  ResidentSetSize of job (KB)
...
006 (196930.171.000) 2026-06-12 23:46:09 Image size of job updated: 112192
	99  -  MemoryUsage of job (MB)
	100568  -  ResidentSetSize of job (KB)
...
040 (196930.171.000) 2026-06-12 23:46:09 Started transferring output files
...
040 (196930.171.000) 2026-06-12 23:46:09 Finished transferring output files
...
005 (196930.171.000) 2026-06-12 23:46:09 Job terminated.
	(1) Normal termination (return value 139)
		Usr 0 00:15:38, Sys 0 00:00:01  -  Run Remote Usage
		Usr 0 00:00:00, Sys 0 00:00:00  -  Run Local Usage
		Usr 0 00:15:38, Sys 0 00:00:01  -  Total Remote Usage
		Usr 0 00:00:00, Sys 0 00:00:00  -  Total Local Usage
	38181  -  Run Bytes Sent By Job
	1231206  -  Run Bytes Received By Job
	38181  -  Total Bytes Sent By Job
	1231206  -  Total Bytes Received By Job
	Partitionable Resources :    Usage  Request Allocated 
	   Cpus                 :     1.00        1         1 
	   Disk (KB)            :  1262        1250      3855 
	   GPUs                 :                           0 
	   Memory (MB)          :    99        1024      1100 
	   TimeExecute (s)      :   944                       
	   TimeSlotBusy (s)     :   945                       

	Job terminated of its own accord at 2026-06-12T14:46:09Z with exit-code 139.
...
