000 (196930.174.000) 2026-06-12 22:48:48 Job submitted from host: <155.230.23.73:9618?addrs=155.230.23.73-9618+[2407-c000-c024-0-20c-29ff-fe93-3763]-9618&alias=cms03.knu.ac.kr&noUDP&sock=schedd_1478_5d11>
...
040 (196930.174.000) 2026-06-12 23:31:05 Started transferring input files
	Transferring to host: <155.230.21.118:9618?addrs=155.230.21.118-9618+[2407-c000-c025--21-118]-9618&alias=cluster318.knu.ac.kr&noUDP&sock=slot1_24_1766_0e81_2607>
...
040 (196930.174.000) 2026-06-12 23:31:05 Finished transferring input files
...
001 (196930.174.000) 2026-06-12 23:31:06 Job executing on host: <155.230.21.118:9618?addrs=155.230.21.118-9618+[2407-c000-c025--21-118]-9618&alias=cluster318.knu.ac.kr&noUDP&sock=startd_1729_8756>
	SlotName: slot1_24@cluster318.knu.ac.kr
	CondorScratchDir = "/home/condor/dir_2054715"
	Cpus = 1
	Disk = 3828
	GPUs = 0
	Memory = 1100
...
006 (196930.174.000) 2026-06-12 23:31:19 Image size of job updated: 100276
	98  -  MemoryUsage of job (MB)
	100276  -  ResidentSetSize of job (KB)
...
006 (196930.174.000) 2026-06-12 23:36:19 Image size of job updated: 100616
	99  -  MemoryUsage of job (MB)
	100616  -  ResidentSetSize of job (KB)
...
006 (196930.174.000) 2026-06-12 23:41:20 Image size of job updated: 101416
	100  -  MemoryUsage of job (MB)
	101416  -  ResidentSetSize of job (KB)
...
006 (196930.174.000) 2026-06-12 23:46:21 Image size of job updated: 102056
	100  -  MemoryUsage of job (MB)
	102056  -  ResidentSetSize of job (KB)
...
006 (196930.174.000) 2026-06-12 23:49:02 Image size of job updated: 427276
	100  -  MemoryUsage of job (MB)
	102056  -  ResidentSetSize of job (KB)
...
040 (196930.174.000) 2026-06-12 23:49:02 Started transferring output files
...
040 (196930.174.000) 2026-06-12 23:49:02 Finished transferring output files
...
005 (196930.174.000) 2026-06-12 23:49:02 Job terminated.
	(1) Normal termination (return value 139)
		Usr 0 00:17:43, Sys 0 00:00:01  -  Run Remote Usage
		Usr 0 00:00:00, Sys 0 00:00:00  -  Run Local Usage
		Usr 0 00:17:43, Sys 0 00:00:01  -  Total Remote Usage
		Usr 0 00:00:00, Sys 0 00:00:00  -  Total Local Usage
	38183  -  Run Bytes Sent By Job
	1231206  -  Run Bytes Received By Job
	38183  -  Total Bytes Sent By Job
	1231206  -  Total Bytes Received By Job
	Partitionable Resources :    Usage  Request Allocated 
	   Cpus                 :     0.99        1         1 
	   Disk (KB)            :  1262        1250      3828 
	   GPUs                 :                           0 
	   Memory (MB)          :   100        1024      1100 
	   TimeExecute (s)      :  1076                       
	   TimeSlotBusy (s)     :  1077                       

	Job terminated of its own accord at 2026-06-12T14:49:02Z with exit-code 139.
...
