000 (196930.177.000) 2026-06-12 22:48:48 Job submitted from host: <155.230.23.73:9618?addrs=155.230.23.73-9618+[2407-c000-c024-0-20c-29ff-fe93-3763]-9618&alias=cms03.knu.ac.kr&noUDP&sock=schedd_1478_5d11>
...
040 (196930.177.000) 2026-06-12 23:31:06 Started transferring input files
	Transferring to host: <155.230.21.109:9618?addrs=155.230.21.109-9618+[2407-c000-c025--21-109]-9618&alias=cluster309.knu.ac.kr&noUDP&sock=slot1_30_1776_1a41_2355>
...
040 (196930.177.000) 2026-06-12 23:31:06 Finished transferring input files
...
001 (196930.177.000) 2026-06-12 23:31:07 Job executing on host: <155.230.21.109:9618?addrs=155.230.21.109-9618+[2407-c000-c025--21-109]-9618&alias=cluster309.knu.ac.kr&noUDP&sock=startd_1699_f37f>
	SlotName: slot1_30@cluster309.knu.ac.kr
	CondorScratchDir = "/home/condor/dir_2798077"
	Cpus = 1
	Disk = 3839
	GPUs = 0
	Memory = 1100
...
006 (196930.177.000) 2026-06-12 23:31:21 Image size of job updated: 99696
	98  -  MemoryUsage of job (MB)
	99696  -  ResidentSetSize of job (KB)
...
006 (196930.177.000) 2026-06-12 23:36:22 Image size of job updated: 102316
	100  -  MemoryUsage of job (MB)
	102316  -  ResidentSetSize of job (KB)
...
006 (196930.177.000) 2026-06-12 23:41:23 Image size of job updated: 102720
	101  -  MemoryUsage of job (MB)
	102720  -  ResidentSetSize of job (KB)
...
006 (196930.177.000) 2026-06-12 23:46:06 Image size of job updated: 124152
	101  -  MemoryUsage of job (MB)
	102720  -  ResidentSetSize of job (KB)
...
040 (196930.177.000) 2026-06-12 23:46:06 Started transferring output files
...
040 (196930.177.000) 2026-06-12 23:46:06 Finished transferring output files
...
005 (196930.177.000) 2026-06-12 23:46:06 Job terminated.
	(1) Normal termination (return value 139)
		Usr 0 00:14:54, Sys 0 00:00:01  -  Run Remote Usage
		Usr 0 00:00:00, Sys 0 00:00:00  -  Run Local Usage
		Usr 0 00:14:54, Sys 0 00:00:01  -  Total Remote Usage
		Usr 0 00:00:00, Sys 0 00:00:00  -  Total Local Usage
	38181  -  Run Bytes Sent By Job
	1231206  -  Run Bytes Received By Job
	38181  -  Total Bytes Sent By Job
	1231206  -  Total Bytes Received By Job
	Partitionable Resources :    Usage  Request Allocated 
	   Cpus                 :     1.00        1         1 
	   Disk (KB)            :  1262        1250      3839 
	   GPUs                 :                           0 
	   Memory (MB)          :   101        1024      1100 
	   TimeExecute (s)      :   899                       
	   TimeSlotBusy (s)     :   900                       

	Job terminated of its own accord at 2026-06-12T14:46:06Z with exit-code 139.
...
