000 (196930.179.000) 2026-06-12 22:48:48 Job submitted from host: <155.230.23.73:9618?addrs=155.230.23.73-9618+[2407-c000-c024-0-20c-29ff-fe93-3763]-9618&alias=cms03.knu.ac.kr&noUDP&sock=schedd_1478_5d11>
...
040 (196930.179.000) 2026-06-12 23:31:22 Started transferring input files
	Transferring to host: <155.230.21.99:9618?addrs=155.230.21.99-9618+[2407-c000-c025--21-99]-9618&alias=cluster299.knu.ac.kr&noUDP&sock=slot1_9_1116_12a6_1948>
...
040 (196930.179.000) 2026-06-12 23:31:22 Finished transferring input files
...
001 (196930.179.000) 2026-06-12 23:31:23 Job executing on host: <155.230.21.99:9618?addrs=155.230.21.99-9618+[2407-c000-c025--21-99]-9618&alias=cluster299.knu.ac.kr&noUDP&sock=startd_1072_e19d>
	SlotName: slot1_9@cluster299.knu.ac.kr
	CondorScratchDir = "/home/condor/dir_1686965"
	Cpus = 1
	Disk = 3858
	GPUs = 0
	Memory = 1100
...
006 (196930.179.000) 2026-06-12 23:31:37 Image size of job updated: 99428
	98  -  MemoryUsage of job (MB)
	99428  -  ResidentSetSize of job (KB)
...
006 (196930.179.000) 2026-06-12 23:36:38 Image size of job updated: 101360
	99  -  MemoryUsage of job (MB)
	101360  -  ResidentSetSize of job (KB)
...
006 (196930.179.000) 2026-06-12 23:41:38 Image size of job updated: 102224
	100  -  MemoryUsage of job (MB)
	102224  -  ResidentSetSize of job (KB)
...
006 (196930.179.000) 2026-06-12 23:46:39 Image size of job updated: 102356
	100  -  MemoryUsage of job (MB)
	102356  -  ResidentSetSize of job (KB)
...
006 (196930.179.000) 2026-06-12 23:51:31 Image size of job updated: 326116
	100  -  MemoryUsage of job (MB)
	102356  -  ResidentSetSize of job (KB)
...
040 (196930.179.000) 2026-06-12 23:51:31 Started transferring output files
...
040 (196930.179.000) 2026-06-12 23:51:31 Finished transferring output files
...
005 (196930.179.000) 2026-06-12 23:51:32 Job terminated.
	(1) Normal termination (return value 139)
		Usr 0 00:19:49, Sys 0 00:00:02  -  Run Remote Usage
		Usr 0 00:00:00, Sys 0 00:00:00  -  Run Local Usage
		Usr 0 00:19:49, Sys 0 00:00:02  -  Total Remote Usage
		Usr 0 00:00:00, Sys 0 00:00:00  -  Total Local Usage
	38183  -  Run Bytes Sent By Job
	1231206  -  Run Bytes Received By Job
	38183  -  Total Bytes Sent By Job
	1231206  -  Total Bytes Received By Job
	Partitionable Resources :    Usage  Request Allocated 
	   Cpus                 :     0.99        1         1 
	   Disk (KB)            :  1262        1250      3858 
	   GPUs                 :                           0 
	   Memory (MB)          :   100        1024      1100 
	   TimeExecute (s)      :  1208                       
	   TimeSlotBusy (s)     :  1209                       

	Job terminated of its own accord at 2026-06-12T14:51:31Z with exit-code 139.
...
