000 (196930.018.000) 2026-06-12 22:48:48 Job submitted from host: <155.230.23.73:9618?addrs=155.230.23.73-9618+[2407-c000-c024-0-20c-29ff-fe93-3763]-9618&alias=cms03.knu.ac.kr&noUDP&sock=schedd_1478_5d11>
...
040 (196930.018.000) 2026-06-12 22:52:21 Started transferring input files
	Transferring to host: <155.230.21.38:9618?addrs=155.230.21.38-9618+[2407-c000-c025--21-38]-9618&alias=cluster238.knu.ac.kr&noUDP&sock=slot1_4_1104_9e26_1757>
...
040 (196930.018.000) 2026-06-12 22:52:21 Finished transferring input files
...
001 (196930.018.000) 2026-06-12 22:52:22 Job executing on host: <155.230.21.38:9618?addrs=155.230.21.38-9618+[2407-c000-c025--21-38]-9618&alias=cluster238.knu.ac.kr&noUDP&sock=startd_1047_bbbf>
	SlotName: slot1_4@cluster238.knu.ac.kr
	CondorScratchDir = "/home/condor/dir_1149462"
	Cpus = 1
	Disk = 3855
	GPUs = 0
	Memory = 1100
...
006 (196930.018.000) 2026-06-12 22:52:36 Image size of job updated: 99620
	98  -  MemoryUsage of job (MB)
	99620  -  ResidentSetSize of job (KB)
...
006 (196930.018.000) 2026-06-12 22:57:37 Image size of job updated: 101532
	100  -  MemoryUsage of job (MB)
	101532  -  ResidentSetSize of job (KB)
...
006 (196930.018.000) 2026-06-12 23:02:37 Image size of job updated: 102748
	101  -  MemoryUsage of job (MB)
	102748  -  ResidentSetSize of job (KB)
...
006 (196930.018.000) 2026-06-12 23:07:37 Image size of job updated: 103096
	101  -  MemoryUsage of job (MB)
	103096  -  ResidentSetSize of job (KB)
...
006 (196930.018.000) 2026-06-12 23:10:53 Image size of job updated: 144388
	101  -  MemoryUsage of job (MB)
	103096  -  ResidentSetSize of job (KB)
...
040 (196930.018.000) 2026-06-12 23:10:53 Started transferring output files
...
040 (196930.018.000) 2026-06-12 23:10:53 Finished transferring output files
...
005 (196930.018.000) 2026-06-12 23:10:53 Job terminated.
	(1) Normal termination (return value 139)
		Usr 0 00:18:10, Sys 0 00:00:02  -  Run Remote Usage
		Usr 0 00:00:00, Sys 0 00:00:00  -  Run Local Usage
		Usr 0 00:18:10, Sys 0 00:00:02  -  Total Remote Usage
		Usr 0 00:00:00, Sys 0 00:00:00  -  Total Local Usage
	38183  -  Run Bytes Sent By Job
	1231206  -  Run Bytes Received By Job
	38183  -  Total Bytes Sent By Job
	1231206  -  Total Bytes Received By Job
	Partitionable Resources :    Usage  Request Allocated 
	   Cpus                 :     0.98        1         1 
	   Disk (KB)            :  1262        1250      3855 
	   GPUs                 :                           0 
	   Memory (MB)          :   101        1024      1100 
	   TimeExecute (s)      :  1111                       
	   TimeSlotBusy (s)     :  1112                       

	Job terminated of its own accord at 2026-06-12T14:10:53Z with exit-code 139.
...
