000 (196930.180.000) 2026-06-12 22:48:48 Job submitted from host: <155.230.23.73:9618?addrs=155.230.23.73-9618+[2407-c000-c024-0-20c-29ff-fe93-3763]-9618&alias=cms03.knu.ac.kr&noUDP&sock=schedd_1478_5d11>
...
040 (196930.180.000) 2026-06-12 23:31:21 Started transferring input files
	Transferring to host: <155.230.21.94:9618?addrs=155.230.21.94-9618+[2407-c000-c025--21-94]-9618&alias=cluster294.knu.ac.kr&noUDP&sock=slot1_10_1331_8f4f_2040>
...
040 (196930.180.000) 2026-06-12 23:31:21 Finished transferring input files
...
001 (196930.180.000) 2026-06-12 23:31:22 Job executing on host: <155.230.21.94:9618?addrs=155.230.21.94-9618+[2407-c000-c025--21-94]-9618&alias=cluster294.knu.ac.kr&noUDP&sock=startd_1271_60f6>
	SlotName: slot1_10@cluster294.knu.ac.kr
	CondorScratchDir = "/home/condor/dir_2122641"
	Cpus = 1
	Disk = 3859
	GPUs = 0
	Memory = 1100
...
006 (196930.180.000) 2026-06-12 23:31:36 Image size of job updated: 99548
	98  -  MemoryUsage of job (MB)
	99548  -  ResidentSetSize of job (KB)
...
006 (196930.180.000) 2026-06-12 23:36:37 Image size of job updated: 101392
	100  -  MemoryUsage of job (MB)
	101392  -  ResidentSetSize of job (KB)
...
006 (196930.180.000) 2026-06-12 23:41:38 Image size of job updated: 101728
	100  -  MemoryUsage of job (MB)
	101728  -  ResidentSetSize of job (KB)
...
006 (196930.180.000) 2026-06-12 23:46:38 Image size of job updated: 101988
	100  -  MemoryUsage of job (MB)
	101988  -  ResidentSetSize of job (KB)
...
006 (196930.180.000) 2026-06-12 23:48:18 Image size of job updated: 121016
	100  -  MemoryUsage of job (MB)
	101988  -  ResidentSetSize of job (KB)
...
040 (196930.180.000) 2026-06-12 23:48:18 Started transferring output files
...
040 (196930.180.000) 2026-06-12 23:48:18 Finished transferring output files
...
005 (196930.180.000) 2026-06-12 23:48:18 Job terminated.
	(1) Normal termination (return value 139)
		Usr 0 00:16:39, Sys 0 00:00:01  -  Run Remote Usage
		Usr 0 00:00:00, Sys 0 00:00:00  -  Run Local Usage
		Usr 0 00:16:39, Sys 0 00:00:01  -  Total Remote Usage
		Usr 0 00:00:00, Sys 0 00:00:00  -  Total Local Usage
	38182  -  Run Bytes Sent By Job
	1231206  -  Run Bytes Received By Job
	38182  -  Total Bytes Sent By Job
	1231206  -  Total Bytes Received By Job
	Partitionable Resources :    Usage  Request Allocated 
	   Cpus                 :     0.99        1         1 
	   Disk (KB)            :  1262        1250      3859 
	   GPUs                 :                           0 
	   Memory (MB)          :   100        1024      1100 
	   TimeExecute (s)      :  1016                       
	   TimeSlotBusy (s)     :  1017                       

	Job terminated of its own accord at 2026-06-12T14:48:18Z with exit-code 139.
...
