000 (196930.181.000) 2026-06-12 22:48:48 Job submitted from host: <155.230.23.73:9618?addrs=155.230.23.73-9618+[2407-c000-c024-0-20c-29ff-fe93-3763]-9618&alias=cms03.knu.ac.kr&noUDP&sock=schedd_1478_5d11>
...
040 (196930.181.000) 2026-06-12 23:32:04 Started transferring input files
	Transferring to host: <155.230.21.38:9618?addrs=155.230.21.38-9618+[2407-c000-c025--21-38]-9618&alias=cluster238.knu.ac.kr&noUDP&sock=slot1_9_1104_9e26_1772>
...
040 (196930.181.000) 2026-06-12 23:32:04 Finished transferring input files
...
001 (196930.181.000) 2026-06-12 23:32:05 Job executing on host: <155.230.21.38:9618?addrs=155.230.21.38-9618+[2407-c000-c025--21-38]-9618&alias=cluster238.knu.ac.kr&noUDP&sock=startd_1047_bbbf>
	SlotName: slot1_9@cluster238.knu.ac.kr
	CondorScratchDir = "/home/condor/dir_1153062"
	Cpus = 1
	Disk = 3855
	GPUs = 0
	Memory = 1100
...
006 (196930.181.000) 2026-06-12 23:32:19 Image size of job updated: 99660
	98  -  MemoryUsage of job (MB)
	99660  -  ResidentSetSize of job (KB)
...
006 (196930.181.000) 2026-06-12 23:37:19 Image size of job updated: 101220
	99  -  MemoryUsage of job (MB)
	101220  -  ResidentSetSize of job (KB)
...
006 (196930.181.000) 2026-06-12 23:42:19 Image size of job updated: 101452
	100  -  MemoryUsage of job (MB)
	101452  -  ResidentSetSize of job (KB)
...
006 (196930.181.000) 2026-06-12 23:47:20 Image size of job updated: 101756
	100  -  MemoryUsage of job (MB)
	101756  -  ResidentSetSize of job (KB)
...
006 (196930.181.000) 2026-06-12 23:52:21 Image size of job updated: 101872
	100  -  MemoryUsage of job (MB)
	101872  -  ResidentSetSize of job (KB)
...
006 (196930.181.000) 2026-06-12 23:54:56 Image size of job updated: 242208
	100  -  MemoryUsage of job (MB)
	101872  -  ResidentSetSize of job (KB)
...
040 (196930.181.000) 2026-06-12 23:54:56 Started transferring output files
...
040 (196930.181.000) 2026-06-12 23:54:56 Finished transferring output files
...
005 (196930.181.000) 2026-06-12 23:54:56 Job terminated.
	(1) Normal termination (return value 139)
		Usr 0 00:22:31, Sys 0 00:00:02  -  Run Remote Usage
		Usr 0 00:00:00, Sys 0 00:00:00  -  Run Local Usage
		Usr 0 00:22:31, Sys 0 00:00:02  -  Total Remote Usage
		Usr 0 00:00:00, Sys 0 00:00:00  -  Total Local Usage
	38183  -  Run Bytes Sent By Job
	1231206  -  Run Bytes Received By Job
	38183  -  Total Bytes Sent By Job
	1231206  -  Total Bytes Received By Job
	Partitionable Resources :    Usage  Request Allocated 
	   Cpus                 :     0.99        1         1 
	   Disk (KB)            :  1262        1250      3855 
	   GPUs                 :                           0 
	   Memory (MB)          :   100        1024      1100 
	   TimeExecute (s)      :  1371                       
	   TimeSlotBusy (s)     :  1372                       

	Job terminated of its own accord at 2026-06-12T14:54:56Z with exit-code 139.
...
