000 (196930.183.000) 2026-06-12 22:48:48 Job submitted from host: <155.230.23.73:9618?addrs=155.230.23.73-9618+[2407-c000-c024-0-20c-29ff-fe93-3763]-9618&alias=cms03.knu.ac.kr&noUDP&sock=schedd_1478_5d11>
...
040 (196930.183.000) 2026-06-12 23:32:22 Started transferring input files
	Transferring to host: <155.230.21.38:9618?addrs=155.230.21.38-9618+[2407-c000-c025--21-38]-9618&alias=cluster238.knu.ac.kr&noUDP&sock=slot1_8_1104_9e26_1774>
...
040 (196930.183.000) 2026-06-12 23:32:22 Finished transferring input files
...
001 (196930.183.000) 2026-06-12 23:32:23 Job executing on host: <155.230.21.38:9618?addrs=155.230.21.38-9618+[2407-c000-c025--21-38]-9618&alias=cluster238.knu.ac.kr&noUDP&sock=startd_1047_bbbf>
	SlotName: slot1_8@cluster238.knu.ac.kr
	CondorScratchDir = "/home/condor/dir_1153326"
	Cpus = 1
	Disk = 3855
	GPUs = 0
	Memory = 1100
...
006 (196930.183.000) 2026-06-12 23:32:36 Image size of job updated: 99664
	98  -  MemoryUsage of job (MB)
	99664  -  ResidentSetSize of job (KB)
...
006 (196930.183.000) 2026-06-12 23:37:36 Image size of job updated: 101648
	100  -  MemoryUsage of job (MB)
	101648  -  ResidentSetSize of job (KB)
...
006 (196930.183.000) 2026-06-12 23:42:37 Image size of job updated: 101980
	100  -  MemoryUsage of job (MB)
	101980  -  ResidentSetSize of job (KB)
...
006 (196930.183.000) 2026-06-12 23:47:38 Image size of job updated: 102688
	101  -  MemoryUsage of job (MB)
	102688  -  ResidentSetSize of job (KB)
...
006 (196930.183.000) 2026-06-12 23:50:55 Image size of job updated: 324812
	101  -  MemoryUsage of job (MB)
	102688  -  ResidentSetSize of job (KB)
...
040 (196930.183.000) 2026-06-12 23:50:55 Started transferring output files
...
040 (196930.183.000) 2026-06-12 23:50:55 Finished transferring output files
...
005 (196930.183.000) 2026-06-12 23:50:55 Job terminated.
	(1) Normal termination (return value 139)
		Usr 0 00:18:18, Sys 0 00:00:01  -  Run Remote Usage
		Usr 0 00:00:00, Sys 0 00:00:00  -  Run Local Usage
		Usr 0 00:18:18, Sys 0 00:00:01  -  Total Remote Usage
		Usr 0 00:00:00, Sys 0 00:00:00  -  Total Local Usage
	38183  -  Run Bytes Sent By Job
	1231206  -  Run Bytes Received By Job
	38183  -  Total Bytes Sent By Job
	1231206  -  Total Bytes Received By Job
	Partitionable Resources :    Usage  Request Allocated 
	   Cpus                 :     0.99        1         1 
	   Disk (KB)            :  1262        1250      3855 
	   GPUs                 :                           0 
	   Memory (MB)          :   101        1024      1100 
	   TimeExecute (s)      :  1112                       
	   TimeSlotBusy (s)     :  1113                       

	Job terminated of its own accord at 2026-06-12T14:50:55Z with exit-code 139.
...
