000 (196930.184.000) 2026-06-12 22:48:48 Job submitted from host: <155.230.23.73:9618?addrs=155.230.23.73-9618+[2407-c000-c024-0-20c-29ff-fe93-3763]-9618&alias=cms03.knu.ac.kr&noUDP&sock=schedd_1478_5d11>
...
040 (196930.184.000) 2026-06-12 23:32:21 Started transferring input files
	Transferring to host: <155.230.21.92:9618?addrs=155.230.21.92-9618+[2407-c000-c025--21-92]-9618&alias=cluster292.knu.ac.kr&noUDP&sock=slot1_10_1322_37ef_2391>
...
040 (196930.184.000) 2026-06-12 23:32:22 Finished transferring input files
...
001 (196930.184.000) 2026-06-12 23:32:23 Job executing on host: <155.230.21.92:9618?addrs=155.230.21.92-9618+[2407-c000-c025--21-92]-9618&alias=cluster292.knu.ac.kr&noUDP&sock=startd_1270_b15e>
	SlotName: slot1_10@cluster292.knu.ac.kr
	CondorScratchDir = "/home/condor/dir_2400080"
	Cpus = 1
	Disk = 3854
	GPUs = 0
	Memory = 1100
...
006 (196930.184.000) 2026-06-12 23:32:36 Image size of job updated: 98308
	97  -  MemoryUsage of job (MB)
	98308  -  ResidentSetSize of job (KB)
...
006 (196930.184.000) 2026-06-12 23:37:36 Image size of job updated: 99976
	98  -  MemoryUsage of job (MB)
	99976  -  ResidentSetSize of job (KB)
...
006 (196930.184.000) 2026-06-12 23:42:36 Image size of job updated: 101084
	99  -  MemoryUsage of job (MB)
	101084  -  ResidentSetSize of job (KB)
...
006 (196930.184.000) 2026-06-12 23:47:37 Image size of job updated: 101216
	99  -  MemoryUsage of job (MB)
	101216  -  ResidentSetSize of job (KB)
...
006 (196930.184.000) 2026-06-12 23:48:19 Image size of job updated: 426432
	99  -  MemoryUsage of job (MB)
	101216  -  ResidentSetSize of job (KB)
...
040 (196930.184.000) 2026-06-12 23:48:19 Started transferring output files
...
040 (196930.184.000) 2026-06-12 23:48:19 Finished transferring output files
...
005 (196930.184.000) 2026-06-12 23:48:19 Job terminated.
	(1) Normal termination (return value 139)
		Usr 0 00:15:40, Sys 0 00:00:01  -  Run Remote Usage
		Usr 0 00:00:00, Sys 0 00:00:00  -  Run Local Usage
		Usr 0 00:15:40, Sys 0 00:00:01  -  Total Remote Usage
		Usr 0 00:00:00, Sys 0 00:00:00  -  Total Local Usage
	38181  -  Run Bytes Sent By Job
	1231206  -  Run Bytes Received By Job
	38181  -  Total Bytes Sent By Job
	1231206  -  Total Bytes Received By Job
	Partitionable Resources :    Usage  Request Allocated 
	   Cpus                 :     0.99        1         1 
	   Disk (KB)            :  1262        1250      3854 
	   GPUs                 :                           0 
	   Memory (MB)          :    99        1024      1100 
	   TimeExecute (s)      :   956                       
	   TimeSlotBusy (s)     :   958                       

	Job terminated of its own accord at 2026-06-12T14:48:19Z with exit-code 139.
...
