000 (196930.185.000) 2026-06-12 22:48:48 Job submitted from host: <155.230.23.73:9618?addrs=155.230.23.73-9618+[2407-c000-c024-0-20c-29ff-fe93-3763]-9618&alias=cms03.knu.ac.kr&noUDP&sock=schedd_1478_5d11>
...
040 (196930.185.000) 2026-06-12 23:32:22 Started transferring input files
	Transferring to host: <155.230.21.145:9618?addrs=155.230.21.145-9618+[2407-c000-c025--21-145]-9618&alias=cluster345.knu.ac.kr&noUDP&sock=slot1_29_2134_5890_2567>
...
040 (196930.185.000) 2026-06-12 23:32:22 Finished transferring input files
...
001 (196930.185.000) 2026-06-12 23:32:23 Job executing on host: <155.230.21.145:9618?addrs=155.230.21.145-9618+[2407-c000-c025--21-145]-9618&alias=cluster345.knu.ac.kr&noUDP&sock=startd_2051_64d5>
	SlotName: slot1_29@cluster345.knu.ac.kr
	CondorScratchDir = "/home/condor/dir_1910357"
	Cpus = 1
	Disk = 3854
	GPUs = 0
	Memory = 1100
...
006 (196930.185.000) 2026-06-12 23:32:36 Image size of job updated: 100316
	98  -  MemoryUsage of job (MB)
	100316  -  ResidentSetSize of job (KB)
...
006 (196930.185.000) 2026-06-12 23:37:36 Image size of job updated: 102144
	100  -  MemoryUsage of job (MB)
	102144  -  ResidentSetSize of job (KB)
...
006 (196930.185.000) 2026-06-12 23:39:07 Image size of job updated: 102252
	100  -  MemoryUsage of job (MB)
	102144  -  ResidentSetSize of job (KB)
...
040 (196930.185.000) 2026-06-12 23:39:07 Started transferring output files
...
040 (196930.185.000) 2026-06-12 23:39:07 Finished transferring output files
...
005 (196930.185.000) 2026-06-12 23:39:07 Job terminated.
	(1) Normal termination (return value 139)
		Usr 0 00:06:37, Sys 0 00:00:00  -  Run Remote Usage
		Usr 0 00:00:00, Sys 0 00:00:00  -  Run Local Usage
		Usr 0 00:06:37, Sys 0 00:00:00  -  Total Remote Usage
		Usr 0 00:00:00, Sys 0 00:00:00  -  Total Local Usage
	38181  -  Run Bytes Sent By Job
	1231206  -  Run Bytes Received By Job
	38181  -  Total Bytes Sent By Job
	1231206  -  Total Bytes Received By Job
	Partitionable Resources :    Usage  Request Allocated 
	   Cpus                 :     0.99        1         1 
	   Disk (KB)            :  1262        1250      3854 
	   GPUs                 :                           0 
	   Memory (MB)          :   100        1024      1100 
	   TimeExecute (s)      :   404                       
	   TimeSlotBusy (s)     :   406                       

	Job terminated of its own accord at 2026-06-12T14:39:07Z with exit-code 139.
...
