000 (196930.186.000) 2026-06-12 22:48:48 Job submitted from host: <155.230.23.73:9618?addrs=155.230.23.73-9618+[2407-c000-c024-0-20c-29ff-fe93-3763]-9618&alias=cms03.knu.ac.kr&noUDP&sock=schedd_1478_5d11>
...
040 (196930.186.000) 2026-06-12 23:32:22 Started transferring input files
	Transferring to host: <155.230.21.116:9618?addrs=155.230.21.116-9618+[2407-c000-c025--21-116]-9618&alias=cluster316.knu.ac.kr&noUDP&sock=slot1_7_1621_e41b_2890>
...
040 (196930.186.000) 2026-06-12 23:32:22 Finished transferring input files
...
001 (196930.186.000) 2026-06-12 23:32:23 Job executing on host: <155.230.21.116:9618?addrs=155.230.21.116-9618+[2407-c000-c025--21-116]-9618&alias=cluster316.knu.ac.kr&noUDP&sock=startd_1583_6282>
	SlotName: slot1_7@cluster316.knu.ac.kr
	CondorScratchDir = "/home/condor/dir_1263908"
	Cpus = 1
	Disk = 3860
	GPUs = 0
	Memory = 1100
...
006 (196930.186.000) 2026-06-12 23:32:36 Image size of job updated: 100076
	98  -  MemoryUsage of job (MB)
	100076  -  ResidentSetSize of job (KB)
...
006 (196930.186.000) 2026-06-12 23:37:36 Image size of job updated: 102168
	100  -  MemoryUsage of job (MB)
	102168  -  ResidentSetSize of job (KB)
...
006 (196930.186.000) 2026-06-12 23:42:37 Image size of job updated: 102492
	101  -  MemoryUsage of job (MB)
	102492  -  ResidentSetSize of job (KB)
...
006 (196930.186.000) 2026-06-12 23:47:38 Image size of job updated: 102612
	101  -  MemoryUsage of job (MB)
	102612  -  ResidentSetSize of job (KB)
...
006 (196930.186.000) 2026-06-12 23:52:04 Image size of job updated: 405924
	101  -  MemoryUsage of job (MB)
	102612  -  ResidentSetSize of job (KB)
...
040 (196930.186.000) 2026-06-12 23:52:04 Started transferring output files
...
040 (196930.186.000) 2026-06-12 23:52:04 Finished transferring output files
...
005 (196930.186.000) 2026-06-12 23:52:04 Job terminated.
	(1) Normal termination (return value 139)
		Usr 0 00:19:25, Sys 0 00:00:01  -  Run Remote Usage
		Usr 0 00:00:00, Sys 0 00:00:00  -  Run Local Usage
		Usr 0 00:19:25, Sys 0 00:00:01  -  Total Remote Usage
		Usr 0 00:00:00, Sys 0 00:00:00  -  Total Local Usage
	38183  -  Run Bytes Sent By Job
	1231206  -  Run Bytes Received By Job
	38183  -  Total Bytes Sent By Job
	1231206  -  Total Bytes Received By Job
	Partitionable Resources :    Usage  Request Allocated 
	   Cpus                 :     0.99        1         1 
	   Disk (KB)            :  1262        1250      3860 
	   GPUs                 :                           0 
	   Memory (MB)          :   101        1024      1100 
	   TimeExecute (s)      :  1181                       
	   TimeSlotBusy (s)     :  1182                       

	Job terminated of its own accord at 2026-06-12T14:52:04Z with exit-code 139.
...
