000 (196930.187.000) 2026-06-12 22:48:48 Job submitted from host: <155.230.23.73:9618?addrs=155.230.23.73-9618+[2407-c000-c024-0-20c-29ff-fe93-3763]-9618&alias=cms03.knu.ac.kr&noUDP&sock=schedd_1478_5d11>
...
040 (196930.187.000) 2026-06-12 23:32:22 Started transferring input files
	Transferring to host: <155.230.21.38:9618?addrs=155.230.21.38-9618+[2407-c000-c025--21-38]-9618&alias=cluster238.knu.ac.kr&noUDP&sock=slot1_10_1104_9e26_1775>
...
040 (196930.187.000) 2026-06-12 23:32:22 Finished transferring input files
...
001 (196930.187.000) 2026-06-12 23:32:23 Job executing on host: <155.230.21.38:9618?addrs=155.230.21.38-9618+[2407-c000-c025--21-38]-9618&alias=cluster238.knu.ac.kr&noUDP&sock=startd_1047_bbbf>
	SlotName: slot1_10@cluster238.knu.ac.kr
	CondorScratchDir = "/home/condor/dir_1153327"
	Cpus = 1
	Disk = 3855
	GPUs = 0
	Memory = 1100
...
006 (196930.187.000) 2026-06-12 23:32:36 Image size of job updated: 100060
	98  -  MemoryUsage of job (MB)
	100060  -  ResidentSetSize of job (KB)
...
006 (196930.187.000) 2026-06-12 23:37:36 Image size of job updated: 102132
	100  -  MemoryUsage of job (MB)
	102132  -  ResidentSetSize of job (KB)
...
006 (196930.187.000) 2026-06-12 23:42:37 Image size of job updated: 102488
	101  -  MemoryUsage of job (MB)
	102488  -  ResidentSetSize of job (KB)
...
006 (196930.187.000) 2026-06-12 23:47:38 Image size of job updated: 102608
	101  -  MemoryUsage of job (MB)
	102608  -  ResidentSetSize of job (KB)
...
006 (196930.187.000) 2026-06-12 23:49:15 Image size of job updated: 393808
	101  -  MemoryUsage of job (MB)
	102608  -  ResidentSetSize of job (KB)
...
040 (196930.187.000) 2026-06-12 23:49:15 Started transferring output files
...
040 (196930.187.000) 2026-06-12 23:49:15 Finished transferring output files
...
005 (196930.187.000) 2026-06-12 23:49:15 Job terminated.
	(1) Normal termination (return value 139)
		Usr 0 00:16:38, Sys 0 00:00:01  -  Run Remote Usage
		Usr 0 00:00:00, Sys 0 00:00:00  -  Run Local Usage
		Usr 0 00:16:38, Sys 0 00:00:01  -  Total Remote Usage
		Usr 0 00:00:00, Sys 0 00:00:00  -  Total Local Usage
	38181  -  Run Bytes Sent By Job
	1231206  -  Run Bytes Received By Job
	38181  -  Total Bytes Sent By Job
	1231206  -  Total Bytes Received By Job
	Partitionable Resources :    Usage  Request Allocated 
	   Cpus                 :     0.99        1         1 
	   Disk (KB)            :  1262        1250      3855 
	   GPUs                 :                           0 
	   Memory (MB)          :   101        1024      1100 
	   TimeExecute (s)      :  1012                       
	   TimeSlotBusy (s)     :  1013                       

	Job terminated of its own accord at 2026-06-12T14:49:15Z with exit-code 139.
...
