000 (196930.188.000) 2026-06-12 22:48:48 Job submitted from host: <155.230.23.73:9618?addrs=155.230.23.73-9618+[2407-c000-c024-0-20c-29ff-fe93-3763]-9618&alias=cms03.knu.ac.kr&noUDP&sock=schedd_1478_5d11>
...
040 (196930.188.000) 2026-06-12 23:33:05 Started transferring input files
	Transferring to host: <155.230.21.110:9618?addrs=155.230.21.110-9618+[2407-c000-c025--21-110]-9618&alias=cluster310.knu.ac.kr&noUDP&sock=slot1_24_1764_a5c1_2259>
...
040 (196930.188.000) 2026-06-12 23:33:05 Finished transferring input files
...
001 (196930.188.000) 2026-06-12 23:33:06 Job executing on host: <155.230.21.110:9618?addrs=155.230.21.110-9618+[2407-c000-c025--21-110]-9618&alias=cluster310.knu.ac.kr&noUDP&sock=startd_1700_a317>
	SlotName: slot1_24@cluster310.knu.ac.kr
	CondorScratchDir = "/home/condor/dir_2518566"
	Cpus = 1
	Disk = 3861
	GPUs = 0
	Memory = 1100
...
006 (196930.188.000) 2026-06-12 23:33:20 Image size of job updated: 42112
	42  -  MemoryUsage of job (MB)
	42112  -  ResidentSetSize of job (KB)
...
006 (196930.188.000) 2026-06-12 23:38:21 Image size of job updated: 101180
	99  -  MemoryUsage of job (MB)
	101180  -  ResidentSetSize of job (KB)
...
006 (196930.188.000) 2026-06-12 23:43:21 Image size of job updated: 101280
	99  -  MemoryUsage of job (MB)
	101280  -  ResidentSetSize of job (KB)
...
006 (196930.188.000) 2026-06-12 23:48:22 Image size of job updated: 101712
	100  -  MemoryUsage of job (MB)
	101712  -  ResidentSetSize of job (KB)
...
006 (196930.188.000) 2026-06-12 23:51:30 Image size of job updated: 164772
	100  -  MemoryUsage of job (MB)
	101712  -  ResidentSetSize of job (KB)
...
040 (196930.188.000) 2026-06-12 23:51:30 Started transferring output files
...
040 (196930.188.000) 2026-06-12 23:51:30 Finished transferring output files
...
005 (196930.188.000) 2026-06-12 23:51:31 Job terminated.
	(1) Normal termination (return value 139)
		Usr 0 00:18:07, Sys 0 00:00:01  -  Run Remote Usage
		Usr 0 00:00:00, Sys 0 00:00:00  -  Run Local Usage
		Usr 0 00:18:07, Sys 0 00:00:01  -  Total Remote Usage
		Usr 0 00:00:00, Sys 0 00:00:00  -  Total Local Usage
	38183  -  Run Bytes Sent By Job
	1231206  -  Run Bytes Received By Job
	38183  -  Total Bytes Sent By Job
	1231206  -  Total Bytes Received By Job
	Partitionable Resources :    Usage  Request Allocated 
	   Cpus                 :     1.00        1         1 
	   Disk (KB)            :  1262        1250      3861 
	   GPUs                 :                           0 
	   Memory (MB)          :   100        1024      1100 
	   TimeExecute (s)      :  1104                       
	   TimeSlotBusy (s)     :  1105                       

	Job terminated of its own accord at 2026-06-12T14:51:30Z with exit-code 139.
...
