000 (196930.020.000) 2026-06-12 22:48:48 Job submitted from host: <155.230.23.73:9618?addrs=155.230.23.73-9618+[2407-c000-c024-0-20c-29ff-fe93-3763]-9618&alias=cms03.knu.ac.kr&noUDP&sock=schedd_1478_5d11>
...
040 (196930.020.000) 2026-06-12 22:53:24 Started transferring input files
	Transferring to host: <155.230.21.97:9618?addrs=155.230.21.97-9618+[2407-c000-c025--21-97]-9618&alias=cluster297.knu.ac.kr&noUDP&sock=slot1_1_1112_4126_1579>
...
040 (196930.020.000) 2026-06-12 22:53:24 Finished transferring input files
...
001 (196930.020.000) 2026-06-12 22:53:25 Job executing on host: <155.230.21.97:9618?addrs=155.230.21.97-9618+[2407-c000-c025--21-97]-9618&alias=cluster297.knu.ac.kr&noUDP&sock=startd_1064_64db>
	SlotName: slot1_1@cluster297.knu.ac.kr
	CondorScratchDir = "/home/condor/dir_603949"
	Cpus = 1
	Disk = 3072
	GPUs = 0
	Memory = 1100
...
006 (196930.020.000) 2026-06-12 22:53:38 Image size of job updated: 22036
	22  -  MemoryUsage of job (MB)
	22036  -  ResidentSetSize of job (KB)
...
006 (196930.020.000) 2026-06-12 22:58:38 Image size of job updated: 100856
	99  -  MemoryUsage of job (MB)
	100856  -  ResidentSetSize of job (KB)
...
006 (196930.020.000) 2026-06-12 23:03:39 Image size of job updated: 101684
	100  -  MemoryUsage of job (MB)
	101684  -  ResidentSetSize of job (KB)
...
006 (196930.020.000) 2026-06-12 23:08:39 Image size of job updated: 102372
	100  -  MemoryUsage of job (MB)
	102372  -  ResidentSetSize of job (KB)
...
006 (196930.020.000) 2026-06-12 23:13:39 Image size of job updated: 102460
	101  -  MemoryUsage of job (MB)
	102460  -  ResidentSetSize of job (KB)
...
006 (196930.020.000) 2026-06-12 23:13:52 Image size of job updated: 419020
	101  -  MemoryUsage of job (MB)
	102460  -  ResidentSetSize of job (KB)
...
040 (196930.020.000) 2026-06-12 23:13:52 Started transferring output files
...
040 (196930.020.000) 2026-06-12 23:13:52 Finished transferring output files
...
005 (196930.020.000) 2026-06-12 23:13:52 Job terminated.
	(1) Normal termination (return value 139)
		Usr 0 00:19:50, Sys 0 00:00:02  -  Run Remote Usage
		Usr 0 00:00:00, Sys 0 00:00:00  -  Run Local Usage
		Usr 0 00:19:50, Sys 0 00:00:02  -  Total Remote Usage
		Usr 0 00:00:00, Sys 0 00:00:00  -  Total Local Usage
	38183  -  Run Bytes Sent By Job
	1231206  -  Run Bytes Received By Job
	38183  -  Total Bytes Sent By Job
	1231206  -  Total Bytes Received By Job
	Partitionable Resources :    Usage  Request Allocated 
	   Cpus                 :     0.99        1         1 
	   Disk (KB)            :  1262        1250      3072 
	   GPUs                 :                           0 
	   Memory (MB)          :   101        1024      1100 
	   TimeExecute (s)      :  1227                       
	   TimeSlotBusy (s)     :  1229                       

	Job terminated of its own accord at 2026-06-12T14:13:52Z with exit-code 139.
...
