000 (196930.202.000) 2026-06-12 22:48:49 Job submitted from host: <155.230.23.73:9618?addrs=155.230.23.73-9618+[2407-c000-c024-0-20c-29ff-fe93-3763]-9618&alias=cms03.knu.ac.kr&noUDP&sock=schedd_1478_5d11>
...
040 (196930.202.000) 2026-06-12 23:34:04 Started transferring input files
	Transferring to host: <155.230.21.137:9618?addrs=155.230.21.137-9618+[2407-c000-c025--21-137]-9618&alias=cluster337.knu.ac.kr&noUDP&sock=slot1_50_220409_d45c_2183>
...
040 (196930.202.000) 2026-06-12 23:34:04 Finished transferring input files
...
001 (196930.202.000) 2026-06-12 23:34:05 Job executing on host: <155.230.21.137:9618?addrs=155.230.21.137-9618+[2407-c000-c025--21-137]-9618&alias=cluster337.knu.ac.kr&noUDP&sock=startd_2461_9ea9>
	SlotName: slot1_50@cluster337.knu.ac.kr
	CondorScratchDir = "/home/condor/dir_568581"
	Cpus = 1
	Disk = 5707
	GPUs = 0
	Memory = 1100
...
006 (196930.202.000) 2026-06-12 23:34:19 Image size of job updated: 100868
	99  -  MemoryUsage of job (MB)
	100868  -  ResidentSetSize of job (KB)
...
006 (196930.202.000) 2026-06-12 23:39:20 Image size of job updated: 102536
	101  -  MemoryUsage of job (MB)
	102536  -  ResidentSetSize of job (KB)
...
006 (196930.202.000) 2026-06-12 23:43:18 Image size of job updated: 293508
	101  -  MemoryUsage of job (MB)
	102536  -  ResidentSetSize of job (KB)
...
040 (196930.202.000) 2026-06-12 23:43:24 Started transferring output files
...
040 (196930.202.000) 2026-06-12 23:43:24 Finished transferring output files
...
005 (196930.202.000) 2026-06-12 23:43:24 Job terminated.
	(1) Normal termination (return value 139)
		Usr 0 00:09:02, Sys 0 00:00:01  -  Run Remote Usage
		Usr 0 00:00:00, Sys 0 00:00:00  -  Run Local Usage
		Usr 0 00:09:02, Sys 0 00:00:01  -  Total Remote Usage
		Usr 0 00:00:00, Sys 0 00:00:00  -  Total Local Usage
	38181  -  Run Bytes Sent By Job
	1231206  -  Run Bytes Received By Job
	38181  -  Total Bytes Sent By Job
	1231206  -  Total Bytes Received By Job
	Partitionable Resources :    Usage  Request Allocated 
	   Cpus                 :     0.99        1         1 
	   Disk (KB)            :  1262        1250      5707 
	   GPUs                 :                           0 
	   Memory (MB)          :   101        1024      1100 
	   TimeExecute (s)      :   553                       
	   TimeSlotBusy (s)     :   560                       

	Job terminated of its own accord at 2026-06-12T14:43:18Z with exit-code 139.
...
