000 (196930.203.000) 2026-06-12 22:48:49 Job submitted from host: <155.230.23.73:9618?addrs=155.230.23.73-9618+[2407-c000-c024-0-20c-29ff-fe93-3763]-9618&alias=cms03.knu.ac.kr&noUDP&sock=schedd_1478_5d11>
...
040 (196930.203.000) 2026-06-12 23:34:05 Started transferring input files
	Transferring to host: <155.230.21.112:9618?addrs=155.230.21.112-9618+[2407-c000-c025--21-112]-9618&alias=cluster312.knu.ac.kr&noUDP&sock=slot1_21_1724_76bf_2159>
...
040 (196930.203.000) 2026-06-12 23:34:05 Finished transferring input files
...
001 (196930.203.000) 2026-06-12 23:34:07 Job executing on host: <155.230.21.112:9618?addrs=155.230.21.112-9618+[2407-c000-c025--21-112]-9618&alias=cluster312.knu.ac.kr&noUDP&sock=startd_1671_bed8>
	SlotName: slot1_21@cluster312.knu.ac.kr
	CondorScratchDir = "/home/condor/dir_3134208"
	Cpus = 1
	Disk = 3855
	GPUs = 0
	Memory = 1100
...
006 (196930.203.000) 2026-06-12 23:34:20 Image size of job updated: 99448
	98  -  MemoryUsage of job (MB)
	99448  -  ResidentSetSize of job (KB)
...
006 (196930.203.000) 2026-06-12 23:39:20 Image size of job updated: 102416
	101  -  MemoryUsage of job (MB)
	102416  -  ResidentSetSize of job (KB)
...
006 (196930.203.000) 2026-06-12 23:44:20 Image size of job updated: 102772
	101  -  MemoryUsage of job (MB)
	102772  -  ResidentSetSize of job (KB)
...
006 (196930.203.000) 2026-06-12 23:49:21 Image size of job updated: 102932
	101  -  MemoryUsage of job (MB)
	102932  -  ResidentSetSize of job (KB)
...
006 (196930.203.000) 2026-06-12 23:50:46 Image size of job updated: 102956
	101  -  MemoryUsage of job (MB)
	102932  -  ResidentSetSize of job (KB)
...
040 (196930.203.000) 2026-06-12 23:50:46 Started transferring output files
...
040 (196930.203.000) 2026-06-12 23:50:46 Finished transferring output files
...
005 (196930.203.000) 2026-06-12 23:50:46 Job terminated.
	(1) Normal termination (return value 139)
		Usr 0 00:16:35, Sys 0 00:00:01  -  Run Remote Usage
		Usr 0 00:00:00, Sys 0 00:00:00  -  Run Local Usage
		Usr 0 00:16:35, Sys 0 00:00:01  -  Total Remote Usage
		Usr 0 00:00:00, Sys 0 00:00:00  -  Total Local Usage
	38181  -  Run Bytes Sent By Job
	1231206  -  Run Bytes Received By Job
	38181  -  Total Bytes Sent By Job
	1231206  -  Total Bytes Received By Job
	Partitionable Resources :    Usage  Request Allocated 
	   Cpus                 :     1.00        1         1 
	   Disk (KB)            :  1262        1250      3855 
	   GPUs                 :                           0 
	   Memory (MB)          :   101        1024      1100 
	   TimeExecute (s)      :   999                       
	   TimeSlotBusy (s)     :  1001                       

	Job terminated of its own accord at 2026-06-12T14:50:46Z with exit-code 139.
...
