000 (196930.205.000) 2026-06-12 22:48:49 Job submitted from host: <155.230.23.73:9618?addrs=155.230.23.73-9618+[2407-c000-c024-0-20c-29ff-fe93-3763]-9618&alias=cms03.knu.ac.kr&noUDP&sock=schedd_1478_5d11>
...
040 (196930.205.000) 2026-06-12 23:34:06 Started transferring input files
	Transferring to host: <155.230.21.112:9618?addrs=155.230.21.112-9618+[2407-c000-c025--21-112]-9618&alias=cluster312.knu.ac.kr&noUDP&sock=slot1_28_1724_76bf_2161>
...
040 (196930.205.000) 2026-06-12 23:34:06 Finished transferring input files
...
001 (196930.205.000) 2026-06-12 23:34:07 Job executing on host: <155.230.21.112:9618?addrs=155.230.21.112-9618+[2407-c000-c025--21-112]-9618&alias=cluster312.knu.ac.kr&noUDP&sock=startd_1671_bed8>
	SlotName: slot1_28@cluster312.knu.ac.kr
	CondorScratchDir = "/home/condor/dir_3134211"
	Cpus = 1
	Disk = 3855
	GPUs = 0
	Memory = 1100
...
006 (196930.205.000) 2026-06-12 23:34:20 Image size of job updated: 99268
	97  -  MemoryUsage of job (MB)
	99268  -  ResidentSetSize of job (KB)
...
006 (196930.205.000) 2026-06-12 23:39:20 Image size of job updated: 102156
	100  -  MemoryUsage of job (MB)
	102156  -  ResidentSetSize of job (KB)
...
006 (196930.205.000) 2026-06-12 23:44:20 Image size of job updated: 102544
	101  -  MemoryUsage of job (MB)
	102544  -  ResidentSetSize of job (KB)
...
006 (196930.205.000) 2026-06-12 23:49:21 Image size of job updated: 102644
	101  -  MemoryUsage of job (MB)
	102644  -  ResidentSetSize of job (KB)
...
006 (196930.205.000) 2026-06-12 23:50:29 Image size of job updated: 253580
	101  -  MemoryUsage of job (MB)
	102644  -  ResidentSetSize of job (KB)
...
040 (196930.205.000) 2026-06-12 23:50:29 Started transferring output files
...
040 (196930.205.000) 2026-06-12 23:50:29 Finished transferring output files
...
005 (196930.205.000) 2026-06-12 23:50:29 Job terminated.
	(1) Normal termination (return value 139)
		Usr 0 00:16:18, Sys 0 00:00:01  -  Run Remote Usage
		Usr 0 00:00:00, Sys 0 00:00:00  -  Run Local Usage
		Usr 0 00:16:18, Sys 0 00:00:01  -  Total Remote Usage
		Usr 0 00:00:00, Sys 0 00:00:00  -  Total Local Usage
	38181  -  Run Bytes Sent By Job
	1231206  -  Run Bytes Received By Job
	38181  -  Total Bytes Sent By Job
	1231206  -  Total Bytes Received By Job
	Partitionable Resources :    Usage  Request Allocated 
	   Cpus                 :     1.00        1         1 
	   Disk (KB)            :  1262        1250      3855 
	   GPUs                 :                           0 
	   Memory (MB)          :   101        1024      1100 
	   TimeExecute (s)      :   982                       
	   TimeSlotBusy (s)     :   984                       

	Job terminated of its own accord at 2026-06-12T14:50:29Z with exit-code 139.
...
