000 (196930.206.000) 2026-06-12 22:48:49 Job submitted from host: <155.230.23.73:9618?addrs=155.230.23.73-9618+[2407-c000-c024-0-20c-29ff-fe93-3763]-9618&alias=cms03.knu.ac.kr&noUDP&sock=schedd_1478_5d11>
...
040 (196930.206.000) 2026-06-12 23:34:06 Started transferring input files
	Transferring to host: <155.230.21.112:9618?addrs=155.230.21.112-9618+[2407-c000-c025--21-112]-9618&alias=cluster312.knu.ac.kr&noUDP&sock=slot1_29_1724_76bf_2163>
...
040 (196930.206.000) 2026-06-12 23:34:06 Finished transferring input files
...
001 (196930.206.000) 2026-06-12 23:34:07 Job executing on host: <155.230.21.112:9618?addrs=155.230.21.112-9618+[2407-c000-c025--21-112]-9618&alias=cluster312.knu.ac.kr&noUDP&sock=startd_1671_bed8>
	SlotName: slot1_29@cluster312.knu.ac.kr
	CondorScratchDir = "/home/condor/dir_3134217"
	Cpus = 1
	Disk = 3855
	GPUs = 0
	Memory = 1100
...
006 (196930.206.000) 2026-06-12 23:34:20 Image size of job updated: 99752
	98  -  MemoryUsage of job (MB)
	99752  -  ResidentSetSize of job (KB)
...
006 (196930.206.000) 2026-06-12 23:39:20 Image size of job updated: 101592
	100  -  MemoryUsage of job (MB)
	101592  -  ResidentSetSize of job (KB)
...
006 (196930.206.000) 2026-06-12 23:44:21 Image size of job updated: 101972
	100  -  MemoryUsage of job (MB)
	101972  -  ResidentSetSize of job (KB)
...
006 (196930.206.000) 2026-06-12 23:49:22 Image size of job updated: 102396
	100  -  MemoryUsage of job (MB)
	102396  -  ResidentSetSize of job (KB)
...
006 (196930.206.000) 2026-06-12 23:50:27 Image size of job updated: 102420
	100  -  MemoryUsage of job (MB)
	102396  -  ResidentSetSize of job (KB)
...
040 (196930.206.000) 2026-06-12 23:50:27 Started transferring output files
...
040 (196930.206.000) 2026-06-12 23:50:27 Finished transferring output files
...
005 (196930.206.000) 2026-06-12 23:50:27 Job terminated.
	(1) Normal termination (return value 139)
		Usr 0 00:16:13, Sys 0 00:00:01  -  Run Remote Usage
		Usr 0 00:00:00, Sys 0 00:00:00  -  Run Local Usage
		Usr 0 00:16:13, Sys 0 00:00:01  -  Total Remote Usage
		Usr 0 00:00:00, Sys 0 00:00:00  -  Total Local Usage
	38181  -  Run Bytes Sent By Job
	1231206  -  Run Bytes Received By Job
	38181  -  Total Bytes Sent By Job
	1231206  -  Total Bytes Received By Job
	Partitionable Resources :    Usage  Request Allocated 
	   Cpus                 :     1.00        1         1 
	   Disk (KB)            :  1262        1250      3855 
	   GPUs                 :                           0 
	   Memory (MB)          :   100        1024      1100 
	   TimeExecute (s)      :   980                       
	   TimeSlotBusy (s)     :   981                       

	Job terminated of its own accord at 2026-06-12T14:50:27Z with exit-code 139.
...
