000 (196930.209.000) 2026-06-12 22:48:49 Job submitted from host: <155.230.23.73:9618?addrs=155.230.23.73-9618+[2407-c000-c024-0-20c-29ff-fe93-3763]-9618&alias=cms03.knu.ac.kr&noUDP&sock=schedd_1478_5d11>
...
040 (196930.209.000) 2026-06-12 23:34:22 Started transferring input files
	Transferring to host: <155.230.21.112:9618?addrs=155.230.21.112-9618+[2407-c000-c025--21-112]-9618&alias=cluster312.knu.ac.kr&noUDP&sock=slot1_23_1724_76bf_2164>
...
040 (196930.209.000) 2026-06-12 23:34:22 Finished transferring input files
...
001 (196930.209.000) 2026-06-12 23:34:23 Job executing on host: <155.230.21.112:9618?addrs=155.230.21.112-9618+[2407-c000-c025--21-112]-9618&alias=cluster312.knu.ac.kr&noUDP&sock=startd_1671_bed8>
	SlotName: slot1_23@cluster312.knu.ac.kr
	CondorScratchDir = "/home/condor/dir_3134865"
	Cpus = 1
	Disk = 3855
	GPUs = 0
	Memory = 1100
...
006 (196930.209.000) 2026-06-12 23:34:37 Image size of job updated: 99668
	98  -  MemoryUsage of job (MB)
	99668  -  ResidentSetSize of job (KB)
...
006 (196930.209.000) 2026-06-12 23:39:38 Image size of job updated: 102100
	100  -  MemoryUsage of job (MB)
	102100  -  ResidentSetSize of job (KB)
...
006 (196930.209.000) 2026-06-12 23:44:39 Image size of job updated: 102456
	101  -  MemoryUsage of job (MB)
	102456  -  ResidentSetSize of job (KB)
...
006 (196930.209.000) 2026-06-12 23:49:35 Image size of job updated: 284688
	101  -  MemoryUsage of job (MB)
	102456  -  ResidentSetSize of job (KB)
...
040 (196930.209.000) 2026-06-12 23:49:35 Started transferring output files
...
040 (196930.209.000) 2026-06-12 23:49:35 Finished transferring output files
...
005 (196930.209.000) 2026-06-12 23:49:36 Job terminated.
	(1) Normal termination (return value 139)
		Usr 0 00:15:06, Sys 0 00:00:01  -  Run Remote Usage
		Usr 0 00:00:00, Sys 0 00:00:00  -  Run Local Usage
		Usr 0 00:15:06, Sys 0 00:00:01  -  Total Remote Usage
		Usr 0 00:00:00, Sys 0 00:00:00  -  Total Local Usage
	38181  -  Run Bytes Sent By Job
	1231206  -  Run Bytes Received By Job
	38181  -  Total Bytes Sent By Job
	1231206  -  Total Bytes Received By Job
	Partitionable Resources :    Usage  Request Allocated 
	   Cpus                 :     0.99        1         1 
	   Disk (KB)            :  1262        1250      3855 
	   GPUs                 :                           0 
	   Memory (MB)          :   101        1024      1100 
	   TimeExecute (s)      :   912                       
	   TimeSlotBusy (s)     :   913                       

	Job terminated of its own accord at 2026-06-12T14:49:35Z with exit-code 139.
...
