000 (196930.021.000) 2026-06-12 22:48:48 Job submitted from host: <155.230.23.73:9618?addrs=155.230.23.73-9618+[2407-c000-c024-0-20c-29ff-fe93-3763]-9618&alias=cms03.knu.ac.kr&noUDP&sock=schedd_1478_5d11>
...
040 (196930.021.000) 2026-06-12 22:53:24 Started transferring input files
	Transferring to host: <155.230.21.97:9618?addrs=155.230.21.97-9618+[2407-c000-c025--21-97]-9618&alias=cluster297.knu.ac.kr&noUDP&sock=slot1_9_1112_4126_1580>
...
040 (196930.021.000) 2026-06-12 22:53:24 Finished transferring input files
...
001 (196930.021.000) 2026-06-12 22:53:25 Job executing on host: <155.230.21.97:9618?addrs=155.230.21.97-9618+[2407-c000-c025--21-97]-9618&alias=cluster297.knu.ac.kr&noUDP&sock=startd_1064_64db>
	SlotName: slot1_9@cluster297.knu.ac.kr
	CondorScratchDir = "/home/condor/dir_603950"
	Cpus = 1
	Disk = 3072
	GPUs = 0
	Memory = 1100
...
006 (196930.021.000) 2026-06-12 22:53:38 Image size of job updated: 22024
	22  -  MemoryUsage of job (MB)
	22024  -  ResidentSetSize of job (KB)
...
006 (196930.021.000) 2026-06-12 22:58:38 Image size of job updated: 101360
	99  -  MemoryUsage of job (MB)
	101360  -  ResidentSetSize of job (KB)
...
006 (196930.021.000) 2026-06-12 23:03:39 Image size of job updated: 102172
	100  -  MemoryUsage of job (MB)
	102172  -  ResidentSetSize of job (KB)
...
006 (196930.021.000) 2026-06-12 23:08:39 Image size of job updated: 102280
	100  -  MemoryUsage of job (MB)
	102280  -  ResidentSetSize of job (KB)
...
006 (196930.021.000) 2026-06-12 23:13:07 Image size of job updated: 425512
	100  -  MemoryUsage of job (MB)
	102280  -  ResidentSetSize of job (KB)
...
040 (196930.021.000) 2026-06-12 23:13:07 Started transferring output files
...
040 (196930.021.000) 2026-06-12 23:13:07 Finished transferring output files
...
005 (196930.021.000) 2026-06-12 23:13:07 Job terminated.
	(1) Normal termination (return value 139)
		Usr 0 00:18:59, Sys 0 00:00:02  -  Run Remote Usage
		Usr 0 00:00:00, Sys 0 00:00:00  -  Run Local Usage
		Usr 0 00:18:59, Sys 0 00:00:02  -  Total Remote Usage
		Usr 0 00:00:00, Sys 0 00:00:00  -  Total Local Usage
	38183  -  Run Bytes Sent By Job
	1231206  -  Run Bytes Received By Job
	38183  -  Total Bytes Sent By Job
	1231206  -  Total Bytes Received By Job
	Partitionable Resources :    Usage  Request Allocated 
	   Cpus                 :     0.99        1         1 
	   Disk (KB)            :  1262        1250      3072 
	   GPUs                 :                           0 
	   Memory (MB)          :   100        1024      1100 
	   TimeExecute (s)      :  1182                       
	   TimeSlotBusy (s)     :  1184                       

	Job terminated of its own accord at 2026-06-12T14:13:07Z with exit-code 139.
...
