000 (196930.218.000) 2026-06-12 22:48:49 Job submitted from host: <155.230.23.73:9618?addrs=155.230.23.73-9618+[2407-c000-c024-0-20c-29ff-fe93-3763]-9618&alias=cms03.knu.ac.kr&noUDP&sock=schedd_1478_5d11>
...
040 (196930.218.000) 2026-06-12 23:36:06 Started transferring input files
	Transferring to host: <155.230.21.146:9618?addrs=155.230.21.146-9618+[2407-c000-c025--21-146]-9618&alias=cluster346.knu.ac.kr&noUDP&sock=slot1_15_2315_e077_2705>
...
040 (196930.218.000) 2026-06-12 23:36:06 Finished transferring input files
...
001 (196930.218.000) 2026-06-12 23:36:07 Job executing on host: <155.230.21.146:9618?addrs=155.230.21.146-9618+[2407-c000-c025--21-146]-9618&alias=cluster346.knu.ac.kr&noUDP&sock=startd_2130_94d0>
	SlotName: slot1_15@cluster346.knu.ac.kr
	CondorScratchDir = "/home/condor/dir_2004361"
	Cpus = 1
	Disk = 3072
	GPUs = 0
	Memory = 1100
...
006 (196930.218.000) 2026-06-12 23:36:21 Image size of job updated: 99916
	98  -  MemoryUsage of job (MB)
	99916  -  ResidentSetSize of job (KB)
...
006 (196930.218.000) 2026-06-12 23:41:22 Image size of job updated: 102088
	100  -  MemoryUsage of job (MB)
	102088  -  ResidentSetSize of job (KB)
...
006 (196930.218.000) 2026-06-12 23:43:50 Image size of job updated: 141072
	100  -  MemoryUsage of job (MB)
	102088  -  ResidentSetSize of job (KB)
...
040 (196930.218.000) 2026-06-12 23:43:50 Started transferring output files
...
040 (196930.218.000) 2026-06-12 23:43:50 Finished transferring output files
...
005 (196930.218.000) 2026-06-12 23:43:50 Job terminated.
	(1) Normal termination (return value 139)
		Usr 0 00:07:36, Sys 0 00:00:01  -  Run Remote Usage
		Usr 0 00:00:00, Sys 0 00:00:00  -  Run Local Usage
		Usr 0 00:07:36, Sys 0 00:00:01  -  Total Remote Usage
		Usr 0 00:00:00, Sys 0 00:00:00  -  Total Local Usage
	38181  -  Run Bytes Sent By Job
	1231206  -  Run Bytes Received By Job
	38181  -  Total Bytes Sent By Job
	1231206  -  Total Bytes Received By Job
	Partitionable Resources :    Usage  Request Allocated 
	   Cpus                 :     0.99        1         1 
	   Disk (KB)            :  1262        1250      3072 
	   GPUs                 :                           0 
	   Memory (MB)          :   100        1024      1100 
	   TimeExecute (s)      :   463                       
	   TimeSlotBusy (s)     :   464                       

	Job terminated of its own accord at 2026-06-12T14:43:50Z with exit-code 139.
...
