000 (196930.220.000) 2026-06-12 22:48:49 Job submitted from host: <155.230.23.73:9618?addrs=155.230.23.73-9618+[2407-c000-c024-0-20c-29ff-fe93-3763]-9618&alias=cms03.knu.ac.kr&noUDP&sock=schedd_1478_5d11>
...
040 (196930.220.000) 2026-06-12 23:37:04 Started transferring input files
	Transferring to host: <155.230.21.97:9618?addrs=155.230.21.97-9618+[2407-c000-c025--21-97]-9618&alias=cluster297.knu.ac.kr&noUDP&sock=slot1_7_1112_4126_1594>
...
040 (196930.220.000) 2026-06-12 23:37:04 Finished transferring input files
...
001 (196930.220.000) 2026-06-12 23:37:06 Job executing on host: <155.230.21.97:9618?addrs=155.230.21.97-9618+[2407-c000-c025--21-97]-9618&alias=cluster297.knu.ac.kr&noUDP&sock=startd_1064_64db>
	SlotName: slot1_7@cluster297.knu.ac.kr
	CondorScratchDir = "/home/condor/dir_607703"
	Cpus = 1
	Disk = 3072
	GPUs = 0
	Memory = 1100
...
006 (196930.220.000) 2026-06-12 23:37:19 Image size of job updated: 99588
	98  -  MemoryUsage of job (MB)
	99588  -  ResidentSetSize of job (KB)
...
006 (196930.220.000) 2026-06-12 23:42:19 Image size of job updated: 101280
	99  -  MemoryUsage of job (MB)
	101280  -  ResidentSetSize of job (KB)
...
006 (196930.220.000) 2026-06-12 23:47:19 Image size of job updated: 101492
	100  -  MemoryUsage of job (MB)
	101492  -  ResidentSetSize of job (KB)
...
006 (196930.220.000) 2026-06-12 23:52:20 Image size of job updated: 102012
	100  -  MemoryUsage of job (MB)
	102012  -  ResidentSetSize of job (KB)
...
006 (196930.220.000) 2026-06-12 23:55:45 Image size of job updated: 273200
	100  -  MemoryUsage of job (MB)
	102012  -  ResidentSetSize of job (KB)
...
040 (196930.220.000) 2026-06-12 23:55:45 Started transferring output files
...
040 (196930.220.000) 2026-06-12 23:55:45 Finished transferring output files
...
005 (196930.220.000) 2026-06-12 23:55:45 Job terminated.
	(1) Normal termination (return value 139)
		Usr 0 00:18:24, Sys 0 00:00:01  -  Run Remote Usage
		Usr 0 00:00:00, Sys 0 00:00:00  -  Run Local Usage
		Usr 0 00:18:24, Sys 0 00:00:01  -  Total Remote Usage
		Usr 0 00:00:00, Sys 0 00:00:00  -  Total Local Usage
	38183  -  Run Bytes Sent By Job
	1231206  -  Run Bytes Received By Job
	38183  -  Total Bytes Sent By Job
	1231206  -  Total Bytes Received By Job
	Partitionable Resources :    Usage  Request Allocated 
	   Cpus                 :     0.99        1         1 
	   Disk (KB)            :  1262        1250      3072 
	   GPUs                 :                           0 
	   Memory (MB)          :   100        1024      1100 
	   TimeExecute (s)      :  1120                       
	   TimeSlotBusy (s)     :  1121                       

	Job terminated of its own accord at 2026-06-12T14:55:45Z with exit-code 139.
...
