000 (196930.223.000) 2026-06-12 22:48:49 Job submitted from host: <155.230.23.73:9618?addrs=155.230.23.73-9618+[2407-c000-c024-0-20c-29ff-fe93-3763]-9618&alias=cms03.knu.ac.kr&noUDP&sock=schedd_1478_5d11>
...
040 (196930.223.000) 2026-06-12 23:37:04 Started transferring input files
	Transferring to host: <155.230.21.84:9618?addrs=155.230.21.84-9618+[2407-c000-c025--21-84]-9618&alias=cluster284.knu.ac.kr&noUDP&sock=slot1_7_1320_cf2f_2219>
...
040 (196930.223.000) 2026-06-12 23:37:04 Finished transferring input files
...
001 (196930.223.000) 2026-06-12 23:37:06 Job executing on host: <155.230.21.84:9618?addrs=155.230.21.84-9618+[2407-c000-c025--21-84]-9618&alias=cluster284.knu.ac.kr&noUDP&sock=startd_1269_01c5>
	SlotName: slot1_7@cluster284.knu.ac.kr
	CondorScratchDir = "/home/condor/dir_2617067"
	Cpus = 1
	Disk = 3844
	GPUs = 0
	Memory = 1100
...
006 (196930.223.000) 2026-06-12 23:37:19 Image size of job updated: 99456
	98  -  MemoryUsage of job (MB)
	99456  -  ResidentSetSize of job (KB)
...
006 (196930.223.000) 2026-06-12 23:42:19 Image size of job updated: 101512
	100  -  MemoryUsage of job (MB)
	101512  -  ResidentSetSize of job (KB)
...
006 (196930.223.000) 2026-06-12 23:47:19 Image size of job updated: 102004
	100  -  MemoryUsage of job (MB)
	102004  -  ResidentSetSize of job (KB)
...
006 (196930.223.000) 2026-06-12 23:52:20 Image size of job updated: 102188
	100  -  MemoryUsage of job (MB)
	102188  -  ResidentSetSize of job (KB)
...
006 (196930.223.000) 2026-06-12 23:53:29 Image size of job updated: 281020
	100  -  MemoryUsage of job (MB)
	102188  -  ResidentSetSize of job (KB)
...
040 (196930.223.000) 2026-06-12 23:53:29 Started transferring output files
...
040 (196930.223.000) 2026-06-12 23:53:29 Finished transferring output files
...
005 (196930.223.000) 2026-06-12 23:53:29 Job terminated.
	(1) Normal termination (return value 139)
		Usr 0 00:16:07, Sys 0 00:00:01  -  Run Remote Usage
		Usr 0 00:00:00, Sys 0 00:00:00  -  Run Local Usage
		Usr 0 00:16:07, Sys 0 00:00:01  -  Total Remote Usage
		Usr 0 00:00:00, Sys 0 00:00:00  -  Total Local Usage
	38181  -  Run Bytes Sent By Job
	1231206  -  Run Bytes Received By Job
	38181  -  Total Bytes Sent By Job
	1231206  -  Total Bytes Received By Job
	Partitionable Resources :    Usage  Request Allocated 
	   Cpus                 :     0.99        1         1 
	   Disk (KB)            :  1262        1250      3844 
	   GPUs                 :                           0 
	   Memory (MB)          :   100        1024      1100 
	   TimeExecute (s)      :   984                       
	   TimeSlotBusy (s)     :   985                       

	Job terminated of its own accord at 2026-06-12T14:53:29Z with exit-code 139.
...
