000 (196930.224.000) 2026-06-12 22:48:49 Job submitted from host: <155.230.23.73:9618?addrs=155.230.23.73-9618+[2407-c000-c024-0-20c-29ff-fe93-3763]-9618&alias=cms03.knu.ac.kr&noUDP&sock=schedd_1478_5d11>
...
040 (196930.224.000) 2026-06-12 23:38:05 Started transferring input files
	Transferring to host: <155.230.21.97:9618?addrs=155.230.21.97-9618+[2407-c000-c025--21-97]-9618&alias=cluster297.knu.ac.kr&noUDP&sock=slot1_10_1112_4126_1595>
...
040 (196930.224.000) 2026-06-12 23:38:05 Finished transferring input files
...
001 (196930.224.000) 2026-06-12 23:38:06 Job executing on host: <155.230.21.97:9618?addrs=155.230.21.97-9618+[2407-c000-c025--21-97]-9618&alias=cluster297.knu.ac.kr&noUDP&sock=startd_1064_64db>
	SlotName: slot1_10@cluster297.knu.ac.kr
	CondorScratchDir = "/home/condor/dir_607862"
	Cpus = 1
	Disk = 3072
	GPUs = 0
	Memory = 1100
...
006 (196930.224.000) 2026-06-12 23:38:19 Image size of job updated: 99548
	98  -  MemoryUsage of job (MB)
	99548  -  ResidentSetSize of job (KB)
...
006 (196930.224.000) 2026-06-12 23:43:19 Image size of job updated: 101720
	100  -  MemoryUsage of job (MB)
	101720  -  ResidentSetSize of job (KB)
...
006 (196930.224.000) 2026-06-12 23:48:20 Image size of job updated: 101956
	100  -  MemoryUsage of job (MB)
	101956  -  ResidentSetSize of job (KB)
...
006 (196930.224.000) 2026-06-12 23:53:21 Image size of job updated: 102264
	100  -  MemoryUsage of job (MB)
	102264  -  ResidentSetSize of job (KB)
...
006 (196930.224.000) 2026-06-12 23:57:45 Image size of job updated: 303204
	100  -  MemoryUsage of job (MB)
	102264  -  ResidentSetSize of job (KB)
...
040 (196930.224.000) 2026-06-12 23:57:45 Started transferring output files
...
040 (196930.224.000) 2026-06-12 23:57:45 Finished transferring output files
...
005 (196930.224.000) 2026-06-12 23:57:45 Job terminated.
	(1) Normal termination (return value 139)
		Usr 0 00:19:22, Sys 0 00:00:01  -  Run Remote Usage
		Usr 0 00:00:00, Sys 0 00:00:00  -  Run Local Usage
		Usr 0 00:19:22, Sys 0 00:00:01  -  Total Remote Usage
		Usr 0 00:00:00, Sys 0 00:00:00  -  Total Local Usage
	38183  -  Run Bytes Sent By Job
	1231206  -  Run Bytes Received By Job
	38183  -  Total Bytes Sent By Job
	1231206  -  Total Bytes Received By Job
	Partitionable Resources :    Usage  Request Allocated 
	   Cpus                 :     0.99        1         1 
	   Disk (KB)            :  1262        1250      3072 
	   GPUs                 :                           0 
	   Memory (MB)          :   100        1024      1100 
	   TimeExecute (s)      :  1179                       
	   TimeSlotBusy (s)     :  1180                       

	Job terminated of its own accord at 2026-06-12T14:57:45Z with exit-code 139.
...
