000 (196930.225.000) 2026-06-12 22:48:49 Job submitted from host: <155.230.23.73:9618?addrs=155.230.23.73-9618+[2407-c000-c024-0-20c-29ff-fe93-3763]-9618&alias=cms03.knu.ac.kr&noUDP&sock=schedd_1478_5d11>
...
040 (196930.225.000) 2026-06-12 23:38:05 Started transferring input files
	Transferring to host: <155.230.21.108:9618?addrs=155.230.21.108-9618+[2407-c000-c025--21-108]-9618&alias=cluster308.knu.ac.kr&noUDP&sock=slot1_4_1782_5482_2365>
...
040 (196930.225.000) 2026-06-12 23:38:05 Finished transferring input files
...
001 (196930.225.000) 2026-06-12 23:38:06 Job executing on host: <155.230.21.108:9618?addrs=155.230.21.108-9618+[2407-c000-c025--21-108]-9618&alias=cluster308.knu.ac.kr&noUDP&sock=startd_1719_ab64>
	SlotName: slot1_4@cluster308.knu.ac.kr
	CondorScratchDir = "/home/condor/dir_3319878"
	Cpus = 1
	Disk = 3782
	GPUs = 0
	Memory = 1100
...
006 (196930.225.000) 2026-06-12 23:38:19 Image size of job updated: 100324
	98  -  MemoryUsage of job (MB)
	100324  -  ResidentSetSize of job (KB)
...
006 (196930.225.000) 2026-06-12 23:43:19 Image size of job updated: 101080
	99  -  MemoryUsage of job (MB)
	101080  -  ResidentSetSize of job (KB)
...
006 (196930.225.000) 2026-06-12 23:48:20 Image size of job updated: 101644
	100  -  MemoryUsage of job (MB)
	101644  -  ResidentSetSize of job (KB)
...
006 (196930.225.000) 2026-06-12 23:53:21 Image size of job updated: 102180
	100  -  MemoryUsage of job (MB)
	102180  -  ResidentSetSize of job (KB)
...
006 (196930.225.000) 2026-06-12 23:53:59 Image size of job updated: 185948
	100  -  MemoryUsage of job (MB)
	102180  -  ResidentSetSize of job (KB)
...
040 (196930.225.000) 2026-06-12 23:53:59 Started transferring output files
...
040 (196930.225.000) 2026-06-12 23:53:59 Finished transferring output files
...
005 (196930.225.000) 2026-06-12 23:53:59 Job terminated.
	(1) Normal termination (return value 139)
		Usr 0 00:15:40, Sys 0 00:00:01  -  Run Remote Usage
		Usr 0 00:00:00, Sys 0 00:00:00  -  Run Local Usage
		Usr 0 00:15:40, Sys 0 00:00:01  -  Total Remote Usage
		Usr 0 00:00:00, Sys 0 00:00:00  -  Total Local Usage
	38181  -  Run Bytes Sent By Job
	1231206  -  Run Bytes Received By Job
	38181  -  Total Bytes Sent By Job
	1231206  -  Total Bytes Received By Job
	Partitionable Resources :    Usage  Request Allocated 
	   Cpus                 :     0.98        1         1 
	   Disk (KB)            :  1262        1250      3782 
	   GPUs                 :                           0 
	   Memory (MB)          :   100        1024      1100 
	   TimeExecute (s)      :   953                       
	   TimeSlotBusy (s)     :   954                       

	Job terminated of its own accord at 2026-06-12T14:53:59Z with exit-code 139.
...
