000 (196930.226.000) 2026-06-12 22:48:49 Job submitted from host: <155.230.23.73:9618?addrs=155.230.23.73-9618+[2407-c000-c024-0-20c-29ff-fe93-3763]-9618&alias=cms03.knu.ac.kr&noUDP&sock=schedd_1478_5d11>
...
040 (196930.226.000) 2026-06-12 23:38:05 Started transferring input files
	Transferring to host: <155.230.21.90:9618?addrs=155.230.21.90-9618+[2407-c000-c025--21-90]-9618&alias=cluster290.knu.ac.kr&noUDP&sock=slot1_3_1349_3e10_1906>
...
040 (196930.226.000) 2026-06-12 23:38:05 Finished transferring input files
...
001 (196930.226.000) 2026-06-12 23:38:06 Job executing on host: <155.230.21.90:9618?addrs=155.230.21.90-9618+[2407-c000-c025--21-90]-9618&alias=cluster290.knu.ac.kr&noUDP&sock=startd_1294_27a3>
	SlotName: slot1_3@cluster290.knu.ac.kr
	CondorScratchDir = "/home/condor/dir_2302528"
	Cpus = 1
	Disk = 3859
	GPUs = 0
	Memory = 1100
...
006 (196930.226.000) 2026-06-12 23:38:19 Image size of job updated: 99492
	98  -  MemoryUsage of job (MB)
	99492  -  ResidentSetSize of job (KB)
...
006 (196930.226.000) 2026-06-12 23:43:19 Image size of job updated: 103160
	101  -  MemoryUsage of job (MB)
	103160  -  ResidentSetSize of job (KB)
...
006 (196930.226.000) 2026-06-12 23:48:20 Image size of job updated: 103544
	102  -  MemoryUsage of job (MB)
	103544  -  ResidentSetSize of job (KB)
...
006 (196930.226.000) 2026-06-12 23:53:21 Image size of job updated: 104092
	102  -  MemoryUsage of job (MB)
	104092  -  ResidentSetSize of job (KB)
...
006 (196930.226.000) 2026-06-12 23:53:55 Image size of job updated: 234608
	102  -  MemoryUsage of job (MB)
	104092  -  ResidentSetSize of job (KB)
...
040 (196930.226.000) 2026-06-12 23:53:55 Started transferring output files
...
040 (196930.226.000) 2026-06-12 23:53:55 Finished transferring output files
...
005 (196930.226.000) 2026-06-12 23:53:55 Job terminated.
	(1) Normal termination (return value 139)
		Usr 0 00:15:33, Sys 0 00:00:01  -  Run Remote Usage
		Usr 0 00:00:00, Sys 0 00:00:00  -  Run Local Usage
		Usr 0 00:15:33, Sys 0 00:00:01  -  Total Remote Usage
		Usr 0 00:00:00, Sys 0 00:00:00  -  Total Local Usage
	38181  -  Run Bytes Sent By Job
	1231206  -  Run Bytes Received By Job
	38181  -  Total Bytes Sent By Job
	1231206  -  Total Bytes Received By Job
	Partitionable Resources :    Usage  Request Allocated 
	   Cpus                 :     0.99        1         1 
	   Disk (KB)            :  1262        1250      3859 
	   GPUs                 :                           0 
	   Memory (MB)          :   102        1024      1100 
	   TimeExecute (s)      :   949                       
	   TimeSlotBusy (s)     :   950                       

	Job terminated of its own accord at 2026-06-12T14:53:55Z with exit-code 139.
...
