000 (196930.228.000) 2026-06-12 22:48:49 Job submitted from host: <155.230.23.73:9618?addrs=155.230.23.73-9618+[2407-c000-c024-0-20c-29ff-fe93-3763]-9618&alias=cms03.knu.ac.kr&noUDP&sock=schedd_1478_5d11>
...
040 (196930.228.000) 2026-06-12 23:38:05 Started transferring input files
	Transferring to host: <155.230.21.119:9618?addrs=155.230.21.119-9618+[2407-c000-c025--21-119]-9618&alias=cluster319.knu.ac.kr&noUDP&sock=slot1_22_1780_ebc1_1996>
...
040 (196930.228.000) 2026-06-12 23:38:05 Finished transferring input files
...
001 (196930.228.000) 2026-06-12 23:38:06 Job executing on host: <155.230.21.119:9618?addrs=155.230.21.119-9618+[2407-c000-c025--21-119]-9618&alias=cluster319.knu.ac.kr&noUDP&sock=startd_1714_3d6a>
	SlotName: slot1_22@cluster319.knu.ac.kr
	CondorScratchDir = "/home/condor/dir_1344545"
	Cpus = 1
	Disk = 3072
	GPUs = 0
	Memory = 1100
...
006 (196930.228.000) 2026-06-12 23:38:19 Image size of job updated: 99612
	98  -  MemoryUsage of job (MB)
	99612  -  ResidentSetSize of job (KB)
...
006 (196930.228.000) 2026-06-12 23:43:19 Image size of job updated: 101328
	99  -  MemoryUsage of job (MB)
	101328  -  ResidentSetSize of job (KB)
...
006 (196930.228.000) 2026-06-12 23:48:20 Image size of job updated: 101796
	100  -  MemoryUsage of job (MB)
	101796  -  ResidentSetSize of job (KB)
...
006 (196930.228.000) 2026-06-12 23:53:21 Image size of job updated: 101916
	100  -  MemoryUsage of job (MB)
	101916  -  ResidentSetSize of job (KB)
...
006 (196930.228.000) 2026-06-12 23:56:47 Image size of job updated: 428960
	100  -  MemoryUsage of job (MB)
	101916  -  ResidentSetSize of job (KB)
...
040 (196930.228.000) 2026-06-12 23:56:48 Started transferring output files
...
040 (196930.228.000) 2026-06-12 23:56:48 Finished transferring output files
...
005 (196930.228.000) 2026-06-12 23:56:49 Job terminated.
	(1) Normal termination (return value 139)
		Usr 0 00:18:27, Sys 0 00:00:01  -  Run Remote Usage
		Usr 0 00:00:00, Sys 0 00:00:00  -  Run Local Usage
		Usr 0 00:18:27, Sys 0 00:00:01  -  Total Remote Usage
		Usr 0 00:00:00, Sys 0 00:00:00  -  Total Local Usage
	38183  -  Run Bytes Sent By Job
	1231206  -  Run Bytes Received By Job
	38183  -  Total Bytes Sent By Job
	1231206  -  Total Bytes Received By Job
	Partitionable Resources :    Usage  Request Allocated 
	   Cpus                 :     0.99        1         1 
	   Disk (KB)            :  1262        1250      3072 
	   GPUs                 :                           0 
	   Memory (MB)          :   100        1024      1100 
	   TimeExecute (s)      :  1121                       
	   TimeSlotBusy (s)     :  1123                       

	Job terminated of its own accord at 2026-06-12T14:56:47Z with exit-code 139.
...
