000 (196930.229.000) 2026-06-12 22:48:49 Job submitted from host: <155.230.23.73:9618?addrs=155.230.23.73-9618+[2407-c000-c024-0-20c-29ff-fe93-3763]-9618&alias=cms03.knu.ac.kr&noUDP&sock=schedd_1478_5d11>
...
040 (196930.229.000) 2026-06-12 23:38:24 Started transferring input files
	Transferring to host: <155.230.21.97:9618?addrs=155.230.21.97-9618+[2407-c000-c025--21-97]-9618&alias=cluster297.knu.ac.kr&noUDP&sock=slot1_9_1112_4126_1596>
...
040 (196930.229.000) 2026-06-12 23:38:24 Finished transferring input files
...
001 (196930.229.000) 2026-06-12 23:38:25 Job executing on host: <155.230.21.97:9618?addrs=155.230.21.97-9618+[2407-c000-c025--21-97]-9618&alias=cluster297.knu.ac.kr&noUDP&sock=startd_1064_64db>
	SlotName: slot1_9@cluster297.knu.ac.kr
	CondorScratchDir = "/home/condor/dir_608021"
	Cpus = 1
	Disk = 3072
	GPUs = 0
	Memory = 1100
...
006 (196930.229.000) 2026-06-12 23:38:39 Image size of job updated: 100316
	98  -  MemoryUsage of job (MB)
	100316  -  ResidentSetSize of job (KB)
...
006 (196930.229.000) 2026-06-12 23:43:40 Image size of job updated: 101400
	100  -  MemoryUsage of job (MB)
	101400  -  ResidentSetSize of job (KB)
...
006 (196930.229.000) 2026-06-12 23:48:40 Image size of job updated: 101892
	100  -  MemoryUsage of job (MB)
	101892  -  ResidentSetSize of job (KB)
...
006 (196930.229.000) 2026-06-12 23:53:40 Image size of job updated: 102024
	100  -  MemoryUsage of job (MB)
	102024  -  ResidentSetSize of job (KB)
...
006 (196930.229.000) 2026-06-12 23:58:41 Image size of job updated: 103104
	101  -  MemoryUsage of job (MB)
	103104  -  ResidentSetSize of job (KB)
...
006 (196930.229.000) 2026-06-12 23:59:09 Image size of job updated: 320048
	101  -  MemoryUsage of job (MB)
	103104  -  ResidentSetSize of job (KB)
...
040 (196930.229.000) 2026-06-12 23:59:09 Started transferring output files
...
040 (196930.229.000) 2026-06-12 23:59:09 Finished transferring output files
...
005 (196930.229.000) 2026-06-12 23:59:09 Job terminated.
	(1) Normal termination (return value 139)
		Usr 0 00:20:27, Sys 0 00:00:01  -  Run Remote Usage
		Usr 0 00:00:00, Sys 0 00:00:00  -  Run Local Usage
		Usr 0 00:20:27, Sys 0 00:00:01  -  Total Remote Usage
		Usr 0 00:00:00, Sys 0 00:00:00  -  Total Local Usage
	38183  -  Run Bytes Sent By Job
	1231206  -  Run Bytes Received By Job
	38183  -  Total Bytes Sent By Job
	1231206  -  Total Bytes Received By Job
	Partitionable Resources :    Usage  Request Allocated 
	   Cpus                 :     0.99        1         1 
	   Disk (KB)            :  1262        1250      3072 
	   GPUs                 :                           0 
	   Memory (MB)          :   101        1024      1100 
	   TimeExecute (s)      :  1244                       
	   TimeSlotBusy (s)     :  1245                       

	Job terminated of its own accord at 2026-06-12T14:59:09Z with exit-code 139.
...
