000 (196930.023.000) 2026-06-12 22:48:48 Job submitted from host: <155.230.23.73:9618?addrs=155.230.23.73-9618+[2407-c000-c024-0-20c-29ff-fe93-3763]-9618&alias=cms03.knu.ac.kr&noUDP&sock=schedd_1478_5d11>
...
040 (196930.023.000) 2026-06-12 22:55:21 Started transferring input files
	Transferring to host: <155.230.21.38:9618?addrs=155.230.21.38-9618+[2407-c000-c025--21-38]-9618&alias=cluster238.knu.ac.kr&noUDP&sock=slot1_8_1104_9e26_1759>
...
040 (196930.023.000) 2026-06-12 22:55:21 Finished transferring input files
...
001 (196930.023.000) 2026-06-12 22:55:23 Job executing on host: <155.230.21.38:9618?addrs=155.230.21.38-9618+[2407-c000-c025--21-38]-9618&alias=cluster238.knu.ac.kr&noUDP&sock=startd_1047_bbbf>
	SlotName: slot1_8@cluster238.knu.ac.kr
	CondorScratchDir = "/home/condor/dir_1149800"
	Cpus = 1
	Disk = 3855
	GPUs = 0
	Memory = 1100
...
006 (196930.023.000) 2026-06-12 22:55:36 Image size of job updated: 99072
	97  -  MemoryUsage of job (MB)
	99072  -  ResidentSetSize of job (KB)
...
006 (196930.023.000) 2026-06-12 23:00:36 Image size of job updated: 101464
	100  -  MemoryUsage of job (MB)
	101464  -  ResidentSetSize of job (KB)
...
006 (196930.023.000) 2026-06-12 23:05:36 Image size of job updated: 102024
	100  -  MemoryUsage of job (MB)
	102024  -  ResidentSetSize of job (KB)
...
006 (196930.023.000) 2026-06-12 23:10:37 Image size of job updated: 102592
	101  -  MemoryUsage of job (MB)
	102592  -  ResidentSetSize of job (KB)
...
006 (196930.023.000) 2026-06-12 23:11:25 Image size of job updated: 300644
	101  -  MemoryUsage of job (MB)
	102592  -  ResidentSetSize of job (KB)
...
040 (196930.023.000) 2026-06-12 23:11:25 Started transferring output files
...
040 (196930.023.000) 2026-06-12 23:11:25 Finished transferring output files
...
005 (196930.023.000) 2026-06-12 23:11:25 Job terminated.
	(1) Normal termination (return value 139)
		Usr 0 00:15:49, Sys 0 00:00:01  -  Run Remote Usage
		Usr 0 00:00:00, Sys 0 00:00:00  -  Run Local Usage
		Usr 0 00:15:49, Sys 0 00:00:01  -  Total Remote Usage
		Usr 0 00:00:00, Sys 0 00:00:00  -  Total Local Usage
	38181  -  Run Bytes Sent By Job
	1231206  -  Run Bytes Received By Job
	38181  -  Total Bytes Sent By Job
	1231206  -  Total Bytes Received By Job
	Partitionable Resources :    Usage  Request Allocated 
	   Cpus                 :     0.99        1         1 
	   Disk (KB)            :  1262        1250      3855 
	   GPUs                 :                           0 
	   Memory (MB)          :   101        1024      1100 
	   TimeExecute (s)      :   963                       
	   TimeSlotBusy (s)     :   964                       

	Job terminated of its own accord at 2026-06-12T14:11:25Z with exit-code 139.
...
