000 (196930.239.000) 2026-06-12 22:48:49 Job submitted from host: <155.230.23.73:9618?addrs=155.230.23.73-9618+[2407-c000-c024-0-20c-29ff-fe93-3763]-9618&alias=cms03.knu.ac.kr&noUDP&sock=schedd_1478_5d11>
...
040 (196930.239.000) 2026-06-12 23:40:02 Started transferring input files
	Transferring to host: <155.230.21.118:9618?addrs=155.230.21.118-9618+[2407-c000-c025--21-118]-9618&alias=cluster318.knu.ac.kr&noUDP&sock=slot1_15_1766_0e81_2611>
...
040 (196930.239.000) 2026-06-12 23:40:02 Finished transferring input files
...
001 (196930.239.000) 2026-06-12 23:40:04 Job executing on host: <155.230.21.118:9618?addrs=155.230.21.118-9618+[2407-c000-c025--21-118]-9618&alias=cluster318.knu.ac.kr&noUDP&sock=startd_1729_8756>
	SlotName: slot1_15@cluster318.knu.ac.kr
	CondorScratchDir = "/home/condor/dir_2056117"
	Cpus = 1
	Disk = 3828
	GPUs = 0
	Memory = 1100
...
006 (196930.239.000) 2026-06-12 23:40:18 Image size of job updated: 100156
	98  -  MemoryUsage of job (MB)
	100156  -  ResidentSetSize of job (KB)
...
006 (196930.239.000) 2026-06-12 23:45:19 Image size of job updated: 101908
	100  -  MemoryUsage of job (MB)
	101908  -  ResidentSetSize of job (KB)
...
006 (196930.239.000) 2026-06-12 23:50:19 Image size of job updated: 102384
	100  -  MemoryUsage of job (MB)
	102384  -  ResidentSetSize of job (KB)
...
006 (196930.239.000) 2026-06-12 23:55:19 Image size of job updated: 102508
	101  -  MemoryUsage of job (MB)
	102508  -  ResidentSetSize of job (KB)
...
006 (196930.239.000) 2026-06-12 23:59:36 Image size of job updated: 428176
	101  -  MemoryUsage of job (MB)
	102508  -  ResidentSetSize of job (KB)
...
040 (196930.239.000) 2026-06-12 23:59:36 Started transferring output files
...
040 (196930.239.000) 2026-06-12 23:59:36 Finished transferring output files
...
005 (196930.239.000) 2026-06-12 23:59:36 Job terminated.
	(1) Normal termination (return value 139)
		Usr 0 00:19:18, Sys 0 00:00:01  -  Run Remote Usage
		Usr 0 00:00:00, Sys 0 00:00:00  -  Run Local Usage
		Usr 0 00:19:18, Sys 0 00:00:01  -  Total Remote Usage
		Usr 0 00:00:00, Sys 0 00:00:00  -  Total Local Usage
	38183  -  Run Bytes Sent By Job
	1231206  -  Run Bytes Received By Job
	38183  -  Total Bytes Sent By Job
	1231206  -  Total Bytes Received By Job
	Partitionable Resources :    Usage  Request Allocated 
	   Cpus                 :     0.99        1         1 
	   Disk (KB)            :  1262        1250      3828 
	   GPUs                 :                           0 
	   Memory (MB)          :   101        1024      1100 
	   TimeExecute (s)      :  1173                       
	   TimeSlotBusy (s)     :  1174                       

	Job terminated of its own accord at 2026-06-12T14:59:36Z with exit-code 139.
...
