000 (196930.242.000) 2026-06-12 22:48:49 Job submitted from host: <155.230.23.73:9618?addrs=155.230.23.73-9618+[2407-c000-c024-0-20c-29ff-fe93-3763]-9618&alias=cms03.knu.ac.kr&noUDP&sock=schedd_1478_5d11>
...
040 (196930.242.000) 2026-06-12 23:40:23 Started transferring input files
	Transferring to host: <155.230.21.119:9618?addrs=155.230.21.119-9618+[2407-c000-c025--21-119]-9618&alias=cluster319.knu.ac.kr&noUDP&sock=slot1_25_1780_ebc1_1999>
...
040 (196930.242.000) 2026-06-12 23:40:23 Finished transferring input files
...
001 (196930.242.000) 2026-06-12 23:40:24 Job executing on host: <155.230.21.119:9618?addrs=155.230.21.119-9618+[2407-c000-c025--21-119]-9618&alias=cluster319.knu.ac.kr&noUDP&sock=startd_1714_3d6a>
	SlotName: slot1_25@cluster319.knu.ac.kr
	CondorScratchDir = "/home/condor/dir_1344908"
	Cpus = 1
	Disk = 3072
	GPUs = 0
	Memory = 1100
...
006 (196930.242.000) 2026-06-12 23:40:38 Image size of job updated: 99704
	98  -  MemoryUsage of job (MB)
	99704  -  ResidentSetSize of job (KB)
...
006 (196930.242.000) 2026-06-12 23:45:39 Image size of job updated: 102240
	100  -  MemoryUsage of job (MB)
	102240  -  ResidentSetSize of job (KB)
...
006 (196930.242.000) 2026-06-12 23:50:40 Image size of job updated: 102588
	101  -  MemoryUsage of job (MB)
	102588  -  ResidentSetSize of job (KB)
...
006 (196930.242.000) 2026-06-12 23:55:40 Image size of job updated: 102712
	101  -  MemoryUsage of job (MB)
	102712  -  ResidentSetSize of job (KB)
...
006 (196930.242.000) 2026-06-12 23:58:33 Image size of job updated: 147988
	101  -  MemoryUsage of job (MB)
	102712  -  ResidentSetSize of job (KB)
...
040 (196930.242.000) 2026-06-12 23:58:33 Started transferring output files
...
040 (196930.242.000) 2026-06-12 23:58:33 Finished transferring output files
...
005 (196930.242.000) 2026-06-12 23:58:33 Job terminated.
	(1) Normal termination (return value 139)
		Usr 0 00:17:55, Sys 0 00:00:01  -  Run Remote Usage
		Usr 0 00:00:00, Sys 0 00:00:00  -  Run Local Usage
		Usr 0 00:17:55, Sys 0 00:00:01  -  Total Remote Usage
		Usr 0 00:00:00, Sys 0 00:00:00  -  Total Local Usage
	38183  -  Run Bytes Sent By Job
	1231206  -  Run Bytes Received By Job
	38183  -  Total Bytes Sent By Job
	1231206  -  Total Bytes Received By Job
	Partitionable Resources :    Usage  Request Allocated 
	   Cpus                 :     0.99        1         1 
	   Disk (KB)            :  1262        1250      3072 
	   GPUs                 :                           0 
	   Memory (MB)          :   101        1024      1100 
	   TimeExecute (s)      :  1089                       
	   TimeSlotBusy (s)     :  1090                       

	Job terminated of its own accord at 2026-06-12T14:58:33Z with exit-code 139.
...
