000 (196930.025.000) 2026-06-12 22:48:48 Job submitted from host: <155.230.23.73:9618?addrs=155.230.23.73-9618+[2407-c000-c024-0-20c-29ff-fe93-3763]-9618&alias=cms03.knu.ac.kr&noUDP&sock=schedd_1478_5d11>
...
040 (196930.025.000) 2026-06-12 22:58:21 Started transferring input files
	Transferring to host: <155.230.21.146:9618?addrs=155.230.21.146-9618+[2407-c000-c025--21-146]-9618&alias=cluster346.knu.ac.kr&noUDP&sock=slot1_7_2315_e077_2689>
...
040 (196930.025.000) 2026-06-12 22:58:21 Finished transferring input files
...
001 (196930.025.000) 2026-06-12 22:58:22 Job executing on host: <155.230.21.146:9618?addrs=155.230.21.146-9618+[2407-c000-c025--21-146]-9618&alias=cluster346.knu.ac.kr&noUDP&sock=startd_2130_94d0>
	SlotName: slot1_7@cluster346.knu.ac.kr
	CondorScratchDir = "/home/condor/dir_1993309"
	Cpus = 1
	Disk = 3072
	GPUs = 0
	Memory = 1100
...
006 (196930.025.000) 2026-06-12 22:58:36 Image size of job updated: 81628
	80  -  MemoryUsage of job (MB)
	81628  -  ResidentSetSize of job (KB)
...
006 (196930.025.000) 2026-06-12 23:03:37 Image size of job updated: 102044
	100  -  MemoryUsage of job (MB)
	102044  -  ResidentSetSize of job (KB)
...
006 (196930.025.000) 2026-06-12 23:07:03 Image size of job updated: 333864
	100  -  MemoryUsage of job (MB)
	102044  -  ResidentSetSize of job (KB)
...
040 (196930.025.000) 2026-06-12 23:07:03 Started transferring output files
...
040 (196930.025.000) 2026-06-12 23:07:03 Finished transferring output files
...
005 (196930.025.000) 2026-06-12 23:07:04 Job terminated.
	(1) Normal termination (return value 139)
		Usr 0 00:08:27, Sys 0 00:00:01  -  Run Remote Usage
		Usr 0 00:00:00, Sys 0 00:00:00  -  Run Local Usage
		Usr 0 00:08:27, Sys 0 00:00:01  -  Total Remote Usage
		Usr 0 00:00:00, Sys 0 00:00:00  -  Total Local Usage
	38181  -  Run Bytes Sent By Job
	1231206  -  Run Bytes Received By Job
	38181  -  Total Bytes Sent By Job
	1231206  -  Total Bytes Received By Job
	Partitionable Resources :    Usage  Request Allocated 
	   Cpus                 :     1.00        1         1 
	   Disk (KB)            :  1262        1250      3072 
	   GPUs                 :                           0 
	   Memory (MB)          :   100        1024      1100 
	   TimeExecute (s)      :   521                       
	   TimeSlotBusy (s)     :   522                       

	Job terminated of its own accord at 2026-06-12T14:07:03Z with exit-code 139.
...
