000 (196930.250.000) 2026-06-12 22:48:49 Job submitted from host: <155.230.23.73:9618?addrs=155.230.23.73-9618+[2407-c000-c024-0-20c-29ff-fe93-3763]-9618&alias=cms03.knu.ac.kr&noUDP&sock=schedd_1478_5d11>
...
040 (196930.250.000) 2026-06-12 23:40:46 Started transferring input files
	Transferring to host: <155.230.21.91:9618?addrs=155.230.21.91-9618+[2407-c000-c025--21-91]-9618&alias=cluster291.knu.ac.kr&noUDP&sock=slot1_13_1312_2c2e_2276>
...
040 (196930.250.000) 2026-06-12 23:40:46 Finished transferring input files
...
001 (196930.250.000) 2026-06-12 23:40:47 Job executing on host: <155.230.21.91:9618?addrs=155.230.21.91-9618+[2407-c000-c025--21-91]-9618&alias=cluster291.knu.ac.kr&noUDP&sock=startd_1261_8503>
	SlotName: slot1_13@cluster291.knu.ac.kr
	CondorScratchDir = "/home/condor/dir_1605935"
	Cpus = 1
	Disk = 3843
	GPUs = 0
	Memory = 1100
...
006 (196930.250.000) 2026-06-12 23:41:01 Image size of job updated: 99580
	98  -  MemoryUsage of job (MB)
	99580  -  ResidentSetSize of job (KB)
...
006 (196930.250.000) 2026-06-12 23:46:02 Image size of job updated: 102100
	100  -  MemoryUsage of job (MB)
	102100  -  ResidentSetSize of job (KB)
...
006 (196930.250.000) 2026-06-12 23:51:02 Image size of job updated: 102472
	101  -  MemoryUsage of job (MB)
	102472  -  ResidentSetSize of job (KB)
...
006 (196930.250.000) 2026-06-12 23:56:03 Image size of job updated: 102596
	101  -  MemoryUsage of job (MB)
	102596  -  ResidentSetSize of job (KB)
...
006 (196930.250.000) 2026-06-12 23:56:59 Image size of job updated: 420124
	101  -  MemoryUsage of job (MB)
	102596  -  ResidentSetSize of job (KB)
...
040 (196930.250.000) 2026-06-12 23:56:59 Started transferring output files
...
040 (196930.250.000) 2026-06-12 23:56:59 Finished transferring output files
...
005 (196930.250.000) 2026-06-12 23:56:59 Job terminated.
	(1) Normal termination (return value 139)
		Usr 0 00:15:56, Sys 0 00:00:01  -  Run Remote Usage
		Usr 0 00:00:00, Sys 0 00:00:00  -  Run Local Usage
		Usr 0 00:15:56, Sys 0 00:00:01  -  Total Remote Usage
		Usr 0 00:00:00, Sys 0 00:00:00  -  Total Local Usage
	38181  -  Run Bytes Sent By Job
	1231206  -  Run Bytes Received By Job
	38181  -  Total Bytes Sent By Job
	1231206  -  Total Bytes Received By Job
	Partitionable Resources :    Usage  Request Allocated 
	   Cpus                 :     0.99        1         1 
	   Disk (KB)            :  1261        1250      3843 
	   GPUs                 :                           0 
	   Memory (MB)          :   101        1024      1100 
	   TimeExecute (s)      :   972                       
	   TimeSlotBusy (s)     :   973                       

	Job terminated of its own accord at 2026-06-12T14:56:59Z with exit-code 139.
...
