000 (196930.253.000) 2026-06-12 22:48:49 Job submitted from host: <155.230.23.73:9618?addrs=155.230.23.73-9618+[2407-c000-c024-0-20c-29ff-fe93-3763]-9618&alias=cms03.knu.ac.kr&noUDP&sock=schedd_1478_5d11>
...
040 (196930.253.000) 2026-06-12 23:41:46 Started transferring input files
	Transferring to host: <155.230.21.118:9618?addrs=155.230.21.118-9618+[2407-c000-c025--21-118]-9618&alias=cluster318.knu.ac.kr&noUDP&sock=slot1_6_1766_0e81_2612>
...
040 (196930.253.000) 2026-06-12 23:41:46 Finished transferring input files
...
001 (196930.253.000) 2026-06-12 23:41:47 Job executing on host: <155.230.21.118:9618?addrs=155.230.21.118-9618+[2407-c000-c025--21-118]-9618&alias=cluster318.knu.ac.kr&noUDP&sock=startd_1729_8756>
	SlotName: slot1_6@cluster318.knu.ac.kr
	CondorScratchDir = "/home/condor/dir_2056309"
	Cpus = 1
	Disk = 3828
	GPUs = 0
	Memory = 1100
...
006 (196930.253.000) 2026-06-12 23:42:00 Image size of job updated: 99396
	98  -  MemoryUsage of job (MB)
	99396  -  ResidentSetSize of job (KB)
...
006 (196930.253.000) 2026-06-12 23:47:00 Image size of job updated: 100828
	99  -  MemoryUsage of job (MB)
	100828  -  ResidentSetSize of job (KB)
...
006 (196930.253.000) 2026-06-12 23:52:00 Image size of job updated: 102112
	100  -  MemoryUsage of job (MB)
	102112  -  ResidentSetSize of job (KB)
...
006 (196930.253.000) 2026-06-12 23:57:02 Image size of job updated: 102236
	100  -  MemoryUsage of job (MB)
	102236  -  ResidentSetSize of job (KB)
...
006 (196930.253.000) 2026-06-12 23:58:08 Image size of job updated: 221232
	100  -  MemoryUsage of job (MB)
	102236  -  ResidentSetSize of job (KB)
...
040 (196930.253.000) 2026-06-12 23:58:08 Started transferring output files
...
040 (196930.253.000) 2026-06-12 23:58:08 Finished transferring output files
...
005 (196930.253.000) 2026-06-12 23:58:08 Job terminated.
	(1) Normal termination (return value 139)
		Usr 0 00:16:10, Sys 0 00:00:01  -  Run Remote Usage
		Usr 0 00:00:00, Sys 0 00:00:00  -  Run Local Usage
		Usr 0 00:16:10, Sys 0 00:00:01  -  Total Remote Usage
		Usr 0 00:00:00, Sys 0 00:00:00  -  Total Local Usage
	38181  -  Run Bytes Sent By Job
	1231206  -  Run Bytes Received By Job
	38181  -  Total Bytes Sent By Job
	1231206  -  Total Bytes Received By Job
	Partitionable Resources :    Usage  Request Allocated 
	   Cpus                 :     0.99        1         1 
	   Disk (KB)            :  1262        1250      3828 
	   GPUs                 :                           0 
	   Memory (MB)          :   100        1024      1100 
	   TimeExecute (s)      :   981                       
	   TimeSlotBusy (s)     :   983                       

	Job terminated of its own accord at 2026-06-12T14:58:08Z with exit-code 139.
...
