000 (196930.257.000) 2026-06-12 22:48:49 Job submitted from host: <155.230.23.73:9618?addrs=155.230.23.73-9618+[2407-c000-c024-0-20c-29ff-fe93-3763]-9618&alias=cms03.knu.ac.kr&noUDP&sock=schedd_1478_5d11>
...
040 (196930.257.000) 2026-06-12 23:43:25 Started transferring input files
	Transferring to host: <155.230.21.118:9618?addrs=155.230.21.118-9618+[2407-c000-c025--21-118]-9618&alias=cluster318.knu.ac.kr&noUDP&sock=slot1_27_1766_0e81_2613>
...
040 (196930.257.000) 2026-06-12 23:43:25 Finished transferring input files
...
001 (196930.257.000) 2026-06-12 23:43:26 Job executing on host: <155.230.21.118:9618?addrs=155.230.21.118-9618+[2407-c000-c025--21-118]-9618&alias=cluster318.knu.ac.kr&noUDP&sock=startd_1729_8756>
	SlotName: slot1_27@cluster318.knu.ac.kr
	CondorScratchDir = "/home/condor/dir_2056579"
	Cpus = 1
	Disk = 3828
	GPUs = 0
	Memory = 1100
...
006 (196930.257.000) 2026-06-12 23:43:40 Image size of job updated: 100668
	99  -  MemoryUsage of job (MB)
	100668  -  ResidentSetSize of job (KB)
...
006 (196930.257.000) 2026-06-12 23:48:41 Image size of job updated: 101180
	99  -  MemoryUsage of job (MB)
	101180  -  ResidentSetSize of job (KB)
...
006 (196930.257.000) 2026-06-12 23:53:41 Image size of job updated: 101680
	100  -  MemoryUsage of job (MB)
	101680  -  ResidentSetSize of job (KB)
...
006 (196930.257.000) 2026-06-12 23:58:41 Image size of job updated: 101792
	100  -  MemoryUsage of job (MB)
	101792  -  ResidentSetSize of job (KB)
...
006 (196930.257.000) 2026-06-13 00:01:04 Image size of job updated: 240712
	100  -  MemoryUsage of job (MB)
	101792  -  ResidentSetSize of job (KB)
...
040 (196930.257.000) 2026-06-13 00:01:04 Started transferring output files
...
040 (196930.257.000) 2026-06-13 00:01:04 Finished transferring output files
...
005 (196930.257.000) 2026-06-13 00:01:04 Job terminated.
	(1) Normal termination (return value 139)
		Usr 0 00:17:26, Sys 0 00:00:01  -  Run Remote Usage
		Usr 0 00:00:00, Sys 0 00:00:00  -  Run Local Usage
		Usr 0 00:17:26, Sys 0 00:00:01  -  Total Remote Usage
		Usr 0 00:00:00, Sys 0 00:00:00  -  Total Local Usage
	38183  -  Run Bytes Sent By Job
	1231206  -  Run Bytes Received By Job
	38183  -  Total Bytes Sent By Job
	1231206  -  Total Bytes Received By Job
	Partitionable Resources :    Usage  Request Allocated 
	   Cpus                 :     0.99        1         1 
	   Disk (KB)            :  1262        1250      3828 
	   GPUs                 :                           0 
	   Memory (MB)          :   100        1024      1100 
	   TimeExecute (s)      :  1058                       
	   TimeSlotBusy (s)     :  1059                       

	Job terminated of its own accord at 2026-06-12T15:01:04Z with exit-code 139.
...
