000 (196930.259.000) 2026-06-12 22:48:49 Job submitted from host: <155.230.23.73:9618?addrs=155.230.23.73-9618+[2407-c000-c024-0-20c-29ff-fe93-3763]-9618&alias=cms03.knu.ac.kr&noUDP&sock=schedd_1478_5d11>
...
040 (196930.259.000) 2026-06-12 23:43:45 Started transferring input files
	Transferring to host: <155.230.21.109:9618?addrs=155.230.21.109-9618+[2407-c000-c025--21-109]-9618&alias=cluster309.knu.ac.kr&noUDP&sock=slot1_3_1776_1a41_2366>
...
040 (196930.259.000) 2026-06-12 23:43:45 Finished transferring input files
...
001 (196930.259.000) 2026-06-12 23:43:46 Job executing on host: <155.230.21.109:9618?addrs=155.230.21.109-9618+[2407-c000-c025--21-109]-9618&alias=cluster309.knu.ac.kr&noUDP&sock=startd_1699_f37f>
	SlotName: slot1_3@cluster309.knu.ac.kr
	CondorScratchDir = "/home/condor/dir_2800085"
	Cpus = 1
	Disk = 3839
	GPUs = 0
	Memory = 1100
...
006 (196930.259.000) 2026-06-12 23:44:00 Image size of job updated: 99688
	98  -  MemoryUsage of job (MB)
	99688  -  ResidentSetSize of job (KB)
...
006 (196930.259.000) 2026-06-12 23:49:01 Image size of job updated: 101596
	100  -  MemoryUsage of job (MB)
	101596  -  ResidentSetSize of job (KB)
...
006 (196930.259.000) 2026-06-12 23:54:01 Image size of job updated: 101952
	100  -  MemoryUsage of job (MB)
	101952  -  ResidentSetSize of job (KB)
...
006 (196930.259.000) 2026-06-12 23:56:51 Image size of job updated: 102068
	100  -  MemoryUsage of job (MB)
	101952  -  ResidentSetSize of job (KB)
...
040 (196930.259.000) 2026-06-12 23:56:53 Started transferring output files
...
040 (196930.259.000) 2026-06-12 23:56:53 Finished transferring output files
...
005 (196930.259.000) 2026-06-12 23:56:54 Job terminated.
	(1) Normal termination (return value 139)
		Usr 0 00:13:00, Sys 0 00:00:01  -  Run Remote Usage
		Usr 0 00:00:00, Sys 0 00:00:00  -  Run Local Usage
		Usr 0 00:13:00, Sys 0 00:00:01  -  Total Remote Usage
		Usr 0 00:00:00, Sys 0 00:00:00  -  Total Local Usage
	38181  -  Run Bytes Sent By Job
	1231206  -  Run Bytes Received By Job
	38181  -  Total Bytes Sent By Job
	1231206  -  Total Bytes Received By Job
	Partitionable Resources :    Usage  Request Allocated 
	   Cpus                 :     0.99        1         1 
	   Disk (KB)            :  1262        1250      3839 
	   GPUs                 :                           0 
	   Memory (MB)          :   100        1024      1100 
	   TimeExecute (s)      :   785                       
	   TimeSlotBusy (s)     :   788                       

	Job terminated of its own accord at 2026-06-12T14:56:51Z with exit-code 139.
...
