000 (196930.026.000) 2026-06-12 22:48:48 Job submitted from host: <155.230.23.73:9618?addrs=155.230.23.73-9618+[2407-c000-c024-0-20c-29ff-fe93-3763]-9618&alias=cms03.knu.ac.kr&noUDP&sock=schedd_1478_5d11>
...
040 (196930.026.000) 2026-06-12 22:58:22 Started transferring input files
	Transferring to host: <155.230.21.146:9618?addrs=155.230.21.146-9618+[2407-c000-c025--21-146]-9618&alias=cluster346.knu.ac.kr&noUDP&sock=slot1_15_2315_e077_2690>
...
040 (196930.026.000) 2026-06-12 22:58:22 Finished transferring input files
...
001 (196930.026.000) 2026-06-12 22:58:23 Job executing on host: <155.230.21.146:9618?addrs=155.230.21.146-9618+[2407-c000-c025--21-146]-9618&alias=cluster346.knu.ac.kr&noUDP&sock=startd_2130_94d0>
	SlotName: slot1_15@cluster346.knu.ac.kr
	CondorScratchDir = "/home/condor/dir_1993311"
	Cpus = 1
	Disk = 3072
	GPUs = 0
	Memory = 1100
...
006 (196930.026.000) 2026-06-12 22:58:37 Image size of job updated: 99040
	97  -  MemoryUsage of job (MB)
	99040  -  ResidentSetSize of job (KB)
...
006 (196930.026.000) 2026-06-12 23:03:38 Image size of job updated: 102040
	100  -  MemoryUsage of job (MB)
	102040  -  ResidentSetSize of job (KB)
...
006 (196930.026.000) 2026-06-12 23:07:09 Image size of job updated: 428976
	100  -  MemoryUsage of job (MB)
	102040  -  ResidentSetSize of job (KB)
...
040 (196930.026.000) 2026-06-12 23:07:09 Started transferring output files
...
040 (196930.026.000) 2026-06-12 23:07:09 Finished transferring output files
...
005 (196930.026.000) 2026-06-12 23:07:09 Job terminated.
	(1) Normal termination (return value 139)
		Usr 0 00:08:33, Sys 0 00:00:01  -  Run Remote Usage
		Usr 0 00:00:00, Sys 0 00:00:00  -  Run Local Usage
		Usr 0 00:08:33, Sys 0 00:00:01  -  Total Remote Usage
		Usr 0 00:00:00, Sys 0 00:00:00  -  Total Local Usage
	38181  -  Run Bytes Sent By Job
	1231206  -  Run Bytes Received By Job
	38181  -  Total Bytes Sent By Job
	1231206  -  Total Bytes Received By Job
	Partitionable Resources :    Usage  Request Allocated 
	   Cpus                 :     1.00        1         1 
	   Disk (KB)            :  1262        1250      3072 
	   GPUs                 :                           0 
	   Memory (MB)          :   100        1024      1100 
	   TimeExecute (s)      :   526                       
	   TimeSlotBusy (s)     :   527                       

	Job terminated of its own accord at 2026-06-12T14:07:09Z with exit-code 139.
...
