000 (196930.260.000) 2026-06-12 22:48:49 Job submitted from host: <155.230.23.73:9618?addrs=155.230.23.73-9618+[2407-c000-c024-0-20c-29ff-fe93-3763]-9618&alias=cms03.knu.ac.kr&noUDP&sock=schedd_1478_5d11>
...
040 (196930.260.000) 2026-06-12 23:43:46 Started transferring input files
	Transferring to host: <155.230.21.86:9618?addrs=155.230.21.86-9618+[2407-c000-c025--21-86]-9618&alias=cluster286.knu.ac.kr&noUDP&sock=slot1_1_1324_a0af_1901>
...
040 (196930.260.000) 2026-06-12 23:43:46 Finished transferring input files
...
001 (196930.260.000) 2026-06-12 23:43:47 Job executing on host: <155.230.21.86:9618?addrs=155.230.21.86-9618+[2407-c000-c025--21-86]-9618&alias=cluster286.knu.ac.kr&noUDP&sock=startd_1271_60f6>
	SlotName: slot1_1@cluster286.knu.ac.kr
	CondorScratchDir = "/home/condor/dir_2256910"
	Cpus = 1
	Disk = 3845
	GPUs = 0
	Memory = 1100
...
006 (196930.260.000) 2026-06-12 23:44:01 Image size of job updated: 99940
	98  -  MemoryUsage of job (MB)
	99940  -  ResidentSetSize of job (KB)
...
006 (196930.260.000) 2026-06-12 23:49:02 Image size of job updated: 101788
	100  -  MemoryUsage of job (MB)
	101788  -  ResidentSetSize of job (KB)
...
006 (196930.260.000) 2026-06-12 23:53:57 Image size of job updated: 399200
	100  -  MemoryUsage of job (MB)
	101788  -  ResidentSetSize of job (KB)
...
040 (196930.260.000) 2026-06-12 23:53:58 Started transferring output files
...
040 (196930.260.000) 2026-06-12 23:53:58 Finished transferring output files
...
005 (196930.260.000) 2026-06-12 23:53:58 Job terminated.
	(1) Normal termination (return value 139)
		Usr 0 00:09:55, Sys 0 00:00:01  -  Run Remote Usage
		Usr 0 00:00:00, Sys 0 00:00:00  -  Run Local Usage
		Usr 0 00:09:55, Sys 0 00:00:01  -  Total Remote Usage
		Usr 0 00:00:00, Sys 0 00:00:00  -  Total Local Usage
	38181  -  Run Bytes Sent By Job
	1231206  -  Run Bytes Received By Job
	38181  -  Total Bytes Sent By Job
	1231206  -  Total Bytes Received By Job
	Partitionable Resources :    Usage  Request Allocated 
	   Cpus                 :     1.00        1         1 
	   Disk (KB)            :  1262        1250      3845 
	   GPUs                 :                           0 
	   Memory (MB)          :   100        1024      1100 
	   TimeExecute (s)      :   610                       
	   TimeSlotBusy (s)     :   612                       

	Job terminated of its own accord at 2026-06-12T14:53:57Z with exit-code 139.
...
