000 (196930.263.000) 2026-06-12 22:48:49 Job submitted from host: <155.230.23.73:9618?addrs=155.230.23.73-9618+[2407-c000-c024-0-20c-29ff-fe93-3763]-9618&alias=cms03.knu.ac.kr&noUDP&sock=schedd_1478_5d11>
...
040 (196930.263.000) 2026-06-12 23:43:47 Started transferring input files
	Transferring to host: <155.230.21.155:9618?addrs=155.230.21.155-9618+[2407-c000-c025--21-155]-9618&alias=cluster355.knu.ac.kr&noUDP&sock=slot1_20_228260_91bb_3891>
...
040 (196930.263.000) 2026-06-12 23:43:47 Finished transferring input files
...
001 (196930.263.000) 2026-06-12 23:43:48 Job executing on host: <155.230.21.155:9618?addrs=155.230.21.155-9618+[2407-c000-c025--21-155]-9618&alias=cluster355.knu.ac.kr&noUDP&sock=startd_1882_7954>
	SlotName: slot1_20@cluster355.knu.ac.kr
	CondorScratchDir = "/home/condor/dir_3469622"
	Cpus = 1
	Disk = 5712
	GPUs = 0
	Memory = 1100
...
006 (196930.263.000) 2026-06-12 23:44:02 Image size of job updated: 100364
	99  -  MemoryUsage of job (MB)
	100364  -  ResidentSetSize of job (KB)
...
006 (196930.263.000) 2026-06-12 23:47:48 Image size of job updated: 102084
	99  -  MemoryUsage of job (MB)
	100364  -  ResidentSetSize of job (KB)
...
040 (196930.263.000) 2026-06-12 23:47:49 Started transferring output files
...
040 (196930.263.000) 2026-06-12 23:47:49 Finished transferring output files
...
005 (196930.263.000) 2026-06-12 23:47:50 Job terminated.
	(1) Normal termination (return value 139)
		Usr 0 00:03:48, Sys 0 00:00:00  -  Run Remote Usage
		Usr 0 00:00:00, Sys 0 00:00:00  -  Run Local Usage
		Usr 0 00:03:48, Sys 0 00:00:00  -  Total Remote Usage
		Usr 0 00:00:00, Sys 0 00:00:00  -  Total Local Usage
	38181  -  Run Bytes Sent By Job
	1231206  -  Run Bytes Received By Job
	38181  -  Total Bytes Sent By Job
	1231206  -  Total Bytes Received By Job
	Partitionable Resources :    Usage  Request Allocated 
	   Cpus                 :        0        1         1 
	   Disk (KB)            :     1262     1250      5712 
	   GPUs                 :                           0 
	   Memory (MB)          :       99     1024      1100 
	   TimeExecute (s)      :      240                    
	   TimeSlotBusy (s)     :      242                    

	Job terminated of its own accord at 2026-06-12T14:47:48Z with exit-code 139.
...
