000 (196930.267.000) 2026-06-12 22:48:49 Job submitted from host: <155.230.23.73:9618?addrs=155.230.23.73-9618+[2407-c000-c024-0-20c-29ff-fe93-3763]-9618&alias=cms03.knu.ac.kr&noUDP&sock=schedd_1478_5d11>
...
040 (196930.267.000) 2026-06-12 23:43:48 Started transferring input files
	Transferring to host: <155.230.21.86:9618?addrs=155.230.21.86-9618+[2407-c000-c025--21-86]-9618&alias=cluster286.knu.ac.kr&noUDP&sock=slot1_13_1324_a0af_1902>
...
040 (196930.267.000) 2026-06-12 23:43:48 Finished transferring input files
...
001 (196930.267.000) 2026-06-12 23:43:50 Job executing on host: <155.230.21.86:9618?addrs=155.230.21.86-9618+[2407-c000-c025--21-86]-9618&alias=cluster286.knu.ac.kr&noUDP&sock=startd_1271_60f6>
	SlotName: slot1_13@cluster286.knu.ac.kr
	CondorScratchDir = "/home/condor/dir_2256917"
	Cpus = 1
	Disk = 3845
	GPUs = 0
	Memory = 1100
...
006 (196930.267.000) 2026-06-12 23:44:03 Image size of job updated: 99664
	98  -  MemoryUsage of job (MB)
	99664  -  ResidentSetSize of job (KB)
...
006 (196930.267.000) 2026-06-12 23:49:03 Image size of job updated: 101288
	99  -  MemoryUsage of job (MB)
	101288  -  ResidentSetSize of job (KB)
...
006 (196930.267.000) 2026-06-12 23:54:03 Image size of job updated: 102036
	100  -  MemoryUsage of job (MB)
	102036  -  ResidentSetSize of job (KB)
...
006 (196930.267.000) 2026-06-12 23:59:04 Image size of job updated: 102596
	101  -  MemoryUsage of job (MB)
	102596  -  ResidentSetSize of job (KB)
...
006 (196930.267.000) 2026-06-13 00:00:11 Image size of job updated: 429152
	101  -  MemoryUsage of job (MB)
	102596  -  ResidentSetSize of job (KB)
...
040 (196930.267.000) 2026-06-13 00:00:11 Started transferring output files
...
040 (196930.267.000) 2026-06-13 00:00:11 Finished transferring output files
...
005 (196930.267.000) 2026-06-13 00:00:11 Job terminated.
	(1) Normal termination (return value 139)
		Usr 0 00:16:03, Sys 0 00:00:01  -  Run Remote Usage
		Usr 0 00:00:00, Sys 0 00:00:00  -  Run Local Usage
		Usr 0 00:16:03, Sys 0 00:00:01  -  Total Remote Usage
		Usr 0 00:00:00, Sys 0 00:00:00  -  Total Local Usage
	38181  -  Run Bytes Sent By Job
	1231206  -  Run Bytes Received By Job
	38181  -  Total Bytes Sent By Job
	1231206  -  Total Bytes Received By Job
	Partitionable Resources :    Usage  Request Allocated 
	   Cpus                 :     0.99        1         1 
	   Disk (KB)            :  1262        1250      3845 
	   GPUs                 :                           0 
	   Memory (MB)          :   101        1024      1100 
	   TimeExecute (s)      :   982                       
	   TimeSlotBusy (s)     :   983                       

	Job terminated of its own accord at 2026-06-12T15:00:11Z with exit-code 139.
...
