000 (196930.268.000) 2026-06-12 22:48:49 Job submitted from host: <155.230.23.73:9618?addrs=155.230.23.73-9618+[2407-c000-c024-0-20c-29ff-fe93-3763]-9618&alias=cms03.knu.ac.kr&noUDP&sock=schedd_1478_5d11>
...
040 (196930.268.000) 2026-06-12 23:43:49 Started transferring input files
	Transferring to host: <155.230.21.129:9618?addrs=155.230.21.129-9618+[2407-c000-c025--21-129]-9618&alias=cluster329.knu.ac.kr&noUDP&sock=slot1_17_1639_92dc_2333>
...
040 (196930.268.000) 2026-06-12 23:43:49 Finished transferring input files
...
001 (196930.268.000) 2026-06-12 23:43:50 Job executing on host: <155.230.21.129:9618?addrs=155.230.21.129-9618+[2407-c000-c025--21-129]-9618&alias=cluster329.knu.ac.kr&noUDP&sock=startd_1567_68fe>
	SlotName: slot1_17@cluster329.knu.ac.kr
	CondorScratchDir = "/home/condor/dir_1950260"
	Cpus = 1
	Disk = 3857
	GPUs = 0
	Memory = 1100
...
006 (196930.268.000) 2026-06-12 23:44:03 Image size of job updated: 36084
	36  -  MemoryUsage of job (MB)
	36084  -  ResidentSetSize of job (KB)
...
006 (196930.268.000) 2026-06-12 23:49:03 Image size of job updated: 102076
	100  -  MemoryUsage of job (MB)
	102076  -  ResidentSetSize of job (KB)
...
006 (196930.268.000) 2026-06-12 23:49:50 Image size of job updated: 428900
	100  -  MemoryUsage of job (MB)
	102076  -  ResidentSetSize of job (KB)
...
040 (196930.268.000) 2026-06-12 23:49:50 Started transferring output files
...
040 (196930.268.000) 2026-06-12 23:49:50 Finished transferring output files
...
005 (196930.268.000) 2026-06-12 23:49:50 Job terminated.
	(1) Normal termination (return value 139)
		Usr 0 00:05:45, Sys 0 00:00:01  -  Run Remote Usage
		Usr 0 00:00:00, Sys 0 00:00:00  -  Run Local Usage
		Usr 0 00:05:45, Sys 0 00:00:01  -  Total Remote Usage
		Usr 0 00:00:00, Sys 0 00:00:00  -  Total Local Usage
	38181  -  Run Bytes Sent By Job
	1231206  -  Run Bytes Received By Job
	38181  -  Total Bytes Sent By Job
	1231206  -  Total Bytes Received By Job
	Partitionable Resources :    Usage  Request Allocated 
	   Cpus                 :     1.00        1         1 
	   Disk (KB)            :  1261        1250      3857 
	   GPUs                 :                           0 
	   Memory (MB)          :   100        1024      1100 
	   TimeExecute (s)      :   360                       
	   TimeSlotBusy (s)     :   362                       

	Job terminated of its own accord at 2026-06-12T14:49:50Z with exit-code 139.
...
