000 (196930.270.000) 2026-06-12 22:48:49 Job submitted from host: <155.230.23.73:9618?addrs=155.230.23.73-9618+[2407-c000-c024-0-20c-29ff-fe93-3763]-9618&alias=cms03.knu.ac.kr&noUDP&sock=schedd_1478_5d11>
...
040 (196930.270.000) 2026-06-12 23:44:22 Started transferring input files
	Transferring to host: <155.230.21.80:9618?addrs=155.230.21.80-9618+[2407-c000-c025--21-80]-9618&alias=cluster280.knu.ac.kr&noUDP&sock=slot1_11_1320_cf2f_1803>
...
040 (196930.270.000) 2026-06-12 23:44:22 Finished transferring input files
...
001 (196930.270.000) 2026-06-12 23:44:24 Job executing on host: <155.230.21.80:9618?addrs=155.230.21.80-9618+[2407-c000-c025--21-80]-9618&alias=cluster280.knu.ac.kr&noUDP&sock=startd_1268_522d>
	SlotName: slot1_11@cluster280.knu.ac.kr
	CondorScratchDir = "/home/condor/dir_1178521"
	Cpus = 1
	Disk = 3868
	GPUs = 0
	Memory = 1100
...
006 (196930.270.000) 2026-06-12 23:44:37 Image size of job updated: 97692
	96  -  MemoryUsage of job (MB)
	97692  -  ResidentSetSize of job (KB)
...
006 (196930.270.000) 2026-06-12 23:49:37 Image size of job updated: 99880
	98  -  MemoryUsage of job (MB)
	99880  -  ResidentSetSize of job (KB)
...
006 (196930.270.000) 2026-06-12 23:54:37 Image size of job updated: 100260
	98  -  MemoryUsage of job (MB)
	100260  -  ResidentSetSize of job (KB)
...
006 (196930.270.000) 2026-06-12 23:56:02 Image size of job updated: 232540
	98  -  MemoryUsage of job (MB)
	100260  -  ResidentSetSize of job (KB)
...
040 (196930.270.000) 2026-06-12 23:56:02 Started transferring output files
...
040 (196930.270.000) 2026-06-12 23:56:02 Finished transferring output files
...
005 (196930.270.000) 2026-06-12 23:56:02 Job terminated.
	(1) Normal termination (return value 139)
		Usr 0 00:11:26, Sys 0 00:00:01  -  Run Remote Usage
		Usr 0 00:00:00, Sys 0 00:00:00  -  Run Local Usage
		Usr 0 00:11:26, Sys 0 00:00:01  -  Total Remote Usage
		Usr 0 00:00:00, Sys 0 00:00:00  -  Total Local Usage
	38181  -  Run Bytes Sent By Job
	1231206  -  Run Bytes Received By Job
	38181  -  Total Bytes Sent By Job
	1231206  -  Total Bytes Received By Job
	Partitionable Resources :    Usage  Request Allocated 
	   Cpus                 :     0.99        1         1 
	   Disk (KB)            :  1262        1250      3868 
	   GPUs                 :                           0 
	   Memory (MB)          :    98        1024      1100 
	   TimeExecute (s)      :   699                       
	   TimeSlotBusy (s)     :   700                       

	Job terminated of its own accord at 2026-06-12T14:56:02Z with exit-code 139.
...
