000 (196930.272.000) 2026-06-12 22:48:49 Job submitted from host: <155.230.23.73:9618?addrs=155.230.23.73-9618+[2407-c000-c024-0-20c-29ff-fe93-3763]-9618&alias=cms03.knu.ac.kr&noUDP&sock=schedd_1478_5d11>
...
040 (196930.272.000) 2026-06-12 23:44:24 Started transferring input files
	Transferring to host: <155.230.21.116:9618?addrs=155.230.21.116-9618+[2407-c000-c025--21-116]-9618&alias=cluster316.knu.ac.kr&noUDP&sock=slot1_20_1621_e41b_2893>
...
040 (196930.272.000) 2026-06-12 23:44:24 Finished transferring input files
...
001 (196930.272.000) 2026-06-12 23:44:25 Job executing on host: <155.230.21.116:9618?addrs=155.230.21.116-9618+[2407-c000-c025--21-116]-9618&alias=cluster316.knu.ac.kr&noUDP&sock=startd_1583_6282>
	SlotName: slot1_20@cluster316.knu.ac.kr
	CondorScratchDir = "/home/condor/dir_1264902"
	Cpus = 1
	Disk = 3860
	GPUs = 0
	Memory = 1100
...
006 (196930.272.000) 2026-06-12 23:44:38 Image size of job updated: 100168
	98  -  MemoryUsage of job (MB)
	100168  -  ResidentSetSize of job (KB)
...
006 (196930.272.000) 2026-06-12 23:49:38 Image size of job updated: 101616
	100  -  MemoryUsage of job (MB)
	101616  -  ResidentSetSize of job (KB)
...
006 (196930.272.000) 2026-06-12 23:54:39 Image size of job updated: 101796
	100  -  MemoryUsage of job (MB)
	101796  -  ResidentSetSize of job (KB)
...
006 (196930.272.000) 2026-06-12 23:59:40 Image size of job updated: 102128
	100  -  MemoryUsage of job (MB)
	102128  -  ResidentSetSize of job (KB)
...
006 (196930.272.000) 2026-06-13 00:04:40 Image size of job updated: 102228
	100  -  MemoryUsage of job (MB)
	102228  -  ResidentSetSize of job (KB)
...
006 (196930.272.000) 2026-06-13 00:06:54 Image size of job updated: 210752
	100  -  MemoryUsage of job (MB)
	102228  -  ResidentSetSize of job (KB)
...
040 (196930.272.000) 2026-06-13 00:06:54 Started transferring output files
...
040 (196930.272.000) 2026-06-13 00:06:54 Finished transferring output files
...
005 (196930.272.000) 2026-06-13 00:06:54 Job terminated.
	(1) Normal termination (return value 139)
		Usr 0 00:22:12, Sys 0 00:00:01  -  Run Remote Usage
		Usr 0 00:00:00, Sys 0 00:00:00  -  Run Local Usage
		Usr 0 00:22:12, Sys 0 00:00:01  -  Total Remote Usage
		Usr 0 00:00:00, Sys 0 00:00:00  -  Total Local Usage
	38183  -  Run Bytes Sent By Job
	1231206  -  Run Bytes Received By Job
	38183  -  Total Bytes Sent By Job
	1231206  -  Total Bytes Received By Job
	Partitionable Resources :    Usage  Request Allocated 
	   Cpus                 :     0.99        1         1 
	   Disk (KB)            :  1262        1250      3860 
	   GPUs                 :                           0 
	   Memory (MB)          :   100        1024      1100 
	   TimeExecute (s)      :  1349                       
	   TimeSlotBusy (s)     :  1350                       

	Job terminated of its own accord at 2026-06-12T15:06:54Z with exit-code 139.
...
