000 (196930.273.000) 2026-06-12 22:48:49 Job submitted from host: <155.230.23.73:9618?addrs=155.230.23.73-9618+[2407-c000-c024-0-20c-29ff-fe93-3763]-9618&alias=cms03.knu.ac.kr&noUDP&sock=schedd_1478_5d11>
...
040 (196930.273.000) 2026-06-12 23:44:24 Started transferring input files
	Transferring to host: <155.230.21.119:9618?addrs=155.230.21.119-9618+[2407-c000-c025--21-119]-9618&alias=cluster319.knu.ac.kr&noUDP&sock=slot1_15_1780_ebc1_2005>
...
040 (196930.273.000) 2026-06-12 23:44:24 Finished transferring input files
...
001 (196930.273.000) 2026-06-12 23:44:25 Job executing on host: <155.230.21.119:9618?addrs=155.230.21.119-9618+[2407-c000-c025--21-119]-9618&alias=cluster319.knu.ac.kr&noUDP&sock=startd_1714_3d6a>
	SlotName: slot1_15@cluster319.knu.ac.kr
	CondorScratchDir = "/home/condor/dir_1346001"
	Cpus = 1
	Disk = 3072
	GPUs = 0
	Memory = 1100
...
006 (196930.273.000) 2026-06-12 23:44:38 Image size of job updated: 99076
	97  -  MemoryUsage of job (MB)
	99076  -  ResidentSetSize of job (KB)
...
006 (196930.273.000) 2026-06-12 23:49:38 Image size of job updated: 139588
	137  -  MemoryUsage of job (MB)
	139588  -  ResidentSetSize of job (KB)
...
006 (196930.273.000) 2026-06-12 23:54:39 Image size of job updated: 139592
	137  -  MemoryUsage of job (MB)
	139592  -  ResidentSetSize of job (KB)
...
006 (196930.273.000) 2026-06-13 00:02:41 Image size of job updated: 446748
	137  -  MemoryUsage of job (MB)
	139592  -  ResidentSetSize of job (KB)
...
040 (196930.273.000) 2026-06-13 00:02:42 Started transferring output files
...
040 (196930.273.000) 2026-06-13 00:02:42 Finished transferring output files
...
005 (196930.273.000) 2026-06-13 00:02:42 Job terminated.
	(1) Normal termination (return value 139)
		Usr 0 00:18:04, Sys 0 00:00:01  -  Run Remote Usage
		Usr 0 00:00:00, Sys 0 00:00:00  -  Run Local Usage
		Usr 0 00:18:04, Sys 0 00:00:01  -  Total Remote Usage
		Usr 0 00:00:00, Sys 0 00:00:00  -  Total Local Usage
	38183  -  Run Bytes Sent By Job
	1231206  -  Run Bytes Received By Job
	38183  -  Total Bytes Sent By Job
	1231206  -  Total Bytes Received By Job
	Partitionable Resources :    Usage  Request Allocated 
	   Cpus                 :     0.99        1         1 
	   Disk (KB)            :  1262        1250      3072 
	   GPUs                 :                           0 
	   Memory (MB)          :   137        1024      1100 
	   TimeExecute (s)      :  1096                       
	   TimeSlotBusy (s)     :  1098                       

	Job terminated of its own accord at 2026-06-12T15:02:41Z with exit-code 139.
...
