000 (196930.282.000) 2026-06-12 22:48:49 Job submitted from host: <155.230.23.73:9618?addrs=155.230.23.73-9618+[2407-c000-c024-0-20c-29ff-fe93-3763]-9618&alias=cms03.knu.ac.kr&noUDP&sock=schedd_1478_5d11>
...
040 (196930.282.000) 2026-06-12 23:45:26 Started transferring input files
	Transferring to host: <155.230.21.112:9618?addrs=155.230.21.112-9618+[2407-c000-c025--21-112]-9618&alias=cluster312.knu.ac.kr&noUDP&sock=slot1_3_1724_76bf_2168>
...
040 (196930.282.000) 2026-06-12 23:45:26 Finished transferring input files
...
001 (196930.282.000) 2026-06-12 23:45:27 Job executing on host: <155.230.21.112:9618?addrs=155.230.21.112-9618+[2407-c000-c025--21-112]-9618&alias=cluster312.knu.ac.kr&noUDP&sock=startd_1671_bed8>
	SlotName: slot1_3@cluster312.knu.ac.kr
	CondorScratchDir = "/home/condor/dir_3135624"
	Cpus = 1
	Disk = 3855
	GPUs = 0
	Memory = 1100
...
006 (196930.282.000) 2026-06-12 23:45:40 Image size of job updated: 99780
	98  -  MemoryUsage of job (MB)
	99780  -  ResidentSetSize of job (KB)
...
006 (196930.282.000) 2026-06-12 23:50:40 Image size of job updated: 102064
	100  -  MemoryUsage of job (MB)
	102064  -  ResidentSetSize of job (KB)
...
006 (196930.282.000) 2026-06-12 23:55:41 Image size of job updated: 102288
	100  -  MemoryUsage of job (MB)
	102288  -  ResidentSetSize of job (KB)
...
006 (196930.282.000) 2026-06-13 00:00:42 Image size of job updated: 102608
	101  -  MemoryUsage of job (MB)
	102608  -  ResidentSetSize of job (KB)
...
006 (196930.282.000) 2026-06-13 00:03:55 Image size of job updated: 232088
	101  -  MemoryUsage of job (MB)
	102608  -  ResidentSetSize of job (KB)
...
040 (196930.282.000) 2026-06-13 00:03:55 Started transferring output files
...
040 (196930.282.000) 2026-06-13 00:03:55 Finished transferring output files
...
005 (196930.282.000) 2026-06-13 00:03:55 Job terminated.
	(1) Normal termination (return value 139)
		Usr 0 00:18:18, Sys 0 00:00:02  -  Run Remote Usage
		Usr 0 00:00:00, Sys 0 00:00:00  -  Run Local Usage
		Usr 0 00:18:18, Sys 0 00:00:02  -  Total Remote Usage
		Usr 0 00:00:00, Sys 0 00:00:00  -  Total Local Usage
	38183  -  Run Bytes Sent By Job
	1231206  -  Run Bytes Received By Job
	38183  -  Total Bytes Sent By Job
	1231206  -  Total Bytes Received By Job
	Partitionable Resources :    Usage  Request Allocated 
	   Cpus                 :     1.00        1         1 
	   Disk (KB)            :  1262        1250      3855 
	   GPUs                 :                           0 
	   Memory (MB)          :   101        1024      1100 
	   TimeExecute (s)      :  1108                       
	   TimeSlotBusy (s)     :  1110                       

	Job terminated of its own accord at 2026-06-12T15:03:55Z with exit-code 139.
...
