000 (196930.287.000) 2026-06-12 22:48:49 Job submitted from host: <155.230.23.73:9618?addrs=155.230.23.73-9618+[2407-c000-c024-0-20c-29ff-fe93-3763]-9618&alias=cms03.knu.ac.kr&noUDP&sock=schedd_1478_5d11>
...
040 (196930.287.000) 2026-06-12 23:46:07 Started transferring input files
	Transferring to host: <155.230.21.145:9618?addrs=155.230.21.145-9618+[2407-c000-c025--21-145]-9618&alias=cluster345.knu.ac.kr&noUDP&sock=slot1_29_2134_5890_2578>
...
040 (196930.287.000) 2026-06-12 23:46:07 Finished transferring input files
...
001 (196930.287.000) 2026-06-12 23:46:08 Job executing on host: <155.230.21.145:9618?addrs=155.230.21.145-9618+[2407-c000-c025--21-145]-9618&alias=cluster345.knu.ac.kr&noUDP&sock=startd_2051_64d5>
	SlotName: slot1_29@cluster345.knu.ac.kr
	CondorScratchDir = "/home/condor/dir_1912533"
	Cpus = 1
	Disk = 3854
	GPUs = 0
	Memory = 1100
...
006 (196930.287.000) 2026-06-12 23:46:22 Image size of job updated: 99576
	98  -  MemoryUsage of job (MB)
	99576  -  ResidentSetSize of job (KB)
...
006 (196930.287.000) 2026-06-12 23:51:23 Image size of job updated: 102796
	101  -  MemoryUsage of job (MB)
	102796  -  ResidentSetSize of job (KB)
...
006 (196930.287.000) 2026-06-12 23:54:10 Image size of job updated: 230452
	101  -  MemoryUsage of job (MB)
	102796  -  ResidentSetSize of job (KB)
...
040 (196930.287.000) 2026-06-12 23:54:10 Started transferring output files
...
040 (196930.287.000) 2026-06-12 23:54:10 Finished transferring output files
...
005 (196930.287.000) 2026-06-12 23:54:10 Job terminated.
	(1) Normal termination (return value 139)
		Usr 0 00:07:55, Sys 0 00:00:00  -  Run Remote Usage
		Usr 0 00:00:00, Sys 0 00:00:00  -  Run Local Usage
		Usr 0 00:07:55, Sys 0 00:00:00  -  Total Remote Usage
		Usr 0 00:00:00, Sys 0 00:00:00  -  Total Local Usage
	38181  -  Run Bytes Sent By Job
	1231206  -  Run Bytes Received By Job
	38181  -  Total Bytes Sent By Job
	1231206  -  Total Bytes Received By Job
	Partitionable Resources :    Usage  Request Allocated 
	   Cpus                 :     1.00        1         1 
	   Disk (KB)            :  1262        1250      3854 
	   GPUs                 :                           0 
	   Memory (MB)          :   101        1024      1100 
	   TimeExecute (s)      :   482                       
	   TimeSlotBusy (s)     :   483                       

	Job terminated of its own accord at 2026-06-12T14:54:10Z with exit-code 139.
...
