000 (196930.294.000) 2026-06-12 22:48:49 Job submitted from host: <155.230.23.73:9618?addrs=155.230.23.73-9618+[2407-c000-c024-0-20c-29ff-fe93-3763]-9618&alias=cms03.knu.ac.kr&noUDP&sock=schedd_1478_5d11>
...
040 (196930.294.000) 2026-06-12 23:47:25 Started transferring input files
	Transferring to host: <155.230.21.148:9618?addrs=155.230.21.148-9618+[2407-c000-c025--21-148]-9618&alias=cluster348.knu.ac.kr&noUDP&sock=slot1_5_569724_d8f9_3657>
...
040 (196930.294.000) 2026-06-12 23:47:25 Finished transferring input files
...
001 (196930.294.000) 2026-06-12 23:47:26 Job executing on host: <155.230.21.148:9618?addrs=155.230.21.148-9618+[2407-c000-c025--21-148]-9618&alias=cluster348.knu.ac.kr&noUDP&sock=startd_2594_d8c2>
	SlotName: slot1_5@cluster348.knu.ac.kr
	CondorScratchDir = "/home/condor/dir_2114411"
	Cpus = 1
	Disk = 3072
	GPUs = 0
	Memory = 1100
...
022 (196930.294.000) 2026-06-13 00:48:42 Job disconnected, attempting to reconnect
    Socket between submit and execute hosts closed unexpectedly
    Trying to reconnect to slot1_5@cluster348.knu.ac.kr <155.230.21.148:9618?addrs=155.230.21.148-9618+[2407-c000-c025--21-148]-9618&alias=cluster348.knu.ac.kr&noUDP&sock=startd_2594_d8c2>
...
024 (196930.294.000) 2026-06-13 00:48:42 Job reconnection failed
    Job disconnected too long: JobLeaseDuration (2400 seconds) expired
    Can not reconnect to slot1_5@cluster348.knu.ac.kr, rescheduling job
...
004 (196930.294.000) 2026-06-13 00:48:52 Job was evicted.
	(0) CPU times
		Usr 0 00:00:00, Sys 0 00:00:00  -  Run Remote Usage
		Usr 0 00:00:00, Sys 0 00:00:00  -  Run Local Usage
	0  -  Run Bytes Sent By Job
	1231206  -  Run Bytes Received By Job
	Job disconnected too long: JobLeaseDuration (2400 seconds) expired
	Partitionable Resources :    Usage  Request Allocated 
	   Cpus                 :                 1         1 
	   Disk (KB)            :     1250     1250      3072 
	   GPUs                 :                           0 
	   Memory (MB)          :              1024      1100 
...
040 (196930.294.000) 2026-06-13 00:50:03 Started transferring input files
	Transferring to host: <155.230.21.38:9618?addrs=155.230.21.38-9618+[2407-c000-c025--21-38]-9618&alias=cluster238.knu.ac.kr&noUDP&sock=slot1_9_1104_9e26_1798>
...
040 (196930.294.000) 2026-06-13 00:50:03 Finished transferring input files
...
001 (196930.294.000) 2026-06-13 00:50:04 Job executing on host: <155.230.21.38:9618?addrs=155.230.21.38-9618+[2407-c000-c025--21-38]-9618&alias=cluster238.knu.ac.kr&noUDP&sock=startd_1047_bbbf>
	SlotName: slot1_9@cluster238.knu.ac.kr
	CondorScratchDir = "/home/condor/dir_1159285"
	Cpus = 1
	Disk = 3855
	GPUs = 0
	Memory = 1100
...
006 (196930.294.000) 2026-06-13 00:50:17 Image size of job updated: 98896
	97  -  MemoryUsage of job (MB)
	98896  -  ResidentSetSize of job (KB)
...
006 (196930.294.000) 2026-06-13 00:55:17 Image size of job updated: 101740
	100  -  MemoryUsage of job (MB)
	101740  -  ResidentSetSize of job (KB)
...
006 (196930.294.000) 2026-06-13 01:00:18 Image size of job updated: 102092
	100  -  MemoryUsage of job (MB)
	102092  -  ResidentSetSize of job (KB)
...
006 (196930.294.000) 2026-06-13 01:05:19 Image size of job updated: 102452
	101  -  MemoryUsage of job (MB)
	102452  -  ResidentSetSize of job (KB)
...
006 (196930.294.000) 2026-06-13 01:08:33 Image size of job updated: 234324
	101  -  MemoryUsage of job (MB)
	102452  -  ResidentSetSize of job (KB)
...
040 (196930.294.000) 2026-06-13 01:08:33 Started transferring output files
...
040 (196930.294.000) 2026-06-13 01:08:33 Finished transferring output files
...
005 (196930.294.000) 2026-06-13 01:08:33 Job terminated.
	(1) Normal termination (return value 139)
		Usr 0 00:18:15, Sys 0 00:00:01  -  Run Remote Usage
		Usr 0 00:00:00, Sys 0 00:00:00  -  Run Local Usage
		Usr 0 00:18:15, Sys 0 00:00:01  -  Total Remote Usage
		Usr 0 00:00:00, Sys 0 00:00:00  -  Total Local Usage
	38183  -  Run Bytes Sent By Job
	1231206  -  Run Bytes Received By Job
	38183  -  Total Bytes Sent By Job
	2462412  -  Total Bytes Received By Job
	Partitionable Resources :    Usage  Request Allocated 
	   Cpus                 :     0.99        1         1 
	   Disk (KB)            :  1262        1250      3855 
	   GPUs                 :                           0 
	   Memory (MB)          :   101        1024      1100 
	   TimeExecute (s)      :  1109                       
	   TimeSlotBusy (s)     :  1111                       

	Job terminated of its own accord at 2026-06-12T16:08:33Z with exit-code 139.
...
