000 (196930.296.000) 2026-06-12 22:48:49 Job submitted from host: <155.230.23.73:9618?addrs=155.230.23.73-9618+[2407-c000-c024-0-20c-29ff-fe93-3763]-9618&alias=cms03.knu.ac.kr&noUDP&sock=schedd_1478_5d11>
...
040 (196930.296.000) 2026-06-12 23:47:26 Started transferring input files
	Transferring to host: <155.230.21.148:9618?addrs=155.230.21.148-9618+[2407-c000-c025--21-148]-9618&alias=cluster348.knu.ac.kr&noUDP&sock=slot1_41_569724_d8f9_3658>
...
040 (196930.296.000) 2026-06-12 23:47:26 Finished transferring input files
...
001 (196930.296.000) 2026-06-12 23:47:27 Job executing on host: <155.230.21.148:9618?addrs=155.230.21.148-9618+[2407-c000-c025--21-148]-9618&alias=cluster348.knu.ac.kr&noUDP&sock=startd_2594_d8c2>
	SlotName: slot1_41@cluster348.knu.ac.kr
	CondorScratchDir = "/home/condor/dir_2115953"
	Cpus = 1
	Disk = 3072
	GPUs = 0
	Memory = 1100
...
006 (196930.296.000) 2026-06-12 23:47:40 Image size of job updated: 78324
	77  -  MemoryUsage of job (MB)
	78324  -  ResidentSetSize of job (KB)
...
006 (196930.296.000) 2026-06-12 23:52:40 Image size of job updated: 101444
	100  -  MemoryUsage of job (MB)
	101444  -  ResidentSetSize of job (KB)
...
006 (196930.296.000) 2026-06-12 23:54:17 Image size of job updated: 101548
	100  -  MemoryUsage of job (MB)
	101444  -  ResidentSetSize of job (KB)
...
040 (196930.296.000) 2026-06-12 23:54:17 Started transferring output files
...
040 (196930.296.000) 2026-06-12 23:54:17 Finished transferring output files
...
005 (196930.296.000) 2026-06-12 23:54:17 Job terminated.
	(1) Normal termination (return value 139)
		Usr 0 00:06:35, Sys 0 00:00:01  -  Run Remote Usage
		Usr 0 00:00:00, Sys 0 00:00:00  -  Run Local Usage
		Usr 0 00:06:35, Sys 0 00:00:01  -  Total Remote Usage
		Usr 0 00:00:00, Sys 0 00:00:00  -  Total Local Usage
	38181  -  Run Bytes Sent By Job
	1231206  -  Run Bytes Received By Job
	38181  -  Total Bytes Sent By Job
	1231206  -  Total Bytes Received By Job
	Partitionable Resources :    Usage  Request Allocated 
	   Cpus                 :     0.99        1         1 
	   Disk (KB)            :  1262        1250      3072 
	   GPUs                 :                           0 
	   Memory (MB)          :   100        1024      1100 
	   TimeExecute (s)      :   410                       
	   TimeSlotBusy (s)     :   411                       

	Job terminated of its own accord at 2026-06-12T14:54:17Z with exit-code 139.
...
