000 (196930.297.000) 2026-06-12 22:48:49 Job submitted from host: <155.230.23.73:9618?addrs=155.230.23.73-9618+[2407-c000-c024-0-20c-29ff-fe93-3763]-9618&alias=cms03.knu.ac.kr&noUDP&sock=schedd_1478_5d11>
...
040 (196930.297.000) 2026-06-12 23:48:13 Started transferring input files
	Transferring to host: <155.230.21.88:9618?addrs=155.230.21.88-9618+[2407-c000-c025--21-88]-9618&alias=cluster288.knu.ac.kr&noUDP&sock=slot1_13_1314_94ef_1722>
...
040 (196930.297.000) 2026-06-12 23:48:13 Finished transferring input files
...
001 (196930.297.000) 2026-06-12 23:48:14 Job executing on host: <155.230.21.88:9618?addrs=155.230.21.88-9618+[2407-c000-c025--21-88]-9618&alias=cluster288.knu.ac.kr&noUDP&sock=startd_1261_8503>
	SlotName: slot1_13@cluster288.knu.ac.kr
	CondorScratchDir = "/home/condor/dir_1013322"
	Cpus = 1
	Disk = 3783
	GPUs = 0
	Memory = 1100
...
006 (196930.297.000) 2026-06-12 23:48:27 Image size of job updated: 99668
	98  -  MemoryUsage of job (MB)
	99668  -  ResidentSetSize of job (KB)
...
006 (196930.297.000) 2026-06-12 23:53:27 Image size of job updated: 101656
	100  -  MemoryUsage of job (MB)
	101656  -  ResidentSetSize of job (KB)
...
006 (196930.297.000) 2026-06-12 23:58:28 Image size of job updated: 102104
	100  -  MemoryUsage of job (MB)
	102104  -  ResidentSetSize of job (KB)
...
006 (196930.297.000) 2026-06-13 00:03:29 Image size of job updated: 137724
	112  -  MemoryUsage of job (MB)
	113696  -  ResidentSetSize of job (KB)
...
040 (196930.297.000) 2026-06-13 00:03:29 Started transferring output files
...
040 (196930.297.000) 2026-06-13 00:03:29 Finished transferring output files
...
005 (196930.297.000) 2026-06-13 00:03:29 Job terminated.
	(1) Normal termination (return value 139)
		Usr 0 00:14:59, Sys 0 00:00:01  -  Run Remote Usage
		Usr 0 00:00:00, Sys 0 00:00:00  -  Run Local Usage
		Usr 0 00:14:59, Sys 0 00:00:01  -  Total Remote Usage
		Usr 0 00:00:00, Sys 0 00:00:00  -  Total Local Usage
	38181  -  Run Bytes Sent By Job
	1231206  -  Run Bytes Received By Job
	38181  -  Total Bytes Sent By Job
	1231206  -  Total Bytes Received By Job
	Partitionable Resources :    Usage  Request Allocated 
	   Cpus                 :     0.99        1         1 
	   Disk (KB)            :  1262        1250      3783 
	   GPUs                 :                           0 
	   Memory (MB)          :   112        1024      1100 
	   TimeExecute (s)      :   915                       
	   TimeSlotBusy (s)     :   916                       

	Job terminated of its own accord at 2026-06-12T15:03:29Z with exit-code 139.
...
