000 (196930.298.000) 2026-06-12 22:48:49 Job submitted from host: <155.230.23.73:9618?addrs=155.230.23.73-9618+[2407-c000-c024-0-20c-29ff-fe93-3763]-9618&alias=cms03.knu.ac.kr&noUDP&sock=schedd_1478_5d11>
...
040 (196930.298.000) 2026-06-12 23:48:14 Started transferring input files
	Transferring to host: <155.230.21.112:9618?addrs=155.230.21.112-9618+[2407-c000-c025--21-112]-9618&alias=cluster312.knu.ac.kr&noUDP&sock=slot1_9_1724_76bf_2172>
...
040 (196930.298.000) 2026-06-12 23:48:14 Finished transferring input files
...
001 (196930.298.000) 2026-06-12 23:48:15 Job executing on host: <155.230.21.112:9618?addrs=155.230.21.112-9618+[2407-c000-c025--21-112]-9618&alias=cluster312.knu.ac.kr&noUDP&sock=startd_1671_bed8>
	SlotName: slot1_9@cluster312.knu.ac.kr
	CondorScratchDir = "/home/condor/dir_3136220"
	Cpus = 1
	Disk = 3855
	GPUs = 0
	Memory = 1100
...
006 (196930.298.000) 2026-06-12 23:48:29 Image size of job updated: 99564
	98  -  MemoryUsage of job (MB)
	99564  -  ResidentSetSize of job (KB)
...
006 (196930.298.000) 2026-06-12 23:53:30 Image size of job updated: 101524
	100  -  MemoryUsage of job (MB)
	101524  -  ResidentSetSize of job (KB)
...
006 (196930.298.000) 2026-06-12 23:58:31 Image size of job updated: 102604
	101  -  MemoryUsage of job (MB)
	102604  -  ResidentSetSize of job (KB)
...
006 (196930.298.000) 2026-06-13 00:02:40 Image size of job updated: 103212
	101  -  MemoryUsage of job (MB)
	102604  -  ResidentSetSize of job (KB)
...
040 (196930.298.000) 2026-06-13 00:02:40 Started transferring output files
...
040 (196930.298.000) 2026-06-13 00:02:40 Finished transferring output files
...
005 (196930.298.000) 2026-06-13 00:02:40 Job terminated.
	(1) Normal termination (return value 139)
		Usr 0 00:14:19, Sys 0 00:00:01  -  Run Remote Usage
		Usr 0 00:00:00, Sys 0 00:00:00  -  Run Local Usage
		Usr 0 00:14:19, Sys 0 00:00:01  -  Total Remote Usage
		Usr 0 00:00:00, Sys 0 00:00:00  -  Total Local Usage
	38181  -  Run Bytes Sent By Job
	1231206  -  Run Bytes Received By Job
	38181  -  Total Bytes Sent By Job
	1231206  -  Total Bytes Received By Job
	Partitionable Resources :    Usage  Request Allocated 
	   Cpus                 :     0.98        1         1 
	   Disk (KB)            :  1262        1250      3855 
	   GPUs                 :                           0 
	   Memory (MB)          :   101        1024      1100 
	   TimeExecute (s)      :   865                       
	   TimeSlotBusy (s)     :   866                       

	Job terminated of its own accord at 2026-06-12T15:02:40Z with exit-code 139.
...
