000 (196930.299.000) 2026-06-12 22:48:49 Job submitted from host: <155.230.23.73:9618?addrs=155.230.23.73-9618+[2407-c000-c024-0-20c-29ff-fe93-3763]-9618&alias=cms03.knu.ac.kr&noUDP&sock=schedd_1478_5d11>
...
040 (196930.299.000) 2026-06-12 23:48:14 Started transferring input files
	Transferring to host: <155.230.21.145:9618?addrs=155.230.21.145-9618+[2407-c000-c025--21-145]-9618&alias=cluster345.knu.ac.kr&noUDP&sock=slot1_30_2134_5890_2580>
...
040 (196930.299.000) 2026-06-12 23:48:14 Finished transferring input files
...
001 (196930.299.000) 2026-06-12 23:48:15 Job executing on host: <155.230.21.145:9618?addrs=155.230.21.145-9618+[2407-c000-c025--21-145]-9618&alias=cluster345.knu.ac.kr&noUDP&sock=startd_2051_64d5>
	SlotName: slot1_30@cluster345.knu.ac.kr
	CondorScratchDir = "/home/condor/dir_1912988"
	Cpus = 1
	Disk = 3854
	GPUs = 0
	Memory = 1100
...
006 (196930.299.000) 2026-06-12 23:48:29 Image size of job updated: 99884
	98  -  MemoryUsage of job (MB)
	99884  -  ResidentSetSize of job (KB)
...
006 (196930.299.000) 2026-06-12 23:53:30 Image size of job updated: 101896
	100  -  MemoryUsage of job (MB)
	101896  -  ResidentSetSize of job (KB)
...
006 (196930.299.000) 2026-06-12 23:56:46 Image size of job updated: 331908
	100  -  MemoryUsage of job (MB)
	101896  -  ResidentSetSize of job (KB)
...
040 (196930.299.000) 2026-06-12 23:56:47 Started transferring output files
...
040 (196930.299.000) 2026-06-12 23:56:47 Finished transferring output files
...
005 (196930.299.000) 2026-06-12 23:56:48 Job terminated.
	(1) Normal termination (return value 139)
		Usr 0 00:08:24, Sys 0 00:00:00  -  Run Remote Usage
		Usr 0 00:00:00, Sys 0 00:00:00  -  Run Local Usage
		Usr 0 00:08:24, Sys 0 00:00:00  -  Total Remote Usage
		Usr 0 00:00:00, Sys 0 00:00:00  -  Total Local Usage
	38181  -  Run Bytes Sent By Job
	1231206  -  Run Bytes Received By Job
	38181  -  Total Bytes Sent By Job
	1231206  -  Total Bytes Received By Job
	Partitionable Resources :    Usage  Request Allocated 
	   Cpus                 :     1.00        1         1 
	   Disk (KB)            :  1262        1250      3854 
	   GPUs                 :                           0 
	   Memory (MB)          :   100        1024      1100 
	   TimeExecute (s)      :   511                       
	   TimeSlotBusy (s)     :   513                       

	Job terminated of its own accord at 2026-06-12T14:56:46Z with exit-code 139.
...
