000 (196930.003.000) 2026-06-12 22:48:48 Job submitted from host: <155.230.23.73:9618?addrs=155.230.23.73-9618+[2407-c000-c024-0-20c-29ff-fe93-3763]-9618&alias=cms03.knu.ac.kr&noUDP&sock=schedd_1478_5d11>
...
040 (196930.003.000) 2026-06-12 22:48:51 Started transferring input files
	Transferring to host: <155.230.21.38:9618?addrs=155.230.21.38-9618+[2407-c000-c025--21-38]-9618&alias=cluster238.knu.ac.kr&noUDP&sock=slot1_9_1104_9e26_1755>
...
040 (196930.003.000) 2026-06-12 22:48:51 Finished transferring input files
...
001 (196930.003.000) 2026-06-12 22:48:52 Job executing on host: <155.230.21.38:9618?addrs=155.230.21.38-9618+[2407-c000-c025--21-38]-9618&alias=cluster238.knu.ac.kr&noUDP&sock=startd_1047_bbbf>
	SlotName: slot1_9@cluster238.knu.ac.kr
	CondorScratchDir = "/home/condor/dir_1149253"
	Cpus = 1
	Disk = 3855
	GPUs = 0
	Memory = 1100
...
006 (196930.003.000) 2026-06-12 22:49:06 Image size of job updated: 75952
	75  -  MemoryUsage of job (MB)
	75952  -  ResidentSetSize of job (KB)
...
006 (196930.003.000) 2026-06-12 22:54:07 Image size of job updated: 101068
	99  -  MemoryUsage of job (MB)
	101068  -  ResidentSetSize of job (KB)
...
006 (196930.003.000) 2026-06-12 22:59:08 Image size of job updated: 101776
	100  -  MemoryUsage of job (MB)
	101776  -  ResidentSetSize of job (KB)
...
006 (196930.003.000) 2026-06-12 23:04:08 Image size of job updated: 102560
	101  -  MemoryUsage of job (MB)
	102560  -  ResidentSetSize of job (KB)
...
006 (196930.003.000) 2026-06-12 23:09:08 Image size of job updated: 102668
	101  -  MemoryUsage of job (MB)
	102668  -  ResidentSetSize of job (KB)
...
006 (196930.003.000) 2026-06-12 23:11:02 Image size of job updated: 196372
	101  -  MemoryUsage of job (MB)
	102668  -  ResidentSetSize of job (KB)
...
040 (196930.003.000) 2026-06-12 23:11:02 Started transferring output files
...
040 (196930.003.000) 2026-06-12 23:11:02 Finished transferring output files
...
005 (196930.003.000) 2026-06-12 23:11:02 Job terminated.
	(1) Normal termination (return value 139)
		Usr 0 00:21:46, Sys 0 00:00:02  -  Run Remote Usage
		Usr 0 00:00:00, Sys 0 00:00:00  -  Run Local Usage
		Usr 0 00:21:46, Sys 0 00:00:02  -  Total Remote Usage
		Usr 0 00:00:00, Sys 0 00:00:00  -  Total Local Usage
	38183  -  Run Bytes Sent By Job
	1231206  -  Run Bytes Received By Job
	38183  -  Total Bytes Sent By Job
	1231206  -  Total Bytes Received By Job
	Partitionable Resources :    Usage  Request Allocated 
	   Cpus                 :     0.99        1         1 
	   Disk (KB)            :  1262        1250      3855 
	   GPUs                 :                           0 
	   Memory (MB)          :   101        1024      1100 
	   TimeExecute (s)      :  1330                       
	   TimeSlotBusy (s)     :  1331                       

	Job terminated of its own accord at 2026-06-12T14:11:02Z with exit-code 139.
...
