000 (196930.306.000) 2026-06-12 22:48:49 Job submitted from host: <155.230.23.73:9618?addrs=155.230.23.73-9618+[2407-c000-c024-0-20c-29ff-fe93-3763]-9618&alias=cms03.knu.ac.kr&noUDP&sock=schedd_1478_5d11>
...
040 (196930.306.000) 2026-06-12 23:48:25 Started transferring input files
	Transferring to host: <155.230.21.94:9618?addrs=155.230.21.94-9618+[2407-c000-c025--21-94]-9618&alias=cluster294.knu.ac.kr&noUDP&sock=slot1_10_1331_8f4f_2046>
...
040 (196930.306.000) 2026-06-12 23:48:25 Finished transferring input files
...
001 (196930.306.000) 2026-06-12 23:48:26 Job executing on host: <155.230.21.94:9618?addrs=155.230.21.94-9618+[2407-c000-c025--21-94]-9618&alias=cluster294.knu.ac.kr&noUDP&sock=startd_1271_60f6>
	SlotName: slot1_10@cluster294.knu.ac.kr
	CondorScratchDir = "/home/condor/dir_2124001"
	Cpus = 1
	Disk = 3859
	GPUs = 0
	Memory = 1100
...
006 (196930.306.000) 2026-06-12 23:48:40 Image size of job updated: 99512
	98  -  MemoryUsage of job (MB)
	99512  -  ResidentSetSize of job (KB)
...
006 (196930.306.000) 2026-06-12 23:53:41 Image size of job updated: 101036
	99  -  MemoryUsage of job (MB)
	101036  -  ResidentSetSize of job (KB)
...
006 (196930.306.000) 2026-06-12 23:58:41 Image size of job updated: 101408
	100  -  MemoryUsage of job (MB)
	101408  -  ResidentSetSize of job (KB)
...
006 (196930.306.000) 2026-06-13 00:03:41 Image size of job updated: 101800
	100  -  MemoryUsage of job (MB)
	101800  -  ResidentSetSize of job (KB)
...
006 (196930.306.000) 2026-06-13 00:05:03 Image size of job updated: 429080
	100  -  MemoryUsage of job (MB)
	101800  -  ResidentSetSize of job (KB)
...
040 (196930.306.000) 2026-06-13 00:05:03 Started transferring output files
...
040 (196930.306.000) 2026-06-13 00:05:03 Finished transferring output files
...
005 (196930.306.000) 2026-06-13 00:05:03 Job terminated.
	(1) Normal termination (return value 139)
		Usr 0 00:16:19, Sys 0 00:00:01  -  Run Remote Usage
		Usr 0 00:00:00, Sys 0 00:00:00  -  Run Local Usage
		Usr 0 00:16:19, Sys 0 00:00:01  -  Total Remote Usage
		Usr 0 00:00:00, Sys 0 00:00:00  -  Total Local Usage
	38181  -  Run Bytes Sent By Job
	1231206  -  Run Bytes Received By Job
	38181  -  Total Bytes Sent By Job
	1231206  -  Total Bytes Received By Job
	Partitionable Resources :    Usage  Request Allocated 
	   Cpus                 :     0.99        1         1 
	   Disk (KB)            :  1262        1250      3859 
	   GPUs                 :                           0 
	   Memory (MB)          :   100        1024      1100 
	   TimeExecute (s)      :   997                       
	   TimeSlotBusy (s)     :   998                       

	Job terminated of its own accord at 2026-06-12T15:05:03Z with exit-code 139.
...
