000 (196930.309.000) 2026-06-12 22:48:49 Job submitted from host: <155.230.23.73:9618?addrs=155.230.23.73-9618+[2407-c000-c024-0-20c-29ff-fe93-3763]-9618&alias=cms03.knu.ac.kr&noUDP&sock=schedd_1478_5d11>
...
040 (196930.309.000) 2026-06-12 23:49:08 Started transferring input files
	Transferring to host: <155.230.21.118:9618?addrs=155.230.21.118-9618+[2407-c000-c025--21-118]-9618&alias=cluster318.knu.ac.kr&noUDP&sock=slot1_24_1766_0e81_2616>
...
040 (196930.309.000) 2026-06-12 23:49:09 Finished transferring input files
...
001 (196930.309.000) 2026-06-12 23:49:10 Job executing on host: <155.230.21.118:9618?addrs=155.230.21.118-9618+[2407-c000-c025--21-118]-9618&alias=cluster318.knu.ac.kr&noUDP&sock=startd_1729_8756>
	SlotName: slot1_24@cluster318.knu.ac.kr
	CondorScratchDir = "/home/condor/dir_2057072"
	Cpus = 1
	Disk = 3828
	GPUs = 0
	Memory = 1100
...
006 (196930.309.000) 2026-06-12 23:49:23 Image size of job updated: 99684
	98  -  MemoryUsage of job (MB)
	99684  -  ResidentSetSize of job (KB)
...
006 (196930.309.000) 2026-06-12 23:54:23 Image size of job updated: 102000
	100  -  MemoryUsage of job (MB)
	102000  -  ResidentSetSize of job (KB)
...
006 (196930.309.000) 2026-06-12 23:59:23 Image size of job updated: 102244
	100  -  MemoryUsage of job (MB)
	102244  -  ResidentSetSize of job (KB)
...
006 (196930.309.000) 2026-06-13 00:04:24 Image size of job updated: 102612
	101  -  MemoryUsage of job (MB)
	102612  -  ResidentSetSize of job (KB)
...
006 (196930.309.000) 2026-06-13 00:07:37 Image size of job updated: 320244
	101  -  MemoryUsage of job (MB)
	102612  -  ResidentSetSize of job (KB)
...
040 (196930.309.000) 2026-06-13 00:07:37 Started transferring output files
...
040 (196930.309.000) 2026-06-13 00:07:37 Finished transferring output files
...
005 (196930.309.000) 2026-06-13 00:07:37 Job terminated.
	(1) Normal termination (return value 139)
		Usr 0 00:18:13, Sys 0 00:00:01  -  Run Remote Usage
		Usr 0 00:00:00, Sys 0 00:00:00  -  Run Local Usage
		Usr 0 00:18:13, Sys 0 00:00:01  -  Total Remote Usage
		Usr 0 00:00:00, Sys 0 00:00:00  -  Total Local Usage
	38183  -  Run Bytes Sent By Job
	1231206  -  Run Bytes Received By Job
	38183  -  Total Bytes Sent By Job
	1231206  -  Total Bytes Received By Job
	Partitionable Resources :    Usage  Request Allocated 
	   Cpus                 :     0.99        1         1 
	   Disk (KB)            :  1262        1250      3828 
	   GPUs                 :                           0 
	   Memory (MB)          :   101        1024      1100 
	   TimeExecute (s)      :  1107                       
	   TimeSlotBusy (s)     :  1109                       

	Job terminated of its own accord at 2026-06-12T15:07:37Z with exit-code 139.
...
