000 (196930.311.000) 2026-06-12 22:48:49 Job submitted from host: <155.230.23.73:9618?addrs=155.230.23.73-9618+[2407-c000-c024-0-20c-29ff-fe93-3763]-9618&alias=cms03.knu.ac.kr&noUDP&sock=schedd_1478_5d11>
...
040 (196930.311.000) 2026-06-12 23:49:09 Started transferring input files
	Transferring to host: <155.230.21.109:9618?addrs=155.230.21.109-9618+[2407-c000-c025--21-109]-9618&alias=cluster309.knu.ac.kr&noUDP&sock=slot1_25_1776_1a41_2374>
...
040 (196930.311.000) 2026-06-12 23:49:09 Finished transferring input files
...
001 (196930.311.000) 2026-06-12 23:49:10 Job executing on host: <155.230.21.109:9618?addrs=155.230.21.109-9618+[2407-c000-c025--21-109]-9618&alias=cluster309.knu.ac.kr&noUDP&sock=startd_1699_f37f>
	SlotName: slot1_25@cluster309.knu.ac.kr
	CondorScratchDir = "/home/condor/dir_2801235"
	Cpus = 1
	Disk = 3839
	GPUs = 0
	Memory = 1100
...
006 (196930.311.000) 2026-06-12 23:49:23 Image size of job updated: 100152
	98  -  MemoryUsage of job (MB)
	100152  -  ResidentSetSize of job (KB)
...
006 (196930.311.000) 2026-06-12 23:54:23 Image size of job updated: 101172
	99  -  MemoryUsage of job (MB)
	101172  -  ResidentSetSize of job (KB)
...
006 (196930.311.000) 2026-06-12 23:59:24 Image size of job updated: 101504
	100  -  MemoryUsage of job (MB)
	101504  -  ResidentSetSize of job (KB)
...
006 (196930.311.000) 2026-06-13 00:04:25 Image size of job updated: 102160
	100  -  MemoryUsage of job (MB)
	102160  -  ResidentSetSize of job (KB)
...
006 (196930.311.000) 2026-06-13 00:08:03 Image size of job updated: 265396
	100  -  MemoryUsage of job (MB)
	102160  -  ResidentSetSize of job (KB)
...
040 (196930.311.000) 2026-06-13 00:08:03 Started transferring output files
...
040 (196930.311.000) 2026-06-13 00:08:03 Finished transferring output files
...
005 (196930.311.000) 2026-06-13 00:08:04 Job terminated.
	(1) Normal termination (return value 139)
		Usr 0 00:18:48, Sys 0 00:00:01  -  Run Remote Usage
		Usr 0 00:00:00, Sys 0 00:00:00  -  Run Local Usage
		Usr 0 00:18:48, Sys 0 00:00:01  -  Total Remote Usage
		Usr 0 00:00:00, Sys 0 00:00:00  -  Total Local Usage
	38183  -  Run Bytes Sent By Job
	1231206  -  Run Bytes Received By Job
	38183  -  Total Bytes Sent By Job
	1231206  -  Total Bytes Received By Job
	Partitionable Resources :    Usage  Request Allocated 
	   Cpus                 :     1.00        1         1 
	   Disk (KB)            :  1262        1250      3839 
	   GPUs                 :                           0 
	   Memory (MB)          :   100        1024      1100 
	   TimeExecute (s)      :  1133                       
	   TimeSlotBusy (s)     :  1134                       

	Job terminated of its own accord at 2026-06-12T15:08:03Z with exit-code 139.
...
