000 (196930.315.000) 2026-06-12 22:48:49 Job submitted from host: <155.230.23.73:9618?addrs=155.230.23.73-9618+[2407-c000-c024-0-20c-29ff-fe93-3763]-9618&alias=cms03.knu.ac.kr&noUDP&sock=schedd_1478_5d11>
...
040 (196930.315.000) 2026-06-12 23:49:25 Started transferring input files
	Transferring to host: <155.230.21.108:9618?addrs=155.230.21.108-9618+[2407-c000-c025--21-108]-9618&alias=cluster308.knu.ac.kr&noUDP&sock=slot1_24_1782_5482_2368>
...
040 (196930.315.000) 2026-06-12 23:49:25 Finished transferring input files
...
001 (196930.315.000) 2026-06-12 23:49:26 Job executing on host: <155.230.21.108:9618?addrs=155.230.21.108-9618+[2407-c000-c025--21-108]-9618&alias=cluster308.knu.ac.kr&noUDP&sock=startd_1719_ab64>
	SlotName: slot1_24@cluster308.knu.ac.kr
	CondorScratchDir = "/home/condor/dir_3320397"
	Cpus = 1
	Disk = 3782
	GPUs = 0
	Memory = 1100
...
006 (196930.315.000) 2026-06-12 23:49:39 Image size of job updated: 100104
	98  -  MemoryUsage of job (MB)
	100104  -  ResidentSetSize of job (KB)
...
006 (196930.315.000) 2026-06-12 23:54:39 Image size of job updated: 101264
	99  -  MemoryUsage of job (MB)
	101264  -  ResidentSetSize of job (KB)
...
006 (196930.315.000) 2026-06-12 23:59:40 Image size of job updated: 102196
	100  -  MemoryUsage of job (MB)
	102196  -  ResidentSetSize of job (KB)
...
006 (196930.315.000) 2026-06-13 00:04:41 Image size of job updated: 102568
	101  -  MemoryUsage of job (MB)
	102568  -  ResidentSetSize of job (KB)
...
006 (196930.315.000) 2026-06-13 00:09:41 Image size of job updated: 103124
	101  -  MemoryUsage of job (MB)
	103124  -  ResidentSetSize of job (KB)
...
006 (196930.315.000) 2026-06-13 00:10:25 Image size of job updated: 233616
	101  -  MemoryUsage of job (MB)
	103124  -  ResidentSetSize of job (KB)
...
040 (196930.315.000) 2026-06-13 00:10:25 Started transferring output files
...
040 (196930.315.000) 2026-06-13 00:10:25 Finished transferring output files
...
005 (196930.315.000) 2026-06-13 00:10:25 Job terminated.
	(1) Normal termination (return value 139)
		Usr 0 00:20:44, Sys 0 00:00:01  -  Run Remote Usage
		Usr 0 00:00:00, Sys 0 00:00:00  -  Run Local Usage
		Usr 0 00:20:44, Sys 0 00:00:01  -  Total Remote Usage
		Usr 0 00:00:00, Sys 0 00:00:00  -  Total Local Usage
	38183  -  Run Bytes Sent By Job
	1231206  -  Run Bytes Received By Job
	38183  -  Total Bytes Sent By Job
	1231206  -  Total Bytes Received By Job
	Partitionable Resources :    Usage  Request Allocated 
	   Cpus                 :     0.99        1         1 
	   Disk (KB)            :  1262        1250      3782 
	   GPUs                 :                           0 
	   Memory (MB)          :   101        1024      1100 
	   TimeExecute (s)      :  1259                       
	   TimeSlotBusy (s)     :  1260                       

	Job terminated of its own accord at 2026-06-12T15:10:25Z with exit-code 139.
...
