000 (196930.318.000) 2026-06-12 22:48:49 Job submitted from host: <155.230.23.73:9618?addrs=155.230.23.73-9618+[2407-c000-c024-0-20c-29ff-fe93-3763]-9618&alias=cms03.knu.ac.kr&noUDP&sock=schedd_1478_5d11>
...
040 (196930.318.000) 2026-06-12 23:50:02 Started transferring input files
	Transferring to host: <155.230.21.112:9618?addrs=155.230.21.112-9618+[2407-c000-c025--21-112]-9618&alias=cluster312.knu.ac.kr&noUDP&sock=slot1_23_1724_76bf_2173>
...
040 (196930.318.000) 2026-06-12 23:50:02 Finished transferring input files
...
001 (196930.318.000) 2026-06-12 23:50:03 Job executing on host: <155.230.21.112:9618?addrs=155.230.21.112-9618+[2407-c000-c025--21-112]-9618&alias=cluster312.knu.ac.kr&noUDP&sock=startd_1671_bed8>
	SlotName: slot1_23@cluster312.knu.ac.kr
	CondorScratchDir = "/home/condor/dir_3136416"
	Cpus = 1
	Disk = 3855
	GPUs = 0
	Memory = 1100
...
006 (196930.318.000) 2026-06-12 23:50:16 Image size of job updated: 97972
	96  -  MemoryUsage of job (MB)
	97972  -  ResidentSetSize of job (KB)
...
006 (196930.318.000) 2026-06-12 23:55:16 Image size of job updated: 99680
	98  -  MemoryUsage of job (MB)
	99680  -  ResidentSetSize of job (KB)
...
006 (196930.318.000) 2026-06-13 00:00:17 Image size of job updated: 99872
	98  -  MemoryUsage of job (MB)
	99872  -  ResidentSetSize of job (KB)
...
006 (196930.318.000) 2026-06-13 00:05:18 Image size of job updated: 100264
	98  -  MemoryUsage of job (MB)
	100264  -  ResidentSetSize of job (KB)
...
006 (196930.318.000) 2026-06-13 00:06:39 Image size of job updated: 134656
	98  -  MemoryUsage of job (MB)
	100264  -  ResidentSetSize of job (KB)
...
040 (196930.318.000) 2026-06-13 00:06:39 Started transferring output files
...
040 (196930.318.000) 2026-06-13 00:06:39 Finished transferring output files
...
005 (196930.318.000) 2026-06-13 00:06:39 Job terminated.
	(1) Normal termination (return value 139)
		Usr 0 00:16:28, Sys 0 00:00:01  -  Run Remote Usage
		Usr 0 00:00:00, Sys 0 00:00:00  -  Run Local Usage
		Usr 0 00:16:28, Sys 0 00:00:01  -  Total Remote Usage
		Usr 0 00:00:00, Sys 0 00:00:00  -  Total Local Usage
	38181  -  Run Bytes Sent By Job
	1231206  -  Run Bytes Received By Job
	38181  -  Total Bytes Sent By Job
	1231206  -  Total Bytes Received By Job
	Partitionable Resources :    Usage  Request Allocated 
	   Cpus                 :     0.99        1         1 
	   Disk (KB)            :  1262        1250      3855 
	   GPUs                 :                           0 
	   Memory (MB)          :    98        1024      1100 
	   TimeExecute (s)      :   996                       
	   TimeSlotBusy (s)     :   997                       

	Job terminated of its own accord at 2026-06-12T15:06:39Z with exit-code 139.
...
