000 (196930.032.000) 2026-06-12 22:48:48 Job submitted from host: <155.230.23.73:9618?addrs=155.230.23.73-9618+[2407-c000-c024-0-20c-29ff-fe93-3763]-9618&alias=cms03.knu.ac.kr&noUDP&sock=schedd_1478_5d11>
...
040 (196930.032.000) 2026-06-12 23:02:22 Started transferring input files
	Transferring to host: <155.230.21.85:9618?addrs=155.230.21.85-9618+[2407-c000-c025--21-85]-9618&alias=cluster285.knu.ac.kr&noUDP&sock=slot1_13_1316_fdaf_1621>
...
040 (196930.032.000) 2026-06-12 23:02:22 Finished transferring input files
...
001 (196930.032.000) 2026-06-12 23:02:23 Job executing on host: <155.230.21.85:9618?addrs=155.230.21.85-9618+[2407-c000-c025--21-85]-9618&alias=cluster285.knu.ac.kr&noUDP&sock=startd_1279_ddb8>
	SlotName: slot1_13@cluster285.knu.ac.kr
	CondorScratchDir = "/home/condor/dir_749997"
	Cpus = 1
	Disk = 3848
	GPUs = 0
	Memory = 1100
...
006 (196930.032.000) 2026-06-12 23:02:36 Image size of job updated: 98888
	97  -  MemoryUsage of job (MB)
	98888  -  ResidentSetSize of job (KB)
...
006 (196930.032.000) 2026-06-12 23:07:36 Image size of job updated: 101620
	100  -  MemoryUsage of job (MB)
	101620  -  ResidentSetSize of job (KB)
...
006 (196930.032.000) 2026-06-12 23:12:37 Image size of job updated: 102008
	100  -  MemoryUsage of job (MB)
	102008  -  ResidentSetSize of job (KB)
...
006 (196930.032.000) 2026-06-12 23:16:12 Image size of job updated: 240000
	100  -  MemoryUsage of job (MB)
	102008  -  ResidentSetSize of job (KB)
...
040 (196930.032.000) 2026-06-12 23:16:12 Started transferring output files
...
040 (196930.032.000) 2026-06-12 23:16:12 Finished transferring output files
...
005 (196930.032.000) 2026-06-12 23:16:12 Job terminated.
	(1) Normal termination (return value 139)
		Usr 0 00:13:35, Sys 0 00:00:01  -  Run Remote Usage
		Usr 0 00:00:00, Sys 0 00:00:00  -  Run Local Usage
		Usr 0 00:13:35, Sys 0 00:00:01  -  Total Remote Usage
		Usr 0 00:00:00, Sys 0 00:00:00  -  Total Local Usage
	38181  -  Run Bytes Sent By Job
	1231206  -  Run Bytes Received By Job
	38181  -  Total Bytes Sent By Job
	1231206  -  Total Bytes Received By Job
	Partitionable Resources :    Usage  Request Allocated 
	   Cpus                 :     0.99        1         1 
	   Disk (KB)            :  1262        1250      3848 
	   GPUs                 :                           0 
	   Memory (MB)          :   100        1024      1100 
	   TimeExecute (s)      :   829                       
	   TimeSlotBusy (s)     :   830                       

	Job terminated of its own accord at 2026-06-12T14:16:12Z with exit-code 139.
...
