000 (196930.321.000) 2026-06-12 22:48:49 Job submitted from host: <155.230.23.73:9618?addrs=155.230.23.73-9618+[2407-c000-c024-0-20c-29ff-fe93-3763]-9618&alias=cms03.knu.ac.kr&noUDP&sock=schedd_1478_5d11>
...
040 (196930.321.000) 2026-06-12 23:50:24 Started transferring input files
	Transferring to host: <155.230.21.110:9618?addrs=155.230.21.110-9618+[2407-c000-c025--21-110]-9618&alias=cluster310.knu.ac.kr&noUDP&sock=slot1_26_1764_a5c1_2265>
...
040 (196930.321.000) 2026-06-12 23:50:24 Finished transferring input files
...
001 (196930.321.000) 2026-06-12 23:50:25 Job executing on host: <155.230.21.110:9618?addrs=155.230.21.110-9618+[2407-c000-c025--21-110]-9618&alias=cluster310.knu.ac.kr&noUDP&sock=startd_1700_a317>
	SlotName: slot1_26@cluster310.knu.ac.kr
	CondorScratchDir = "/home/condor/dir_2519832"
	Cpus = 1
	Disk = 3861
	GPUs = 0
	Memory = 1100
...
006 (196930.321.000) 2026-06-12 23:50:38 Image size of job updated: 99280
	97  -  MemoryUsage of job (MB)
	99280  -  ResidentSetSize of job (KB)
...
006 (196930.321.000) 2026-06-12 23:55:38 Image size of job updated: 102480
	101  -  MemoryUsage of job (MB)
	102480  -  ResidentSetSize of job (KB)
...
006 (196930.321.000) 2026-06-13 00:00:38 Image size of job updated: 102908
	101  -  MemoryUsage of job (MB)
	102908  -  ResidentSetSize of job (KB)
...
006 (196930.321.000) 2026-06-13 00:05:11 Image size of job updated: 429320
	101  -  MemoryUsage of job (MB)
	102908  -  ResidentSetSize of job (KB)
...
040 (196930.321.000) 2026-06-13 00:05:11 Started transferring output files
...
040 (196930.321.000) 2026-06-13 00:05:11 Finished transferring output files
...
005 (196930.321.000) 2026-06-13 00:05:11 Job terminated.
	(1) Normal termination (return value 139)
		Usr 0 00:14:41, Sys 0 00:00:01  -  Run Remote Usage
		Usr 0 00:00:00, Sys 0 00:00:00  -  Run Local Usage
		Usr 0 00:14:41, Sys 0 00:00:01  -  Total Remote Usage
		Usr 0 00:00:00, Sys 0 00:00:00  -  Total Local Usage
	38181  -  Run Bytes Sent By Job
	1231206  -  Run Bytes Received By Job
	38181  -  Total Bytes Sent By Job
	1231206  -  Total Bytes Received By Job
	Partitionable Resources :    Usage  Request Allocated 
	   Cpus                 :     1.00        1         1 
	   Disk (KB)            :  1262        1250      3861 
	   GPUs                 :                           0 
	   Memory (MB)          :   101        1024      1100 
	   TimeExecute (s)      :   886                       
	   TimeSlotBusy (s)     :   888                       

	Job terminated of its own accord at 2026-06-12T15:05:11Z with exit-code 139.
...
