000 (196930.322.000) 2026-06-12 22:48:49 Job submitted from host: <155.230.23.73:9618?addrs=155.230.23.73-9618+[2407-c000-c024-0-20c-29ff-fe93-3763]-9618&alias=cms03.knu.ac.kr&noUDP&sock=schedd_1478_5d11>
...
040 (196930.322.000) 2026-06-12 23:50:54 Started transferring input files
	Transferring to host: <155.230.21.99:9618?addrs=155.230.21.99-9618+[2407-c000-c025--21-99]-9618&alias=cluster299.knu.ac.kr&noUDP&sock=slot1_1_1116_12a6_1953>
...
040 (196930.322.000) 2026-06-12 23:50:54 Finished transferring input files
...
001 (196930.322.000) 2026-06-12 23:50:55 Job executing on host: <155.230.21.99:9618?addrs=155.230.21.99-9618+[2407-c000-c025--21-99]-9618&alias=cluster299.knu.ac.kr&noUDP&sock=startd_1072_e19d>
	SlotName: slot1_1@cluster299.knu.ac.kr
	CondorScratchDir = "/home/condor/dir_1688469"
	Cpus = 1
	Disk = 3858
	GPUs = 0
	Memory = 1100
...
006 (196930.322.000) 2026-06-12 23:51:08 Image size of job updated: 99736
	98  -  MemoryUsage of job (MB)
	99736  -  ResidentSetSize of job (KB)
...
006 (196930.322.000) 2026-06-12 23:56:08 Image size of job updated: 101096
	99  -  MemoryUsage of job (MB)
	101096  -  ResidentSetSize of job (KB)
...
006 (196930.322.000) 2026-06-13 00:01:09 Image size of job updated: 101516
	100  -  MemoryUsage of job (MB)
	101516  -  ResidentSetSize of job (KB)
...
006 (196930.322.000) 2026-06-13 00:06:10 Image size of job updated: 101876
	100  -  MemoryUsage of job (MB)
	101876  -  ResidentSetSize of job (KB)
...
006 (196930.322.000) 2026-06-13 00:11:10 Image size of job updated: 137616
	135  -  MemoryUsage of job (MB)
	137616  -  ResidentSetSize of job (KB)
...
006 (196930.322.000) 2026-06-13 00:11:15 Image size of job updated: 229328
	135  -  MemoryUsage of job (MB)
	138068  -  ResidentSetSize of job (KB)
...
040 (196930.322.000) 2026-06-13 00:11:15 Started transferring output files
...
040 (196930.322.000) 2026-06-13 00:11:15 Finished transferring output files
...
005 (196930.322.000) 2026-06-13 00:11:15 Job terminated.
	(1) Normal termination (return value 139)
		Usr 0 00:20:01, Sys 0 00:00:01  -  Run Remote Usage
		Usr 0 00:00:00, Sys 0 00:00:00  -  Run Local Usage
		Usr 0 00:20:01, Sys 0 00:00:01  -  Total Remote Usage
		Usr 0 00:00:00, Sys 0 00:00:00  -  Total Local Usage
	38183  -  Run Bytes Sent By Job
	1231206  -  Run Bytes Received By Job
	38183  -  Total Bytes Sent By Job
	1231206  -  Total Bytes Received By Job
	Partitionable Resources :    Usage  Request Allocated 
	   Cpus                 :     0.99        1         1 
	   Disk (KB)            :  1262        1250      3858 
	   GPUs                 :                           0 
	   Memory (MB)          :   135        1024      1100 
	   TimeExecute (s)      :  1220                       
	   TimeSlotBusy (s)     :  1221                       

	Job terminated of its own accord at 2026-06-12T15:11:15Z with exit-code 139.
...
