000 (196930.323.000) 2026-06-12 22:48:49 Job submitted from host: <155.230.23.73:9618?addrs=155.230.23.73-9618+[2407-c000-c024-0-20c-29ff-fe93-3763]-9618&alias=cms03.knu.ac.kr&noUDP&sock=schedd_1478_5d11>
...
040 (196930.323.000) 2026-06-12 23:50:54 Started transferring input files
	Transferring to host: <155.230.21.112:9618?addrs=155.230.21.112-9618+[2407-c000-c025--21-112]-9618&alias=cluster312.knu.ac.kr&noUDP&sock=slot1_1_1724_76bf_2174>
...
040 (196930.323.000) 2026-06-12 23:50:54 Finished transferring input files
...
001 (196930.323.000) 2026-06-12 23:50:55 Job executing on host: <155.230.21.112:9618?addrs=155.230.21.112-9618+[2407-c000-c025--21-112]-9618&alias=cluster312.knu.ac.kr&noUDP&sock=startd_1671_bed8>
	SlotName: slot1_1@cluster312.knu.ac.kr
	CondorScratchDir = "/home/condor/dir_3136844"
	Cpus = 1
	Disk = 3855
	GPUs = 0
	Memory = 1100
...
006 (196930.323.000) 2026-06-12 23:51:08 Image size of job updated: 98028
	96  -  MemoryUsage of job (MB)
	98028  -  ResidentSetSize of job (KB)
...
006 (196930.323.000) 2026-06-12 23:56:08 Image size of job updated: 99420
	98  -  MemoryUsage of job (MB)
	99420  -  ResidentSetSize of job (KB)
...
006 (196930.323.000) 2026-06-13 00:01:09 Image size of job updated: 100572
	99  -  MemoryUsage of job (MB)
	100572  -  ResidentSetSize of job (KB)
...
006 (196930.323.000) 2026-06-13 00:06:10 Image size of job updated: 100720
	99  -  MemoryUsage of job (MB)
	100720  -  ResidentSetSize of job (KB)
...
006 (196930.323.000) 2026-06-13 00:08:21 Image size of job updated: 420540
	99  -  MemoryUsage of job (MB)
	100720  -  ResidentSetSize of job (KB)
...
040 (196930.323.000) 2026-06-13 00:08:21 Started transferring output files
...
040 (196930.323.000) 2026-06-13 00:08:21 Finished transferring output files
...
005 (196930.323.000) 2026-06-13 00:08:21 Job terminated.
	(1) Normal termination (return value 139)
		Usr 0 00:17:20, Sys 0 00:00:01  -  Run Remote Usage
		Usr 0 00:00:00, Sys 0 00:00:00  -  Run Local Usage
		Usr 0 00:17:20, Sys 0 00:00:01  -  Total Remote Usage
		Usr 0 00:00:00, Sys 0 00:00:00  -  Total Local Usage
	38183  -  Run Bytes Sent By Job
	1231206  -  Run Bytes Received By Job
	38183  -  Total Bytes Sent By Job
	1231206  -  Total Bytes Received By Job
	Partitionable Resources :    Usage  Request Allocated 
	   Cpus                 :     1.00        1         1 
	   Disk (KB)            :  1262        1250      3855 
	   GPUs                 :                           0 
	   Memory (MB)          :    99        1024      1100 
	   TimeExecute (s)      :  1046                       
	   TimeSlotBusy (s)     :  1047                       

	Job terminated of its own accord at 2026-06-12T15:08:21Z with exit-code 139.
...
