000 (196930.331.000) 2026-06-12 22:48:49 Job submitted from host: <155.230.23.73:9618?addrs=155.230.23.73-9618+[2407-c000-c024-0-20c-29ff-fe93-3763]-9618&alias=cms03.knu.ac.kr&noUDP&sock=schedd_1478_5d11>
...
040 (196930.331.000) 2026-06-12 23:51:04 Started transferring input files
	Transferring to host: <155.230.21.137:9618?addrs=155.230.21.137-9618+[2407-c000-c025--21-137]-9618&alias=cluster337.knu.ac.kr&noUDP&sock=slot1_52_220409_d45c_2200>
...
040 (196930.331.000) 2026-06-12 23:51:04 Finished transferring input files
...
001 (196930.331.000) 2026-06-12 23:51:06 Job executing on host: <155.230.21.137:9618?addrs=155.230.21.137-9618+[2407-c000-c025--21-137]-9618&alias=cluster337.knu.ac.kr&noUDP&sock=startd_2461_9ea9>
	SlotName: slot1_52@cluster337.knu.ac.kr
	CondorScratchDir = "/home/condor/dir_571096"
	Cpus = 1
	Disk = 5707
	GPUs = 0
	Memory = 1100
...
006 (196930.331.000) 2026-06-12 23:51:20 Image size of job updated: 100200
	98  -  MemoryUsage of job (MB)
	100200  -  ResidentSetSize of job (KB)
...
006 (196930.331.000) 2026-06-12 23:56:21 Image size of job updated: 102020
	100  -  MemoryUsage of job (MB)
	102020  -  ResidentSetSize of job (KB)
...
006 (196930.331.000) 2026-06-12 23:58:54 Image size of job updated: 175680
	100  -  MemoryUsage of job (MB)
	102020  -  ResidentSetSize of job (KB)
...
040 (196930.331.000) 2026-06-12 23:58:54 Started transferring output files
...
040 (196930.331.000) 2026-06-12 23:58:54 Finished transferring output files
...
005 (196930.331.000) 2026-06-12 23:58:54 Job terminated.
	(1) Normal termination (return value 139)
		Usr 0 00:07:40, Sys 0 00:00:01  -  Run Remote Usage
		Usr 0 00:00:00, Sys 0 00:00:00  -  Run Local Usage
		Usr 0 00:07:40, Sys 0 00:00:01  -  Total Remote Usage
		Usr 0 00:00:00, Sys 0 00:00:00  -  Total Local Usage
	38181  -  Run Bytes Sent By Job
	1231206  -  Run Bytes Received By Job
	38181  -  Total Bytes Sent By Job
	1231206  -  Total Bytes Received By Job
	Partitionable Resources :    Usage  Request Allocated 
	   Cpus                 :     0.99        1         1 
	   Disk (KB)            :  1262        1250      5707 
	   GPUs                 :                           0 
	   Memory (MB)          :   100        1024      1100 
	   TimeExecute (s)      :   469                       
	   TimeSlotBusy (s)     :   471                       

	Job terminated of its own accord at 2026-06-12T14:58:54Z with exit-code 139.
...
