000 (196930.332.000) 2026-06-12 22:48:49 Job submitted from host: <155.230.23.73:9618?addrs=155.230.23.73-9618+[2407-c000-c024-0-20c-29ff-fe93-3763]-9618&alias=cms03.knu.ac.kr&noUDP&sock=schedd_1478_5d11>
...
040 (196930.332.000) 2026-06-12 23:51:56 Started transferring input files
	Transferring to host: <155.230.21.38:9618?addrs=155.230.21.38-9618+[2407-c000-c025--21-38]-9618&alias=cluster238.knu.ac.kr&noUDP&sock=slot1_4_1104_9e26_1781>
...
040 (196930.332.000) 2026-06-12 23:51:56 Finished transferring input files
...
001 (196930.332.000) 2026-06-12 23:51:57 Job executing on host: <155.230.21.38:9618?addrs=155.230.21.38-9618+[2407-c000-c025--21-38]-9618&alias=cluster238.knu.ac.kr&noUDP&sock=startd_1047_bbbf>
	SlotName: slot1_4@cluster238.knu.ac.kr
	CondorScratchDir = "/home/condor/dir_1154907"
	Cpus = 1
	Disk = 3855
	GPUs = 0
	Memory = 1100
...
006 (196930.332.000) 2026-06-12 23:52:10 Image size of job updated: 100804
	99  -  MemoryUsage of job (MB)
	100804  -  ResidentSetSize of job (KB)
...
006 (196930.332.000) 2026-06-12 23:57:10 Image size of job updated: 100976
	99  -  MemoryUsage of job (MB)
	100976  -  ResidentSetSize of job (KB)
...
006 (196930.332.000) 2026-06-13 00:02:11 Image size of job updated: 101180
	99  -  MemoryUsage of job (MB)
	101180  -  ResidentSetSize of job (KB)
...
006 (196930.332.000) 2026-06-13 00:07:11 Image size of job updated: 101768
	100  -  MemoryUsage of job (MB)
	101768  -  ResidentSetSize of job (KB)
...
006 (196930.332.000) 2026-06-13 00:12:11 Image size of job updated: 102308
	100  -  MemoryUsage of job (MB)
	102308  -  ResidentSetSize of job (KB)
...
006 (196930.332.000) 2026-06-13 00:17:02 Image size of job updated: 102376
	100  -  MemoryUsage of job (MB)
	102308  -  ResidentSetSize of job (KB)
...
040 (196930.332.000) 2026-06-13 00:17:03 Started transferring output files
...
040 (196930.332.000) 2026-06-13 00:17:03 Finished transferring output files
...
005 (196930.332.000) 2026-06-13 00:17:03 Job terminated.
	(1) Normal termination (return value 139)
		Usr 0 00:24:45, Sys 0 00:00:01  -  Run Remote Usage
		Usr 0 00:00:00, Sys 0 00:00:00  -  Run Local Usage
		Usr 0 00:24:45, Sys 0 00:00:01  -  Total Remote Usage
		Usr 0 00:00:00, Sys 0 00:00:00  -  Total Local Usage
	38183  -  Run Bytes Sent By Job
	1231206  -  Run Bytes Received By Job
	38183  -  Total Bytes Sent By Job
	1231206  -  Total Bytes Received By Job
	Partitionable Resources :    Usage  Request Allocated 
	   Cpus                 :     0.99        1         1 
	   Disk (KB)            :  1262        1250      3855 
	   GPUs                 :                           0 
	   Memory (MB)          :   100        1024      1100 
	   TimeExecute (s)      :  1505                       
	   TimeSlotBusy (s)     :  1507                       

	Job terminated of its own accord at 2026-06-12T15:17:02Z with exit-code 139.
...
