000 (196930.335.000) 2026-06-12 22:48:49 Job submitted from host: <155.230.23.73:9618?addrs=155.230.23.73-9618+[2407-c000-c024-0-20c-29ff-fe93-3763]-9618&alias=cms03.knu.ac.kr&noUDP&sock=schedd_1478_5d11>
...
040 (196930.335.000) 2026-06-12 23:51:57 Started transferring input files
	Transferring to host: <155.230.21.88:9618?addrs=155.230.21.88-9618+[2407-c000-c025--21-88]-9618&alias=cluster288.knu.ac.kr&noUDP&sock=slot1_6_1314_94ef_1725>
...
040 (196930.335.000) 2026-06-12 23:51:57 Finished transferring input files
...
001 (196930.335.000) 2026-06-12 23:51:58 Job executing on host: <155.230.21.88:9618?addrs=155.230.21.88-9618+[2407-c000-c025--21-88]-9618&alias=cluster288.knu.ac.kr&noUDP&sock=startd_1261_8503>
	SlotName: slot1_6@cluster288.knu.ac.kr
	CondorScratchDir = "/home/condor/dir_1013802"
	Cpus = 1
	Disk = 3783
	GPUs = 0
	Memory = 1100
...
006 (196930.335.000) 2026-06-12 23:52:12 Image size of job updated: 101444
	100  -  MemoryUsage of job (MB)
	101444  -  ResidentSetSize of job (KB)
...
006 (196930.335.000) 2026-06-12 23:57:13 Image size of job updated: 101776
	100  -  MemoryUsage of job (MB)
	101776  -  ResidentSetSize of job (KB)
...
006 (196930.335.000) 2026-06-13 00:02:14 Image size of job updated: 102128
	100  -  MemoryUsage of job (MB)
	102128  -  ResidentSetSize of job (KB)
...
006 (196930.335.000) 2026-06-13 00:07:14 Image size of job updated: 102268
	100  -  MemoryUsage of job (MB)
	102268  -  ResidentSetSize of job (KB)
...
006 (196930.335.000) 2026-06-13 00:07:21 Image size of job updated: 113308
	100  -  MemoryUsage of job (MB)
	102268  -  ResidentSetSize of job (KB)
...
040 (196930.335.000) 2026-06-13 00:07:21 Started transferring output files
...
040 (196930.335.000) 2026-06-13 00:07:21 Finished transferring output files
...
005 (196930.335.000) 2026-06-13 00:07:21 Job terminated.
	(1) Normal termination (return value 139)
		Usr 0 00:15:10, Sys 0 00:00:01  -  Run Remote Usage
		Usr 0 00:00:00, Sys 0 00:00:00  -  Run Local Usage
		Usr 0 00:15:10, Sys 0 00:00:01  -  Total Remote Usage
		Usr 0 00:00:00, Sys 0 00:00:00  -  Total Local Usage
	38181  -  Run Bytes Sent By Job
	1231206  -  Run Bytes Received By Job
	38181  -  Total Bytes Sent By Job
	1231206  -  Total Bytes Received By Job
	Partitionable Resources :    Usage  Request Allocated 
	   Cpus                 :     0.99        1         1 
	   Disk (KB)            :  1262        1250      3783 
	   GPUs                 :                           0 
	   Memory (MB)          :   100        1024      1100 
	   TimeExecute (s)      :   923                       
	   TimeSlotBusy (s)     :   924                       

	Job terminated of its own accord at 2026-06-12T15:07:21Z with exit-code 139.
...
