000 (196930.336.000) 2026-06-12 22:48:49 Job submitted from host: <155.230.23.73:9618?addrs=155.230.23.73-9618+[2407-c000-c024-0-20c-29ff-fe93-3763]-9618&alias=cms03.knu.ac.kr&noUDP&sock=schedd_1478_5d11>
...
040 (196930.336.000) 2026-06-12 23:51:57 Started transferring input files
	Transferring to host: <155.230.21.112:9618?addrs=155.230.21.112-9618+[2407-c000-c025--21-112]-9618&alias=cluster312.knu.ac.kr&noUDP&sock=slot1_22_1724_76bf_2178>
...
040 (196930.336.000) 2026-06-12 23:51:57 Finished transferring input files
...
001 (196930.336.000) 2026-06-12 23:51:58 Job executing on host: <155.230.21.112:9618?addrs=155.230.21.112-9618+[2407-c000-c025--21-112]-9618&alias=cluster312.knu.ac.kr&noUDP&sock=startd_1671_bed8>
	SlotName: slot1_22@cluster312.knu.ac.kr
	CondorScratchDir = "/home/condor/dir_3137261"
	Cpus = 1
	Disk = 3855
	GPUs = 0
	Memory = 1100
...
006 (196930.336.000) 2026-06-12 23:52:12 Image size of job updated: 100172
	98  -  MemoryUsage of job (MB)
	100172  -  ResidentSetSize of job (KB)
...
006 (196930.336.000) 2026-06-12 23:57:13 Image size of job updated: 101052
	99  -  MemoryUsage of job (MB)
	101052  -  ResidentSetSize of job (KB)
...
006 (196930.336.000) 2026-06-13 00:02:14 Image size of job updated: 101680
	100  -  MemoryUsage of job (MB)
	101680  -  ResidentSetSize of job (KB)
...
006 (196930.336.000) 2026-06-13 00:07:14 Image size of job updated: 102432
	101  -  MemoryUsage of job (MB)
	102432  -  ResidentSetSize of job (KB)
...
006 (196930.336.000) 2026-06-13 00:09:32 Image size of job updated: 186704
	101  -  MemoryUsage of job (MB)
	102432  -  ResidentSetSize of job (KB)
...
040 (196930.336.000) 2026-06-13 00:09:32 Started transferring output files
...
040 (196930.336.000) 2026-06-13 00:09:32 Finished transferring output files
...
005 (196930.336.000) 2026-06-13 00:09:32 Job terminated.
	(1) Normal termination (return value 139)
		Usr 0 00:17:27, Sys 0 00:00:01  -  Run Remote Usage
		Usr 0 00:00:00, Sys 0 00:00:00  -  Run Local Usage
		Usr 0 00:17:27, Sys 0 00:00:01  -  Total Remote Usage
		Usr 0 00:00:00, Sys 0 00:00:00  -  Total Local Usage
	38183  -  Run Bytes Sent By Job
	1231206  -  Run Bytes Received By Job
	38183  -  Total Bytes Sent By Job
	1231206  -  Total Bytes Received By Job
	Partitionable Resources :    Usage  Request Allocated 
	   Cpus                 :     1.00        1         1 
	   Disk (KB)            :  1262        1250      3855 
	   GPUs                 :                           0 
	   Memory (MB)          :   101        1024      1100 
	   TimeExecute (s)      :  1054                       
	   TimeSlotBusy (s)     :  1055                       

	Job terminated of its own accord at 2026-06-12T15:09:32Z with exit-code 139.
...
