000 (196930.337.000) 2026-06-12 22:48:49 Job submitted from host: <155.230.23.73:9618?addrs=155.230.23.73-9618+[2407-c000-c024-0-20c-29ff-fe93-3763]-9618&alias=cms03.knu.ac.kr&noUDP&sock=schedd_1478_5d11>
...
040 (196930.337.000) 2026-06-12 23:51:57 Started transferring input files
	Transferring to host: <155.230.21.129:9618?addrs=155.230.21.129-9618+[2407-c000-c025--21-129]-9618&alias=cluster329.knu.ac.kr&noUDP&sock=slot1_12_1639_92dc_2337>
...
040 (196930.337.000) 2026-06-12 23:51:57 Finished transferring input files
...
001 (196930.337.000) 2026-06-12 23:51:58 Job executing on host: <155.230.21.129:9618?addrs=155.230.21.129-9618+[2407-c000-c025--21-129]-9618&alias=cluster329.knu.ac.kr&noUDP&sock=startd_1567_68fe>
	SlotName: slot1_12@cluster329.knu.ac.kr
	CondorScratchDir = "/home/condor/dir_1951122"
	Cpus = 1
	Disk = 3857
	GPUs = 0
	Memory = 1100
...
006 (196930.337.000) 2026-06-12 23:52:12 Image size of job updated: 101064
	99  -  MemoryUsage of job (MB)
	101064  -  ResidentSetSize of job (KB)
...
006 (196930.337.000) 2026-06-12 23:57:13 Image size of job updated: 102064
	100  -  MemoryUsage of job (MB)
	102064  -  ResidentSetSize of job (KB)
...
006 (196930.337.000) 2026-06-12 23:59:27 Image size of job updated: 102792
	100  -  MemoryUsage of job (MB)
	102064  -  ResidentSetSize of job (KB)
...
040 (196930.337.000) 2026-06-12 23:59:27 Started transferring output files
...
040 (196930.337.000) 2026-06-12 23:59:27 Finished transferring output files
...
005 (196930.337.000) 2026-06-12 23:59:27 Job terminated.
	(1) Normal termination (return value 139)
		Usr 0 00:07:22, Sys 0 00:00:01  -  Run Remote Usage
		Usr 0 00:00:00, Sys 0 00:00:00  -  Run Local Usage
		Usr 0 00:07:22, Sys 0 00:00:01  -  Total Remote Usage
		Usr 0 00:00:00, Sys 0 00:00:00  -  Total Local Usage
	38181  -  Run Bytes Sent By Job
	1231206  -  Run Bytes Received By Job
	38181  -  Total Bytes Sent By Job
	1231206  -  Total Bytes Received By Job
	Partitionable Resources :    Usage  Request Allocated 
	   Cpus                 :     0.99        1         1 
	   Disk (KB)            :  1262        1250      3857 
	   GPUs                 :                           0 
	   Memory (MB)          :   100        1024      1100 
	   TimeExecute (s)      :   449                       
	   TimeSlotBusy (s)     :   450                       

	Job terminated of its own accord at 2026-06-12T14:59:27Z with exit-code 139.
...
