000 (196930.344.000) 2026-06-12 22:48:49 Job submitted from host: <155.230.23.73:9618?addrs=155.230.23.73-9618+[2407-c000-c024-0-20c-29ff-fe93-3763]-9618&alias=cms03.knu.ac.kr&noUDP&sock=schedd_1478_5d11>
...
040 (196930.344.000) 2026-06-12 23:52:55 Started transferring input files
	Transferring to host: <155.230.21.116:9618?addrs=155.230.21.116-9618+[2407-c000-c025--21-116]-9618&alias=cluster316.knu.ac.kr&noUDP&sock=slot1_7_1621_e41b_2896>
...
040 (196930.344.000) 2026-06-12 23:52:55 Finished transferring input files
...
001 (196930.344.000) 2026-06-12 23:52:56 Job executing on host: <155.230.21.116:9618?addrs=155.230.21.116-9618+[2407-c000-c025--21-116]-9618&alias=cluster316.knu.ac.kr&noUDP&sock=startd_1583_6282>
	SlotName: slot1_7@cluster316.knu.ac.kr
	CondorScratchDir = "/home/condor/dir_1265281"
	Cpus = 1
	Disk = 3860
	GPUs = 0
	Memory = 1100
...
006 (196930.344.000) 2026-06-12 23:53:10 Image size of job updated: 99332
	98  -  MemoryUsage of job (MB)
	99332  -  ResidentSetSize of job (KB)
...
006 (196930.344.000) 2026-06-12 23:58:11 Image size of job updated: 99576
	98  -  MemoryUsage of job (MB)
	99576  -  ResidentSetSize of job (KB)
...
006 (196930.344.000) 2026-06-13 00:03:11 Image size of job updated: 100364
	99  -  MemoryUsage of job (MB)
	100364  -  ResidentSetSize of job (KB)
...
006 (196930.344.000) 2026-06-13 00:08:11 Image size of job updated: 100568
	99  -  MemoryUsage of job (MB)
	100568  -  ResidentSetSize of job (KB)
...
006 (196930.344.000) 2026-06-13 00:11:56 Image size of job updated: 219164
	99  -  MemoryUsage of job (MB)
	100568  -  ResidentSetSize of job (KB)
...
040 (196930.344.000) 2026-06-13 00:11:56 Started transferring output files
...
040 (196930.344.000) 2026-06-13 00:11:56 Finished transferring output files
...
005 (196930.344.000) 2026-06-13 00:11:56 Job terminated.
	(1) Normal termination (return value 139)
		Usr 0 00:18:45, Sys 0 00:00:01  -  Run Remote Usage
		Usr 0 00:00:00, Sys 0 00:00:00  -  Run Local Usage
		Usr 0 00:18:45, Sys 0 00:00:01  -  Total Remote Usage
		Usr 0 00:00:00, Sys 0 00:00:00  -  Total Local Usage
	38183  -  Run Bytes Sent By Job
	1231206  -  Run Bytes Received By Job
	38183  -  Total Bytes Sent By Job
	1231206  -  Total Bytes Received By Job
	Partitionable Resources :    Usage  Request Allocated 
	   Cpus                 :     0.99        1         1 
	   Disk (KB)            :  1262        1250      3860 
	   GPUs                 :                           0 
	   Memory (MB)          :    99        1024      1100 
	   TimeExecute (s)      :  1140                       
	   TimeSlotBusy (s)     :  1141                       

	Job terminated of its own accord at 2026-06-12T15:11:56Z with exit-code 139.
...
