000 (196930.351.000) 2026-06-12 22:48:49 Job submitted from host: <155.230.23.73:9618?addrs=155.230.23.73-9618+[2407-c000-c024-0-20c-29ff-fe93-3763]-9618&alias=cms03.knu.ac.kr&noUDP&sock=schedd_1478_5d11>
...
040 (196930.351.000) 2026-06-12 23:53:55 Started transferring input files
	Transferring to host: <155.230.21.86:9618?addrs=155.230.21.86-9618+[2407-c000-c025--21-86]-9618&alias=cluster286.knu.ac.kr&noUDP&sock=slot1_8_1324_a0af_1907>
...
040 (196930.351.000) 2026-06-12 23:53:55 Finished transferring input files
...
001 (196930.351.000) 2026-06-12 23:53:56 Job executing on host: <155.230.21.86:9618?addrs=155.230.21.86-9618+[2407-c000-c025--21-86]-9618&alias=cluster286.knu.ac.kr&noUDP&sock=startd_1271_60f6>
	SlotName: slot1_8@cluster286.knu.ac.kr
	CondorScratchDir = "/home/condor/dir_2257946"
	Cpus = 1
	Disk = 3845
	GPUs = 0
	Memory = 1100
...
006 (196930.351.000) 2026-06-12 23:54:10 Image size of job updated: 100512
	99  -  MemoryUsage of job (MB)
	100512  -  ResidentSetSize of job (KB)
...
006 (196930.351.000) 2026-06-12 23:59:11 Image size of job updated: 102072
	100  -  MemoryUsage of job (MB)
	102072  -  ResidentSetSize of job (KB)
...
006 (196930.351.000) 2026-06-13 00:04:12 Image size of job updated: 102720
	101  -  MemoryUsage of job (MB)
	102720  -  ResidentSetSize of job (KB)
...
006 (196930.351.000) 2026-06-13 00:09:12 Image size of job updated: 102872
	101  -  MemoryUsage of job (MB)
	102872  -  ResidentSetSize of job (KB)
...
006 (196930.351.000) 2026-06-13 00:10:19 Image size of job updated: 290688
	101  -  MemoryUsage of job (MB)
	102872  -  ResidentSetSize of job (KB)
...
040 (196930.351.000) 2026-06-13 00:10:19 Started transferring output files
...
040 (196930.351.000) 2026-06-13 00:10:19 Finished transferring output files
...
005 (196930.351.000) 2026-06-13 00:10:19 Job terminated.
	(1) Normal termination (return value 139)
		Usr 0 00:16:07, Sys 0 00:00:01  -  Run Remote Usage
		Usr 0 00:00:00, Sys 0 00:00:00  -  Run Local Usage
		Usr 0 00:16:07, Sys 0 00:00:01  -  Total Remote Usage
		Usr 0 00:00:00, Sys 0 00:00:00  -  Total Local Usage
	38181  -  Run Bytes Sent By Job
	1231206  -  Run Bytes Received By Job
	38181  -  Total Bytes Sent By Job
	1231206  -  Total Bytes Received By Job
	Partitionable Resources :    Usage  Request Allocated 
	   Cpus                 :     0.99        1         1 
	   Disk (KB)            :  1262        1250      3845 
	   GPUs                 :                           0 
	   Memory (MB)          :   101        1024      1100 
	   TimeExecute (s)      :   983                       
	   TimeSlotBusy (s)     :   984                       

	Job terminated of its own accord at 2026-06-12T15:10:19Z with exit-code 139.
...
