000 (196930.357.000) 2026-06-12 22:48:49 Job submitted from host: <155.230.23.73:9618?addrs=155.230.23.73-9618+[2407-c000-c024-0-20c-29ff-fe93-3763]-9618&alias=cms03.knu.ac.kr&noUDP&sock=schedd_1478_5d11>
...
040 (196930.357.000) 2026-06-12 23:54:02 Started transferring input files
	Transferring to host: <155.230.21.108:9618?addrs=155.230.21.108-9618+[2407-c000-c025--21-108]-9618&alias=cluster308.knu.ac.kr&noUDP&sock=slot1_4_1782_5482_2370>
...
040 (196930.357.000) 2026-06-12 23:54:02 Finished transferring input files
...
001 (196930.357.000) 2026-06-12 23:54:03 Job executing on host: <155.230.21.108:9618?addrs=155.230.21.108-9618+[2407-c000-c025--21-108]-9618&alias=cluster308.knu.ac.kr&noUDP&sock=startd_1719_ab64>
	SlotName: slot1_4@cluster308.knu.ac.kr
	CondorScratchDir = "/home/condor/dir_3320763"
	Cpus = 1
	Disk = 3782
	GPUs = 0
	Memory = 1100
...
006 (196930.357.000) 2026-06-12 23:54:16 Image size of job updated: 98908
	97  -  MemoryUsage of job (MB)
	98908  -  ResidentSetSize of job (KB)
...
006 (196930.357.000) 2026-06-12 23:59:16 Image size of job updated: 101128
	99  -  MemoryUsage of job (MB)
	101128  -  ResidentSetSize of job (KB)
...
006 (196930.357.000) 2026-06-13 00:04:16 Image size of job updated: 101964
	100  -  MemoryUsage of job (MB)
	101964  -  ResidentSetSize of job (KB)
...
006 (196930.357.000) 2026-06-13 00:09:17 Image size of job updated: 102304
	100  -  MemoryUsage of job (MB)
	102304  -  ResidentSetSize of job (KB)
...
006 (196930.357.000) 2026-06-13 00:13:59 Image size of job updated: 102396
	100  -  MemoryUsage of job (MB)
	102304  -  ResidentSetSize of job (KB)
...
040 (196930.357.000) 2026-06-13 00:13:59 Started transferring output files
...
040 (196930.357.000) 2026-06-13 00:13:59 Finished transferring output files
...
005 (196930.357.000) 2026-06-13 00:13:59 Job terminated.
	(1) Normal termination (return value 139)
		Usr 0 00:19:43, Sys 0 00:00:01  -  Run Remote Usage
		Usr 0 00:00:00, Sys 0 00:00:00  -  Run Local Usage
		Usr 0 00:19:43, Sys 0 00:00:01  -  Total Remote Usage
		Usr 0 00:00:00, Sys 0 00:00:00  -  Total Local Usage
	38183  -  Run Bytes Sent By Job
	1231206  -  Run Bytes Received By Job
	38183  -  Total Bytes Sent By Job
	1231206  -  Total Bytes Received By Job
	Partitionable Resources :    Usage  Request Allocated 
	   Cpus                 :     0.99        1         1 
	   Disk (KB)            :  1262        1250      3782 
	   GPUs                 :                           0 
	   Memory (MB)          :   100        1024      1100 
	   TimeExecute (s)      :  1196                       
	   TimeSlotBusy (s)     :  1198                       

	Job terminated of its own accord at 2026-06-12T15:13:59Z with exit-code 139.
...
