000 (196930.036.000) 2026-06-12 22:48:48 Job submitted from host: <155.230.23.73:9618?addrs=155.230.23.73-9618+[2407-c000-c024-0-20c-29ff-fe93-3763]-9618&alias=cms03.knu.ac.kr&noUDP&sock=schedd_1478_5d11>
...
040 (196930.036.000) 2026-06-12 23:04:22 Started transferring input files
	Transferring to host: <155.230.21.108:9618?addrs=155.230.21.108-9618+[2407-c000-c025--21-108]-9618&alias=cluster308.knu.ac.kr&noUDP&sock=slot1_4_1782_5482_2354>
...
040 (196930.036.000) 2026-06-12 23:04:22 Finished transferring input files
...
001 (196930.036.000) 2026-06-12 23:04:23 Job executing on host: <155.230.21.108:9618?addrs=155.230.21.108-9618+[2407-c000-c025--21-108]-9618&alias=cluster308.knu.ac.kr&noUDP&sock=startd_1719_ab64>
	SlotName: slot1_4@cluster308.knu.ac.kr
	CondorScratchDir = "/home/condor/dir_3317276"
	Cpus = 1
	Disk = 3782
	GPUs = 0
	Memory = 1100
...
006 (196930.036.000) 2026-06-12 23:04:36 Image size of job updated: 99860
	98  -  MemoryUsage of job (MB)
	99860  -  ResidentSetSize of job (KB)
...
006 (196930.036.000) 2026-06-12 23:09:36 Image size of job updated: 101904
	100  -  MemoryUsage of job (MB)
	101904  -  ResidentSetSize of job (KB)
...
006 (196930.036.000) 2026-06-12 23:14:37 Image size of job updated: 102252
	100  -  MemoryUsage of job (MB)
	102252  -  ResidentSetSize of job (KB)
...
006 (196930.036.000) 2026-06-12 23:19:38 Image size of job updated: 102376
	100  -  MemoryUsage of job (MB)
	102376  -  ResidentSetSize of job (KB)
...
006 (196930.036.000) 2026-06-12 23:20:59 Image size of job updated: 326312
	100  -  MemoryUsage of job (MB)
	102376  -  ResidentSetSize of job (KB)
...
040 (196930.036.000) 2026-06-12 23:20:59 Started transferring output files
...
040 (196930.036.000) 2026-06-12 23:20:59 Finished transferring output files
...
005 (196930.036.000) 2026-06-12 23:20:59 Job terminated.
	(1) Normal termination (return value 139)
		Usr 0 00:16:24, Sys 0 00:00:01  -  Run Remote Usage
		Usr 0 00:00:00, Sys 0 00:00:00  -  Run Local Usage
		Usr 0 00:16:24, Sys 0 00:00:01  -  Total Remote Usage
		Usr 0 00:00:00, Sys 0 00:00:00  -  Total Local Usage
	38181  -  Run Bytes Sent By Job
	1231206  -  Run Bytes Received By Job
	38181  -  Total Bytes Sent By Job
	1231206  -  Total Bytes Received By Job
	Partitionable Resources :    Usage  Request Allocated 
	   Cpus                 :     0.99        1         1 
	   Disk (KB)            :  1262        1250      3782 
	   GPUs                 :                           0 
	   Memory (MB)          :   100        1024      1100 
	   TimeExecute (s)      :   996                       
	   TimeSlotBusy (s)     :   997                       

	Job terminated of its own accord at 2026-06-12T14:20:59Z with exit-code 139.
...
