000 (196930.360.000) 2026-06-12 22:48:49 Job submitted from host: <155.230.23.73:9618?addrs=155.230.23.73-9618+[2407-c000-c024-0-20c-29ff-fe93-3763]-9618&alias=cms03.knu.ac.kr&noUDP&sock=schedd_1478_5d11>
...
040 (196930.360.000) 2026-06-12 23:54:53 Started transferring input files
	Transferring to host: <155.230.21.94:9618?addrs=155.230.21.94-9618+[2407-c000-c025--21-94]-9618&alias=cluster294.knu.ac.kr&noUDP&sock=slot1_3_1331_8f4f_2048>
...
040 (196930.360.000) 2026-06-12 23:54:53 Finished transferring input files
...
001 (196930.360.000) 2026-06-12 23:54:55 Job executing on host: <155.230.21.94:9618?addrs=155.230.21.94-9618+[2407-c000-c025--21-94]-9618&alias=cluster294.knu.ac.kr&noUDP&sock=startd_1271_60f6>
	SlotName: slot1_3@cluster294.knu.ac.kr
	CondorScratchDir = "/home/condor/dir_2124393"
	Cpus = 1
	Disk = 3859
	GPUs = 0
	Memory = 1100
...
006 (196930.360.000) 2026-06-12 23:55:08 Image size of job updated: 99792
	98  -  MemoryUsage of job (MB)
	99792  -  ResidentSetSize of job (KB)
...
006 (196930.360.000) 2026-06-13 00:00:08 Image size of job updated: 101548
	100  -  MemoryUsage of job (MB)
	101548  -  ResidentSetSize of job (KB)
...
006 (196930.360.000) 2026-06-13 00:05:08 Image size of job updated: 101908
	100  -  MemoryUsage of job (MB)
	101908  -  ResidentSetSize of job (KB)
...
006 (196930.360.000) 2026-06-13 00:10:09 Image size of job updated: 102060
	100  -  MemoryUsage of job (MB)
	102060  -  ResidentSetSize of job (KB)
...
006 (196930.360.000) 2026-06-13 00:10:50 Image size of job updated: 112184
	100  -  MemoryUsage of job (MB)
	102060  -  ResidentSetSize of job (KB)
...
040 (196930.360.000) 2026-06-13 00:10:50 Started transferring output files
...
040 (196930.360.000) 2026-06-13 00:10:50 Finished transferring output files
...
005 (196930.360.000) 2026-06-13 00:10:50 Job terminated.
	(1) Normal termination (return value 139)
		Usr 0 00:15:40, Sys 0 00:00:01  -  Run Remote Usage
		Usr 0 00:00:00, Sys 0 00:00:00  -  Run Local Usage
		Usr 0 00:15:40, Sys 0 00:00:01  -  Total Remote Usage
		Usr 0 00:00:00, Sys 0 00:00:00  -  Total Local Usage
	38181  -  Run Bytes Sent By Job
	1231206  -  Run Bytes Received By Job
	38181  -  Total Bytes Sent By Job
	1231206  -  Total Bytes Received By Job
	Partitionable Resources :    Usage  Request Allocated 
	   Cpus                 :     0.99        1         1 
	   Disk (KB)            :  1262        1250      3859 
	   GPUs                 :                           0 
	   Memory (MB)          :   100        1024      1100 
	   TimeExecute (s)      :   956                       
	   TimeSlotBusy (s)     :   957                       

	Job terminated of its own accord at 2026-06-12T15:10:50Z with exit-code 139.
...
