000 (196930.362.000) 2026-06-12 22:48:49 Job submitted from host: <155.230.23.73:9618?addrs=155.230.23.73-9618+[2407-c000-c024-0-20c-29ff-fe93-3763]-9618&alias=cms03.knu.ac.kr&noUDP&sock=schedd_1478_5d11>
...
040 (196930.362.000) 2026-06-12 23:54:55 Started transferring input files
	Transferring to host: <155.230.21.112:9618?addrs=155.230.21.112-9618+[2407-c000-c025--21-112]-9618&alias=cluster312.knu.ac.kr&noUDP&sock=slot1_30_1724_76bf_2180>
...
040 (196930.362.000) 2026-06-12 23:54:55 Finished transferring input files
...
001 (196930.362.000) 2026-06-12 23:54:56 Job executing on host: <155.230.21.112:9618?addrs=155.230.21.112-9618+[2407-c000-c025--21-112]-9618&alias=cluster312.knu.ac.kr&noUDP&sock=startd_1671_bed8>
	SlotName: slot1_30@cluster312.knu.ac.kr
	CondorScratchDir = "/home/condor/dir_3137555"
	Cpus = 1
	Disk = 3855
	GPUs = 0
	Memory = 1100
...
006 (196930.362.000) 2026-06-12 23:55:09 Image size of job updated: 98596
	97  -  MemoryUsage of job (MB)
	98596  -  ResidentSetSize of job (KB)
...
006 (196930.362.000) 2026-06-13 00:00:09 Image size of job updated: 99484
	98  -  MemoryUsage of job (MB)
	99484  -  ResidentSetSize of job (KB)
...
006 (196930.362.000) 2026-06-13 00:05:10 Image size of job updated: 99852
	98  -  MemoryUsage of job (MB)
	99852  -  ResidentSetSize of job (KB)
...
006 (196930.362.000) 2026-06-13 00:10:11 Image size of job updated: 100136
	98  -  MemoryUsage of job (MB)
	100136  -  ResidentSetSize of job (KB)
...
006 (196930.362.000) 2026-06-13 00:11:41 Image size of job updated: 122736
	98  -  MemoryUsage of job (MB)
	100136  -  ResidentSetSize of job (KB)
...
040 (196930.362.000) 2026-06-13 00:11:41 Started transferring output files
...
040 (196930.362.000) 2026-06-13 00:11:41 Finished transferring output files
...
005 (196930.362.000) 2026-06-13 00:11:41 Job terminated.
	(1) Normal termination (return value 139)
		Usr 0 00:16:38, Sys 0 00:00:01  -  Run Remote Usage
		Usr 0 00:00:00, Sys 0 00:00:00  -  Run Local Usage
		Usr 0 00:16:38, Sys 0 00:00:01  -  Total Remote Usage
		Usr 0 00:00:00, Sys 0 00:00:00  -  Total Local Usage
	38181  -  Run Bytes Sent By Job
	1231206  -  Run Bytes Received By Job
	38181  -  Total Bytes Sent By Job
	1231206  -  Total Bytes Received By Job
	Partitionable Resources :    Usage  Request Allocated 
	   Cpus                 :     1.00        1         1 
	   Disk (KB)            :  1262        1250      3855 
	   GPUs                 :                           0 
	   Memory (MB)          :    98        1024      1100 
	   TimeExecute (s)      :  1005                       
	   TimeSlotBusy (s)     :  1006                       

	Job terminated of its own accord at 2026-06-12T15:11:41Z with exit-code 139.
...
