000 (196930.365.000) 2026-06-12 22:48:49 Job submitted from host: <155.230.23.73:9618?addrs=155.230.23.73-9618+[2407-c000-c024-0-20c-29ff-fe93-3763]-9618&alias=cms03.knu.ac.kr&noUDP&sock=schedd_1478_5d11>
...
040 (196930.365.000) 2026-06-12 23:54:56 Started transferring input files
	Transferring to host: <155.230.21.146:9618?addrs=155.230.21.146-9618+[2407-c000-c025--21-146]-9618&alias=cluster346.knu.ac.kr&noUDP&sock=slot1_7_2315_e077_2713>
...
040 (196930.365.000) 2026-06-12 23:54:56 Finished transferring input files
...
001 (196930.365.000) 2026-06-12 23:54:57 Job executing on host: <155.230.21.146:9618?addrs=155.230.21.146-9618+[2407-c000-c025--21-146]-9618&alias=cluster346.knu.ac.kr&noUDP&sock=startd_2130_94d0>
	SlotName: slot1_7@cluster346.knu.ac.kr
	CondorScratchDir = "/home/condor/dir_2009249"
	Cpus = 1
	Disk = 3072
	GPUs = 0
	Memory = 1100
...
006 (196930.365.000) 2026-06-12 23:55:10 Image size of job updated: 100092
	98  -  MemoryUsage of job (MB)
	100092  -  ResidentSetSize of job (KB)
...
006 (196930.365.000) 2026-06-13 00:00:10 Image size of job updated: 102292
	100  -  MemoryUsage of job (MB)
	102292  -  ResidentSetSize of job (KB)
...
006 (196930.365.000) 2026-06-13 00:02:33 Image size of job updated: 429316
	100  -  MemoryUsage of job (MB)
	102292  -  ResidentSetSize of job (KB)
...
040 (196930.365.000) 2026-06-13 00:02:35 Started transferring output files
...
040 (196930.365.000) 2026-06-13 00:02:35 Finished transferring output files
...
005 (196930.365.000) 2026-06-13 00:02:35 Job terminated.
	(1) Normal termination (return value 139)
		Usr 0 00:07:28, Sys 0 00:00:01  -  Run Remote Usage
		Usr 0 00:00:00, Sys 0 00:00:00  -  Run Local Usage
		Usr 0 00:07:28, Sys 0 00:00:01  -  Total Remote Usage
		Usr 0 00:00:00, Sys 0 00:00:00  -  Total Local Usage
	38181  -  Run Bytes Sent By Job
	1231206  -  Run Bytes Received By Job
	38181  -  Total Bytes Sent By Job
	1231206  -  Total Bytes Received By Job
	Partitionable Resources :    Usage  Request Allocated 
	   Cpus                 :     0.99        1         1 
	   Disk (KB)            :  1262        1250      3072 
	   GPUs                 :                           0 
	   Memory (MB)          :   100        1024      1100 
	   TimeExecute (s)      :   456                       
	   TimeSlotBusy (s)     :   459                       

	Job terminated of its own accord at 2026-06-12T15:02:33Z with exit-code 139.
...
