000 (196930.369.000) 2026-06-12 22:48:49 Job submitted from host: <155.230.23.73:9618?addrs=155.230.23.73-9618+[2407-c000-c024-0-20c-29ff-fe93-3763]-9618&alias=cms03.knu.ac.kr&noUDP&sock=schedd_1478_5d11>
...
040 (196930.369.000) 2026-06-12 23:55:14 Started transferring input files
	Transferring to host: <155.230.21.109:9618?addrs=155.230.21.109-9618+[2407-c000-c025--21-109]-9618&alias=cluster309.knu.ac.kr&noUDP&sock=slot1_29_1776_1a41_2377>
...
040 (196930.369.000) 2026-06-12 23:55:14 Finished transferring input files
...
001 (196930.369.000) 2026-06-12 23:55:15 Job executing on host: <155.230.21.109:9618?addrs=155.230.21.109-9618+[2407-c000-c025--21-109]-9618&alias=cluster309.knu.ac.kr&noUDP&sock=startd_1699_f37f>
	SlotName: slot1_29@cluster309.knu.ac.kr
	CondorScratchDir = "/home/condor/dir_2801785"
	Cpus = 1
	Disk = 3839
	GPUs = 0
	Memory = 1100
...
006 (196930.369.000) 2026-06-12 23:55:28 Image size of job updated: 98720
	97  -  MemoryUsage of job (MB)
	98720  -  ResidentSetSize of job (KB)
...
006 (196930.369.000) 2026-06-13 00:00:28 Image size of job updated: 100132
	98  -  MemoryUsage of job (MB)
	100132  -  ResidentSetSize of job (KB)
...
006 (196930.369.000) 2026-06-13 00:05:29 Image size of job updated: 100484
	99  -  MemoryUsage of job (MB)
	100484  -  ResidentSetSize of job (KB)
...
006 (196930.369.000) 2026-06-13 00:08:50 Image size of job updated: 100556
	99  -  MemoryUsage of job (MB)
	100484  -  ResidentSetSize of job (KB)
...
040 (196930.369.000) 2026-06-13 00:08:51 Started transferring output files
...
040 (196930.369.000) 2026-06-13 00:08:51 Finished transferring output files
...
005 (196930.369.000) 2026-06-13 00:08:51 Job terminated.
	(1) Normal termination (return value 139)
		Usr 0 00:13:30, Sys 0 00:00:01  -  Run Remote Usage
		Usr 0 00:00:00, Sys 0 00:00:00  -  Run Local Usage
		Usr 0 00:13:30, Sys 0 00:00:01  -  Total Remote Usage
		Usr 0 00:00:00, Sys 0 00:00:00  -  Total Local Usage
	38181  -  Run Bytes Sent By Job
	1231206  -  Run Bytes Received By Job
	38181  -  Total Bytes Sent By Job
	1231206  -  Total Bytes Received By Job
	Partitionable Resources :    Usage  Request Allocated 
	   Cpus                 :     1.00        1         1 
	   Disk (KB)            :  1262        1250      3839 
	   GPUs                 :                           0 
	   Memory (MB)          :    99        1024      1100 
	   TimeExecute (s)      :   815                       
	   TimeSlotBusy (s)     :   817                       

	Job terminated of its own accord at 2026-06-12T15:08:50Z with exit-code 139.
...
