000 (196930.371.000) 2026-06-12 22:48:49 Job submitted from host: <155.230.23.73:9618?addrs=155.230.23.73-9618+[2407-c000-c024-0-20c-29ff-fe93-3763]-9618&alias=cms03.knu.ac.kr&noUDP&sock=schedd_1478_5d11>
...
040 (196930.371.000) 2026-06-12 23:56:14 Started transferring input files
	Transferring to host: <155.230.21.97:9618?addrs=155.230.21.97-9618+[2407-c000-c025--21-97]-9618&alias=cluster297.knu.ac.kr&noUDP&sock=slot1_7_1112_4126_1602>
...
040 (196930.371.000) 2026-06-12 23:56:14 Finished transferring input files
...
001 (196930.371.000) 2026-06-12 23:56:15 Job executing on host: <155.230.21.97:9618?addrs=155.230.21.97-9618+[2407-c000-c025--21-97]-9618&alias=cluster297.knu.ac.kr&noUDP&sock=startd_1064_64db>
	SlotName: slot1_7@cluster297.knu.ac.kr
	CondorScratchDir = "/home/condor/dir_608936"
	Cpus = 1
	Disk = 3072
	GPUs = 0
	Memory = 1100
...
006 (196930.371.000) 2026-06-12 23:56:29 Image size of job updated: 99696
	98  -  MemoryUsage of job (MB)
	99696  -  ResidentSetSize of job (KB)
...
006 (196930.371.000) 2026-06-13 00:01:30 Image size of job updated: 101052
	99  -  MemoryUsage of job (MB)
	101052  -  ResidentSetSize of job (KB)
...
006 (196930.371.000) 2026-06-13 00:06:30 Image size of job updated: 101396
	100  -  MemoryUsage of job (MB)
	101396  -  ResidentSetSize of job (KB)
...
006 (196930.371.000) 2026-06-13 00:11:31 Image size of job updated: 101704
	100  -  MemoryUsage of job (MB)
	101704  -  ResidentSetSize of job (KB)
...
006 (196930.371.000) 2026-06-13 00:16:32 Image size of job updated: 101816
	100  -  MemoryUsage of job (MB)
	101816  -  ResidentSetSize of job (KB)
...
006 (196930.371.000) 2026-06-13 00:19:19 Image size of job updated: 309084
	100  -  MemoryUsage of job (MB)
	101816  -  ResidentSetSize of job (KB)
...
040 (196930.371.000) 2026-06-13 00:19:19 Started transferring output files
...
040 (196930.371.000) 2026-06-13 00:19:19 Finished transferring output files
...
005 (196930.371.000) 2026-06-13 00:19:19 Job terminated.
	(1) Normal termination (return value 139)
		Usr 0 00:22:40, Sys 0 00:00:02  -  Run Remote Usage
		Usr 0 00:00:00, Sys 0 00:00:00  -  Run Local Usage
		Usr 0 00:22:40, Sys 0 00:00:02  -  Total Remote Usage
		Usr 0 00:00:00, Sys 0 00:00:00  -  Total Local Usage
	38183  -  Run Bytes Sent By Job
	1231206  -  Run Bytes Received By Job
	38183  -  Total Bytes Sent By Job
	1231206  -  Total Bytes Received By Job
	Partitionable Resources :    Usage  Request Allocated 
	   Cpus                 :     0.99        1         1 
	   Disk (KB)            :  1262        1250      3072 
	   GPUs                 :                           0 
	   Memory (MB)          :   100        1024      1100 
	   TimeExecute (s)      :  1384                       
	   TimeSlotBusy (s)     :  1385                       

	Job terminated of its own accord at 2026-06-12T15:19:19Z with exit-code 139.
...
