000 (196930.038.000) 2026-06-12 22:48:48 Job submitted from host: <155.230.23.73:9618?addrs=155.230.23.73-9618+[2407-c000-c024-0-20c-29ff-fe93-3763]-9618&alias=cms03.knu.ac.kr&noUDP&sock=schedd_1478_5d11>
...
040 (196930.038.000) 2026-06-12 23:05:03 Started transferring input files
	Transferring to host: <155.230.21.90:9618?addrs=155.230.21.90-9618+[2407-c000-c025--21-90]-9618&alias=cluster290.knu.ac.kr&noUDP&sock=slot1_3_1349_3e10_1894>
...
040 (196930.038.000) 2026-06-12 23:05:03 Finished transferring input files
...
001 (196930.038.000) 2026-06-12 23:05:04 Job executing on host: <155.230.21.90:9618?addrs=155.230.21.90-9618+[2407-c000-c025--21-90]-9618&alias=cluster290.knu.ac.kr&noUDP&sock=startd_1294_27a3>
	SlotName: slot1_3@cluster290.knu.ac.kr
	CondorScratchDir = "/home/condor/dir_2299510"
	Cpus = 1
	Disk = 3859
	GPUs = 0
	Memory = 1100
...
006 (196930.038.000) 2026-06-12 23:05:18 Image size of job updated: 57976
	57  -  MemoryUsage of job (MB)
	57976  -  ResidentSetSize of job (KB)
...
006 (196930.038.000) 2026-06-12 23:10:19 Image size of job updated: 101168
	99  -  MemoryUsage of job (MB)
	101168  -  ResidentSetSize of job (KB)
...
006 (196930.038.000) 2026-06-12 23:15:19 Image size of job updated: 102408
	101  -  MemoryUsage of job (MB)
	102408  -  ResidentSetSize of job (KB)
...
006 (196930.038.000) 2026-06-12 23:20:04 Image size of job updated: 115680
	101  -  MemoryUsage of job (MB)
	102408  -  ResidentSetSize of job (KB)
...
040 (196930.038.000) 2026-06-12 23:20:04 Started transferring output files
...
040 (196930.038.000) 2026-06-12 23:20:05 Finished transferring output files
...
005 (196930.038.000) 2026-06-12 23:20:05 Job terminated.
	(1) Normal termination (return value 139)
		Usr 0 00:14:37, Sys 0 00:00:01  -  Run Remote Usage
		Usr 0 00:00:00, Sys 0 00:00:00  -  Run Local Usage
		Usr 0 00:14:37, Sys 0 00:00:01  -  Total Remote Usage
		Usr 0 00:00:00, Sys 0 00:00:00  -  Total Local Usage
	38181  -  Run Bytes Sent By Job
	1231206  -  Run Bytes Received By Job
	38181  -  Total Bytes Sent By Job
	1231206  -  Total Bytes Received By Job
	Partitionable Resources :    Usage  Request Allocated 
	   Cpus                 :     0.99        1         1 
	   Disk (KB)            :  1262        1250      3859 
	   GPUs                 :                           0 
	   Memory (MB)          :   101        1024      1100 
	   TimeExecute (s)      :   900                       
	   TimeSlotBusy (s)     :   902                       

	Job terminated of its own accord at 2026-06-12T14:20:04Z with exit-code 139.
...
