000 (196930.381.000) 2026-06-12 22:48:49 Job submitted from host: <155.230.23.73:9618?addrs=155.230.23.73-9618+[2407-c000-c024-0-20c-29ff-fe93-3763]-9618&alias=cms03.knu.ac.kr&noUDP&sock=schedd_1478_5d11>
...
040 (196930.381.000) 2026-06-12 23:57:23 Started transferring input files
	Transferring to host: <155.230.21.91:9618?addrs=155.230.21.91-9618+[2407-c000-c025--21-91]-9618&alias=cluster291.knu.ac.kr&noUDP&sock=slot1_13_1312_2c2e_2281>
...
040 (196930.381.000) 2026-06-12 23:57:23 Finished transferring input files
...
001 (196930.381.000) 2026-06-12 23:57:24 Job executing on host: <155.230.21.91:9618?addrs=155.230.21.91-9618+[2407-c000-c025--21-91]-9618&alias=cluster291.knu.ac.kr&noUDP&sock=startd_1261_8503>
	SlotName: slot1_13@cluster291.knu.ac.kr
	CondorScratchDir = "/home/condor/dir_1606910"
	Cpus = 1
	Disk = 3843
	GPUs = 0
	Memory = 1100
...
006 (196930.381.000) 2026-06-12 23:57:38 Image size of job updated: 99716
	98  -  MemoryUsage of job (MB)
	99716  -  ResidentSetSize of job (KB)
...
006 (196930.381.000) 2026-06-13 00:02:38 Image size of job updated: 101312
	99  -  MemoryUsage of job (MB)
	101312  -  ResidentSetSize of job (KB)
...
006 (196930.381.000) 2026-06-13 00:07:38 Image size of job updated: 101692
	100  -  MemoryUsage of job (MB)
	101692  -  ResidentSetSize of job (KB)
...
006 (196930.381.000) 2026-06-13 00:12:39 Image size of job updated: 103192
	101  -  MemoryUsage of job (MB)
	103192  -  ResidentSetSize of job (KB)
...
006 (196930.381.000) 2026-06-13 00:13:27 Image size of job updated: 307208
	101  -  MemoryUsage of job (MB)
	103192  -  ResidentSetSize of job (KB)
...
040 (196930.381.000) 2026-06-13 00:13:27 Started transferring output files
...
040 (196930.381.000) 2026-06-13 00:13:27 Finished transferring output files
...
005 (196930.381.000) 2026-06-13 00:13:28 Job terminated.
	(1) Normal termination (return value 139)
		Usr 0 00:15:46, Sys 0 00:00:01  -  Run Remote Usage
		Usr 0 00:00:00, Sys 0 00:00:00  -  Run Local Usage
		Usr 0 00:15:46, Sys 0 00:00:01  -  Total Remote Usage
		Usr 0 00:00:00, Sys 0 00:00:00  -  Total Local Usage
	38181  -  Run Bytes Sent By Job
	1231206  -  Run Bytes Received By Job
	38181  -  Total Bytes Sent By Job
	1231206  -  Total Bytes Received By Job
	Partitionable Resources :    Usage  Request Allocated 
	   Cpus                 :     0.99        1         1 
	   Disk (KB)            :  1262        1250      3843 
	   GPUs                 :                           0 
	   Memory (MB)          :   101        1024      1100 
	   TimeExecute (s)      :   963                       
	   TimeSlotBusy (s)     :   964                       

	Job terminated of its own accord at 2026-06-12T15:13:27Z with exit-code 139.
...
