000 (196930.384.000) 2026-06-12 22:48:49 Job submitted from host: <155.230.23.73:9618?addrs=155.230.23.73-9618+[2407-c000-c024-0-20c-29ff-fe93-3763]-9618&alias=cms03.knu.ac.kr&noUDP&sock=schedd_1478_5d11>
...
040 (196930.384.000) 2026-06-12 23:57:25 Started transferring input files
	Transferring to host: <155.230.21.119:9618?addrs=155.230.21.119-9618+[2407-c000-c025--21-119]-9618&alias=cluster319.knu.ac.kr&noUDP&sock=slot1_22_1780_ebc1_2011>
...
040 (196930.384.000) 2026-06-12 23:57:25 Finished transferring input files
...
001 (196930.384.000) 2026-06-12 23:57:26 Job executing on host: <155.230.21.119:9618?addrs=155.230.21.119-9618+[2407-c000-c025--21-119]-9618&alias=cluster319.knu.ac.kr&noUDP&sock=startd_1714_3d6a>
	SlotName: slot1_22@cluster319.knu.ac.kr
	CondorScratchDir = "/home/condor/dir_1346965"
	Cpus = 1
	Disk = 3072
	GPUs = 0
	Memory = 1100
...
006 (196930.384.000) 2026-06-12 23:57:39 Image size of job updated: 99760
	98  -  MemoryUsage of job (MB)
	99760  -  ResidentSetSize of job (KB)
...
006 (196930.384.000) 2026-06-13 00:02:39 Image size of job updated: 101700
	100  -  MemoryUsage of job (MB)
	101700  -  ResidentSetSize of job (KB)
...
006 (196930.384.000) 2026-06-13 00:07:40 Image size of job updated: 102040
	100  -  MemoryUsage of job (MB)
	102040  -  ResidentSetSize of job (KB)
...
006 (196930.384.000) 2026-06-13 00:12:41 Image size of job updated: 102212
	100  -  MemoryUsage of job (MB)
	102212  -  ResidentSetSize of job (KB)
...
006 (196930.384.000) 2026-06-13 00:13:36 Image size of job updated: 102236
	100  -  MemoryUsage of job (MB)
	102212  -  ResidentSetSize of job (KB)
...
040 (196930.384.000) 2026-06-13 00:13:37 Started transferring output files
...
040 (196930.384.000) 2026-06-13 00:13:37 Finished transferring output files
...
005 (196930.384.000) 2026-06-13 00:13:37 Job terminated.
	(1) Normal termination (return value 139)
		Usr 0 00:15:59, Sys 0 00:00:01  -  Run Remote Usage
		Usr 0 00:00:00, Sys 0 00:00:00  -  Run Local Usage
		Usr 0 00:15:59, Sys 0 00:00:01  -  Total Remote Usage
		Usr 0 00:00:00, Sys 0 00:00:00  -  Total Local Usage
	38181  -  Run Bytes Sent By Job
	1231206  -  Run Bytes Received By Job
	38181  -  Total Bytes Sent By Job
	1231206  -  Total Bytes Received By Job
	Partitionable Resources :    Usage  Request Allocated 
	   Cpus                 :     1.00        1         1 
	   Disk (KB)            :  1262        1250      3072 
	   GPUs                 :                           0 
	   Memory (MB)          :   100        1024      1100 
	   TimeExecute (s)      :   970                       
	   TimeSlotBusy (s)     :   973                       

	Job terminated of its own accord at 2026-06-12T15:13:36Z with exit-code 139.
...
