000 (196930.387.000) 2026-06-12 22:48:49 Job submitted from host: <155.230.23.73:9618?addrs=155.230.23.73-9618+[2407-c000-c024-0-20c-29ff-fe93-3763]-9618&alias=cms03.knu.ac.kr&noUDP&sock=schedd_1478_5d11>
...
040 (196930.387.000) 2026-06-12 23:57:25 Started transferring input files
	Transferring to host: <155.230.21.109:9618?addrs=155.230.21.109-9618+[2407-c000-c025--21-109]-9618&alias=cluster309.knu.ac.kr&noUDP&sock=slot1_23_1776_1a41_2384>
...
040 (196930.387.000) 2026-06-12 23:57:25 Finished transferring input files
...
001 (196930.387.000) 2026-06-12 23:57:26 Job executing on host: <155.230.21.109:9618?addrs=155.230.21.109-9618+[2407-c000-c025--21-109]-9618&alias=cluster309.knu.ac.kr&noUDP&sock=startd_1699_f37f>
	SlotName: slot1_23@cluster309.knu.ac.kr
	CondorScratchDir = "/home/condor/dir_2802882"
	Cpus = 1
	Disk = 3839
	GPUs = 0
	Memory = 1100
...
006 (196930.387.000) 2026-06-12 23:57:39 Image size of job updated: 97884
	96  -  MemoryUsage of job (MB)
	97884  -  ResidentSetSize of job (KB)
...
006 (196930.387.000) 2026-06-13 00:02:39 Image size of job updated: 100348
	98  -  MemoryUsage of job (MB)
	100348  -  ResidentSetSize of job (KB)
...
006 (196930.387.000) 2026-06-13 00:07:40 Image size of job updated: 100736
	99  -  MemoryUsage of job (MB)
	100736  -  ResidentSetSize of job (KB)
...
006 (196930.387.000) 2026-06-13 00:12:41 Image size of job updated: 101328
	99  -  MemoryUsage of job (MB)
	101328  -  ResidentSetSize of job (KB)
...
006 (196930.387.000) 2026-06-13 00:13:08 Image size of job updated: 285012
	99  -  MemoryUsage of job (MB)
	101328  -  ResidentSetSize of job (KB)
...
040 (196930.387.000) 2026-06-13 00:13:08 Started transferring output files
...
040 (196930.387.000) 2026-06-13 00:13:08 Finished transferring output files
...
005 (196930.387.000) 2026-06-13 00:13:08 Job terminated.
	(1) Normal termination (return value 139)
		Usr 0 00:15:38, Sys 0 00:00:01  -  Run Remote Usage
		Usr 0 00:00:00, Sys 0 00:00:00  -  Run Local Usage
		Usr 0 00:15:38, Sys 0 00:00:01  -  Total Remote Usage
		Usr 0 00:00:00, Sys 0 00:00:00  -  Total Local Usage
	38181  -  Run Bytes Sent By Job
	1231206  -  Run Bytes Received By Job
	38181  -  Total Bytes Sent By Job
	1231206  -  Total Bytes Received By Job
	Partitionable Resources :    Usage  Request Allocated 
	   Cpus                 :     1.00        1         1 
	   Disk (KB)            :  1262        1250      3839 
	   GPUs                 :                           0 
	   Memory (MB)          :    99        1024      1100 
	   TimeExecute (s)      :   942                       
	   TimeSlotBusy (s)     :   943                       

	Job terminated of its own accord at 2026-06-12T15:13:08Z with exit-code 139.
...
