000 (196930.390.000) 2026-06-12 22:48:49 Job submitted from host: <155.230.23.73:9618?addrs=155.230.23.73-9618+[2407-c000-c024-0-20c-29ff-fe93-3763]-9618&alias=cms03.knu.ac.kr&noUDP&sock=schedd_1478_5d11>
...
040 (196930.390.000) 2026-06-12 23:58:23 Started transferring input files
	Transferring to host: <155.230.21.97:9618?addrs=155.230.21.97-9618+[2407-c000-c025--21-97]-9618&alias=cluster297.knu.ac.kr&noUDP&sock=slot1_10_1112_4126_1603>
...
040 (196930.390.000) 2026-06-12 23:58:23 Finished transferring input files
...
001 (196930.390.000) 2026-06-12 23:58:24 Job executing on host: <155.230.21.97:9618?addrs=155.230.21.97-9618+[2407-c000-c025--21-97]-9618&alias=cluster297.knu.ac.kr&noUDP&sock=startd_1064_64db>
	SlotName: slot1_10@cluster297.knu.ac.kr
	CondorScratchDir = "/home/condor/dir_609107"
	Cpus = 1
	Disk = 3072
	GPUs = 0
	Memory = 1100
...
006 (196930.390.000) 2026-06-12 23:58:38 Image size of job updated: 99608
	98  -  MemoryUsage of job (MB)
	99608  -  ResidentSetSize of job (KB)
...
006 (196930.390.000) 2026-06-13 00:03:39 Image size of job updated: 101560
	100  -  MemoryUsage of job (MB)
	101560  -  ResidentSetSize of job (KB)
...
006 (196930.390.000) 2026-06-13 00:08:40 Image size of job updated: 101764
	100  -  MemoryUsage of job (MB)
	101764  -  ResidentSetSize of job (KB)
...
006 (196930.390.000) 2026-06-13 00:13:40 Image size of job updated: 102056
	100  -  MemoryUsage of job (MB)
	102056  -  ResidentSetSize of job (KB)
...
006 (196930.390.000) 2026-06-13 00:18:40 Image size of job updated: 102148
	100  -  MemoryUsage of job (MB)
	102148  -  ResidentSetSize of job (KB)
...
006 (196930.390.000) 2026-06-13 00:23:41 Image size of job updated: 102212
	100  -  MemoryUsage of job (MB)
	102212  -  ResidentSetSize of job (KB)
...
006 (196930.390.000) 2026-06-13 00:24:36 Image size of job updated: 425204
	100  -  MemoryUsage of job (MB)
	102212  -  ResidentSetSize of job (KB)
...
040 (196930.390.000) 2026-06-13 00:24:36 Started transferring output files
...
040 (196930.390.000) 2026-06-13 00:24:36 Finished transferring output files
...
005 (196930.390.000) 2026-06-13 00:24:36 Job terminated.
	(1) Normal termination (return value 139)
		Usr 0 00:25:48, Sys 0 00:00:01  -  Run Remote Usage
		Usr 0 00:00:00, Sys 0 00:00:00  -  Run Local Usage
		Usr 0 00:25:48, Sys 0 00:00:01  -  Total Remote Usage
		Usr 0 00:00:00, Sys 0 00:00:00  -  Total Local Usage
	38183  -  Run Bytes Sent By Job
	1231206  -  Run Bytes Received By Job
	38183  -  Total Bytes Sent By Job
	1231206  -  Total Bytes Received By Job
	Partitionable Resources :    Usage  Request Allocated 
	   Cpus                 :     0.99        1         1 
	   Disk (KB)            :  1262        1250      3072 
	   GPUs                 :                           0 
	   Memory (MB)          :   100        1024      1100 
	   TimeExecute (s)      :  1572                       
	   TimeSlotBusy (s)     :  1573                       

	Job terminated of its own accord at 2026-06-12T15:24:36Z with exit-code 139.
...
