000 (196930.395.000) 2026-06-12 22:48:49 Job submitted from host: <155.230.23.73:9618?addrs=155.230.23.73-9618+[2407-c000-c024-0-20c-29ff-fe93-3763]-9618&alias=cms03.knu.ac.kr&noUDP&sock=schedd_1478_5d11>
...
040 (196930.395.000) 2026-06-12 23:59:24 Started transferring input files
	Transferring to host: <155.230.21.97:9618?addrs=155.230.21.97-9618+[2407-c000-c025--21-97]-9618&alias=cluster297.knu.ac.kr&noUDP&sock=slot1_9_1112_4126_1605>
...
040 (196930.395.000) 2026-06-12 23:59:24 Finished transferring input files
...
001 (196930.395.000) 2026-06-12 23:59:25 Job executing on host: <155.230.21.97:9618?addrs=155.230.21.97-9618+[2407-c000-c025--21-97]-9618&alias=cluster297.knu.ac.kr&noUDP&sock=startd_1064_64db>
	SlotName: slot1_9@cluster297.knu.ac.kr
	CondorScratchDir = "/home/condor/dir_609310"
	Cpus = 1
	Disk = 3072
	GPUs = 0
	Memory = 1100
...
006 (196930.395.000) 2026-06-12 23:59:38 Image size of job updated: 99632
	98  -  MemoryUsage of job (MB)
	99632  -  ResidentSetSize of job (KB)
...
006 (196930.395.000) 2026-06-13 00:04:38 Image size of job updated: 101516
	100  -  MemoryUsage of job (MB)
	101516  -  ResidentSetSize of job (KB)
...
006 (196930.395.000) 2026-06-13 00:09:39 Image size of job updated: 101624
	100  -  MemoryUsage of job (MB)
	101624  -  ResidentSetSize of job (KB)
...
006 (196930.395.000) 2026-06-13 00:14:40 Image size of job updated: 101956
	100  -  MemoryUsage of job (MB)
	101956  -  ResidentSetSize of job (KB)
...
006 (196930.395.000) 2026-06-13 00:19:18 Image size of job updated: 319728
	100  -  MemoryUsage of job (MB)
	101956  -  ResidentSetSize of job (KB)
...
040 (196930.395.000) 2026-06-13 00:19:18 Started transferring output files
...
040 (196930.395.000) 2026-06-13 00:19:18 Finished transferring output files
...
005 (196930.395.000) 2026-06-13 00:19:18 Job terminated.
	(1) Normal termination (return value 139)
		Usr 0 00:19:31, Sys 0 00:00:02  -  Run Remote Usage
		Usr 0 00:00:00, Sys 0 00:00:00  -  Run Local Usage
		Usr 0 00:19:31, Sys 0 00:00:02  -  Total Remote Usage
		Usr 0 00:00:00, Sys 0 00:00:00  -  Total Local Usage
	38183  -  Run Bytes Sent By Job
	1231206  -  Run Bytes Received By Job
	38183  -  Total Bytes Sent By Job
	1231206  -  Total Bytes Received By Job
	Partitionable Resources :    Usage  Request Allocated 
	   Cpus                 :     0.99        1         1 
	   Disk (KB)            :  1262        1250      3072 
	   GPUs                 :                           0 
	   Memory (MB)          :   100        1024      1100 
	   TimeExecute (s)      :  1193                       
	   TimeSlotBusy (s)     :  1195                       

	Job terminated of its own accord at 2026-06-12T15:19:18Z with exit-code 139.
...
