000 (196930.396.000) 2026-06-12 22:48:49 Job submitted from host: <155.230.23.73:9618?addrs=155.230.23.73-9618+[2407-c000-c024-0-20c-29ff-fe93-3763]-9618&alias=cms03.knu.ac.kr&noUDP&sock=schedd_1478_5d11>
...
040 (196930.396.000) 2026-06-12 23:59:24 Started transferring input files
	Transferring to host: <155.230.21.119:9618?addrs=155.230.21.119-9618+[2407-c000-c025--21-119]-9618&alias=cluster319.knu.ac.kr&noUDP&sock=slot1_25_1780_ebc1_2013>
...
040 (196930.396.000) 2026-06-12 23:59:24 Finished transferring input files
...
001 (196930.396.000) 2026-06-12 23:59:25 Job executing on host: <155.230.21.119:9618?addrs=155.230.21.119-9618+[2407-c000-c025--21-119]-9618&alias=cluster319.knu.ac.kr&noUDP&sock=startd_1714_3d6a>
	SlotName: slot1_25@cluster319.knu.ac.kr
	CondorScratchDir = "/home/condor/dir_1347182"
	Cpus = 1
	Disk = 3072
	GPUs = 0
	Memory = 1100
...
006 (196930.396.000) 2026-06-12 23:59:38 Image size of job updated: 100052
	98  -  MemoryUsage of job (MB)
	100052  -  ResidentSetSize of job (KB)
...
006 (196930.396.000) 2026-06-13 00:04:38 Image size of job updated: 102372
	100  -  MemoryUsage of job (MB)
	102372  -  ResidentSetSize of job (KB)
...
006 (196930.396.000) 2026-06-13 00:09:39 Image size of job updated: 102612
	101  -  MemoryUsage of job (MB)
	102612  -  ResidentSetSize of job (KB)
...
006 (196930.396.000) 2026-06-13 00:14:40 Image size of job updated: 102960
	101  -  MemoryUsage of job (MB)
	102960  -  ResidentSetSize of job (KB)
...
006 (196930.396.000) 2026-06-13 00:18:16 Image size of job updated: 415008
	101  -  MemoryUsage of job (MB)
	102960  -  ResidentSetSize of job (KB)
...
040 (196930.396.000) 2026-06-13 00:18:16 Started transferring output files
...
040 (196930.396.000) 2026-06-13 00:18:16 Finished transferring output files
...
005 (196930.396.000) 2026-06-13 00:18:16 Job terminated.
	(1) Normal termination (return value 139)
		Usr 0 00:18:38, Sys 0 00:00:01  -  Run Remote Usage
		Usr 0 00:00:00, Sys 0 00:00:00  -  Run Local Usage
		Usr 0 00:18:38, Sys 0 00:00:01  -  Total Remote Usage
		Usr 0 00:00:00, Sys 0 00:00:00  -  Total Local Usage
	38183  -  Run Bytes Sent By Job
	1231206  -  Run Bytes Received By Job
	38183  -  Total Bytes Sent By Job
	1231206  -  Total Bytes Received By Job
	Partitionable Resources :    Usage  Request Allocated 
	   Cpus                 :     0.99        1         1 
	   Disk (KB)            :  1262        1250      3072 
	   GPUs                 :                           0 
	   Memory (MB)          :   101        1024      1100 
	   TimeExecute (s)      :  1131                       
	   TimeSlotBusy (s)     :  1133                       

	Job terminated of its own accord at 2026-06-12T15:18:16Z with exit-code 139.
...
