000 (196930.400.000) 2026-06-12 22:48:49 Job submitted from host: <155.230.23.73:9618?addrs=155.230.23.73-9618+[2407-c000-c024-0-20c-29ff-fe93-3763]-9618&alias=cms03.knu.ac.kr&noUDP&sock=schedd_1478_5d11>
...
040 (196930.400.000) 2026-06-12 23:59:24 Started transferring input files
	Transferring to host: <155.230.21.137:9618?addrs=155.230.21.137-9618+[2407-c000-c025--21-137]-9618&alias=cluster337.knu.ac.kr&noUDP&sock=slot1_46_220409_d45c_2210>
...
040 (196930.400.000) 2026-06-12 23:59:24 Finished transferring input files
...
001 (196930.400.000) 2026-06-12 23:59:25 Job executing on host: <155.230.21.137:9618?addrs=155.230.21.137-9618+[2407-c000-c025--21-137]-9618&alias=cluster337.knu.ac.kr&noUDP&sock=startd_2461_9ea9>
	SlotName: slot1_46@cluster337.knu.ac.kr
	CondorScratchDir = "/home/condor/dir_573081"
	Cpus = 1
	Disk = 5707
	GPUs = 0
	Memory = 1100
...
006 (196930.400.000) 2026-06-12 23:59:39 Image size of job updated: 99924
	98  -  MemoryUsage of job (MB)
	99924  -  ResidentSetSize of job (KB)
...
006 (196930.400.000) 2026-06-13 00:04:40 Image size of job updated: 101976
	100  -  MemoryUsage of job (MB)
	101976  -  ResidentSetSize of job (KB)
...
006 (196930.400.000) 2026-06-13 00:05:48 Image size of job updated: 102020
	100  -  MemoryUsage of job (MB)
	101976  -  ResidentSetSize of job (KB)
...
040 (196930.400.000) 2026-06-13 00:05:48 Started transferring output files
...
040 (196930.400.000) 2026-06-13 00:05:48 Finished transferring output files
...
005 (196930.400.000) 2026-06-13 00:05:48 Job terminated.
	(1) Normal termination (return value 139)
		Usr 0 00:06:16, Sys 0 00:00:01  -  Run Remote Usage
		Usr 0 00:00:00, Sys 0 00:00:00  -  Run Local Usage
		Usr 0 00:06:16, Sys 0 00:00:01  -  Total Remote Usage
		Usr 0 00:00:00, Sys 0 00:00:00  -  Total Local Usage
	38181  -  Run Bytes Sent By Job
	1231206  -  Run Bytes Received By Job
	38181  -  Total Bytes Sent By Job
	1231206  -  Total Bytes Received By Job
	Partitionable Resources :    Usage  Request Allocated 
	   Cpus                 :     0.99        1         1 
	   Disk (KB)            :  1262        1250      5707 
	   GPUs                 :                           0 
	   Memory (MB)          :   100        1024      1100 
	   TimeExecute (s)      :   383                       
	   TimeSlotBusy (s)     :   384                       

	Job terminated of its own accord at 2026-06-12T15:05:48Z with exit-code 139.
...
