000 (196930.402.000) 2026-06-12 22:48:49 Job submitted from host: <155.230.23.73:9618?addrs=155.230.23.73-9618+[2407-c000-c024-0-20c-29ff-fe93-3763]-9618&alias=cms03.knu.ac.kr&noUDP&sock=schedd_1478_5d11>
...
040 (196930.402.000) 2026-06-12 23:59:33 Started transferring input files
	Transferring to host: <155.230.21.129:9618?addrs=155.230.21.129-9618+[2407-c000-c025--21-129]-9618&alias=cluster329.knu.ac.kr&noUDP&sock=slot1_12_1639_92dc_2340>
...
040 (196930.402.000) 2026-06-12 23:59:33 Finished transferring input files
...
001 (196930.402.000) 2026-06-12 23:59:35 Job executing on host: <155.230.21.129:9618?addrs=155.230.21.129-9618+[2407-c000-c025--21-129]-9618&alias=cluster329.knu.ac.kr&noUDP&sock=startd_1567_68fe>
	SlotName: slot1_12@cluster329.knu.ac.kr
	CondorScratchDir = "/home/condor/dir_1951688"
	Cpus = 1
	Disk = 3857
	GPUs = 0
	Memory = 1100
...
006 (196930.402.000) 2026-06-12 23:59:48 Image size of job updated: 99584
	98  -  MemoryUsage of job (MB)
	99584  -  ResidentSetSize of job (KB)
...
006 (196930.402.000) 2026-06-13 00:04:48 Image size of job updated: 102976
	101  -  MemoryUsage of job (MB)
	102976  -  ResidentSetSize of job (KB)
...
006 (196930.402.000) 2026-06-13 00:06:07 Image size of job updated: 106028
	101  -  MemoryUsage of job (MB)
	102976  -  ResidentSetSize of job (KB)
...
040 (196930.402.000) 2026-06-13 00:06:07 Started transferring output files
...
040 (196930.402.000) 2026-06-13 00:06:07 Finished transferring output files
...
005 (196930.402.000) 2026-06-13 00:06:07 Job terminated.
	(1) Normal termination (return value 139)
		Usr 0 00:06:26, Sys 0 00:00:01  -  Run Remote Usage
		Usr 0 00:00:00, Sys 0 00:00:00  -  Run Local Usage
		Usr 0 00:06:26, Sys 0 00:00:01  -  Total Remote Usage
		Usr 0 00:00:00, Sys 0 00:00:00  -  Total Local Usage
	38181  -  Run Bytes Sent By Job
	1231206  -  Run Bytes Received By Job
	38181  -  Total Bytes Sent By Job
	1231206  -  Total Bytes Received By Job
	Partitionable Resources :    Usage  Request Allocated 
	   Cpus                 :     0.99        1         1 
	   Disk (KB)            :  1262        1250      3857 
	   GPUs                 :                           0 
	   Memory (MB)          :   101        1024      1100 
	   TimeExecute (s)      :   393                       
	   TimeSlotBusy (s)     :   394                       

	Job terminated of its own accord at 2026-06-12T15:06:07Z with exit-code 139.
...
