000 (196930.404.000) 2026-06-12 22:48:49 Job submitted from host: <155.230.23.73:9618?addrs=155.230.23.73-9618+[2407-c000-c024-0-20c-29ff-fe93-3763]-9618&alias=cms03.knu.ac.kr&noUDP&sock=schedd_1478_5d11>
...
040 (196930.404.000) 2026-06-13 00:00:03 Started transferring input files
	Transferring to host: <155.230.21.118:9618?addrs=155.230.21.118-9618+[2407-c000-c025--21-118]-9618&alias=cluster318.knu.ac.kr&noUDP&sock=slot1_15_1766_0e81_2622>
...
040 (196930.404.000) 2026-06-13 00:00:03 Finished transferring input files
...
001 (196930.404.000) 2026-06-13 00:00:04 Job executing on host: <155.230.21.118:9618?addrs=155.230.21.118-9618+[2407-c000-c025--21-118]-9618&alias=cluster318.knu.ac.kr&noUDP&sock=startd_1729_8756>
	SlotName: slot1_15@cluster318.knu.ac.kr
	CondorScratchDir = "/home/condor/dir_2057960"
	Cpus = 1
	Disk = 3828
	GPUs = 0
	Memory = 1100
...
006 (196930.404.000) 2026-06-13 00:00:18 Image size of job updated: 99900
	98  -  MemoryUsage of job (MB)
	99900  -  ResidentSetSize of job (KB)
...
006 (196930.404.000) 2026-06-13 00:05:19 Image size of job updated: 101404
	100  -  MemoryUsage of job (MB)
	101404  -  ResidentSetSize of job (KB)
...
006 (196930.404.000) 2026-06-13 00:10:20 Image size of job updated: 101936
	100  -  MemoryUsage of job (MB)
	101936  -  ResidentSetSize of job (KB)
...
006 (196930.404.000) 2026-06-13 00:15:20 Image size of job updated: 124936
	123  -  MemoryUsage of job (MB)
	124936  -  ResidentSetSize of job (KB)
...
006 (196930.404.000) 2026-06-13 00:15:25 Image size of job updated: 125000
	123  -  MemoryUsage of job (MB)
	124980  -  ResidentSetSize of job (KB)
...
040 (196930.404.000) 2026-06-13 00:15:25 Started transferring output files
...
040 (196930.404.000) 2026-06-13 00:15:25 Finished transferring output files
...
005 (196930.404.000) 2026-06-13 00:15:25 Job terminated.
	(1) Normal termination (return value 139)
		Usr 0 00:15:06, Sys 0 00:00:01  -  Run Remote Usage
		Usr 0 00:00:00, Sys 0 00:00:00  -  Run Local Usage
		Usr 0 00:15:06, Sys 0 00:00:01  -  Total Remote Usage
		Usr 0 00:00:00, Sys 0 00:00:00  -  Total Local Usage
	38181  -  Run Bytes Sent By Job
	1231206  -  Run Bytes Received By Job
	38181  -  Total Bytes Sent By Job
	1231206  -  Total Bytes Received By Job
	Partitionable Resources :    Usage  Request Allocated 
	   Cpus                 :     0.99        1         1 
	   Disk (KB)            :  1262        1250      3828 
	   GPUs                 :                           0 
	   Memory (MB)          :   123        1024      1100 
	   TimeExecute (s)      :   921                       
	   TimeSlotBusy (s)     :   922                       

	Job terminated of its own accord at 2026-06-12T15:15:25Z with exit-code 139.
...
