000 (196930.409.000) 2026-06-12 22:48:49 Job submitted from host: <155.230.23.73:9618?addrs=155.230.23.73-9618+[2407-c000-c024-0-20c-29ff-fe93-3763]-9618&alias=cms03.knu.ac.kr&noUDP&sock=schedd_1478_5d11>
...
040 (196930.409.000) 2026-06-13 00:00:25 Started transferring input files
	Transferring to host: <155.230.21.110:9618?addrs=155.230.21.110-9618+[2407-c000-c025--21-110]-9618&alias=cluster310.knu.ac.kr&noUDP&sock=slot1_27_1764_a5c1_2271>
...
040 (196930.409.000) 2026-06-13 00:00:25 Finished transferring input files
...
001 (196930.409.000) 2026-06-13 00:00:26 Job executing on host: <155.230.21.110:9618?addrs=155.230.21.110-9618+[2407-c000-c025--21-110]-9618&alias=cluster310.knu.ac.kr&noUDP&sock=startd_1700_a317>
	SlotName: slot1_27@cluster310.knu.ac.kr
	CondorScratchDir = "/home/condor/dir_2520811"
	Cpus = 1
	Disk = 3861
	GPUs = 0
	Memory = 1100
...
006 (196930.409.000) 2026-06-13 00:00:40 Image size of job updated: 99604
	98  -  MemoryUsage of job (MB)
	99604  -  ResidentSetSize of job (KB)
...
006 (196930.409.000) 2026-06-13 00:05:41 Image size of job updated: 101784
	100  -  MemoryUsage of job (MB)
	101784  -  ResidentSetSize of job (KB)
...
006 (196930.409.000) 2026-06-13 00:10:42 Image size of job updated: 103116
	101  -  MemoryUsage of job (MB)
	103116  -  ResidentSetSize of job (KB)
...
006 (196930.409.000) 2026-06-13 00:15:41 Image size of job updated: 103196
	101  -  MemoryUsage of job (MB)
	103116  -  ResidentSetSize of job (KB)
...
040 (196930.409.000) 2026-06-13 00:15:41 Started transferring output files
...
040 (196930.409.000) 2026-06-13 00:15:41 Finished transferring output files
...
005 (196930.409.000) 2026-06-13 00:15:41 Job terminated.
	(1) Normal termination (return value 139)
		Usr 0 00:15:09, Sys 0 00:00:01  -  Run Remote Usage
		Usr 0 00:00:00, Sys 0 00:00:00  -  Run Local Usage
		Usr 0 00:15:09, Sys 0 00:00:01  -  Total Remote Usage
		Usr 0 00:00:00, Sys 0 00:00:00  -  Total Local Usage
	38181  -  Run Bytes Sent By Job
	1231206  -  Run Bytes Received By Job
	38181  -  Total Bytes Sent By Job
	1231206  -  Total Bytes Received By Job
	Partitionable Resources :    Usage  Request Allocated 
	   Cpus                 :     1.00        1         1 
	   Disk (KB)            :  1262        1250      3861 
	   GPUs                 :                           0 
	   Memory (MB)          :   101        1024      1100 
	   TimeExecute (s)      :   915                       
	   TimeSlotBusy (s)     :   917                       

	Job terminated of its own accord at 2026-06-12T15:15:41Z with exit-code 139.
...
