000 (196930.413.000) 2026-06-12 22:48:49 Job submitted from host: <155.230.23.73:9618?addrs=155.230.23.73-9618+[2407-c000-c024-0-20c-29ff-fe93-3763]-9618&alias=cms03.knu.ac.kr&noUDP&sock=schedd_1478_5d11>
...
040 (196930.413.000) 2026-06-13 00:01:03 Started transferring input files
	Transferring to host: <155.230.21.119:9618?addrs=155.230.21.119-9618+[2407-c000-c025--21-119]-9618&alias=cluster319.knu.ac.kr&noUDP&sock=slot1_24_1780_ebc1_2014>
...
040 (196930.413.000) 2026-06-13 00:01:03 Finished transferring input files
...
001 (196930.413.000) 2026-06-13 00:01:04 Job executing on host: <155.230.21.119:9618?addrs=155.230.21.119-9618+[2407-c000-c025--21-119]-9618&alias=cluster319.knu.ac.kr&noUDP&sock=startd_1714_3d6a>
	SlotName: slot1_24@cluster319.knu.ac.kr
	CondorScratchDir = "/home/condor/dir_1347934"
	Cpus = 1
	Disk = 3072
	GPUs = 0
	Memory = 1100
...
006 (196930.413.000) 2026-06-13 00:01:18 Image size of job updated: 99424
	98  -  MemoryUsage of job (MB)
	99424  -  ResidentSetSize of job (KB)
...
006 (196930.413.000) 2026-06-13 00:06:19 Image size of job updated: 101220
	99  -  MemoryUsage of job (MB)
	101220  -  ResidentSetSize of job (KB)
...
006 (196930.413.000) 2026-06-13 00:11:19 Image size of job updated: 101576
	100  -  MemoryUsage of job (MB)
	101576  -  ResidentSetSize of job (KB)
...
006 (196930.413.000) 2026-06-13 00:16:20 Image size of job updated: 101912
	100  -  MemoryUsage of job (MB)
	101912  -  ResidentSetSize of job (KB)
...
006 (196930.413.000) 2026-06-13 00:20:29 Image size of job updated: 189496
	100  -  MemoryUsage of job (MB)
	101912  -  ResidentSetSize of job (KB)
...
040 (196930.413.000) 2026-06-13 00:20:29 Started transferring output files
...
040 (196930.413.000) 2026-06-13 00:20:29 Finished transferring output files
...
005 (196930.413.000) 2026-06-13 00:20:29 Job terminated.
	(1) Normal termination (return value 139)
		Usr 0 00:19:09, Sys 0 00:00:01  -  Run Remote Usage
		Usr 0 00:00:00, Sys 0 00:00:00  -  Run Local Usage
		Usr 0 00:19:09, Sys 0 00:00:01  -  Total Remote Usage
		Usr 0 00:00:00, Sys 0 00:00:00  -  Total Local Usage
	38183  -  Run Bytes Sent By Job
	1231206  -  Run Bytes Received By Job
	38183  -  Total Bytes Sent By Job
	1231206  -  Total Bytes Received By Job
	Partitionable Resources :    Usage  Request Allocated 
	   Cpus                 :     0.99        1         1 
	   Disk (KB)            :  1262        1250      3072 
	   GPUs                 :                           0 
	   Memory (MB)          :   100        1024      1100 
	   TimeExecute (s)      :  1165                       
	   TimeSlotBusy (s)     :  1166                       

	Job terminated of its own accord at 2026-06-12T15:20:29Z with exit-code 139.
...
