000 (196930.414.000) 2026-06-12 22:48:49 Job submitted from host: <155.230.23.73:9618?addrs=155.230.23.73-9618+[2407-c000-c024-0-20c-29ff-fe93-3763]-9618&alias=cms03.knu.ac.kr&noUDP&sock=schedd_1478_5d11>
...
040 (196930.414.000) 2026-06-13 00:01:04 Started transferring input files
	Transferring to host: <155.230.21.148:9618?addrs=155.230.21.148-9618+[2407-c000-c025--21-148]-9618&alias=cluster348.knu.ac.kr&noUDP&sock=slot1_41_569724_d8f9_3663>
...
040 (196930.414.000) 2026-06-13 00:01:04 Finished transferring input files
...
001 (196930.414.000) 2026-06-13 00:01:05 Job executing on host: <155.230.21.148:9618?addrs=155.230.21.148-9618+[2407-c000-c025--21-148]-9618&alias=cluster348.knu.ac.kr&noUDP&sock=startd_2594_d8c2>
	SlotName: slot1_41@cluster348.knu.ac.kr
	CondorScratchDir = "/home/condor/dir_3229527"
	Cpus = 1
	Disk = 3072
	GPUs = 0
	Memory = 1100
...
006 (196930.414.000) 2026-06-13 00:01:18 Image size of job updated: 99520
	98  -  MemoryUsage of job (MB)
	99520  -  ResidentSetSize of job (KB)
...
006 (196930.414.000) 2026-06-13 00:06:18 Image size of job updated: 102348
	100  -  MemoryUsage of job (MB)
	102348  -  ResidentSetSize of job (KB)
...
006 (196930.414.000) 2026-06-13 00:06:46 Image size of job updated: 248360
	100  -  MemoryUsage of job (MB)
	102348  -  ResidentSetSize of job (KB)
...
040 (196930.414.000) 2026-06-13 00:06:46 Started transferring output files
...
040 (196930.414.000) 2026-06-13 00:06:46 Finished transferring output files
...
005 (196930.414.000) 2026-06-13 00:06:47 Job terminated.
	(1) Normal termination (return value 139)
		Usr 0 00:05:34, Sys 0 00:00:01  -  Run Remote Usage
		Usr 0 00:00:00, Sys 0 00:00:00  -  Run Local Usage
		Usr 0 00:05:34, Sys 0 00:00:01  -  Total Remote Usage
		Usr 0 00:00:00, Sys 0 00:00:00  -  Total Local Usage
	38181  -  Run Bytes Sent By Job
	1231206  -  Run Bytes Received By Job
	38181  -  Total Bytes Sent By Job
	1231206  -  Total Bytes Received By Job
	Partitionable Resources :    Usage  Request Allocated 
	   Cpus                 :     0.99        1         1 
	   Disk (KB)            :  1262        1250      3072 
	   GPUs                 :                           0 
	   Memory (MB)          :   100        1024      1100 
	   TimeExecute (s)      :   341                       
	   TimeSlotBusy (s)     :   343                       

	Job terminated of its own accord at 2026-06-12T15:06:46Z with exit-code 139.
...
