000 (196930.415.000) 2026-06-12 22:48:49 Job submitted from host: <155.230.23.73:9618?addrs=155.230.23.73-9618+[2407-c000-c024-0-20c-29ff-fe93-3763]-9618&alias=cms03.knu.ac.kr&noUDP&sock=schedd_1478_5d11>
...
040 (196930.415.000) 2026-06-13 00:01:04 Started transferring input files
	Transferring to host: <155.230.21.155:9618?addrs=155.230.21.155-9618+[2407-c000-c025--21-155]-9618&alias=cluster355.knu.ac.kr&noUDP&sock=slot1_27_228260_91bb_3902>
...
040 (196930.415.000) 2026-06-13 00:01:04 Finished transferring input files
...
001 (196930.415.000) 2026-06-13 00:01:05 Job executing on host: <155.230.21.155:9618?addrs=155.230.21.155-9618+[2407-c000-c025--21-155]-9618&alias=cluster355.knu.ac.kr&noUDP&sock=startd_1882_7954>
	SlotName: slot1_27@cluster355.knu.ac.kr
	CondorScratchDir = "/home/condor/dir_3480152"
	Cpus = 1
	Disk = 5712
	GPUs = 0
	Memory = 1100
...
006 (196930.415.000) 2026-06-13 00:01:18 Image size of job updated: 99772
	98  -  MemoryUsage of job (MB)
	99772  -  ResidentSetSize of job (KB)
...
006 (196930.415.000) 2026-06-13 00:04:25 Image size of job updated: 332212
	98  -  MemoryUsage of job (MB)
	99772  -  ResidentSetSize of job (KB)
...
040 (196930.415.000) 2026-06-13 00:04:26 Started transferring output files
...
040 (196930.415.000) 2026-06-13 00:04:26 Finished transferring output files
...
005 (196930.415.000) 2026-06-13 00:04:26 Job terminated.
	(1) Normal termination (return value 139)
		Usr 0 00:03:14, Sys 0 00:00:00  -  Run Remote Usage
		Usr 0 00:00:00, Sys 0 00:00:00  -  Run Local Usage
		Usr 0 00:03:14, Sys 0 00:00:00  -  Total Remote Usage
		Usr 0 00:00:00, Sys 0 00:00:00  -  Total Local Usage
	38181  -  Run Bytes Sent By Job
	1231206  -  Run Bytes Received By Job
	38181  -  Total Bytes Sent By Job
	1231206  -  Total Bytes Received By Job
	Partitionable Resources :    Usage  Request Allocated 
	   Cpus                 :     1.00        1         1 
	   Disk (KB)            :  1262        1250      5712 
	   GPUs                 :                           0 
	   Memory (MB)          :    98        1024      1100 
	   TimeExecute (s)      :   200                       
	   TimeSlotBusy (s)     :   202                       

	Job terminated of its own accord at 2026-06-12T15:04:25Z with exit-code 139.
...
