000 (196930.424.000) 2026-06-12 22:48:49 Job submitted from host: <155.230.23.73:9618?addrs=155.230.23.73-9618+[2407-c000-c024-0-20c-29ff-fe93-3763]-9618&alias=cms03.knu.ac.kr&noUDP&sock=schedd_1478_5d11>
...
040 (196930.424.000) 2026-06-13 00:02:01 Started transferring input files
	Transferring to host: <155.230.21.119:9618?addrs=155.230.21.119-9618+[2407-c000-c025--21-119]-9618&alias=cluster319.knu.ac.kr&noUDP&sock=slot1_8_1780_ebc1_2018>
...
040 (196930.424.000) 2026-06-13 00:02:01 Finished transferring input files
...
001 (196930.424.000) 2026-06-13 00:02:02 Job executing on host: <155.230.21.119:9618?addrs=155.230.21.119-9618+[2407-c000-c025--21-119]-9618&alias=cluster319.knu.ac.kr&noUDP&sock=startd_1714_3d6a>
	SlotName: slot1_8@cluster319.knu.ac.kr
	CondorScratchDir = "/home/condor/dir_1348467"
	Cpus = 1
	Disk = 3072
	GPUs = 0
	Memory = 1100
...
006 (196930.424.000) 2026-06-13 00:02:16 Image size of job updated: 100108
	98  -  MemoryUsage of job (MB)
	100108  -  ResidentSetSize of job (KB)
...
006 (196930.424.000) 2026-06-13 00:07:17 Image size of job updated: 101964
	100  -  MemoryUsage of job (MB)
	101964  -  ResidentSetSize of job (KB)
...
006 (196930.424.000) 2026-06-13 00:12:17 Image size of job updated: 102452
	101  -  MemoryUsage of job (MB)
	102452  -  ResidentSetSize of job (KB)
...
006 (196930.424.000) 2026-06-13 00:17:17 Image size of job updated: 102596
	101  -  MemoryUsage of job (MB)
	102596  -  ResidentSetSize of job (KB)
...
006 (196930.424.000) 2026-06-13 00:18:38 Image size of job updated: 113096
	101  -  MemoryUsage of job (MB)
	102596  -  ResidentSetSize of job (KB)
...
040 (196930.424.000) 2026-06-13 00:18:38 Started transferring output files
...
040 (196930.424.000) 2026-06-13 00:18:38 Finished transferring output files
...
005 (196930.424.000) 2026-06-13 00:18:39 Job terminated.
	(1) Normal termination (return value 139)
		Usr 0 00:16:24, Sys 0 00:00:01  -  Run Remote Usage
		Usr 0 00:00:00, Sys 0 00:00:00  -  Run Local Usage
		Usr 0 00:16:24, Sys 0 00:00:01  -  Total Remote Usage
		Usr 0 00:00:00, Sys 0 00:00:00  -  Total Local Usage
	38181  -  Run Bytes Sent By Job
	1231206  -  Run Bytes Received By Job
	38181  -  Total Bytes Sent By Job
	1231206  -  Total Bytes Received By Job
	Partitionable Resources :    Usage  Request Allocated 
	   Cpus                 :     0.99        1         1 
	   Disk (KB)            :  1262        1250      3072 
	   GPUs                 :                           0 
	   Memory (MB)          :   101        1024      1100 
	   TimeExecute (s)      :   996                       
	   TimeSlotBusy (s)     :   997                       

	Job terminated of its own accord at 2026-06-12T15:18:38Z with exit-code 139.
...
