000 (196930.429.000) 2026-06-12 22:48:49 Job submitted from host: <155.230.23.73:9618?addrs=155.230.23.73-9618+[2407-c000-c024-0-20c-29ff-fe93-3763]-9618&alias=cms03.knu.ac.kr&noUDP&sock=schedd_1478_5d11>
...
040 (196930.429.000) 2026-06-13 00:03:09 Started transferring input files
	Transferring to host: <155.230.21.119:9618?addrs=155.230.21.119-9618+[2407-c000-c025--21-119]-9618&alias=cluster319.knu.ac.kr&noUDP&sock=slot1_15_1780_ebc1_2019>
...
040 (196930.429.000) 2026-06-13 00:03:09 Finished transferring input files
...
001 (196930.429.000) 2026-06-13 00:03:10 Job executing on host: <155.230.21.119:9618?addrs=155.230.21.119-9618+[2407-c000-c025--21-119]-9618&alias=cluster319.knu.ac.kr&noUDP&sock=startd_1714_3d6a>
	SlotName: slot1_15@cluster319.knu.ac.kr
	CondorScratchDir = "/home/condor/dir_1348689"
	Cpus = 1
	Disk = 3072
	GPUs = 0
	Memory = 1100
...
006 (196930.429.000) 2026-06-13 00:03:23 Image size of job updated: 99484
	98  -  MemoryUsage of job (MB)
	99484  -  ResidentSetSize of job (KB)
...
006 (196930.429.000) 2026-06-13 00:08:23 Image size of job updated: 102172
	100  -  MemoryUsage of job (MB)
	102172  -  ResidentSetSize of job (KB)
...
006 (196930.429.000) 2026-06-13 00:13:24 Image size of job updated: 102520
	101  -  MemoryUsage of job (MB)
	102520  -  ResidentSetSize of job (KB)
...
006 (196930.429.000) 2026-06-13 00:18:24 Image size of job updated: 102640
	101  -  MemoryUsage of job (MB)
	102640  -  ResidentSetSize of job (KB)
...
006 (196930.429.000) 2026-06-13 00:19:53 Image size of job updated: 275412
	101  -  MemoryUsage of job (MB)
	102640  -  ResidentSetSize of job (KB)
...
040 (196930.429.000) 2026-06-13 00:19:53 Started transferring output files
...
040 (196930.429.000) 2026-06-13 00:19:53 Finished transferring output files
...
005 (196930.429.000) 2026-06-13 00:19:53 Job terminated.
	(1) Normal termination (return value 139)
		Usr 0 00:16:29, Sys 0 00:00:01  -  Run Remote Usage
		Usr 0 00:00:00, Sys 0 00:00:00  -  Run Local Usage
		Usr 0 00:16:29, Sys 0 00:00:01  -  Total Remote Usage
		Usr 0 00:00:00, Sys 0 00:00:00  -  Total Local Usage
	38181  -  Run Bytes Sent By Job
	1231206  -  Run Bytes Received By Job
	38181  -  Total Bytes Sent By Job
	1231206  -  Total Bytes Received By Job
	Partitionable Resources :    Usage  Request Allocated 
	   Cpus                 :     0.99        1         1 
	   Disk (KB)            :  1262        1250      3072 
	   GPUs                 :                           0 
	   Memory (MB)          :   101        1024      1100 
	   TimeExecute (s)      :  1003                       
	   TimeSlotBusy (s)     :  1006                       

	Job terminated of its own accord at 2026-06-12T15:19:53Z with exit-code 139.
...
