000 (196930.043.000) 2026-06-12 22:48:48 Job submitted from host: <155.230.23.73:9618?addrs=155.230.23.73-9618+[2407-c000-c024-0-20c-29ff-fe93-3763]-9618&alias=cms03.knu.ac.kr&noUDP&sock=schedd_1478_5d11>
...
040 (196930.043.000) 2026-06-12 23:06:25 Started transferring input files
	Transferring to host: <155.230.21.112:9618?addrs=155.230.21.112-9618+[2407-c000-c025--21-112]-9618&alias=cluster312.knu.ac.kr&noUDP&sock=slot1_25_1724_76bf_2143>
...
040 (196930.043.000) 2026-06-12 23:06:25 Finished transferring input files
...
001 (196930.043.000) 2026-06-12 23:06:26 Job executing on host: <155.230.21.112:9618?addrs=155.230.21.112-9618+[2407-c000-c025--21-112]-9618&alias=cluster312.knu.ac.kr&noUDP&sock=startd_1671_bed8>
	SlotName: slot1_25@cluster312.knu.ac.kr
	CondorScratchDir = "/home/condor/dir_3131287"
	Cpus = 1
	Disk = 3855
	GPUs = 0
	Memory = 1100
...
006 (196930.043.000) 2026-06-12 23:06:39 Image size of job updated: 100032
	98  -  MemoryUsage of job (MB)
	100032  -  ResidentSetSize of job (KB)
...
006 (196930.043.000) 2026-06-12 23:11:39 Image size of job updated: 101784
	100  -  MemoryUsage of job (MB)
	101784  -  ResidentSetSize of job (KB)
...
006 (196930.043.000) 2026-06-12 23:16:40 Image size of job updated: 102176
	100  -  MemoryUsage of job (MB)
	102176  -  ResidentSetSize of job (KB)
...
006 (196930.043.000) 2026-06-12 23:21:40 Image size of job updated: 102796
	101  -  MemoryUsage of job (MB)
	102796  -  ResidentSetSize of job (KB)
...
006 (196930.043.000) 2026-06-12 23:22:15 Image size of job updated: 107820
	101  -  MemoryUsage of job (MB)
	102796  -  ResidentSetSize of job (KB)
...
040 (196930.043.000) 2026-06-12 23:22:15 Started transferring output files
...
040 (196930.043.000) 2026-06-12 23:22:15 Finished transferring output files
...
005 (196930.043.000) 2026-06-12 23:22:15 Job terminated.
	(1) Normal termination (return value 139)
		Usr 0 00:15:42, Sys 0 00:00:01  -  Run Remote Usage
		Usr 0 00:00:00, Sys 0 00:00:00  -  Run Local Usage
		Usr 0 00:15:42, Sys 0 00:00:01  -  Total Remote Usage
		Usr 0 00:00:00, Sys 0 00:00:00  -  Total Local Usage
	38181  -  Run Bytes Sent By Job
	1231206  -  Run Bytes Received By Job
	38181  -  Total Bytes Sent By Job
	1231206  -  Total Bytes Received By Job
	Partitionable Resources :    Usage  Request Allocated 
	   Cpus                 :     1.00        1         1 
	   Disk (KB)            :  1262        1250      3855 
	   GPUs                 :                           0 
	   Memory (MB)          :   101        1024      1100 
	   TimeExecute (s)      :   949                       
	   TimeSlotBusy (s)     :   951                       

	Job terminated of its own accord at 2026-06-12T14:22:15Z with exit-code 139.
...
