000 (196930.432.000) 2026-06-12 22:48:49 Job submitted from host: <155.230.23.73:9618?addrs=155.230.23.73-9618+[2407-c000-c024-0-20c-29ff-fe93-3763]-9618&alias=cms03.knu.ac.kr&noUDP&sock=schedd_1478_5d11>
...
040 (196930.432.000) 2026-06-13 00:03:10 Started transferring input files
	Transferring to host: <155.230.21.146:9618?addrs=155.230.21.146-9618+[2407-c000-c025--21-146]-9618&alias=cluster346.knu.ac.kr&noUDP&sock=slot1_15_2315_e077_2717>
...
040 (196930.432.000) 2026-06-13 00:03:10 Finished transferring input files
...
001 (196930.432.000) 2026-06-13 00:03:11 Job executing on host: <155.230.21.146:9618?addrs=155.230.21.146-9618+[2407-c000-c025--21-146]-9618&alias=cluster346.knu.ac.kr&noUDP&sock=startd_2130_94d0>
	SlotName: slot1_15@cluster346.knu.ac.kr
	CondorScratchDir = "/home/condor/dir_2011947"
	Cpus = 1
	Disk = 3072
	GPUs = 0
	Memory = 1100
...
006 (196930.432.000) 2026-06-13 00:03:24 Image size of job updated: 100920
	99  -  MemoryUsage of job (MB)
	100920  -  ResidentSetSize of job (KB)
...
006 (196930.432.000) 2026-06-13 00:08:24 Image size of job updated: 101944
	100  -  MemoryUsage of job (MB)
	101944  -  ResidentSetSize of job (KB)
...
006 (196930.432.000) 2026-06-13 00:11:03 Image size of job updated: 181172
	100  -  MemoryUsage of job (MB)
	101944  -  ResidentSetSize of job (KB)
...
040 (196930.432.000) 2026-06-13 00:11:03 Started transferring output files
...
040 (196930.432.000) 2026-06-13 00:11:03 Finished transferring output files
...
005 (196930.432.000) 2026-06-13 00:11:03 Job terminated.
	(1) Normal termination (return value 139)
		Usr 0 00:07:45, Sys 0 00:00:01  -  Run Remote Usage
		Usr 0 00:00:00, Sys 0 00:00:00  -  Run Local Usage
		Usr 0 00:07:45, Sys 0 00:00:01  -  Total Remote Usage
		Usr 0 00:00:00, Sys 0 00:00:00  -  Total Local Usage
	38181  -  Run Bytes Sent By Job
	1231206  -  Run Bytes Received By Job
	38181  -  Total Bytes Sent By Job
	1231206  -  Total Bytes Received By Job
	Partitionable Resources :    Usage  Request Allocated 
	   Cpus                 :     0.99        1         1 
	   Disk (KB)            :  1262        1250      3072 
	   GPUs                 :                           0 
	   Memory (MB)          :   100        1024      1100 
	   TimeExecute (s)      :   472                       
	   TimeSlotBusy (s)     :   473                       

	Job terminated of its own accord at 2026-06-12T15:11:03Z with exit-code 139.
...
