000 (196930.433.000) 2026-06-12 22:48:49 Job submitted from host: <155.230.23.73:9618?addrs=155.230.23.73-9618+[2407-c000-c024-0-20c-29ff-fe93-3763]-9618&alias=cms03.knu.ac.kr&noUDP&sock=schedd_1478_5d11>
...
040 (196930.433.000) 2026-06-13 00:03:22 Started transferring input files
	Transferring to host: <155.230.21.137:9618?addrs=155.230.21.137-9618+[2407-c000-c025--21-137]-9618&alias=cluster337.knu.ac.kr&noUDP&sock=slot1_38_220409_d45c_2214>
...
040 (196930.433.000) 2026-06-13 00:03:22 Finished transferring input files
...
001 (196930.433.000) 2026-06-13 00:03:23 Job executing on host: <155.230.21.137:9618?addrs=155.230.21.137-9618+[2407-c000-c025--21-137]-9618&alias=cluster337.knu.ac.kr&noUDP&sock=startd_2461_9ea9>
	SlotName: slot1_38@cluster337.knu.ac.kr
	CondorScratchDir = "/home/condor/dir_574933"
	Cpus = 1
	Disk = 5707
	GPUs = 0
	Memory = 1100
...
006 (196930.433.000) 2026-06-13 00:03:36 Image size of job updated: 99652
	98  -  MemoryUsage of job (MB)
	99652  -  ResidentSetSize of job (KB)
...
006 (196930.433.000) 2026-06-13 00:08:36 Image size of job updated: 102120
	100  -  MemoryUsage of job (MB)
	102120  -  ResidentSetSize of job (KB)
...
006 (196930.433.000) 2026-06-13 00:10:55 Image size of job updated: 146408
	100  -  MemoryUsage of job (MB)
	102120  -  ResidentSetSize of job (KB)
...
040 (196930.433.000) 2026-06-13 00:11:00 Started transferring output files
...
040 (196930.433.000) 2026-06-13 00:11:00 Finished transferring output files
...
005 (196930.433.000) 2026-06-13 00:11:00 Job terminated.
	(1) Normal termination (return value 139)
		Usr 0 00:07:24, Sys 0 00:00:01  -  Run Remote Usage
		Usr 0 00:00:00, Sys 0 00:00:00  -  Run Local Usage
		Usr 0 00:07:24, Sys 0 00:00:01  -  Total Remote Usage
		Usr 0 00:00:00, Sys 0 00:00:00  -  Total Local Usage
	38181  -  Run Bytes Sent By Job
	1231206  -  Run Bytes Received By Job
	38181  -  Total Bytes Sent By Job
	1231206  -  Total Bytes Received By Job
	Partitionable Resources :    Usage  Request Allocated 
	   Cpus                 :     0.99        1         1 
	   Disk (KB)            :  1262        1250      5707 
	   GPUs                 :                           0 
	   Memory (MB)          :   100        1024      1100 
	   TimeExecute (s)      :   452                       
	   TimeSlotBusy (s)     :   458                       

	Job terminated of its own accord at 2026-06-12T15:10:55Z with exit-code 139.
...
