000 (196930.435.000) 2026-06-12 22:48:49 Job submitted from host: <155.230.23.73:9618?addrs=155.230.23.73-9618+[2407-c000-c024-0-20c-29ff-fe93-3763]-9618&alias=cms03.knu.ac.kr&noUDP&sock=schedd_1478_5d11>
...
040 (196930.435.000) 2026-06-13 00:04:04 Started transferring input files
	Transferring to host: <155.230.21.88:9618?addrs=155.230.21.88-9618+[2407-c000-c025--21-88]-9618&alias=cluster288.knu.ac.kr&noUDP&sock=slot1_13_1314_94ef_1730>
...
040 (196930.435.000) 2026-06-13 00:04:04 Finished transferring input files
...
001 (196930.435.000) 2026-06-13 00:04:05 Job executing on host: <155.230.21.88:9618?addrs=155.230.21.88-9618+[2407-c000-c025--21-88]-9618&alias=cluster288.knu.ac.kr&noUDP&sock=startd_1261_8503>
	SlotName: slot1_13@cluster288.knu.ac.kr
	CondorScratchDir = "/home/condor/dir_1015167"
	Cpus = 1
	Disk = 3783
	GPUs = 0
	Memory = 1100
...
006 (196930.435.000) 2026-06-13 00:04:19 Image size of job updated: 99288
	97  -  MemoryUsage of job (MB)
	99288  -  ResidentSetSize of job (KB)
...
006 (196930.435.000) 2026-06-13 00:09:20 Image size of job updated: 101188
	99  -  MemoryUsage of job (MB)
	101188  -  ResidentSetSize of job (KB)
...
006 (196930.435.000) 2026-06-13 00:14:20 Image size of job updated: 101972
	100  -  MemoryUsage of job (MB)
	101972  -  ResidentSetSize of job (KB)
...
006 (196930.435.000) 2026-06-13 00:19:20 Image size of job updated: 102092
	100  -  MemoryUsage of job (MB)
	102092  -  ResidentSetSize of job (KB)
...
006 (196930.435.000) 2026-06-13 00:19:26 Image size of job updated: 108864
	100  -  MemoryUsage of job (MB)
	102092  -  ResidentSetSize of job (KB)
...
040 (196930.435.000) 2026-06-13 00:19:26 Started transferring output files
...
040 (196930.435.000) 2026-06-13 00:19:26 Finished transferring output files
...
005 (196930.435.000) 2026-06-13 00:19:26 Job terminated.
	(1) Normal termination (return value 139)
		Usr 0 00:15:06, Sys 0 00:00:01  -  Run Remote Usage
		Usr 0 00:00:00, Sys 0 00:00:00  -  Run Local Usage
		Usr 0 00:15:06, Sys 0 00:00:01  -  Total Remote Usage
		Usr 0 00:00:00, Sys 0 00:00:00  -  Total Local Usage
	38181  -  Run Bytes Sent By Job
	1231206  -  Run Bytes Received By Job
	38181  -  Total Bytes Sent By Job
	1231206  -  Total Bytes Received By Job
	Partitionable Resources :    Usage  Request Allocated 
	   Cpus                 :     0.99        1         1 
	   Disk (KB)            :  1262        1250      3783 
	   GPUs                 :                           0 
	   Memory (MB)          :   100        1024      1100 
	   TimeExecute (s)      :   921                       
	   TimeSlotBusy (s)     :   922                       

	Job terminated of its own accord at 2026-06-12T15:19:26Z with exit-code 139.
...
