000 (196930.436.000) 2026-06-12 22:48:49 Job submitted from host: <155.230.23.73:9618?addrs=155.230.23.73-9618+[2407-c000-c024-0-20c-29ff-fe93-3763]-9618&alias=cms03.knu.ac.kr&noUDP&sock=schedd_1478_5d11>
...
040 (196930.436.000) 2026-06-13 00:04:04 Started transferring input files
	Transferring to host: <155.230.21.92:9618?addrs=155.230.21.92-9618+[2407-c000-c025--21-92]-9618&alias=cluster292.knu.ac.kr&noUDP&sock=slot1_10_1322_37ef_2401>
...
040 (196930.436.000) 2026-06-13 00:04:04 Finished transferring input files
...
001 (196930.436.000) 2026-06-13 00:04:05 Job executing on host: <155.230.21.92:9618?addrs=155.230.21.92-9618+[2407-c000-c025--21-92]-9618&alias=cluster292.knu.ac.kr&noUDP&sock=startd_1270_b15e>
	SlotName: slot1_10@cluster292.knu.ac.kr
	CondorScratchDir = "/home/condor/dir_2402733"
	Cpus = 1
	Disk = 3854
	GPUs = 0
	Memory = 1100
...
006 (196930.436.000) 2026-06-13 00:04:19 Image size of job updated: 98144
	96  -  MemoryUsage of job (MB)
	98144  -  ResidentSetSize of job (KB)
...
006 (196930.436.000) 2026-06-13 00:09:20 Image size of job updated: 99636
	98  -  MemoryUsage of job (MB)
	99636  -  ResidentSetSize of job (KB)
...
006 (196930.436.000) 2026-06-13 00:14:20 Image size of job updated: 100088
	98  -  MemoryUsage of job (MB)
	100088  -  ResidentSetSize of job (KB)
...
006 (196930.436.000) 2026-06-13 00:19:20 Image size of job updated: 102464
	101  -  MemoryUsage of job (MB)
	102464  -  ResidentSetSize of job (KB)
...
006 (196930.436.000) 2026-06-13 00:19:46 Image size of job updated: 102468
	101  -  MemoryUsage of job (MB)
	102464  -  ResidentSetSize of job (KB)
...
040 (196930.436.000) 2026-06-13 00:19:46 Started transferring output files
...
040 (196930.436.000) 2026-06-13 00:19:46 Finished transferring output files
...
005 (196930.436.000) 2026-06-13 00:19:46 Job terminated.
	(1) Normal termination (return value 139)
		Usr 0 00:15:26, Sys 0 00:00:01  -  Run Remote Usage
		Usr 0 00:00:00, Sys 0 00:00:00  -  Run Local Usage
		Usr 0 00:15:26, Sys 0 00:00:01  -  Total Remote Usage
		Usr 0 00:00:00, Sys 0 00:00:00  -  Total Local Usage
	38181  -  Run Bytes Sent By Job
	1231206  -  Run Bytes Received By Job
	38181  -  Total Bytes Sent By Job
	1231206  -  Total Bytes Received By Job
	Partitionable Resources :    Usage  Request Allocated 
	   Cpus                 :     0.99        1         1 
	   Disk (KB)            :  1262        1250      3854 
	   GPUs                 :                           0 
	   Memory (MB)          :   101        1024      1100 
	   TimeExecute (s)      :   941                       
	   TimeSlotBusy (s)     :   942                       

	Job terminated of its own accord at 2026-06-12T15:19:46Z with exit-code 139.
...
