000 (196930.044.000) 2026-06-12 22:48:48 Job submitted from host: <155.230.23.73:9618?addrs=155.230.23.73-9618+[2407-c000-c024-0-20c-29ff-fe93-3763]-9618&alias=cms03.knu.ac.kr&noUDP&sock=schedd_1478_5d11>
...
040 (196930.044.000) 2026-06-12 23:07:05 Started transferring input files
	Transferring to host: <155.230.21.109:9618?addrs=155.230.21.109-9618+[2407-c000-c025--21-109]-9618&alias=cluster309.knu.ac.kr&noUDP&sock=slot1_4_1776_1a41_2323>
...
040 (196930.044.000) 2026-06-12 23:07:05 Finished transferring input files
...
001 (196930.044.000) 2026-06-12 23:07:06 Job executing on host: <155.230.21.109:9618?addrs=155.230.21.109-9618+[2407-c000-c025--21-109]-9618&alias=cluster309.knu.ac.kr&noUDP&sock=startd_1699_f37f>
	SlotName: slot1_4@cluster309.knu.ac.kr
	CondorScratchDir = "/home/condor/dir_2793751"
	Cpus = 1
	Disk = 3839
	GPUs = 0
	Memory = 1100
...
006 (196930.044.000) 2026-06-12 23:07:20 Image size of job updated: 99644
	98  -  MemoryUsage of job (MB)
	99644  -  ResidentSetSize of job (KB)
...
006 (196930.044.000) 2026-06-12 23:12:21 Image size of job updated: 101988
	100  -  MemoryUsage of job (MB)
	101988  -  ResidentSetSize of job (KB)
...
006 (196930.044.000) 2026-06-12 23:17:22 Image size of job updated: 102328
	100  -  MemoryUsage of job (MB)
	102328  -  ResidentSetSize of job (KB)
...
006 (196930.044.000) 2026-06-12 23:22:22 Image size of job updated: 102412
	101  -  MemoryUsage of job (MB)
	102412  -  ResidentSetSize of job (KB)
...
006 (196930.044.000) 2026-06-12 23:27:23 Image size of job updated: 102496
	101  -  MemoryUsage of job (MB)
	102496  -  ResidentSetSize of job (KB)
...
006 (196930.044.000) 2026-06-12 23:28:16 Image size of job updated: 112144
	101  -  MemoryUsage of job (MB)
	102496  -  ResidentSetSize of job (KB)
...
040 (196930.044.000) 2026-06-12 23:28:16 Started transferring output files
...
040 (196930.044.000) 2026-06-12 23:28:16 Finished transferring output files
...
005 (196930.044.000) 2026-06-12 23:28:16 Job terminated.
	(1) Normal termination (return value 139)
		Usr 0 00:21:04, Sys 0 00:00:01  -  Run Remote Usage
		Usr 0 00:00:00, Sys 0 00:00:00  -  Run Local Usage
		Usr 0 00:21:04, Sys 0 00:00:01  -  Total Remote Usage
		Usr 0 00:00:00, Sys 0 00:00:00  -  Total Local Usage
	38183  -  Run Bytes Sent By Job
	1231206  -  Run Bytes Received By Job
	38183  -  Total Bytes Sent By Job
	1231206  -  Total Bytes Received By Job
	Partitionable Resources :    Usage  Request Allocated 
	   Cpus                 :     1.00        1         1 
	   Disk (KB)            :  1262        1250      3839 
	   GPUs                 :                           0 
	   Memory (MB)          :   101        1024      1100 
	   TimeExecute (s)      :  1270                       
	   TimeSlotBusy (s)     :  1271                       

	Job terminated of its own accord at 2026-06-12T14:28:16Z with exit-code 139.
...
