000 (196930.440.000) 2026-06-12 22:48:49 Job submitted from host: <155.230.23.73:9618?addrs=155.230.23.73-9618+[2407-c000-c024-0-20c-29ff-fe93-3763]-9618&alias=cms03.knu.ac.kr&noUDP&sock=schedd_1478_5d11>
...
040 (196930.440.000) 2026-06-13 00:04:05 Started transferring input files
	Transferring to host: <155.230.21.119:9618?addrs=155.230.21.119-9618+[2407-c000-c025--21-119]-9618&alias=cluster319.knu.ac.kr&noUDP&sock=slot1_27_1780_ebc1_2021>
...
040 (196930.440.000) 2026-06-13 00:04:05 Finished transferring input files
...
001 (196930.440.000) 2026-06-13 00:04:07 Job executing on host: <155.230.21.119:9618?addrs=155.230.21.119-9618+[2407-c000-c025--21-119]-9618&alias=cluster319.knu.ac.kr&noUDP&sock=startd_1714_3d6a>
	SlotName: slot1_27@cluster319.knu.ac.kr
	CondorScratchDir = "/home/condor/dir_1349277"
	Cpus = 1
	Disk = 3072
	GPUs = 0
	Memory = 1100
...
006 (196930.440.000) 2026-06-13 00:04:20 Image size of job updated: 100260
	98  -  MemoryUsage of job (MB)
	100260  -  ResidentSetSize of job (KB)
...
006 (196930.440.000) 2026-06-13 00:09:20 Image size of job updated: 101064
	99  -  MemoryUsage of job (MB)
	101064  -  ResidentSetSize of job (KB)
...
006 (196930.440.000) 2026-06-13 00:14:20 Image size of job updated: 101424
	100  -  MemoryUsage of job (MB)
	101424  -  ResidentSetSize of job (KB)
...
006 (196930.440.000) 2026-06-13 00:19:21 Image size of job updated: 101720
	100  -  MemoryUsage of job (MB)
	101720  -  ResidentSetSize of job (KB)
...
006 (196930.440.000) 2026-06-13 00:21:38 Image size of job updated: 420268
	100  -  MemoryUsage of job (MB)
	101720  -  ResidentSetSize of job (KB)
...
040 (196930.440.000) 2026-06-13 00:21:38 Started transferring output files
...
040 (196930.440.000) 2026-06-13 00:21:38 Finished transferring output files
...
005 (196930.440.000) 2026-06-13 00:21:38 Job terminated.
	(1) Normal termination (return value 139)
		Usr 0 00:17:18, Sys 0 00:00:01  -  Run Remote Usage
		Usr 0 00:00:00, Sys 0 00:00:00  -  Run Local Usage
		Usr 0 00:17:18, Sys 0 00:00:01  -  Total Remote Usage
		Usr 0 00:00:00, Sys 0 00:00:00  -  Total Local Usage
	38183  -  Run Bytes Sent By Job
	1231206  -  Run Bytes Received By Job
	38183  -  Total Bytes Sent By Job
	1231206  -  Total Bytes Received By Job
	Partitionable Resources :    Usage  Request Allocated 
	   Cpus                 :     0.99        1         1 
	   Disk (KB)            :  1262        1250      3072 
	   GPUs                 :                           0 
	   Memory (MB)          :   100        1024      1100 
	   TimeExecute (s)      :  1052                       
	   TimeSlotBusy (s)     :  1053                       

	Job terminated of its own accord at 2026-06-12T15:21:38Z with exit-code 139.
...
