000 (196930.445.000) 2026-06-12 22:48:49 Job submitted from host: <155.230.23.73:9618?addrs=155.230.23.73-9618+[2407-c000-c024-0-20c-29ff-fe93-3763]-9618&alias=cms03.knu.ac.kr&noUDP&sock=schedd_1478_5d11>
...
040 (196930.445.000) 2026-06-13 00:04:07 Started transferring input files
	Transferring to host: <155.230.21.86:9618?addrs=155.230.21.86-9618+[2407-c000-c025--21-86]-9618&alias=cluster286.knu.ac.kr&noUDP&sock=slot1_16_1324_a0af_1916>
...
040 (196930.445.000) 2026-06-13 00:04:07 Finished transferring input files
...
001 (196930.445.000) 2026-06-13 00:04:08 Job executing on host: <155.230.21.86:9618?addrs=155.230.21.86-9618+[2407-c000-c025--21-86]-9618&alias=cluster286.knu.ac.kr&noUDP&sock=startd_1271_60f6>
	SlotName: slot1_16@cluster286.knu.ac.kr
	CondorScratchDir = "/home/condor/dir_2259852"
	Cpus = 1
	Disk = 3845
	GPUs = 0
	Memory = 1100
...
006 (196930.445.000) 2026-06-13 00:04:21 Image size of job updated: 99568
	98  -  MemoryUsage of job (MB)
	99568  -  ResidentSetSize of job (KB)
...
006 (196930.445.000) 2026-06-13 00:09:21 Image size of job updated: 101412
	100  -  MemoryUsage of job (MB)
	101412  -  ResidentSetSize of job (KB)
...
006 (196930.445.000) 2026-06-13 00:14:22 Image size of job updated: 101812
	100  -  MemoryUsage of job (MB)
	101812  -  ResidentSetSize of job (KB)
...
006 (196930.445.000) 2026-06-13 00:18:42 Image size of job updated: 189012
	100  -  MemoryUsage of job (MB)
	101812  -  ResidentSetSize of job (KB)
...
040 (196930.445.000) 2026-06-13 00:18:42 Started transferring output files
...
040 (196930.445.000) 2026-06-13 00:18:42 Finished transferring output files
...
005 (196930.445.000) 2026-06-13 00:18:42 Job terminated.
	(1) Normal termination (return value 139)
		Usr 0 00:14:20, Sys 0 00:00:01  -  Run Remote Usage
		Usr 0 00:00:00, Sys 0 00:00:00  -  Run Local Usage
		Usr 0 00:14:20, Sys 0 00:00:01  -  Total Remote Usage
		Usr 0 00:00:00, Sys 0 00:00:00  -  Total Local Usage
	38181  -  Run Bytes Sent By Job
	1231206  -  Run Bytes Received By Job
	38181  -  Total Bytes Sent By Job
	1231206  -  Total Bytes Received By Job
	Partitionable Resources :    Usage  Request Allocated 
	   Cpus                 :     0.99        1         1 
	   Disk (KB)            :  1261        1250      3845 
	   GPUs                 :                           0 
	   Memory (MB)          :   100        1024      1100 
	   TimeExecute (s)      :   874                       
	   TimeSlotBusy (s)     :   875                       

	Job terminated of its own accord at 2026-06-12T15:18:42Z with exit-code 139.
...
