000 (196930.454.000) 2026-06-12 22:48:49 Job submitted from host: <155.230.23.73:9618?addrs=155.230.23.73-9618+[2407-c000-c024-0-20c-29ff-fe93-3763]-9618&alias=cms03.knu.ac.kr&noUDP&sock=schedd_1478_5d11>
...
040 (196930.454.000) 2026-06-13 00:05:23 Started transferring input files
	Transferring to host: <155.230.21.84:9618?addrs=155.230.21.84-9618+[2407-c000-c025--21-84]-9618&alias=cluster284.knu.ac.kr&noUDP&sock=slot1_13_1320_cf2f_2228>
...
040 (196930.454.000) 2026-06-13 00:05:23 Finished transferring input files
...
001 (196930.454.000) 2026-06-13 00:05:24 Job executing on host: <155.230.21.84:9618?addrs=155.230.21.84-9618+[2407-c000-c025--21-84]-9618&alias=cluster284.knu.ac.kr&noUDP&sock=startd_1269_01c5>
	SlotName: slot1_13@cluster284.knu.ac.kr
	CondorScratchDir = "/home/condor/dir_2619283"
	Cpus = 1
	Disk = 3844
	GPUs = 0
	Memory = 1100
...
006 (196930.454.000) 2026-06-13 00:05:38 Image size of job updated: 99696
	98  -  MemoryUsage of job (MB)
	99696  -  ResidentSetSize of job (KB)
...
006 (196930.454.000) 2026-06-13 00:10:39 Image size of job updated: 101552
	100  -  MemoryUsage of job (MB)
	101552  -  ResidentSetSize of job (KB)
...
006 (196930.454.000) 2026-06-13 00:15:40 Image size of job updated: 102024
	100  -  MemoryUsage of job (MB)
	102024  -  ResidentSetSize of job (KB)
...
006 (196930.454.000) 2026-06-13 00:20:40 Image size of job updated: 142580
	140  -  MemoryUsage of job (MB)
	142580  -  ResidentSetSize of job (KB)
...
006 (196930.454.000) 2026-06-13 00:20:44 Image size of job updated: 143756
	141  -  MemoryUsage of job (MB)
	143588  -  ResidentSetSize of job (KB)
...
040 (196930.454.000) 2026-06-13 00:20:44 Started transferring output files
...
040 (196930.454.000) 2026-06-13 00:20:44 Finished transferring output files
...
005 (196930.454.000) 2026-06-13 00:20:44 Job terminated.
	(1) Normal termination (return value 139)
		Usr 0 00:15:05, Sys 0 00:00:01  -  Run Remote Usage
		Usr 0 00:00:00, Sys 0 00:00:00  -  Run Local Usage
		Usr 0 00:15:05, Sys 0 00:00:01  -  Total Remote Usage
		Usr 0 00:00:00, Sys 0 00:00:00  -  Total Local Usage
	38181  -  Run Bytes Sent By Job
	1231206  -  Run Bytes Received By Job
	38181  -  Total Bytes Sent By Job
	1231206  -  Total Bytes Received By Job
	Partitionable Resources :    Usage  Request Allocated 
	   Cpus                 :     0.99        1         1 
	   Disk (KB)            :  1262        1250      3844 
	   GPUs                 :                           0 
	   Memory (MB)          :   141        1024      1100 
	   TimeExecute (s)      :   920                       
	   TimeSlotBusy (s)     :   921                       

	Job terminated of its own accord at 2026-06-12T15:20:44Z with exit-code 139.
...
