000 (196930.458.000) 2026-06-12 22:48:49 Job submitted from host: <155.230.23.73:9618?addrs=155.230.23.73-9618+[2407-c000-c024-0-20c-29ff-fe93-3763]-9618&alias=cms03.knu.ac.kr&noUDP&sock=schedd_1478_5d11>
...
040 (196930.458.000) 2026-06-13 00:05:25 Started transferring input files
	Transferring to host: <155.230.21.110:9618?addrs=155.230.21.110-9618+[2407-c000-c025--21-110]-9618&alias=cluster310.knu.ac.kr&noUDP&sock=slot1_26_1764_a5c1_2275>
...
040 (196930.458.000) 2026-06-13 00:05:25 Finished transferring input files
...
001 (196930.458.000) 2026-06-13 00:05:26 Job executing on host: <155.230.21.110:9618?addrs=155.230.21.110-9618+[2407-c000-c025--21-110]-9618&alias=cluster310.knu.ac.kr&noUDP&sock=startd_1700_a317>
	SlotName: slot1_26@cluster310.knu.ac.kr
	CondorScratchDir = "/home/condor/dir_2521571"
	Cpus = 1
	Disk = 3861
	GPUs = 0
	Memory = 1100
...
006 (196930.458.000) 2026-06-13 00:05:40 Image size of job updated: 99648
	98  -  MemoryUsage of job (MB)
	99648  -  ResidentSetSize of job (KB)
...
006 (196930.458.000) 2026-06-13 00:10:41 Image size of job updated: 102032
	100  -  MemoryUsage of job (MB)
	102032  -  ResidentSetSize of job (KB)
...
006 (196930.458.000) 2026-06-13 00:15:41 Image size of job updated: 102392
	100  -  MemoryUsage of job (MB)
	102392  -  ResidentSetSize of job (KB)
...
006 (196930.458.000) 2026-06-13 00:20:42 Image size of job updated: 102532
	101  -  MemoryUsage of job (MB)
	102532  -  ResidentSetSize of job (KB)
...
006 (196930.458.000) 2026-06-13 00:21:05 Image size of job updated: 178180
	101  -  MemoryUsage of job (MB)
	102532  -  ResidentSetSize of job (KB)
...
040 (196930.458.000) 2026-06-13 00:21:05 Started transferring output files
...
040 (196930.458.000) 2026-06-13 00:21:05 Finished transferring output files
...
005 (196930.458.000) 2026-06-13 00:21:05 Job terminated.
	(1) Normal termination (return value 139)
		Usr 0 00:15:33, Sys 0 00:00:01  -  Run Remote Usage
		Usr 0 00:00:00, Sys 0 00:00:00  -  Run Local Usage
		Usr 0 00:15:33, Sys 0 00:00:01  -  Total Remote Usage
		Usr 0 00:00:00, Sys 0 00:00:00  -  Total Local Usage
	38181  -  Run Bytes Sent By Job
	1231206  -  Run Bytes Received By Job
	38181  -  Total Bytes Sent By Job
	1231206  -  Total Bytes Received By Job
	Partitionable Resources :    Usage  Request Allocated 
	   Cpus                 :     1.00        1         1 
	   Disk (KB)            :  1262        1250      3861 
	   GPUs                 :                           0 
	   Memory (MB)          :   101        1024      1100 
	   TimeExecute (s)      :   939                       
	   TimeSlotBusy (s)     :   940                       

	Job terminated of its own accord at 2026-06-12T15:21:05Z with exit-code 139.
...
