000 (196930.046.000) 2026-06-12 22:48:48 Job submitted from host: <155.230.23.73:9618?addrs=155.230.23.73-9618+[2407-c000-c024-0-20c-29ff-fe93-3763]-9618&alias=cms03.knu.ac.kr&noUDP&sock=schedd_1478_5d11>
...
040 (196930.046.000) 2026-06-12 23:07:04 Started transferring input files
	Transferring to host: <155.230.21.116:9618?addrs=155.230.21.116-9618+[2407-c000-c025--21-116]-9618&alias=cluster316.knu.ac.kr&noUDP&sock=slot1_20_1621_e41b_2882>
...
040 (196930.046.000) 2026-06-12 23:07:04 Finished transferring input files
...
001 (196930.046.000) 2026-06-12 23:07:05 Job executing on host: <155.230.21.116:9618?addrs=155.230.21.116-9618+[2407-c000-c025--21-116]-9618&alias=cluster316.knu.ac.kr&noUDP&sock=startd_1583_6282>
	SlotName: slot1_20@cluster316.knu.ac.kr
	CondorScratchDir = "/home/condor/dir_1261704"
	Cpus = 1
	Disk = 3860
	GPUs = 0
	Memory = 1100
...
006 (196930.046.000) 2026-06-12 23:07:18 Image size of job updated: 99440
	98  -  MemoryUsage of job (MB)
	99440  -  ResidentSetSize of job (KB)
...
006 (196930.046.000) 2026-06-12 23:12:18 Image size of job updated: 101600
	100  -  MemoryUsage of job (MB)
	101600  -  ResidentSetSize of job (KB)
...
006 (196930.046.000) 2026-06-12 23:17:19 Image size of job updated: 101924
	100  -  MemoryUsage of job (MB)
	101924  -  ResidentSetSize of job (KB)
...
006 (196930.046.000) 2026-06-12 23:22:20 Image size of job updated: 102036
	100  -  MemoryUsage of job (MB)
	102036  -  ResidentSetSize of job (KB)
...
006 (196930.046.000) 2026-06-12 23:26:12 Image size of job updated: 404156
	100  -  MemoryUsage of job (MB)
	102036  -  ResidentSetSize of job (KB)
...
040 (196930.046.000) 2026-06-12 23:26:12 Started transferring output files
...
040 (196930.046.000) 2026-06-12 23:26:12 Finished transferring output files
...
005 (196930.046.000) 2026-06-12 23:26:12 Job terminated.
	(1) Normal termination (return value 139)
		Usr 0 00:18:52, Sys 0 00:00:01  -  Run Remote Usage
		Usr 0 00:00:00, Sys 0 00:00:00  -  Run Local Usage
		Usr 0 00:18:52, Sys 0 00:00:01  -  Total Remote Usage
		Usr 0 00:00:00, Sys 0 00:00:00  -  Total Local Usage
	38183  -  Run Bytes Sent By Job
	1231206  -  Run Bytes Received By Job
	38183  -  Total Bytes Sent By Job
	1231206  -  Total Bytes Received By Job
	Partitionable Resources :    Usage  Request Allocated 
	   Cpus                 :     0.99        1         1 
	   Disk (KB)            :  1262        1250      3860 
	   GPUs                 :                           0 
	   Memory (MB)          :   100        1024      1100 
	   TimeExecute (s)      :  1147                       
	   TimeSlotBusy (s)     :  1148                       

	Job terminated of its own accord at 2026-06-12T14:26:12Z with exit-code 139.
...
