000 (196930.465.000) 2026-06-12 22:48:49 Job submitted from host: <155.230.23.73:9618?addrs=155.230.23.73-9618+[2407-c000-c024-0-20c-29ff-fe93-3763]-9618&alias=cms03.knu.ac.kr&noUDP&sock=schedd_1478_5d11>
...
040 (196930.465.000) 2026-06-13 00:06:23 Started transferring input files
	Transferring to host: <155.230.21.86:9618?addrs=155.230.21.86-9618+[2407-c000-c025--21-86]-9618&alias=cluster286.knu.ac.kr&noUDP&sock=slot1_15_1324_a0af_1917>
...
040 (196930.465.000) 2026-06-13 00:06:23 Finished transferring input files
...
001 (196930.465.000) 2026-06-13 00:06:24 Job executing on host: <155.230.21.86:9618?addrs=155.230.21.86-9618+[2407-c000-c025--21-86]-9618&alias=cluster286.knu.ac.kr&noUDP&sock=startd_1271_60f6>
	SlotName: slot1_15@cluster286.knu.ac.kr
	CondorScratchDir = "/home/condor/dir_2260135"
	Cpus = 1
	Disk = 3845
	GPUs = 0
	Memory = 1100
...
006 (196930.465.000) 2026-06-13 00:06:38 Image size of job updated: 99604
	98  -  MemoryUsage of job (MB)
	99604  -  ResidentSetSize of job (KB)
...
006 (196930.465.000) 2026-06-13 00:11:39 Image size of job updated: 101040
	99  -  MemoryUsage of job (MB)
	101040  -  ResidentSetSize of job (KB)
...
006 (196930.465.000) 2026-06-13 00:16:40 Image size of job updated: 102448
	101  -  MemoryUsage of job (MB)
	102448  -  ResidentSetSize of job (KB)
...
006 (196930.465.000) 2026-06-13 00:21:40 Image size of job updated: 102600
	101  -  MemoryUsage of job (MB)
	102600  -  ResidentSetSize of job (KB)
...
006 (196930.465.000) 2026-06-13 00:22:45 Image size of job updated: 102624
	101  -  MemoryUsage of job (MB)
	102600  -  ResidentSetSize of job (KB)
...
040 (196930.465.000) 2026-06-13 00:22:45 Started transferring output files
...
040 (196930.465.000) 2026-06-13 00:22:45 Finished transferring output files
...
005 (196930.465.000) 2026-06-13 00:22:45 Job terminated.
	(1) Normal termination (return value 139)
		Usr 0 00:16:05, Sys 0 00:00:01  -  Run Remote Usage
		Usr 0 00:00:00, Sys 0 00:00:00  -  Run Local Usage
		Usr 0 00:16:05, Sys 0 00:00:01  -  Total Remote Usage
		Usr 0 00:00:00, Sys 0 00:00:00  -  Total Local Usage
	38181  -  Run Bytes Sent By Job
	1231206  -  Run Bytes Received By Job
	38181  -  Total Bytes Sent By Job
	1231206  -  Total Bytes Received By Job
	Partitionable Resources :    Usage  Request Allocated 
	   Cpus                 :     0.99        1         1 
	   Disk (KB)            :  1262        1250      3845 
	   GPUs                 :                           0 
	   Memory (MB)          :   101        1024      1100 
	   TimeExecute (s)      :   981                       
	   TimeSlotBusy (s)     :   982                       

	Job terminated of its own accord at 2026-06-12T15:22:45Z with exit-code 139.
...
