000 (196930.467.000) 2026-06-12 22:48:49 Job submitted from host: <155.230.23.73:9618?addrs=155.230.23.73-9618+[2407-c000-c024-0-20c-29ff-fe93-3763]-9618&alias=cms03.knu.ac.kr&noUDP&sock=schedd_1478_5d11>
...
040 (196930.467.000) 2026-06-13 00:07:02 Started transferring input files
	Transferring to host: <155.230.21.38:9618?addrs=155.230.21.38-9618+[2407-c000-c025--21-38]-9618&alias=cluster238.knu.ac.kr&noUDP&sock=slot1_10_1104_9e26_1786>
...
040 (196930.467.000) 2026-06-13 00:07:03 Finished transferring input files
...
001 (196930.467.000) 2026-06-13 00:07:04 Job executing on host: <155.230.21.38:9618?addrs=155.230.21.38-9618+[2407-c000-c025--21-38]-9618&alias=cluster238.knu.ac.kr&noUDP&sock=startd_1047_bbbf>
	SlotName: slot1_10@cluster238.knu.ac.kr
	CondorScratchDir = "/home/condor/dir_1156476"
	Cpus = 1
	Disk = 3855
	GPUs = 0
	Memory = 1100
...
006 (196930.467.000) 2026-06-13 00:07:17 Image size of job updated: 99304
	97  -  MemoryUsage of job (MB)
	99304  -  ResidentSetSize of job (KB)
...
006 (196930.467.000) 2026-06-13 00:12:17 Image size of job updated: 101128
	99  -  MemoryUsage of job (MB)
	101128  -  ResidentSetSize of job (KB)
...
006 (196930.467.000) 2026-06-13 00:17:17 Image size of job updated: 101736
	100  -  MemoryUsage of job (MB)
	101736  -  ResidentSetSize of job (KB)
...
006 (196930.467.000) 2026-06-13 00:22:18 Image size of job updated: 102760
	101  -  MemoryUsage of job (MB)
	102760  -  ResidentSetSize of job (KB)
...
006 (196930.467.000) 2026-06-13 00:26:54 Image size of job updated: 150216
	101  -  MemoryUsage of job (MB)
	102760  -  ResidentSetSize of job (KB)
...
040 (196930.467.000) 2026-06-13 00:26:55 Started transferring output files
...
040 (196930.467.000) 2026-06-13 00:26:55 Finished transferring output files
...
005 (196930.467.000) 2026-06-13 00:26:55 Job terminated.
	(1) Normal termination (return value 139)
		Usr 0 00:19:35, Sys 0 00:00:01  -  Run Remote Usage
		Usr 0 00:00:00, Sys 0 00:00:00  -  Run Local Usage
		Usr 0 00:19:35, Sys 0 00:00:01  -  Total Remote Usage
		Usr 0 00:00:00, Sys 0 00:00:00  -  Total Local Usage
	38183  -  Run Bytes Sent By Job
	1231206  -  Run Bytes Received By Job
	38183  -  Total Bytes Sent By Job
	1231206  -  Total Bytes Received By Job
	Partitionable Resources :    Usage  Request Allocated 
	   Cpus                 :     0.99        1         1 
	   Disk (KB)            :  1262        1250      3855 
	   GPUs                 :                           0 
	   Memory (MB)          :   101        1024      1100 
	   TimeExecute (s)      :  1190                       
	   TimeSlotBusy (s)     :  1193                       

	Job terminated of its own accord at 2026-06-12T15:26:54Z with exit-code 139.
...
