000 (196930.468.000) 2026-06-12 22:48:49 Job submitted from host: <155.230.23.73:9618?addrs=155.230.23.73-9618+[2407-c000-c024-0-20c-29ff-fe93-3763]-9618&alias=cms03.knu.ac.kr&noUDP&sock=schedd_1478_5d11>
...
040 (196930.468.000) 2026-06-13 00:07:02 Started transferring input files
	Transferring to host: <155.230.21.109:9618?addrs=155.230.21.109-9618+[2407-c000-c025--21-109]-9618&alias=cluster309.knu.ac.kr&noUDP&sock=slot1_28_1776_1a41_2391>
...
040 (196930.468.000) 2026-06-13 00:07:02 Finished transferring input files
...
001 (196930.468.000) 2026-06-13 00:07:04 Job executing on host: <155.230.21.109:9618?addrs=155.230.21.109-9618+[2407-c000-c025--21-109]-9618&alias=cluster309.knu.ac.kr&noUDP&sock=startd_1699_f37f>
	SlotName: slot1_28@cluster309.knu.ac.kr
	CondorScratchDir = "/home/condor/dir_2804188"
	Cpus = 1
	Disk = 3839
	GPUs = 0
	Memory = 1100
...
006 (196930.468.000) 2026-06-13 00:07:17 Image size of job updated: 100372
	99  -  MemoryUsage of job (MB)
	100372  -  ResidentSetSize of job (KB)
...
006 (196930.468.000) 2026-06-13 00:12:17 Image size of job updated: 104160
	102  -  MemoryUsage of job (MB)
	104160  -  ResidentSetSize of job (KB)
...
006 (196930.468.000) 2026-06-13 00:17:17 Image size of job updated: 104472
	103  -  MemoryUsage of job (MB)
	104472  -  ResidentSetSize of job (KB)
...
006 (196930.468.000) 2026-06-13 00:22:18 Image size of job updated: 104644
	103  -  MemoryUsage of job (MB)
	104644  -  ResidentSetSize of job (KB)
...
006 (196930.468.000) 2026-06-13 00:22:27 Image size of job updated: 115656
	103  -  MemoryUsage of job (MB)
	104644  -  ResidentSetSize of job (KB)
...
040 (196930.468.000) 2026-06-13 00:22:27 Started transferring output files
...
040 (196930.468.000) 2026-06-13 00:22:27 Finished transferring output files
...
005 (196930.468.000) 2026-06-13 00:22:27 Job terminated.
	(1) Normal termination (return value 139)
		Usr 0 00:15:19, Sys 0 00:00:01  -  Run Remote Usage
		Usr 0 00:00:00, Sys 0 00:00:00  -  Run Local Usage
		Usr 0 00:15:19, Sys 0 00:00:01  -  Total Remote Usage
		Usr 0 00:00:00, Sys 0 00:00:00  -  Total Local Usage
	38181  -  Run Bytes Sent By Job
	1231206  -  Run Bytes Received By Job
	38181  -  Total Bytes Sent By Job
	1231206  -  Total Bytes Received By Job
	Partitionable Resources :    Usage  Request Allocated 
	   Cpus                 :     1.00        1         1 
	   Disk (KB)            :  1262        1250      3839 
	   GPUs                 :                           0 
	   Memory (MB)          :   103        1024      1100 
	   TimeExecute (s)      :   924                       
	   TimeSlotBusy (s)     :   925                       

	Job terminated of its own accord at 2026-06-12T15:22:27Z with exit-code 139.
...
