000 (196930.047.000) 2026-06-12 22:48:48 Job submitted from host: <155.230.23.73:9618?addrs=155.230.23.73-9618+[2407-c000-c024-0-20c-29ff-fe93-3763]-9618&alias=cms03.knu.ac.kr&noUDP&sock=schedd_1478_5d11>
...
040 (196930.047.000) 2026-06-12 23:07:04 Started transferring input files
	Transferring to host: <155.230.21.119:9618?addrs=155.230.21.119-9618+[2407-c000-c025--21-119]-9618&alias=cluster319.knu.ac.kr&noUDP&sock=slot1_22_1780_ebc1_1971>
...
040 (196930.047.000) 2026-06-12 23:07:04 Finished transferring input files
...
001 (196930.047.000) 2026-06-12 23:07:05 Job executing on host: <155.230.21.119:9618?addrs=155.230.21.119-9618+[2407-c000-c025--21-119]-9618&alias=cluster319.knu.ac.kr&noUDP&sock=startd_1714_3d6a>
	SlotName: slot1_22@cluster319.knu.ac.kr
	CondorScratchDir = "/home/condor/dir_1340282"
	Cpus = 1
	Disk = 3072
	GPUs = 0
	Memory = 1100
...
006 (196930.047.000) 2026-06-12 23:07:18 Image size of job updated: 99788
	98  -  MemoryUsage of job (MB)
	99788  -  ResidentSetSize of job (KB)
...
006 (196930.047.000) 2026-06-12 23:12:18 Image size of job updated: 101712
	100  -  MemoryUsage of job (MB)
	101712  -  ResidentSetSize of job (KB)
...
006 (196930.047.000) 2026-06-12 23:17:19 Image size of job updated: 102152
	100  -  MemoryUsage of job (MB)
	102152  -  ResidentSetSize of job (KB)
...
006 (196930.047.000) 2026-06-12 23:19:50 Image size of job updated: 124588
	100  -  MemoryUsage of job (MB)
	102152  -  ResidentSetSize of job (KB)
...
040 (196930.047.000) 2026-06-12 23:19:50 Started transferring output files
...
040 (196930.047.000) 2026-06-12 23:19:50 Finished transferring output files
...
005 (196930.047.000) 2026-06-12 23:19:50 Job terminated.
	(1) Normal termination (return value 139)
		Usr 0 00:12:32, Sys 0 00:00:01  -  Run Remote Usage
		Usr 0 00:00:00, Sys 0 00:00:00  -  Run Local Usage
		Usr 0 00:12:32, Sys 0 00:00:01  -  Total Remote Usage
		Usr 0 00:00:00, Sys 0 00:00:00  -  Total Local Usage
	38181  -  Run Bytes Sent By Job
	1231206  -  Run Bytes Received By Job
	38181  -  Total Bytes Sent By Job
	1231206  -  Total Bytes Received By Job
	Partitionable Resources :    Usage  Request Allocated 
	   Cpus                 :     0.99        1         1 
	   Disk (KB)            :  1262        1250      3072 
	   GPUs                 :                           0 
	   Memory (MB)          :   100        1024      1100 
	   TimeExecute (s)      :   765                       
	   TimeSlotBusy (s)     :   766                       

	Job terminated of its own accord at 2026-06-12T14:19:50Z with exit-code 139.
...
