000 (196930.470.000) 2026-06-12 22:48:49 Job submitted from host: <155.230.23.73:9618?addrs=155.230.23.73-9618+[2407-c000-c024-0-20c-29ff-fe93-3763]-9618&alias=cms03.knu.ac.kr&noUDP&sock=schedd_1478_5d11>
...
040 (196930.470.000) 2026-06-13 00:07:03 Started transferring input files
	Transferring to host: <155.230.21.90:9618?addrs=155.230.21.90-9618+[2407-c000-c025--21-90]-9618&alias=cluster290.knu.ac.kr&noUDP&sock=slot1_10_1349_3e10_1914>
...
040 (196930.470.000) 2026-06-13 00:07:03 Finished transferring input files
...
001 (196930.470.000) 2026-06-13 00:07:04 Job executing on host: <155.230.21.90:9618?addrs=155.230.21.90-9618+[2407-c000-c025--21-90]-9618&alias=cluster290.knu.ac.kr&noUDP&sock=startd_1294_27a3>
	SlotName: slot1_10@cluster290.knu.ac.kr
	CondorScratchDir = "/home/condor/dir_2304788"
	Cpus = 1
	Disk = 3859
	GPUs = 0
	Memory = 1100
...
006 (196930.470.000) 2026-06-13 00:07:17 Image size of job updated: 99184
	97  -  MemoryUsage of job (MB)
	99184  -  ResidentSetSize of job (KB)
...
006 (196930.470.000) 2026-06-13 00:12:17 Image size of job updated: 101300
	99  -  MemoryUsage of job (MB)
	101300  -  ResidentSetSize of job (KB)
...
006 (196930.470.000) 2026-06-13 00:17:18 Image size of job updated: 101696
	100  -  MemoryUsage of job (MB)
	101696  -  ResidentSetSize of job (KB)
...
006 (196930.470.000) 2026-06-13 00:21:38 Image size of job updated: 223260
	100  -  MemoryUsage of job (MB)
	101696  -  ResidentSetSize of job (KB)
...
040 (196930.470.000) 2026-06-13 00:21:38 Started transferring output files
...
040 (196930.470.000) 2026-06-13 00:21:38 Finished transferring output files
...
005 (196930.470.000) 2026-06-13 00:21:38 Job terminated.
	(1) Normal termination (return value 139)
		Usr 0 00:14:19, Sys 0 00:00:01  -  Run Remote Usage
		Usr 0 00:00:00, Sys 0 00:00:00  -  Run Local Usage
		Usr 0 00:14:19, Sys 0 00:00:01  -  Total Remote Usage
		Usr 0 00:00:00, Sys 0 00:00:00  -  Total Local Usage
	38181  -  Run Bytes Sent By Job
	1231206  -  Run Bytes Received By Job
	38181  -  Total Bytes Sent By Job
	1231206  -  Total Bytes Received By Job
	Partitionable Resources :    Usage  Request Allocated 
	   Cpus                 :     0.99        1         1 
	   Disk (KB)            :  1262        1250      3859 
	   GPUs                 :                           0 
	   Memory (MB)          :   100        1024      1100 
	   TimeExecute (s)      :   874                       
	   TimeSlotBusy (s)     :   875                       

	Job terminated of its own accord at 2026-06-12T15:21:38Z with exit-code 139.
...
