000 (196930.472.000) 2026-06-12 22:48:49 Job submitted from host: <155.230.23.73:9618?addrs=155.230.23.73-9618+[2407-c000-c024-0-20c-29ff-fe93-3763]-9618&alias=cms03.knu.ac.kr&noUDP&sock=schedd_1478_5d11>
...
040 (196930.472.000) 2026-06-13 00:07:04 Started transferring input files
	Transferring to host: <155.230.21.116:9618?addrs=155.230.21.116-9618+[2407-c000-c025--21-116]-9618&alias=cluster316.knu.ac.kr&noUDP&sock=slot1_9_1621_e41b_2900>
...
040 (196930.472.000) 2026-06-13 00:07:04 Finished transferring input files
...
001 (196930.472.000) 2026-06-13 00:07:05 Job executing on host: <155.230.21.116:9618?addrs=155.230.21.116-9618+[2407-c000-c025--21-116]-9618&alias=cluster316.knu.ac.kr&noUDP&sock=startd_1583_6282>
	SlotName: slot1_9@cluster316.knu.ac.kr
	CondorScratchDir = "/home/condor/dir_1267065"
	Cpus = 1
	Disk = 3860
	GPUs = 0
	Memory = 1100
...
006 (196930.472.000) 2026-06-13 00:07:18 Image size of job updated: 100716
	99  -  MemoryUsage of job (MB)
	100716  -  ResidentSetSize of job (KB)
...
006 (196930.472.000) 2026-06-13 00:12:18 Image size of job updated: 101792
	100  -  MemoryUsage of job (MB)
	101792  -  ResidentSetSize of job (KB)
...
006 (196930.472.000) 2026-06-13 00:17:19 Image size of job updated: 102052
	100  -  MemoryUsage of job (MB)
	102052  -  ResidentSetSize of job (KB)
...
006 (196930.472.000) 2026-06-13 00:22:19 Image size of job updated: 102384
	100  -  MemoryUsage of job (MB)
	102384  -  ResidentSetSize of job (KB)
...
006 (196930.472.000) 2026-06-13 00:27:19 Image size of job updated: 102484
	101  -  MemoryUsage of job (MB)
	102484  -  ResidentSetSize of job (KB)
...
006 (196930.472.000) 2026-06-13 00:28:56 Image size of job updated: 102952
	101  -  MemoryUsage of job (MB)
	102484  -  ResidentSetSize of job (KB)
...
040 (196930.472.000) 2026-06-13 00:28:56 Started transferring output files
...
040 (196930.472.000) 2026-06-13 00:28:56 Finished transferring output files
...
005 (196930.472.000) 2026-06-13 00:28:56 Job terminated.
	(1) Normal termination (return value 139)
		Usr 0 00:21:36, Sys 0 00:00:01  -  Run Remote Usage
		Usr 0 00:00:00, Sys 0 00:00:00  -  Run Local Usage
		Usr 0 00:21:36, Sys 0 00:00:01  -  Total Remote Usage
		Usr 0 00:00:00, Sys 0 00:00:00  -  Total Local Usage
	38183  -  Run Bytes Sent By Job
	1231206  -  Run Bytes Received By Job
	38183  -  Total Bytes Sent By Job
	1231206  -  Total Bytes Received By Job
	Partitionable Resources :    Usage  Request Allocated 
	   Cpus                 :     0.99        1         1 
	   Disk (KB)            :  1262        1250      3860 
	   GPUs                 :                           0 
	   Memory (MB)          :   101        1024      1100 
	   TimeExecute (s)      :  1311                       
	   TimeSlotBusy (s)     :  1312                       

	Job terminated of its own accord at 2026-06-12T15:28:56Z with exit-code 139.
...
