000 (196930.478.000) 2026-06-12 22:48:49 Job submitted from host: <155.230.23.73:9618?addrs=155.230.23.73-9618+[2407-c000-c024-0-20c-29ff-fe93-3763]-9618&alias=cms03.knu.ac.kr&noUDP&sock=schedd_1478_5d11>
...
040 (196930.478.000) 2026-06-13 00:07:22 Started transferring input files
	Transferring to host: <155.230.21.86:9618?addrs=155.230.21.86-9618+[2407-c000-c025--21-86]-9618&alias=cluster286.knu.ac.kr&noUDP&sock=slot1_2_1324_a0af_1918>
...
040 (196930.478.000) 2026-06-13 00:07:22 Finished transferring input files
...
001 (196930.478.000) 2026-06-13 00:07:24 Job executing on host: <155.230.21.86:9618?addrs=155.230.21.86-9618+[2407-c000-c025--21-86]-9618&alias=cluster286.knu.ac.kr&noUDP&sock=startd_1271_60f6>
	SlotName: slot1_2@cluster286.knu.ac.kr
	CondorScratchDir = "/home/condor/dir_2260341"
	Cpus = 1
	Disk = 3845
	GPUs = 0
	Memory = 1100
...
006 (196930.478.000) 2026-06-13 00:07:37 Image size of job updated: 99544
	98  -  MemoryUsage of job (MB)
	99544  -  ResidentSetSize of job (KB)
...
006 (196930.478.000) 2026-06-13 00:12:37 Image size of job updated: 101316
	99  -  MemoryUsage of job (MB)
	101316  -  ResidentSetSize of job (KB)
...
006 (196930.478.000) 2026-06-13 00:17:37 Image size of job updated: 101688
	100  -  MemoryUsage of job (MB)
	101688  -  ResidentSetSize of job (KB)
...
006 (196930.478.000) 2026-06-13 00:22:02 Image size of job updated: 293392
	100  -  MemoryUsage of job (MB)
	101688  -  ResidentSetSize of job (KB)
...
040 (196930.478.000) 2026-06-13 00:22:02 Started transferring output files
...
040 (196930.478.000) 2026-06-13 00:22:02 Finished transferring output files
...
005 (196930.478.000) 2026-06-13 00:22:02 Job terminated.
	(1) Normal termination (return value 139)
		Usr 0 00:14:22, Sys 0 00:00:01  -  Run Remote Usage
		Usr 0 00:00:00, Sys 0 00:00:00  -  Run Local Usage
		Usr 0 00:14:22, Sys 0 00:00:01  -  Total Remote Usage
		Usr 0 00:00:00, Sys 0 00:00:00  -  Total Local Usage
	38181  -  Run Bytes Sent By Job
	1231206  -  Run Bytes Received By Job
	38181  -  Total Bytes Sent By Job
	1231206  -  Total Bytes Received By Job
	Partitionable Resources :    Usage  Request Allocated 
	   Cpus                 :     0.99        1         1 
	   Disk (KB)            :  1262        1250      3845 
	   GPUs                 :                           0 
	   Memory (MB)          :   100        1024      1100 
	   TimeExecute (s)      :   879                       
	   TimeSlotBusy (s)     :   880                       

	Job terminated of its own accord at 2026-06-12T15:22:02Z with exit-code 139.
...
