000 (196930.048.000) 2026-06-12 22:48:48 Job submitted from host: <155.230.23.73:9618?addrs=155.230.23.73-9618+[2407-c000-c024-0-20c-29ff-fe93-3763]-9618&alias=cms03.knu.ac.kr&noUDP&sock=schedd_1478_5d11>
...
040 (196930.048.000) 2026-06-12 23:07:04 Started transferring input files
	Transferring to host: <155.230.21.151:9618?addrs=155.230.21.151-9618+[2407-c000-c025--21-151]-9618&alias=cluster351.knu.ac.kr&noUDP&sock=slot1_61_376959_777a_4059>
...
040 (196930.048.000) 2026-06-12 23:07:04 Finished transferring input files
...
001 (196930.048.000) 2026-06-12 23:07:05 Job executing on host: <155.230.21.151:9618?addrs=155.230.21.151-9618+[2407-c000-c025--21-151]-9618&alias=cluster351.knu.ac.kr&noUDP&sock=startd_2791_f8ea>
	SlotName: slot1_61@cluster351.knu.ac.kr
	CondorScratchDir = "/home/condor/dir_2164769"
	Cpus = 1
	Disk = 9388
	GPUs = 0
	Memory = 1100
...
006 (196930.048.000) 2026-06-12 23:07:18 Image size of job updated: 99996
	98  -  MemoryUsage of job (MB)
	99996  -  ResidentSetSize of job (KB)
...
006 (196930.048.000) 2026-06-12 23:11:45 Image size of job updated: 102100
	98  -  MemoryUsage of job (MB)
	99996  -  ResidentSetSize of job (KB)
...
040 (196930.048.000) 2026-06-12 23:11:45 Started transferring output files
...
040 (196930.048.000) 2026-06-12 23:11:45 Finished transferring output files
...
005 (196930.048.000) 2026-06-12 23:11:45 Job terminated.
	(1) Normal termination (return value 139)
		Usr 0 00:04:32, Sys 0 00:00:01  -  Run Remote Usage
		Usr 0 00:00:00, Sys 0 00:00:00  -  Run Local Usage
		Usr 0 00:04:32, Sys 0 00:00:01  -  Total Remote Usage
		Usr 0 00:00:00, Sys 0 00:00:00  -  Total Local Usage
	38181  -  Run Bytes Sent By Job
	1231206  -  Run Bytes Received By Job
	38181  -  Total Bytes Sent By Job
	1231206  -  Total Bytes Received By Job
	Partitionable Resources :    Usage  Request Allocated 
	   Cpus                 :     0.99        1         1 
	   Disk (KB)            :  1262        1250      9388 
	   GPUs                 :                           0 
	   Memory (MB)          :    98        1024      1100 
	   TimeExecute (s)      :   280                       
	   TimeSlotBusy (s)     :   281                       

	Job terminated of its own accord at 2026-06-12T14:11:45Z with exit-code 139.
...
