000 (196930.481.000) 2026-06-12 22:48:49 Job submitted from host: <155.230.23.73:9618?addrs=155.230.23.73-9618+[2407-c000-c024-0-20c-29ff-fe93-3763]-9618&alias=cms03.knu.ac.kr&noUDP&sock=schedd_1478_5d11>
...
040 (196930.481.000) 2026-06-13 00:08:04 Started transferring input files
	Transferring to host: <155.230.21.118:9618?addrs=155.230.21.118-9618+[2407-c000-c025--21-118]-9618&alias=cluster318.knu.ac.kr&noUDP&sock=slot1_24_1766_0e81_2626>
...
040 (196930.481.000) 2026-06-13 00:08:04 Finished transferring input files
...
001 (196930.481.000) 2026-06-13 00:08:05 Job executing on host: <155.230.21.118:9618?addrs=155.230.21.118-9618+[2407-c000-c025--21-118]-9618&alias=cluster318.knu.ac.kr&noUDP&sock=startd_1729_8756>
	SlotName: slot1_24@cluster318.knu.ac.kr
	CondorScratchDir = "/home/condor/dir_2059547"
	Cpus = 1
	Disk = 3828
	GPUs = 0
	Memory = 1100
...
006 (196930.481.000) 2026-06-13 00:08:19 Image size of job updated: 100064
	98  -  MemoryUsage of job (MB)
	100064  -  ResidentSetSize of job (KB)
...
006 (196930.481.000) 2026-06-13 00:13:19 Image size of job updated: 101564
	100  -  MemoryUsage of job (MB)
	101564  -  ResidentSetSize of job (KB)
...
006 (196930.481.000) 2026-06-13 00:18:19 Image size of job updated: 103248
	101  -  MemoryUsage of job (MB)
	103248  -  ResidentSetSize of job (KB)
...
006 (196930.481.000) 2026-06-13 00:23:20 Image size of job updated: 103368
	101  -  MemoryUsage of job (MB)
	103368  -  ResidentSetSize of job (KB)
...
006 (196930.481.000) 2026-06-13 00:26:59 Image size of job updated: 230244
	101  -  MemoryUsage of job (MB)
	103368  -  ResidentSetSize of job (KB)
...
040 (196930.481.000) 2026-06-13 00:26:59 Started transferring output files
...
040 (196930.481.000) 2026-06-13 00:26:59 Finished transferring output files
...
005 (196930.481.000) 2026-06-13 00:26:59 Job terminated.
	(1) Normal termination (return value 139)
		Usr 0 00:18:40, Sys 0 00:00:01  -  Run Remote Usage
		Usr 0 00:00:00, Sys 0 00:00:00  -  Run Local Usage
		Usr 0 00:18:40, Sys 0 00:00:01  -  Total Remote Usage
		Usr 0 00:00:00, Sys 0 00:00:00  -  Total Local Usage
	38183  -  Run Bytes Sent By Job
	1231206  -  Run Bytes Received By Job
	38183  -  Total Bytes Sent By Job
	1231206  -  Total Bytes Received By Job
	Partitionable Resources :    Usage  Request Allocated 
	   Cpus                 :     0.99        1         1 
	   Disk (KB)            :  1262        1250      3828 
	   GPUs                 :                           0 
	   Memory (MB)          :   101        1024      1100 
	   TimeExecute (s)      :  1134                       
	   TimeSlotBusy (s)     :  1135                       

	Job terminated of its own accord at 2026-06-12T15:26:59Z with exit-code 139.
...
