000 (196930.482.000) 2026-06-12 22:48:49 Job submitted from host: <155.230.23.73:9618?addrs=155.230.23.73-9618+[2407-c000-c024-0-20c-29ff-fe93-3763]-9618&alias=cms03.knu.ac.kr&noUDP&sock=schedd_1478_5d11>
...
040 (196930.482.000) 2026-06-13 00:08:05 Started transferring input files
	Transferring to host: <155.230.21.112:9618?addrs=155.230.21.112-9618+[2407-c000-c025--21-112]-9618&alias=cluster312.knu.ac.kr&noUDP&sock=slot1_21_1724_76bf_2191>
...
040 (196930.482.000) 2026-06-13 00:08:05 Finished transferring input files
...
001 (196930.482.000) 2026-06-13 00:08:06 Job executing on host: <155.230.21.112:9618?addrs=155.230.21.112-9618+[2407-c000-c025--21-112]-9618&alias=cluster312.knu.ac.kr&noUDP&sock=startd_1671_bed8>
	SlotName: slot1_21@cluster312.knu.ac.kr
	CondorScratchDir = "/home/condor/dir_3140111"
	Cpus = 1
	Disk = 3855
	GPUs = 0
	Memory = 1100
...
006 (196930.482.000) 2026-06-13 00:08:19 Image size of job updated: 98192
	96  -  MemoryUsage of job (MB)
	98192  -  ResidentSetSize of job (KB)
...
006 (196930.482.000) 2026-06-13 00:13:19 Image size of job updated: 99640
	98  -  MemoryUsage of job (MB)
	99640  -  ResidentSetSize of job (KB)
...
006 (196930.482.000) 2026-06-13 00:18:20 Image size of job updated: 99992
	98  -  MemoryUsage of job (MB)
	99992  -  ResidentSetSize of job (KB)
...
006 (196930.482.000) 2026-06-13 00:23:20 Image size of job updated: 100124
	98  -  MemoryUsage of job (MB)
	100124  -  ResidentSetSize of job (KB)
...
006 (196930.482.000) 2026-06-13 00:25:32 Image size of job updated: 422340
	98  -  MemoryUsage of job (MB)
	100124  -  ResidentSetSize of job (KB)
...
040 (196930.482.000) 2026-06-13 00:25:32 Started transferring output files
...
040 (196930.482.000) 2026-06-13 00:25:32 Finished transferring output files
...
005 (196930.482.000) 2026-06-13 00:25:32 Job terminated.
	(1) Normal termination (return value 139)
		Usr 0 00:17:19, Sys 0 00:00:01  -  Run Remote Usage
		Usr 0 00:00:00, Sys 0 00:00:00  -  Run Local Usage
		Usr 0 00:17:19, Sys 0 00:00:01  -  Total Remote Usage
		Usr 0 00:00:00, Sys 0 00:00:00  -  Total Local Usage
	38183  -  Run Bytes Sent By Job
	1231206  -  Run Bytes Received By Job
	38183  -  Total Bytes Sent By Job
	1231206  -  Total Bytes Received By Job
	Partitionable Resources :    Usage  Request Allocated 
	   Cpus                 :     1.00        1         1 
	   Disk (KB)            :  1262        1250      3855 
	   GPUs                 :                           0 
	   Memory (MB)          :    98        1024      1100 
	   TimeExecute (s)      :  1046                       
	   TimeSlotBusy (s)     :  1048                       

	Job terminated of its own accord at 2026-06-12T15:25:32Z with exit-code 139.
...
