000 (196930.485.000) 2026-06-12 22:48:49 Job submitted from host: <155.230.23.73:9618?addrs=155.230.23.73-9618+[2407-c000-c024-0-20c-29ff-fe93-3763]-9618&alias=cms03.knu.ac.kr&noUDP&sock=schedd_1478_5d11>
...
040 (196930.485.000) 2026-06-13 00:09:05 Started transferring input files
	Transferring to host: <155.230.21.109:9618?addrs=155.230.21.109-9618+[2407-c000-c025--21-109]-9618&alias=cluster309.knu.ac.kr&noUDP&sock=slot1_29_1776_1a41_2393>
...
040 (196930.485.000) 2026-06-13 00:09:05 Finished transferring input files
...
001 (196930.485.000) 2026-06-13 00:09:06 Job executing on host: <155.230.21.109:9618?addrs=155.230.21.109-9618+[2407-c000-c025--21-109]-9618&alias=cluster309.knu.ac.kr&noUDP&sock=startd_1699_f37f>
	SlotName: slot1_29@cluster309.knu.ac.kr
	CondorScratchDir = "/home/condor/dir_2804571"
	Cpus = 1
	Disk = 3839
	GPUs = 0
	Memory = 1100
...
006 (196930.485.000) 2026-06-13 00:09:20 Image size of job updated: 99372
	98  -  MemoryUsage of job (MB)
	99372  -  ResidentSetSize of job (KB)
...
006 (196930.485.000) 2026-06-13 00:14:21 Image size of job updated: 102208
	100  -  MemoryUsage of job (MB)
	102208  -  ResidentSetSize of job (KB)
...
006 (196930.485.000) 2026-06-13 00:19:21 Image size of job updated: 102648
	101  -  MemoryUsage of job (MB)
	102648  -  ResidentSetSize of job (KB)
...
006 (196930.485.000) 2026-06-13 00:22:49 Image size of job updated: 103172
	101  -  MemoryUsage of job (MB)
	102648  -  ResidentSetSize of job (KB)
...
040 (196930.485.000) 2026-06-13 00:22:49 Started transferring output files
...
040 (196930.485.000) 2026-06-13 00:22:49 Finished transferring output files
...
005 (196930.485.000) 2026-06-13 00:22:49 Job terminated.
	(1) Normal termination (return value 139)
		Usr 0 00:13:38, Sys 0 00:00:01  -  Run Remote Usage
		Usr 0 00:00:00, Sys 0 00:00:00  -  Run Local Usage
		Usr 0 00:13:38, Sys 0 00:00:01  -  Total Remote Usage
		Usr 0 00:00:00, Sys 0 00:00:00  -  Total Local Usage
	38181  -  Run Bytes Sent By Job
	1231206  -  Run Bytes Received By Job
	38181  -  Total Bytes Sent By Job
	1231206  -  Total Bytes Received By Job
	Partitionable Resources :    Usage  Request Allocated 
	   Cpus                 :     1.00        1         1 
	   Disk (KB)            :  1262        1250      3839 
	   GPUs                 :                           0 
	   Memory (MB)          :   101        1024      1100 
	   TimeExecute (s)      :   823                       
	   TimeSlotBusy (s)     :   824                       

	Job terminated of its own accord at 2026-06-12T15:22:49Z with exit-code 139.
...
