000 (196930.049.000) 2026-06-12 22:48:48 Job submitted from host: <155.230.23.73:9618?addrs=155.230.23.73-9618+[2407-c000-c024-0-20c-29ff-fe93-3763]-9618&alias=cms03.knu.ac.kr&noUDP&sock=schedd_1478_5d11>
...
040 (196930.049.000) 2026-06-12 23:07:05 Started transferring input files
	Transferring to host: <155.230.21.119:9618?addrs=155.230.21.119-9618+[2407-c000-c025--21-119]-9618&alias=cluster319.knu.ac.kr&noUDP&sock=slot1_24_1780_ebc1_1972>
...
040 (196930.049.000) 2026-06-12 23:07:05 Finished transferring input files
...
001 (196930.049.000) 2026-06-12 23:07:06 Job executing on host: <155.230.21.119:9618?addrs=155.230.21.119-9618+[2407-c000-c025--21-119]-9618&alias=cluster319.knu.ac.kr&noUDP&sock=startd_1714_3d6a>
	SlotName: slot1_24@cluster319.knu.ac.kr
	CondorScratchDir = "/home/condor/dir_1340286"
	Cpus = 1
	Disk = 3072
	GPUs = 0
	Memory = 1100
...
006 (196930.049.000) 2026-06-12 23:07:20 Image size of job updated: 99956
	98  -  MemoryUsage of job (MB)
	99956  -  ResidentSetSize of job (KB)
...
006 (196930.049.000) 2026-06-12 23:12:21 Image size of job updated: 101248
	99  -  MemoryUsage of job (MB)
	101248  -  ResidentSetSize of job (KB)
...
006 (196930.049.000) 2026-06-12 23:17:22 Image size of job updated: 101816
	100  -  MemoryUsage of job (MB)
	101816  -  ResidentSetSize of job (KB)
...
006 (196930.049.000) 2026-06-12 23:22:22 Image size of job updated: 102444
	101  -  MemoryUsage of job (MB)
	102444  -  ResidentSetSize of job (KB)
...
006 (196930.049.000) 2026-06-12 23:24:12 Image size of job updated: 102608
	101  -  MemoryUsage of job (MB)
	102444  -  ResidentSetSize of job (KB)
...
040 (196930.049.000) 2026-06-12 23:24:12 Started transferring output files
...
040 (196930.049.000) 2026-06-12 23:24:12 Finished transferring output files
...
005 (196930.049.000) 2026-06-12 23:24:12 Job terminated.
	(1) Normal termination (return value 139)
		Usr 0 00:16:53, Sys 0 00:00:01  -  Run Remote Usage
		Usr 0 00:00:00, Sys 0 00:00:00  -  Run Local Usage
		Usr 0 00:16:53, Sys 0 00:00:01  -  Total Remote Usage
		Usr 0 00:00:00, Sys 0 00:00:00  -  Total Local Usage
	38183  -  Run Bytes Sent By Job
	1231206  -  Run Bytes Received By Job
	38183  -  Total Bytes Sent By Job
	1231206  -  Total Bytes Received By Job
	Partitionable Resources :    Usage  Request Allocated 
	   Cpus                 :     0.99        1         1 
	   Disk (KB)            :  1262        1250      3072 
	   GPUs                 :                           0 
	   Memory (MB)          :   101        1024      1100 
	   TimeExecute (s)      :  1026                       
	   TimeSlotBusy (s)     :  1027                       

	Job terminated of its own accord at 2026-06-12T14:24:12Z with exit-code 139.
...
