000 (196930.494.000) 2026-06-12 22:48:49 Job submitted from host: <155.230.23.73:9618?addrs=155.230.23.73-9618+[2407-c000-c024-0-20c-29ff-fe93-3763]-9618&alias=cms03.knu.ac.kr&noUDP&sock=schedd_1478_5d11>
...
040 (196930.494.000) 2026-06-13 00:10:02 Started transferring input files
	Transferring to host: <155.230.21.86:9618?addrs=155.230.21.86-9618+[2407-c000-c025--21-86]-9618&alias=cluster286.knu.ac.kr&noUDP&sock=slot1_1_1324_a0af_1920>
...
040 (196930.494.000) 2026-06-13 00:10:02 Finished transferring input files
...
001 (196930.494.000) 2026-06-13 00:10:03 Job executing on host: <155.230.21.86:9618?addrs=155.230.21.86-9618+[2407-c000-c025--21-86]-9618&alias=cluster286.knu.ac.kr&noUDP&sock=startd_1271_60f6>
	SlotName: slot1_1@cluster286.knu.ac.kr
	CondorScratchDir = "/home/condor/dir_2260581"
	Cpus = 1
	Disk = 3845
	GPUs = 0
	Memory = 1100
...
006 (196930.494.000) 2026-06-13 00:10:18 Image size of job updated: 100400
	99  -  MemoryUsage of job (MB)
	100400  -  ResidentSetSize of job (KB)
...
006 (196930.494.000) 2026-06-13 00:15:18 Image size of job updated: 101420
	100  -  MemoryUsage of job (MB)
	101420  -  ResidentSetSize of job (KB)
...
006 (196930.494.000) 2026-06-13 00:20:18 Image size of job updated: 102096
	100  -  MemoryUsage of job (MB)
	102096  -  ResidentSetSize of job (KB)
...
006 (196930.494.000) 2026-06-13 00:25:19 Image size of job updated: 102228
	100  -  MemoryUsage of job (MB)
	102228  -  ResidentSetSize of job (KB)
...
006 (196930.494.000) 2026-06-13 00:29:10 Image size of job updated: 227860
	100  -  MemoryUsage of job (MB)
	102228  -  ResidentSetSize of job (KB)
...
040 (196930.494.000) 2026-06-13 00:29:11 Started transferring output files
...
040 (196930.494.000) 2026-06-13 00:29:11 Finished transferring output files
...
005 (196930.494.000) 2026-06-13 00:29:11 Job terminated.
	(1) Normal termination (return value 139)
		Usr 0 00:18:52, Sys 0 00:00:01  -  Run Remote Usage
		Usr 0 00:00:00, Sys 0 00:00:00  -  Run Local Usage
		Usr 0 00:18:52, Sys 0 00:00:01  -  Total Remote Usage
		Usr 0 00:00:00, Sys 0 00:00:00  -  Total Local Usage
	38183  -  Run Bytes Sent By Job
	1231206  -  Run Bytes Received By Job
	38183  -  Total Bytes Sent By Job
	1231206  -  Total Bytes Received By Job
	Partitionable Resources :    Usage  Request Allocated 
	   Cpus                 :     0.99        1         1 
	   Disk (KB)            :  1262        1250      3845 
	   GPUs                 :                           0 
	   Memory (MB)          :   100        1024      1100 
	   TimeExecute (s)      :  1147                       
	   TimeSlotBusy (s)     :  1149                       

	Job terminated of its own accord at 2026-06-12T15:29:10Z with exit-code 139.
...
