000 (196930.495.000) 2026-06-12 22:48:49 Job submitted from host: <155.230.23.73:9618?addrs=155.230.23.73-9618+[2407-c000-c024-0-20c-29ff-fe93-3763]-9618&alias=cms03.knu.ac.kr&noUDP&sock=schedd_1478_5d11>
...
040 (196930.495.000) 2026-06-13 00:10:02 Started transferring input files
	Transferring to host: <155.230.21.112:9618?addrs=155.230.21.112-9618+[2407-c000-c025--21-112]-9618&alias=cluster312.knu.ac.kr&noUDP&sock=slot1_22_1724_76bf_2193>
...
040 (196930.495.000) 2026-06-13 00:10:03 Finished transferring input files
...
001 (196930.495.000) 2026-06-13 00:10:04 Job executing on host: <155.230.21.112:9618?addrs=155.230.21.112-9618+[2407-c000-c025--21-112]-9618&alias=cluster312.knu.ac.kr&noUDP&sock=startd_1671_bed8>
	SlotName: slot1_22@cluster312.knu.ac.kr
	CondorScratchDir = "/home/condor/dir_3140469"
	Cpus = 1
	Disk = 3855
	GPUs = 0
	Memory = 1100
...
006 (196930.495.000) 2026-06-13 00:10:17 Image size of job updated: 99884
	98  -  MemoryUsage of job (MB)
	99884  -  ResidentSetSize of job (KB)
...
006 (196930.495.000) 2026-06-13 00:15:17 Image size of job updated: 101600
	100  -  MemoryUsage of job (MB)
	101600  -  ResidentSetSize of job (KB)
...
006 (196930.495.000) 2026-06-13 00:20:17 Image size of job updated: 101956
	100  -  MemoryUsage of job (MB)
	101956  -  ResidentSetSize of job (KB)
...
006 (196930.495.000) 2026-06-13 00:25:18 Image size of job updated: 102076
	100  -  MemoryUsage of job (MB)
	102076  -  ResidentSetSize of job (KB)
...
006 (196930.495.000) 2026-06-13 00:27:38 Image size of job updated: 135544
	100  -  MemoryUsage of job (MB)
	102076  -  ResidentSetSize of job (KB)
...
040 (196930.495.000) 2026-06-13 00:27:38 Started transferring output files
...
040 (196930.495.000) 2026-06-13 00:27:38 Finished transferring output files
...
005 (196930.495.000) 2026-06-13 00:27:38 Job terminated.
	(1) Normal termination (return value 139)
		Usr 0 00:17:29, Sys 0 00:00:01  -  Run Remote Usage
		Usr 0 00:00:00, Sys 0 00:00:00  -  Run Local Usage
		Usr 0 00:17:29, Sys 0 00:00:01  -  Total Remote Usage
		Usr 0 00:00:00, Sys 0 00:00:00  -  Total Local Usage
	38183  -  Run Bytes Sent By Job
	1231206  -  Run Bytes Received By Job
	38183  -  Total Bytes Sent By Job
	1231206  -  Total Bytes Received By Job
	Partitionable Resources :    Usage  Request Allocated 
	   Cpus                 :     1.00        1         1 
	   Disk (KB)            :  1262        1250      3855 
	   GPUs                 :                           0 
	   Memory (MB)          :   100        1024      1100 
	   TimeExecute (s)      :  1054                       
	   TimeSlotBusy (s)     :  1056                       

	Job terminated of its own accord at 2026-06-12T15:27:38Z with exit-code 139.
...
