000 (196930.498.000) 2026-06-12 22:48:49 Job submitted from host: <155.230.23.73:9618?addrs=155.230.23.73-9618+[2407-c000-c024-0-20c-29ff-fe93-3763]-9618&alias=cms03.knu.ac.kr&noUDP&sock=schedd_1478_5d11>
...
040 (196930.498.000) 2026-06-13 00:10:21 Started transferring input files
	Transferring to host: <155.230.21.109:9618?addrs=155.230.21.109-9618+[2407-c000-c025--21-109]-9618&alias=cluster309.knu.ac.kr&noUDP&sock=slot1_5_1776_1a41_2397>
...
040 (196930.498.000) 2026-06-13 00:10:21 Finished transferring input files
...
001 (196930.498.000) 2026-06-13 00:10:22 Job executing on host: <155.230.21.109:9618?addrs=155.230.21.109-9618+[2407-c000-c025--21-109]-9618&alias=cluster309.knu.ac.kr&noUDP&sock=startd_1699_f37f>
	SlotName: slot1_5@cluster309.knu.ac.kr
	CondorScratchDir = "/home/condor/dir_2805373"
	Cpus = 1
	Disk = 3839
	GPUs = 0
	Memory = 1100
...
006 (196930.498.000) 2026-06-13 00:10:36 Image size of job updated: 99340
	98  -  MemoryUsage of job (MB)
	99340  -  ResidentSetSize of job (KB)
...
006 (196930.498.000) 2026-06-13 00:15:37 Image size of job updated: 101704
	100  -  MemoryUsage of job (MB)
	101704  -  ResidentSetSize of job (KB)
...
006 (196930.498.000) 2026-06-13 00:20:37 Image size of job updated: 102104
	100  -  MemoryUsage of job (MB)
	102104  -  ResidentSetSize of job (KB)
...
006 (196930.498.000) 2026-06-13 00:24:56 Image size of job updated: 110304
	100  -  MemoryUsage of job (MB)
	102104  -  ResidentSetSize of job (KB)
...
040 (196930.498.000) 2026-06-13 00:24:56 Started transferring output files
...
040 (196930.498.000) 2026-06-13 00:24:56 Finished transferring output files
...
005 (196930.498.000) 2026-06-13 00:24:56 Job terminated.
	(1) Normal termination (return value 139)
		Usr 0 00:14:29, Sys 0 00:00:01  -  Run Remote Usage
		Usr 0 00:00:00, Sys 0 00:00:00  -  Run Local Usage
		Usr 0 00:14:29, Sys 0 00:00:01  -  Total Remote Usage
		Usr 0 00:00:00, Sys 0 00:00:00  -  Total Local Usage
	38181  -  Run Bytes Sent By Job
	1231206  -  Run Bytes Received By Job
	38181  -  Total Bytes Sent By Job
	1231206  -  Total Bytes Received By Job
	Partitionable Resources :    Usage  Request Allocated 
	   Cpus                 :     1.00        1         1 
	   Disk (KB)            :  1262        1250      3839 
	   GPUs                 :                           0 
	   Memory (MB)          :   100        1024      1100 
	   TimeExecute (s)      :   874                       
	   TimeSlotBusy (s)     :   875                       

	Job terminated of its own accord at 2026-06-12T15:24:56Z with exit-code 139.
...
