000 (196930.052.000) 2026-06-12 22:48:48 Job submitted from host: <155.230.23.73:9618?addrs=155.230.23.73-9618+[2407-c000-c024-0-20c-29ff-fe93-3763]-9618&alias=cms03.knu.ac.kr&noUDP&sock=schedd_1478_5d11>
...
040 (196930.052.000) 2026-06-12 23:07:06 Started transferring input files
	Transferring to host: <155.230.21.119:9618?addrs=155.230.21.119-9618+[2407-c000-c025--21-119]-9618&alias=cluster319.knu.ac.kr&noUDP&sock=slot1_28_1780_ebc1_1974>
...
040 (196930.052.000) 2026-06-12 23:07:06 Finished transferring input files
...
001 (196930.052.000) 2026-06-12 23:07:07 Job executing on host: <155.230.21.119:9618?addrs=155.230.21.119-9618+[2407-c000-c025--21-119]-9618&alias=cluster319.knu.ac.kr&noUDP&sock=startd_1714_3d6a>
	SlotName: slot1_28@cluster319.knu.ac.kr
	CondorScratchDir = "/home/condor/dir_1340289"
	Cpus = 1
	Disk = 3072
	GPUs = 0
	Memory = 1100
...
006 (196930.052.000) 2026-06-12 23:07:21 Image size of job updated: 99936
	98  -  MemoryUsage of job (MB)
	99936  -  ResidentSetSize of job (KB)
...
006 (196930.052.000) 2026-06-12 23:12:22 Image size of job updated: 101512
	100  -  MemoryUsage of job (MB)
	101512  -  ResidentSetSize of job (KB)
...
006 (196930.052.000) 2026-06-12 23:17:22 Image size of job updated: 101944
	100  -  MemoryUsage of job (MB)
	101944  -  ResidentSetSize of job (KB)
...
006 (196930.052.000) 2026-06-12 23:22:22 Image size of job updated: 102060
	100  -  MemoryUsage of job (MB)
	102060  -  ResidentSetSize of job (KB)
...
006 (196930.052.000) 2026-06-12 23:23:54 Image size of job updated: 395768
	100  -  MemoryUsage of job (MB)
	102060  -  ResidentSetSize of job (KB)
...
040 (196930.052.000) 2026-06-12 23:23:55 Started transferring output files
...
040 (196930.052.000) 2026-06-12 23:23:55 Finished transferring output files
...
005 (196930.052.000) 2026-06-12 23:23:55 Job terminated.
	(1) Normal termination (return value 139)
		Usr 0 00:16:32, Sys 0 00:00:01  -  Run Remote Usage
		Usr 0 00:00:00, Sys 0 00:00:00  -  Run Local Usage
		Usr 0 00:16:32, Sys 0 00:00:01  -  Total Remote Usage
		Usr 0 00:00:00, Sys 0 00:00:00  -  Total Local Usage
	38181  -  Run Bytes Sent By Job
	1231206  -  Run Bytes Received By Job
	38181  -  Total Bytes Sent By Job
	1231206  -  Total Bytes Received By Job
	Partitionable Resources :    Usage  Request Allocated 
	   Cpus                 :     0.99        1         1 
	   Disk (KB)            :  1262        1250      3072 
	   GPUs                 :                           0 
	   Memory (MB)          :   100        1024      1100 
	   TimeExecute (s)      :  1007                       
	   TimeSlotBusy (s)     :  1009                       

	Job terminated of its own accord at 2026-06-12T14:23:54Z with exit-code 139.
...
