000 (196930.053.000) 2026-06-12 22:48:48 Job submitted from host: <155.230.23.73:9618?addrs=155.230.23.73-9618+[2407-c000-c024-0-20c-29ff-fe93-3763]-9618&alias=cms03.knu.ac.kr&noUDP&sock=schedd_1478_5d11>
...
040 (196930.053.000) 2026-06-12 23:07:07 Started transferring input files
	Transferring to host: <155.230.21.119:9618?addrs=155.230.21.119-9618+[2407-c000-c025--21-119]-9618&alias=cluster319.knu.ac.kr&noUDP&sock=slot1_29_1780_ebc1_1975>
...
040 (196930.053.000) 2026-06-12 23:07:07 Finished transferring input files
...
001 (196930.053.000) 2026-06-12 23:07:08 Job executing on host: <155.230.21.119:9618?addrs=155.230.21.119-9618+[2407-c000-c025--21-119]-9618&alias=cluster319.knu.ac.kr&noUDP&sock=startd_1714_3d6a>
	SlotName: slot1_29@cluster319.knu.ac.kr
	CondorScratchDir = "/home/condor/dir_1340292"
	Cpus = 1
	Disk = 3072
	GPUs = 0
	Memory = 1100
...
006 (196930.053.000) 2026-06-12 23:07:22 Image size of job updated: 100252
	98  -  MemoryUsage of job (MB)
	100252  -  ResidentSetSize of job (KB)
...
006 (196930.053.000) 2026-06-12 23:12:23 Image size of job updated: 101476
	100  -  MemoryUsage of job (MB)
	101476  -  ResidentSetSize of job (KB)
...
006 (196930.053.000) 2026-06-12 23:17:23 Image size of job updated: 102436
	101  -  MemoryUsage of job (MB)
	102436  -  ResidentSetSize of job (KB)
...
006 (196930.053.000) 2026-06-12 23:22:24 Image size of job updated: 102564
	101  -  MemoryUsage of job (MB)
	102564  -  ResidentSetSize of job (KB)
...
006 (196930.053.000) 2026-06-12 23:24:30 Image size of job updated: 429860
	101  -  MemoryUsage of job (MB)
	102564  -  ResidentSetSize of job (KB)
...
040 (196930.053.000) 2026-06-12 23:24:30 Started transferring output files
...
040 (196930.053.000) 2026-06-12 23:24:30 Finished transferring output files
...
005 (196930.053.000) 2026-06-12 23:24:30 Job terminated.
	(1) Normal termination (return value 139)
		Usr 0 00:17:11, Sys 0 00:00:01  -  Run Remote Usage
		Usr 0 00:00:00, Sys 0 00:00:00  -  Run Local Usage
		Usr 0 00:17:11, Sys 0 00:00:01  -  Total Remote Usage
		Usr 0 00:00:00, Sys 0 00:00:00  -  Total Local Usage
	38183  -  Run Bytes Sent By Job
	1231206  -  Run Bytes Received By Job
	38183  -  Total Bytes Sent By Job
	1231206  -  Total Bytes Received By Job
	Partitionable Resources :    Usage  Request Allocated 
	   Cpus                 :     0.99        1         1 
	   Disk (KB)            :  1262        1250      3072 
	   GPUs                 :                           0 
	   Memory (MB)          :   101        1024      1100 
	   TimeExecute (s)      :  1042                       
	   TimeSlotBusy (s)     :  1043                       

	Job terminated of its own accord at 2026-06-12T14:24:30Z with exit-code 139.
...
