000 (196930.057.000) 2026-06-12 22:48:48 Job submitted from host: <155.230.23.73:9618?addrs=155.230.23.73-9618+[2407-c000-c024-0-20c-29ff-fe93-3763]-9618&alias=cms03.knu.ac.kr&noUDP&sock=schedd_1478_5d11>
...
040 (196930.057.000) 2026-06-12 23:07:28 Started transferring input files
	Transferring to host: <155.230.21.99:9618?addrs=155.230.21.99-9618+[2407-c000-c025--21-99]-9618&alias=cluster299.knu.ac.kr&noUDP&sock=slot1_1_1116_12a6_1940>
...
040 (196930.057.000) 2026-06-12 23:07:28 Finished transferring input files
...
001 (196930.057.000) 2026-06-12 23:07:29 Job executing on host: <155.230.21.99:9618?addrs=155.230.21.99-9618+[2407-c000-c025--21-99]-9618&alias=cluster299.knu.ac.kr&noUDP&sock=startd_1072_e19d>
	SlotName: slot1_1@cluster299.knu.ac.kr
	CondorScratchDir = "/home/condor/dir_1685667"
	Cpus = 1
	Disk = 3858
	GPUs = 0
	Memory = 1100
...
006 (196930.057.000) 2026-06-12 23:07:42 Image size of job updated: 36876
	37  -  MemoryUsage of job (MB)
	36876  -  ResidentSetSize of job (KB)
...
006 (196930.057.000) 2026-06-12 23:12:42 Image size of job updated: 101300
	99  -  MemoryUsage of job (MB)
	101300  -  ResidentSetSize of job (KB)
...
006 (196930.057.000) 2026-06-12 23:17:43 Image size of job updated: 101528
	100  -  MemoryUsage of job (MB)
	101528  -  ResidentSetSize of job (KB)
...
006 (196930.057.000) 2026-06-12 23:22:43 Image size of job updated: 101904
	100  -  MemoryUsage of job (MB)
	101904  -  ResidentSetSize of job (KB)
...
006 (196930.057.000) 2026-06-12 23:26:46 Image size of job updated: 414248
	100  -  MemoryUsage of job (MB)
	101904  -  ResidentSetSize of job (KB)
...
040 (196930.057.000) 2026-06-12 23:26:46 Started transferring output files
...
040 (196930.057.000) 2026-06-12 23:26:46 Finished transferring output files
...
005 (196930.057.000) 2026-06-12 23:26:46 Job terminated.
	(1) Normal termination (return value 139)
		Usr 0 00:18:49, Sys 0 00:00:02  -  Run Remote Usage
		Usr 0 00:00:00, Sys 0 00:00:00  -  Run Local Usage
		Usr 0 00:18:49, Sys 0 00:00:02  -  Total Remote Usage
		Usr 0 00:00:00, Sys 0 00:00:00  -  Total Local Usage
	38183  -  Run Bytes Sent By Job
	1231206  -  Run Bytes Received By Job
	38183  -  Total Bytes Sent By Job
	1231206  -  Total Bytes Received By Job
	Partitionable Resources :    Usage  Request Allocated 
	   Cpus                 :     0.99        1         1 
	   Disk (KB)            :  1262        1250      3858 
	   GPUs                 :                           0 
	   Memory (MB)          :   100        1024      1100 
	   TimeExecute (s)      :  1157                       
	   TimeSlotBusy (s)     :  1161                       

	Job terminated of its own accord at 2026-06-12T14:26:46Z with exit-code 139.
...
