000 (196930.059.000) 2026-06-12 22:48:48 Job submitted from host: <155.230.23.73:9618?addrs=155.230.23.73-9618+[2407-c000-c024-0-20c-29ff-fe93-3763]-9618&alias=cms03.knu.ac.kr&noUDP&sock=schedd_1478_5d11>
...
040 (196930.059.000) 2026-06-12 23:07:24 Started transferring input files
	Transferring to host: <155.230.21.146:9618?addrs=155.230.21.146-9618+[2407-c000-c025--21-146]-9618&alias=cluster346.knu.ac.kr&noUDP&sock=slot1_7_2315_e077_2692>
...
040 (196930.059.000) 2026-06-12 23:07:24 Finished transferring input files
...
001 (196930.059.000) 2026-06-12 23:07:25 Job executing on host: <155.230.21.146:9618?addrs=155.230.21.146-9618+[2407-c000-c025--21-146]-9618&alias=cluster346.knu.ac.kr&noUDP&sock=startd_2130_94d0>
	SlotName: slot1_7@cluster346.knu.ac.kr
	CondorScratchDir = "/home/condor/dir_1996246"
	Cpus = 1
	Disk = 3072
	GPUs = 0
	Memory = 1100
...
006 (196930.059.000) 2026-06-12 23:07:39 Image size of job updated: 100328
	98  -  MemoryUsage of job (MB)
	100328  -  ResidentSetSize of job (KB)
...
006 (196930.059.000) 2026-06-12 23:12:40 Image size of job updated: 102360
	100  -  MemoryUsage of job (MB)
	102360  -  ResidentSetSize of job (KB)
...
006 (196930.059.000) 2026-06-12 23:16:08 Image size of job updated: 139248
	100  -  MemoryUsage of job (MB)
	102360  -  ResidentSetSize of job (KB)
...
040 (196930.059.000) 2026-06-12 23:16:08 Started transferring output files
...
040 (196930.059.000) 2026-06-12 23:16:08 Finished transferring output files
...
005 (196930.059.000) 2026-06-12 23:16:08 Job terminated.
	(1) Normal termination (return value 139)
		Usr 0 00:08:35, Sys 0 00:00:01  -  Run Remote Usage
		Usr 0 00:00:00, Sys 0 00:00:00  -  Run Local Usage
		Usr 0 00:08:35, Sys 0 00:00:01  -  Total Remote Usage
		Usr 0 00:00:00, Sys 0 00:00:00  -  Total Local Usage
	38181  -  Run Bytes Sent By Job
	1231206  -  Run Bytes Received By Job
	38181  -  Total Bytes Sent By Job
	1231206  -  Total Bytes Received By Job
	Partitionable Resources :    Usage  Request Allocated 
	   Cpus                 :     1.00        1         1 
	   Disk (KB)            :  1262        1250      3072 
	   GPUs                 :                           0 
	   Memory (MB)          :   100        1024      1100 
	   TimeExecute (s)      :   523                       
	   TimeSlotBusy (s)     :   524                       

	Job terminated of its own accord at 2026-06-12T14:16:08Z with exit-code 139.
...
