000 (196930.061.000) 2026-06-12 22:48:48 Job submitted from host: <155.230.23.73:9618?addrs=155.230.23.73-9618+[2407-c000-c024-0-20c-29ff-fe93-3763]-9618&alias=cms03.knu.ac.kr&noUDP&sock=schedd_1478_5d11>
...
040 (196930.061.000) 2026-06-12 23:08:03 Started transferring input files
	Transferring to host: <155.230.21.119:9618?addrs=155.230.21.119-9618+[2407-c000-c025--21-119]-9618&alias=cluster319.knu.ac.kr&noUDP&sock=slot1_15_1780_ebc1_1976>
...
040 (196930.061.000) 2026-06-12 23:08:03 Finished transferring input files
...
001 (196930.061.000) 2026-06-12 23:08:04 Job executing on host: <155.230.21.119:9618?addrs=155.230.21.119-9618+[2407-c000-c025--21-119]-9618&alias=cluster319.knu.ac.kr&noUDP&sock=startd_1714_3d6a>
	SlotName: slot1_15@cluster319.knu.ac.kr
	CondorScratchDir = "/home/condor/dir_1340739"
	Cpus = 1
	Disk = 3072
	GPUs = 0
	Memory = 1100
...
006 (196930.061.000) 2026-06-12 23:08:18 Image size of job updated: 99348
	98  -  MemoryUsage of job (MB)
	99348  -  ResidentSetSize of job (KB)
...
006 (196930.061.000) 2026-06-12 23:13:19 Image size of job updated: 100916
	99  -  MemoryUsage of job (MB)
	100916  -  ResidentSetSize of job (KB)
...
006 (196930.061.000) 2026-06-12 23:18:19 Image size of job updated: 101936
	100  -  MemoryUsage of job (MB)
	101936  -  ResidentSetSize of job (KB)
...
006 (196930.061.000) 2026-06-12 23:23:20 Image size of job updated: 102364
	100  -  MemoryUsage of job (MB)
	102364  -  ResidentSetSize of job (KB)
...
006 (196930.061.000) 2026-06-12 23:28:00 Image size of job updated: 115480
	100  -  MemoryUsage of job (MB)
	102364  -  ResidentSetSize of job (KB)
...
040 (196930.061.000) 2026-06-12 23:28:00 Started transferring output files
...
040 (196930.061.000) 2026-06-12 23:28:00 Finished transferring output files
...
005 (196930.061.000) 2026-06-12 23:28:00 Job terminated.
	(1) Normal termination (return value 139)
		Usr 0 00:19:41, Sys 0 00:00:01  -  Run Remote Usage
		Usr 0 00:00:00, Sys 0 00:00:00  -  Run Local Usage
		Usr 0 00:19:41, Sys 0 00:00:01  -  Total Remote Usage
		Usr 0 00:00:00, Sys 0 00:00:00  -  Total Local Usage
	38183  -  Run Bytes Sent By Job
	1231206  -  Run Bytes Received By Job
	38183  -  Total Bytes Sent By Job
	1231206  -  Total Bytes Received By Job
	Partitionable Resources :    Usage  Request Allocated 
	   Cpus                 :     0.99        1         1 
	   Disk (KB)            :  1262        1250      3072 
	   GPUs                 :                           0 
	   Memory (MB)          :   100        1024      1100 
	   TimeExecute (s)      :  1196                       
	   TimeSlotBusy (s)     :  1197                       

	Job terminated of its own accord at 2026-06-12T14:28:00Z with exit-code 139.
...
