000 (196930.068.000) 2026-06-12 22:48:48 Job submitted from host: <155.230.23.73:9618?addrs=155.230.23.73-9618+[2407-c000-c024-0-20c-29ff-fe93-3763]-9618&alias=cms03.knu.ac.kr&noUDP&sock=schedd_1478_5d11>
...
040 (196930.068.000) 2026-06-12 23:09:05 Started transferring input files
	Transferring to host: <155.230.21.109:9618?addrs=155.230.21.109-9618+[2407-c000-c025--21-109]-9618&alias=cluster309.knu.ac.kr&noUDP&sock=slot1_28_1776_1a41_2331>
...
040 (196930.068.000) 2026-06-12 23:09:05 Finished transferring input files
...
001 (196930.068.000) 2026-06-12 23:09:07 Job executing on host: <155.230.21.109:9618?addrs=155.230.21.109-9618+[2407-c000-c025--21-109]-9618&alias=cluster309.knu.ac.kr&noUDP&sock=startd_1699_f37f>
	SlotName: slot1_28@cluster309.knu.ac.kr
	CondorScratchDir = "/home/condor/dir_2794356"
	Cpus = 1
	Disk = 3839
	GPUs = 0
	Memory = 1100
...
006 (196930.068.000) 2026-06-12 23:09:20 Image size of job updated: 99604
	98  -  MemoryUsage of job (MB)
	99604  -  ResidentSetSize of job (KB)
...
006 (196930.068.000) 2026-06-12 23:14:20 Image size of job updated: 101408
	100  -  MemoryUsage of job (MB)
	101408  -  ResidentSetSize of job (KB)
...
006 (196930.068.000) 2026-06-12 23:19:21 Image size of job updated: 101576
	100  -  MemoryUsage of job (MB)
	101576  -  ResidentSetSize of job (KB)
...
006 (196930.068.000) 2026-06-12 23:24:22 Image size of job updated: 102204
	100  -  MemoryUsage of job (MB)
	102204  -  ResidentSetSize of job (KB)
...
006 (196930.068.000) 2026-06-12 23:27:37 Image size of job updated: 102284
	100  -  MemoryUsage of job (MB)
	102204  -  ResidentSetSize of job (KB)
...
040 (196930.068.000) 2026-06-12 23:27:38 Started transferring output files
...
040 (196930.068.000) 2026-06-12 23:27:38 Finished transferring output files
...
005 (196930.068.000) 2026-06-12 23:27:38 Job terminated.
	(1) Normal termination (return value 139)
		Usr 0 00:18:26, Sys 0 00:00:01  -  Run Remote Usage
		Usr 0 00:00:00, Sys 0 00:00:00  -  Run Local Usage
		Usr 0 00:18:26, Sys 0 00:00:01  -  Total Remote Usage
		Usr 0 00:00:00, Sys 0 00:00:00  -  Total Local Usage
	38183  -  Run Bytes Sent By Job
	1231206  -  Run Bytes Received By Job
	38183  -  Total Bytes Sent By Job
	1231206  -  Total Bytes Received By Job
	Partitionable Resources :    Usage  Request Allocated 
	   Cpus                 :     1.00        1         1 
	   Disk (KB)            :  1262        1250      3839 
	   GPUs                 :                           0 
	   Memory (MB)          :   100        1024      1100 
	   TimeExecute (s)      :  1111                       
	   TimeSlotBusy (s)     :  1113                       

	Job terminated of its own accord at 2026-06-12T14:27:37Z with exit-code 139.
...
