000 (196930.069.000) 2026-06-12 22:48:48 Job submitted from host: <155.230.23.73:9618?addrs=155.230.23.73-9618+[2407-c000-c024-0-20c-29ff-fe93-3763]-9618&alias=cms03.knu.ac.kr&noUDP&sock=schedd_1478_5d11>
...
040 (196930.069.000) 2026-06-12 23:10:01 Started transferring input files
	Transferring to host: <155.230.21.109:9618?addrs=155.230.21.109-9618+[2407-c000-c025--21-109]-9618&alias=cluster309.knu.ac.kr&noUDP&sock=slot1_5_1776_1a41_2333>
...
040 (196930.069.000) 2026-06-12 23:10:01 Finished transferring input files
...
001 (196930.069.000) 2026-06-12 23:10:02 Job executing on host: <155.230.21.109:9618?addrs=155.230.21.109-9618+[2407-c000-c025--21-109]-9618&alias=cluster309.knu.ac.kr&noUDP&sock=startd_1699_f37f>
	SlotName: slot1_5@cluster309.knu.ac.kr
	CondorScratchDir = "/home/condor/dir_2794790"
	Cpus = 1
	Disk = 3839
	GPUs = 0
	Memory = 1100
...
006 (196930.069.000) 2026-06-12 23:10:16 Image size of job updated: 99656
	98  -  MemoryUsage of job (MB)
	99656  -  ResidentSetSize of job (KB)
...
006 (196930.069.000) 2026-06-12 23:15:17 Image size of job updated: 101264
	99  -  MemoryUsage of job (MB)
	101264  -  ResidentSetSize of job (KB)
...
006 (196930.069.000) 2026-06-12 23:20:17 Image size of job updated: 101820
	100  -  MemoryUsage of job (MB)
	101820  -  ResidentSetSize of job (KB)
...
006 (196930.069.000) 2026-06-12 23:25:18 Image size of job updated: 102252
	100  -  MemoryUsage of job (MB)
	102252  -  ResidentSetSize of job (KB)
...
006 (196930.069.000) 2026-06-12 23:27:02 Image size of job updated: 102296
	100  -  MemoryUsage of job (MB)
	102252  -  ResidentSetSize of job (KB)
...
040 (196930.069.000) 2026-06-12 23:27:02 Started transferring output files
...
040 (196930.069.000) 2026-06-12 23:27:02 Finished transferring output files
...
005 (196930.069.000) 2026-06-12 23:27:02 Job terminated.
	(1) Normal termination (return value 139)
		Usr 0 00:16:55, Sys 0 00:00:01  -  Run Remote Usage
		Usr 0 00:00:00, Sys 0 00:00:00  -  Run Local Usage
		Usr 0 00:16:55, Sys 0 00:00:01  -  Total Remote Usage
		Usr 0 00:00:00, Sys 0 00:00:00  -  Total Local Usage
	38183  -  Run Bytes Sent By Job
	1231206  -  Run Bytes Received By Job
	38183  -  Total Bytes Sent By Job
	1231206  -  Total Bytes Received By Job
	Partitionable Resources :    Usage  Request Allocated 
	   Cpus                 :     1.00        1         1 
	   Disk (KB)            :  1262        1250      3839 
	   GPUs                 :                           0 
	   Memory (MB)          :   100        1024      1100 
	   TimeExecute (s)      :  1020                       
	   TimeSlotBusy (s)     :  1021                       

	Job terminated of its own accord at 2026-06-12T14:27:02Z with exit-code 139.
...
