000 (196930.007.000) 2026-06-12 22:48:48 Job submitted from host: <155.230.23.73:9618?addrs=155.230.23.73-9618+[2407-c000-c024-0-20c-29ff-fe93-3763]-9618&alias=cms03.knu.ac.kr&noUDP&sock=schedd_1478_5d11>
...
040 (196930.007.000) 2026-06-12 22:48:51 Started transferring input files
	Transferring to host: <155.230.21.108:9618?addrs=155.230.21.108-9618+[2407-c000-c025--21-108]-9618&alias=cluster308.knu.ac.kr&noUDP&sock=slot1_4_1782_5482_2350>
...
040 (196930.007.000) 2026-06-12 22:48:51 Finished transferring input files
...
001 (196930.007.000) 2026-06-12 22:48:52 Job executing on host: <155.230.21.108:9618?addrs=155.230.21.108-9618+[2407-c000-c025--21-108]-9618&alias=cluster308.knu.ac.kr&noUDP&sock=startd_1719_ab64>
	SlotName: slot1_4@cluster308.knu.ac.kr
	CondorScratchDir = "/home/condor/dir_3315692"
	Cpus = 1
	Disk = 3782
	GPUs = 0
	Memory = 1100
...
006 (196930.007.000) 2026-06-12 22:49:06 Image size of job updated: 77456
	76  -  MemoryUsage of job (MB)
	77456  -  ResidentSetSize of job (KB)
...
006 (196930.007.000) 2026-06-12 22:54:07 Image size of job updated: 101180
	99  -  MemoryUsage of job (MB)
	101180  -  ResidentSetSize of job (KB)
...
006 (196930.007.000) 2026-06-12 22:59:08 Image size of job updated: 101532
	100  -  MemoryUsage of job (MB)
	101532  -  ResidentSetSize of job (KB)
...
006 (196930.007.000) 2026-06-12 23:03:54 Image size of job updated: 353620
	100  -  MemoryUsage of job (MB)
	101532  -  ResidentSetSize of job (KB)
...
040 (196930.007.000) 2026-06-12 23:03:54 Started transferring output files
...
040 (196930.007.000) 2026-06-12 23:03:54 Finished transferring output files
...
005 (196930.007.000) 2026-06-12 23:03:54 Job terminated.
	(1) Normal termination (return value 139)
		Usr 0 00:14:41, Sys 0 00:00:01  -  Run Remote Usage
		Usr 0 00:00:00, Sys 0 00:00:00  -  Run Local Usage
		Usr 0 00:14:41, Sys 0 00:00:01  -  Total Remote Usage
		Usr 0 00:00:00, Sys 0 00:00:00  -  Total Local Usage
	38181  -  Run Bytes Sent By Job
	1231206  -  Run Bytes Received By Job
	38181  -  Total Bytes Sent By Job
	1231206  -  Total Bytes Received By Job
	Partitionable Resources :    Usage  Request Allocated 
	   Cpus                 :     0.99        1         1 
	   Disk (KB)            :  1262        1250      3782 
	   GPUs                 :                           0 
	   Memory (MB)          :   100        1024      1100 
	   TimeExecute (s)      :   902                       
	   TimeSlotBusy (s)     :   903                       

	Job terminated of its own accord at 2026-06-12T14:03:54Z with exit-code 139.
...
