000 (196930.070.000) 2026-06-12 22:48:48 Job submitted from host: <155.230.23.73:9618?addrs=155.230.23.73-9618+[2407-c000-c024-0-20c-29ff-fe93-3763]-9618&alias=cms03.knu.ac.kr&noUDP&sock=schedd_1478_5d11>
...
040 (196930.070.000) 2026-06-12 23:10:01 Started transferring input files
	Transferring to host: <155.230.21.88:9618?addrs=155.230.21.88-9618+[2407-c000-c025--21-88]-9618&alias=cluster288.knu.ac.kr&noUDP&sock=slot1_12_1314_94ef_1708>
...
040 (196930.070.000) 2026-06-12 23:10:01 Finished transferring input files
...
001 (196930.070.000) 2026-06-12 23:10:02 Job executing on host: <155.230.21.88:9618?addrs=155.230.21.88-9618+[2407-c000-c025--21-88]-9618&alias=cluster288.knu.ac.kr&noUDP&sock=startd_1261_8503>
	SlotName: slot1_12@cluster288.knu.ac.kr
	CondorScratchDir = "/home/condor/dir_1010426"
	Cpus = 1
	Disk = 3783
	GPUs = 0
	Memory = 1100
...
006 (196930.070.000) 2026-06-12 23:10:16 Image size of job updated: 100508
	99  -  MemoryUsage of job (MB)
	100508  -  ResidentSetSize of job (KB)
...
006 (196930.070.000) 2026-06-12 23:15:17 Image size of job updated: 101964
	100  -  MemoryUsage of job (MB)
	101964  -  ResidentSetSize of job (KB)
...
006 (196930.070.000) 2026-06-12 23:20:17 Image size of job updated: 102324
	100  -  MemoryUsage of job (MB)
	102324  -  ResidentSetSize of job (KB)
...
006 (196930.070.000) 2026-06-12 23:24:10 Image size of job updated: 291244
	100  -  MemoryUsage of job (MB)
	102324  -  ResidentSetSize of job (KB)
...
040 (196930.070.000) 2026-06-12 23:24:10 Started transferring output files
...
040 (196930.070.000) 2026-06-12 23:24:10 Finished transferring output files
...
005 (196930.070.000) 2026-06-12 23:24:10 Job terminated.
	(1) Normal termination (return value 139)
		Usr 0 00:13:55, Sys 0 00:00:01  -  Run Remote Usage
		Usr 0 00:00:00, Sys 0 00:00:00  -  Run Local Usage
		Usr 0 00:13:55, Sys 0 00:00:01  -  Total Remote Usage
		Usr 0 00:00:00, Sys 0 00:00:00  -  Total Local Usage
	38181  -  Run Bytes Sent By Job
	1231206  -  Run Bytes Received By Job
	38181  -  Total Bytes Sent By Job
	1231206  -  Total Bytes Received By Job
	Partitionable Resources :    Usage  Request Allocated 
	   Cpus                 :     0.99        1         1 
	   Disk (KB)            :  1262        1250      3783 
	   GPUs                 :                           0 
	   Memory (MB)          :   100        1024      1100 
	   TimeExecute (s)      :   848                       
	   TimeSlotBusy (s)     :   849                       

	Job terminated of its own accord at 2026-06-12T14:24:10Z with exit-code 139.
...
