000 (196930.071.000) 2026-06-12 22:48:48 Job submitted from host: <155.230.23.73:9618?addrs=155.230.23.73-9618+[2407-c000-c024-0-20c-29ff-fe93-3763]-9618&alias=cms03.knu.ac.kr&noUDP&sock=schedd_1478_5d11>
...
040 (196930.071.000) 2026-06-12 23:10:03 Started transferring input files
	Transferring to host: <155.230.21.91:9618?addrs=155.230.21.91-9618+[2407-c000-c025--21-91]-9618&alias=cluster291.knu.ac.kr&noUDP&sock=slot1_3_1312_2c2e_2265>
...
040 (196930.071.000) 2026-06-12 23:10:03 Finished transferring input files
...
001 (196930.071.000) 2026-06-12 23:10:04 Job executing on host: <155.230.21.91:9618?addrs=155.230.21.91-9618+[2407-c000-c025--21-91]-9618&alias=cluster291.knu.ac.kr&noUDP&sock=startd_1261_8503>
	SlotName: slot1_3@cluster291.knu.ac.kr
	CondorScratchDir = "/home/condor/dir_1603465"
	Cpus = 1
	Disk = 3843
	GPUs = 0
	Memory = 1100
...
006 (196930.071.000) 2026-06-12 23:10:17 Image size of job updated: 35112
	35  -  MemoryUsage of job (MB)
	35112  -  ResidentSetSize of job (KB)
...
006 (196930.071.000) 2026-06-12 23:15:17 Image size of job updated: 101472
	100  -  MemoryUsage of job (MB)
	101472  -  ResidentSetSize of job (KB)
...
006 (196930.071.000) 2026-06-12 23:20:18 Image size of job updated: 102076
	100  -  MemoryUsage of job (MB)
	102076  -  ResidentSetSize of job (KB)
...
006 (196930.071.000) 2026-06-12 23:25:19 Image size of job updated: 294244
	288  -  MemoryUsage of job (MB)
	294244  -  ResidentSetSize of job (KB)
...
006 (196930.071.000) 2026-06-12 23:25:21 Image size of job updated: 381260
	288  -  MemoryUsage of job (MB)
	294244  -  ResidentSetSize of job (KB)
...
040 (196930.071.000) 2026-06-12 23:25:21 Started transferring output files
...
040 (196930.071.000) 2026-06-12 23:25:21 Finished transferring output files
...
005 (196930.071.000) 2026-06-12 23:25:21 Job terminated.
	(1) Normal termination (return value 139)
		Usr 0 00:14:53, Sys 0 00:00:01  -  Run Remote Usage
		Usr 0 00:00:00, Sys 0 00:00:00  -  Run Local Usage
		Usr 0 00:14:53, Sys 0 00:00:01  -  Total Remote Usage
		Usr 0 00:00:00, Sys 0 00:00:00  -  Total Local Usage
	38181  -  Run Bytes Sent By Job
	1231206  -  Run Bytes Received By Job
	38181  -  Total Bytes Sent By Job
	1231206  -  Total Bytes Received By Job
	Partitionable Resources :    Usage  Request Allocated 
	   Cpus                 :     0.99        1         1 
	   Disk (KB)            :  1262        1250      3843 
	   GPUs                 :                           0 
	   Memory (MB)          :   288        1024      1100 
	   TimeExecute (s)      :   917                       
	   TimeSlotBusy (s)     :   919                       

	Job terminated of its own accord at 2026-06-12T14:25:21Z with exit-code 139.
...
