000 (196930.073.000) 2026-06-12 22:48:48 Job submitted from host: <155.230.23.73:9618?addrs=155.230.23.73-9618+[2407-c000-c024-0-20c-29ff-fe93-3763]-9618&alias=cms03.knu.ac.kr&noUDP&sock=schedd_1478_5d11>
...
040 (196930.073.000) 2026-06-12 23:10:44 Started transferring input files
	Transferring to host: <155.230.21.80:9618?addrs=155.230.21.80-9618+[2407-c000-c025--21-80]-9618&alias=cluster280.knu.ac.kr&noUDP&sock=slot1_5_1320_cf2f_1791>
...
040 (196930.073.000) 2026-06-12 23:10:44 Finished transferring input files
...
001 (196930.073.000) 2026-06-12 23:10:45 Job executing on host: <155.230.21.80:9618?addrs=155.230.21.80-9618+[2407-c000-c025--21-80]-9618&alias=cluster280.knu.ac.kr&noUDP&sock=startd_1268_522d>
	SlotName: slot1_5@cluster280.knu.ac.kr
	CondorScratchDir = "/home/condor/dir_1175915"
	Cpus = 1
	Disk = 3868
	GPUs = 0
	Memory = 1100
...
006 (196930.073.000) 2026-06-12 23:10:59 Image size of job updated: 856
	1  -  MemoryUsage of job (MB)
	816  -  ResidentSetSize of job (KB)
...
006 (196930.073.000) 2026-06-12 23:16:00 Image size of job updated: 101432
	100  -  MemoryUsage of job (MB)
	101432  -  ResidentSetSize of job (KB)
...
006 (196930.073.000) 2026-06-12 23:21:00 Image size of job updated: 101904
	100  -  MemoryUsage of job (MB)
	101904  -  ResidentSetSize of job (KB)
...
006 (196930.073.000) 2026-06-12 23:26:00 Image size of job updated: 102056
	100  -  MemoryUsage of job (MB)
	102056  -  ResidentSetSize of job (KB)
...
006 (196930.073.000) 2026-06-12 23:26:33 Image size of job updated: 284516
	100  -  MemoryUsage of job (MB)
	102056  -  ResidentSetSize of job (KB)
...
040 (196930.073.000) 2026-06-12 23:26:33 Started transferring output files
...
040 (196930.073.000) 2026-06-12 23:26:33 Finished transferring output files
...
005 (196930.073.000) 2026-06-12 23:26:34 Job terminated.
	(1) Normal termination (return value 139)
		Usr 0 00:15:04, Sys 0 00:00:01  -  Run Remote Usage
		Usr 0 00:00:00, Sys 0 00:00:00  -  Run Local Usage
		Usr 0 00:15:04, Sys 0 00:00:01  -  Total Remote Usage
		Usr 0 00:00:00, Sys 0 00:00:00  -  Total Local Usage
	38181  -  Run Bytes Sent By Job
	1231206  -  Run Bytes Received By Job
	38181  -  Total Bytes Sent By Job
	1231206  -  Total Bytes Received By Job
	Partitionable Resources :    Usage  Request Allocated 
	   Cpus                 :     0.99        1         1 
	   Disk (KB)            :  1262        1250      3868 
	   GPUs                 :                           0 
	   Memory (MB)          :   100        1024      1100 
	   TimeExecute (s)      :   948                       
	   TimeSlotBusy (s)     :   949                       

	Job terminated of its own accord at 2026-06-12T14:26:33Z with exit-code 139.
...
