000 (196930.074.000) 2026-06-12 22:48:48 Job submitted from host: <155.230.23.73:9618?addrs=155.230.23.73-9618+[2407-c000-c024-0-20c-29ff-fe93-3763]-9618&alias=cms03.knu.ac.kr&noUDP&sock=schedd_1478_5d11>
...
040 (196930.074.000) 2026-06-12 23:10:43 Started transferring input files
	Transferring to host: <155.230.21.118:9618?addrs=155.230.21.118-9618+[2407-c000-c025--21-118]-9618&alias=cluster318.knu.ac.kr&noUDP&sock=slot1_18_1766_0e81_2596>
...
040 (196930.074.000) 2026-06-12 23:10:43 Finished transferring input files
...
001 (196930.074.000) 2026-06-12 23:10:44 Job executing on host: <155.230.21.118:9618?addrs=155.230.21.118-9618+[2407-c000-c025--21-118]-9618&alias=cluster318.knu.ac.kr&noUDP&sock=startd_1729_8756>
	SlotName: slot1_18@cluster318.knu.ac.kr
	CondorScratchDir = "/home/condor/dir_2053159"
	Cpus = 1
	Disk = 3828
	GPUs = 0
	Memory = 1100
...
006 (196930.074.000) 2026-06-12 23:10:58 Image size of job updated: 99244
	97  -  MemoryUsage of job (MB)
	99244  -  ResidentSetSize of job (KB)
...
006 (196930.074.000) 2026-06-12 23:15:59 Image size of job updated: 100880
	99  -  MemoryUsage of job (MB)
	100880  -  ResidentSetSize of job (KB)
...
006 (196930.074.000) 2026-06-12 23:21:00 Image size of job updated: 101456
	100  -  MemoryUsage of job (MB)
	101456  -  ResidentSetSize of job (KB)
...
006 (196930.074.000) 2026-06-12 23:26:00 Image size of job updated: 101788
	100  -  MemoryUsage of job (MB)
	101788  -  ResidentSetSize of job (KB)
...
006 (196930.074.000) 2026-06-12 23:29:18 Image size of job updated: 194112
	100  -  MemoryUsage of job (MB)
	101788  -  ResidentSetSize of job (KB)
...
040 (196930.074.000) 2026-06-12 23:29:18 Started transferring output files
...
040 (196930.074.000) 2026-06-12 23:29:18 Finished transferring output files
...
005 (196930.074.000) 2026-06-12 23:29:18 Job terminated.
	(1) Normal termination (return value 139)
		Usr 0 00:18:18, Sys 0 00:00:01  -  Run Remote Usage
		Usr 0 00:00:00, Sys 0 00:00:00  -  Run Local Usage
		Usr 0 00:18:18, Sys 0 00:00:01  -  Total Remote Usage
		Usr 0 00:00:00, Sys 0 00:00:00  -  Total Local Usage
	38183  -  Run Bytes Sent By Job
	1231206  -  Run Bytes Received By Job
	38183  -  Total Bytes Sent By Job
	1231206  -  Total Bytes Received By Job
	Partitionable Resources :    Usage  Request Allocated 
	   Cpus                 :     0.99        1         1 
	   Disk (KB)            :  1262        1250      3828 
	   GPUs                 :                           0 
	   Memory (MB)          :   100        1024      1100 
	   TimeExecute (s)      :  1114                       
	   TimeSlotBusy (s)     :  1115                       

	Job terminated of its own accord at 2026-06-12T14:29:18Z with exit-code 139.
...
