000 (196930.078.000) 2026-06-12 22:48:48 Job submitted from host: <155.230.23.73:9618?addrs=155.230.23.73-9618+[2407-c000-c024-0-20c-29ff-fe93-3763]-9618&alias=cms03.knu.ac.kr&noUDP&sock=schedd_1478_5d11>
...
040 (196930.078.000) 2026-06-12 23:11:23 Started transferring input files
	Transferring to host: <155.230.21.38:9618?addrs=155.230.21.38-9618+[2407-c000-c025--21-38]-9618&alias=cluster238.knu.ac.kr&noUDP&sock=slot1_4_1104_9e26_1763>
...
040 (196930.078.000) 2026-06-12 23:11:23 Finished transferring input files
...
001 (196930.078.000) 2026-06-12 23:11:24 Job executing on host: <155.230.21.38:9618?addrs=155.230.21.38-9618+[2407-c000-c025--21-38]-9618&alias=cluster238.knu.ac.kr&noUDP&sock=startd_1047_bbbf>
	SlotName: slot1_4@cluster238.knu.ac.kr
	CondorScratchDir = "/home/condor/dir_1151339"
	Cpus = 1
	Disk = 3855
	GPUs = 0
	Memory = 1100
...
006 (196930.078.000) 2026-06-12 23:11:37 Image size of job updated: 99500
	98  -  MemoryUsage of job (MB)
	99500  -  ResidentSetSize of job (KB)
...
006 (196930.078.000) 2026-06-12 23:16:37 Image size of job updated: 101108
	99  -  MemoryUsage of job (MB)
	101108  -  ResidentSetSize of job (KB)
...
006 (196930.078.000) 2026-06-12 23:21:38 Image size of job updated: 101300
	99  -  MemoryUsage of job (MB)
	101300  -  ResidentSetSize of job (KB)
...
006 (196930.078.000) 2026-06-12 23:26:39 Image size of job updated: 101632
	100  -  MemoryUsage of job (MB)
	101632  -  ResidentSetSize of job (KB)
...
006 (196930.078.000) 2026-06-12 23:31:14 Image size of job updated: 223504
	100  -  MemoryUsage of job (MB)
	101632  -  ResidentSetSize of job (KB)
...
040 (196930.078.000) 2026-06-12 23:31:14 Started transferring output files
...
040 (196930.078.000) 2026-06-12 23:31:14 Finished transferring output files
...
005 (196930.078.000) 2026-06-12 23:31:14 Job terminated.
	(1) Normal termination (return value 139)
		Usr 0 00:19:35, Sys 0 00:00:01  -  Run Remote Usage
		Usr 0 00:00:00, Sys 0 00:00:00  -  Run Local Usage
		Usr 0 00:19:35, Sys 0 00:00:01  -  Total Remote Usage
		Usr 0 00:00:00, Sys 0 00:00:00  -  Total Local Usage
	38183  -  Run Bytes Sent By Job
	1231206  -  Run Bytes Received By Job
	38183  -  Total Bytes Sent By Job
	1231206  -  Total Bytes Received By Job
	Partitionable Resources :    Usage  Request Allocated 
	   Cpus                 :     0.99        1         1 
	   Disk (KB)            :  1262        1250      3855 
	   GPUs                 :                           0 
	   Memory (MB)          :   100        1024      1100 
	   TimeExecute (s)      :  1190                       
	   TimeSlotBusy (s)     :  1192                       

	Job terminated of its own accord at 2026-06-12T14:31:14Z with exit-code 139.
...
