000 (196930.079.000) 2026-06-12 22:48:48 Job submitted from host: <155.230.23.73:9618?addrs=155.230.23.73-9618+[2407-c000-c024-0-20c-29ff-fe93-3763]-9618&alias=cms03.knu.ac.kr&noUDP&sock=schedd_1478_5d11>
...
040 (196930.079.000) 2026-06-12 23:11:23 Started transferring input files
	Transferring to host: <155.230.21.116:9618?addrs=155.230.21.116-9618+[2407-c000-c025--21-116]-9618&alias=cluster316.knu.ac.kr&noUDP&sock=slot1_7_1621_e41b_2884>
...
040 (196930.079.000) 2026-06-12 23:11:23 Finished transferring input files
...
001 (196930.079.000) 2026-06-12 23:11:24 Job executing on host: <155.230.21.116:9618?addrs=155.230.21.116-9618+[2407-c000-c025--21-116]-9618&alias=cluster316.knu.ac.kr&noUDP&sock=startd_1583_6282>
	SlotName: slot1_7@cluster316.knu.ac.kr
	CondorScratchDir = "/home/condor/dir_1262354"
	Cpus = 1
	Disk = 3860
	GPUs = 0
	Memory = 1100
...
006 (196930.079.000) 2026-06-12 23:11:37 Image size of job updated: 98836
	97  -  MemoryUsage of job (MB)
	98836  -  ResidentSetSize of job (KB)
...
006 (196930.079.000) 2026-06-12 23:16:37 Image size of job updated: 101676
	100  -  MemoryUsage of job (MB)
	101676  -  ResidentSetSize of job (KB)
...
006 (196930.079.000) 2026-06-12 23:21:39 Image size of job updated: 101768
	100  -  MemoryUsage of job (MB)
	101768  -  ResidentSetSize of job (KB)
...
006 (196930.079.000) 2026-06-12 23:26:39 Image size of job updated: 102132
	100  -  MemoryUsage of job (MB)
	102132  -  ResidentSetSize of job (KB)
...
006 (196930.079.000) 2026-06-12 23:31:39 Image size of job updated: 102212
	100  -  MemoryUsage of job (MB)
	102212  -  ResidentSetSize of job (KB)
...
006 (196930.079.000) 2026-06-12 23:32:20 Image size of job updated: 424988
	100  -  MemoryUsage of job (MB)
	102212  -  ResidentSetSize of job (KB)
...
040 (196930.079.000) 2026-06-12 23:32:20 Started transferring output files
...
040 (196930.079.000) 2026-06-12 23:32:20 Finished transferring output files
...
005 (196930.079.000) 2026-06-12 23:32:20 Job terminated.
	(1) Normal termination (return value 139)
		Usr 0 00:20:39, Sys 0 00:00:01  -  Run Remote Usage
		Usr 0 00:00:00, Sys 0 00:00:00  -  Run Local Usage
		Usr 0 00:20:39, Sys 0 00:00:01  -  Total Remote Usage
		Usr 0 00:00:00, Sys 0 00:00:00  -  Total Local Usage
	38183  -  Run Bytes Sent By Job
	1231206  -  Run Bytes Received By Job
	38183  -  Total Bytes Sent By Job
	1231206  -  Total Bytes Received By Job
	Partitionable Resources :    Usage  Request Allocated 
	   Cpus                 :     0.99        1         1 
	   Disk (KB)            :  1262        1250      3860 
	   GPUs                 :                           0 
	   Memory (MB)          :   100        1024      1100 
	   TimeExecute (s)      :  1256                       
	   TimeSlotBusy (s)     :  1257                       

	Job terminated of its own accord at 2026-06-12T14:32:20Z with exit-code 139.
...
