000 (196930.080.000) 2026-06-12 22:48:48 Job submitted from host: <155.230.23.73:9618?addrs=155.230.23.73-9618+[2407-c000-c024-0-20c-29ff-fe93-3763]-9618&alias=cms03.knu.ac.kr&noUDP&sock=schedd_1478_5d11>
...
040 (196930.080.000) 2026-06-12 23:11:23 Started transferring input files
	Transferring to host: <155.230.21.38:9618?addrs=155.230.21.38-9618+[2407-c000-c025--21-38]-9618&alias=cluster238.knu.ac.kr&noUDP&sock=slot1_9_1104_9e26_1764>
...
040 (196930.080.000) 2026-06-12 23:11:23 Finished transferring input files
...
001 (196930.080.000) 2026-06-12 23:11:24 Job executing on host: <155.230.21.38:9618?addrs=155.230.21.38-9618+[2407-c000-c025--21-38]-9618&alias=cluster238.knu.ac.kr&noUDP&sock=startd_1047_bbbf>
	SlotName: slot1_9@cluster238.knu.ac.kr
	CondorScratchDir = "/home/condor/dir_1151340"
	Cpus = 1
	Disk = 3855
	GPUs = 0
	Memory = 1100
...
006 (196930.080.000) 2026-06-12 23:11:37 Image size of job updated: 99724
	98  -  MemoryUsage of job (MB)
	99724  -  ResidentSetSize of job (KB)
...
006 (196930.080.000) 2026-06-12 23:16:37 Image size of job updated: 101328
	99  -  MemoryUsage of job (MB)
	101328  -  ResidentSetSize of job (KB)
...
006 (196930.080.000) 2026-06-12 23:21:38 Image size of job updated: 102424
	101  -  MemoryUsage of job (MB)
	102424  -  ResidentSetSize of job (KB)
...
006 (196930.080.000) 2026-06-12 23:26:39 Image size of job updated: 102564
	101  -  MemoryUsage of job (MB)
	102564  -  ResidentSetSize of job (KB)
...
006 (196930.080.000) 2026-06-12 23:31:27 Image size of job updated: 292920
	101  -  MemoryUsage of job (MB)
	102564  -  ResidentSetSize of job (KB)
...
040 (196930.080.000) 2026-06-12 23:31:27 Started transferring output files
...
040 (196930.080.000) 2026-06-12 23:31:27 Finished transferring output files
...
005 (196930.080.000) 2026-06-12 23:31:27 Job terminated.
	(1) Normal termination (return value 139)
		Usr 0 00:19:47, Sys 0 00:00:01  -  Run Remote Usage
		Usr 0 00:00:00, Sys 0 00:00:00  -  Run Local Usage
		Usr 0 00:19:47, Sys 0 00:00:01  -  Total Remote Usage
		Usr 0 00:00:00, Sys 0 00:00:00  -  Total Local Usage
	38183  -  Run Bytes Sent By Job
	1231206  -  Run Bytes Received By Job
	38183  -  Total Bytes Sent By Job
	1231206  -  Total Bytes Received By Job
	Partitionable Resources :    Usage  Request Allocated 
	   Cpus                 :     0.99        1         1 
	   Disk (KB)            :  1261        1250      3855 
	   GPUs                 :                           0 
	   Memory (MB)          :   101        1024      1100 
	   TimeExecute (s)      :  1203                       
	   TimeSlotBusy (s)     :  1204                       

	Job terminated of its own accord at 2026-06-12T14:31:27Z with exit-code 139.
...
