000 (196930.084.000) 2026-06-12 22:48:48 Job submitted from host: <155.230.23.73:9618?addrs=155.230.23.73-9618+[2407-c000-c024-0-20c-29ff-fe93-3763]-9618&alias=cms03.knu.ac.kr&noUDP&sock=schedd_1478_5d11>
...
040 (196930.084.000) 2026-06-12 23:12:23 Started transferring input files
	Transferring to host: <155.230.21.108:9618?addrs=155.230.21.108-9618+[2407-c000-c025--21-108]-9618&alias=cluster308.knu.ac.kr&noUDP&sock=slot1_24_1782_5482_2356>
...
040 (196930.084.000) 2026-06-12 23:12:23 Finished transferring input files
...
001 (196930.084.000) 2026-06-12 23:12:25 Job executing on host: <155.230.21.108:9618?addrs=155.230.21.108-9618+[2407-c000-c025--21-108]-9618&alias=cluster308.knu.ac.kr&noUDP&sock=startd_1719_ab64>
	SlotName: slot1_24@cluster308.knu.ac.kr
	CondorScratchDir = "/home/condor/dir_3317606"
	Cpus = 1
	Disk = 3782
	GPUs = 0
	Memory = 1100
...
006 (196930.084.000) 2026-06-12 23:12:38 Image size of job updated: 99268
	97  -  MemoryUsage of job (MB)
	99268  -  ResidentSetSize of job (KB)
...
006 (196930.084.000) 2026-06-12 23:17:38 Image size of job updated: 101064
	99  -  MemoryUsage of job (MB)
	101064  -  ResidentSetSize of job (KB)
...
006 (196930.084.000) 2026-06-12 23:22:39 Image size of job updated: 102136
	100  -  MemoryUsage of job (MB)
	102136  -  ResidentSetSize of job (KB)
...
006 (196930.084.000) 2026-06-12 23:27:40 Image size of job updated: 103144
	101  -  MemoryUsage of job (MB)
	103144  -  ResidentSetSize of job (KB)
...
006 (196930.084.000) 2026-06-12 23:30:33 Image size of job updated: 308088
	101  -  MemoryUsage of job (MB)
	103144  -  ResidentSetSize of job (KB)
...
040 (196930.084.000) 2026-06-12 23:30:33 Started transferring output files
...
040 (196930.084.000) 2026-06-12 23:30:33 Finished transferring output files
...
005 (196930.084.000) 2026-06-12 23:30:33 Job terminated.
	(1) Normal termination (return value 139)
		Usr 0 00:17:53, Sys 0 00:00:01  -  Run Remote Usage
		Usr 0 00:00:00, Sys 0 00:00:00  -  Run Local Usage
		Usr 0 00:17:53, Sys 0 00:00:01  -  Total Remote Usage
		Usr 0 00:00:00, Sys 0 00:00:00  -  Total Local Usage
	38183  -  Run Bytes Sent By Job
	1231206  -  Run Bytes Received By Job
	38183  -  Total Bytes Sent By Job
	1231206  -  Total Bytes Received By Job
	Partitionable Resources :    Usage  Request Allocated 
	   Cpus                 :     0.99        1         1 
	   Disk (KB)            :  1262        1250      3782 
	   GPUs                 :                           0 
	   Memory (MB)          :   101        1024      1100 
	   TimeExecute (s)      :  1089                       
	   TimeSlotBusy (s)     :  1090                       

	Job terminated of its own accord at 2026-06-12T14:30:33Z with exit-code 139.
...
