000 (196930.085.000) 2026-06-12 22:48:48 Job submitted from host: <155.230.23.73:9618?addrs=155.230.23.73-9618+[2407-c000-c024-0-20c-29ff-fe93-3763]-9618&alias=cms03.knu.ac.kr&noUDP&sock=schedd_1478_5d11>
...
040 (196930.085.000) 2026-06-12 23:12:23 Started transferring input files
	Transferring to host: <155.230.21.151:9618?addrs=155.230.21.151-9618+[2407-c000-c025--21-151]-9618&alias=cluster351.knu.ac.kr&noUDP&sock=slot1_61_376959_777a_4062>
...
040 (196930.085.000) 2026-06-12 23:12:23 Finished transferring input files
...
001 (196930.085.000) 2026-06-12 23:12:25 Job executing on host: <155.230.21.151:9618?addrs=155.230.21.151-9618+[2407-c000-c025--21-151]-9618&alias=cluster351.knu.ac.kr&noUDP&sock=startd_2791_f8ea>
	SlotName: slot1_61@cluster351.knu.ac.kr
	CondorScratchDir = "/home/condor/dir_2166610"
	Cpus = 1
	Disk = 9388
	GPUs = 0
	Memory = 1100
...
006 (196930.085.000) 2026-06-12 23:12:38 Image size of job updated: 99760
	98  -  MemoryUsage of job (MB)
	99760  -  ResidentSetSize of job (KB)
...
006 (196930.085.000) 2026-06-12 23:17:11 Image size of job updated: 330520
	98  -  MemoryUsage of job (MB)
	99760  -  ResidentSetSize of job (KB)
...
040 (196930.085.000) 2026-06-12 23:17:11 Started transferring output files
...
040 (196930.085.000) 2026-06-12 23:17:11 Finished transferring output files
...
005 (196930.085.000) 2026-06-12 23:17:11 Job terminated.
	(1) Normal termination (return value 139)
		Usr 0 00:04:38, Sys 0 00:00:01  -  Run Remote Usage
		Usr 0 00:00:00, Sys 0 00:00:00  -  Run Local Usage
		Usr 0 00:04:38, Sys 0 00:00:01  -  Total Remote Usage
		Usr 0 00:00:00, Sys 0 00:00:00  -  Total Local Usage
	38181  -  Run Bytes Sent By Job
	1231206  -  Run Bytes Received By Job
	38181  -  Total Bytes Sent By Job
	1231206  -  Total Bytes Received By Job
	Partitionable Resources :    Usage  Request Allocated 
	   Cpus                 :     0.99        1         1 
	   Disk (KB)            :  1262        1250      9388 
	   GPUs                 :                           0 
	   Memory (MB)          :    98        1024      1100 
	   TimeExecute (s)      :   287                       
	   TimeSlotBusy (s)     :   288                       

	Job terminated of its own accord at 2026-06-12T14:17:11Z with exit-code 139.
...
