000 (196930.086.000) 2026-06-12 22:48:48 Job submitted from host: <155.230.23.73:9618?addrs=155.230.23.73-9618+[2407-c000-c024-0-20c-29ff-fe93-3763]-9618&alias=cms03.knu.ac.kr&noUDP&sock=schedd_1478_5d11>
...
040 (196930.086.000) 2026-06-12 23:12:25 Started transferring input files
	Transferring to host: <155.230.21.112:9618?addrs=155.230.21.112-9618+[2407-c000-c025--21-112]-9618&alias=cluster312.knu.ac.kr&noUDP&sock=slot1_26_1724_76bf_2146>
...
040 (196930.086.000) 2026-06-12 23:12:25 Finished transferring input files
...
001 (196930.086.000) 2026-06-12 23:12:26 Job executing on host: <155.230.21.112:9618?addrs=155.230.21.112-9618+[2407-c000-c025--21-112]-9618&alias=cluster312.knu.ac.kr&noUDP&sock=startd_1671_bed8>
	SlotName: slot1_26@cluster312.knu.ac.kr
	CondorScratchDir = "/home/condor/dir_3131565"
	Cpus = 1
	Disk = 3855
	GPUs = 0
	Memory = 1100
...
006 (196930.086.000) 2026-06-12 23:12:40 Image size of job updated: 100168
	98  -  MemoryUsage of job (MB)
	100168  -  ResidentSetSize of job (KB)
...
006 (196930.086.000) 2026-06-12 23:17:41 Image size of job updated: 101048
	99  -  MemoryUsage of job (MB)
	101048  -  ResidentSetSize of job (KB)
...
006 (196930.086.000) 2026-06-12 23:22:42 Image size of job updated: 102064
	100  -  MemoryUsage of job (MB)
	102064  -  ResidentSetSize of job (KB)
...
006 (196930.086.000) 2026-06-12 23:27:42 Image size of job updated: 102424
	101  -  MemoryUsage of job (MB)
	102424  -  ResidentSetSize of job (KB)
...
006 (196930.086.000) 2026-06-12 23:30:12 Image size of job updated: 325700
	101  -  MemoryUsage of job (MB)
	102424  -  ResidentSetSize of job (KB)
...
040 (196930.086.000) 2026-06-12 23:30:13 Started transferring output files
...
040 (196930.086.000) 2026-06-12 23:30:13 Finished transferring output files
...
005 (196930.086.000) 2026-06-12 23:30:13 Job terminated.
	(1) Normal termination (return value 139)
		Usr 0 00:17:39, Sys 0 00:00:01  -  Run Remote Usage
		Usr 0 00:00:00, Sys 0 00:00:00  -  Run Local Usage
		Usr 0 00:17:39, Sys 0 00:00:01  -  Total Remote Usage
		Usr 0 00:00:00, Sys 0 00:00:00  -  Total Local Usage
	38183  -  Run Bytes Sent By Job
	1231206  -  Run Bytes Received By Job
	38183  -  Total Bytes Sent By Job
	1231206  -  Total Bytes Received By Job
	Partitionable Resources :    Usage  Request Allocated 
	   Cpus                 :     1.00        1         1 
	   Disk (KB)            :  1262        1250      3855 
	   GPUs                 :                           0 
	   Memory (MB)          :   101        1024      1100 
	   TimeExecute (s)      :  1066                       
	   TimeSlotBusy (s)     :  1068                       

	Job terminated of its own accord at 2026-06-12T14:30:12Z with exit-code 139.
...
