000 (196930.087.000) 2026-06-12 22:48:48 Job submitted from host: <155.230.23.73:9618?addrs=155.230.23.73-9618+[2407-c000-c024-0-20c-29ff-fe93-3763]-9618&alias=cms03.knu.ac.kr&noUDP&sock=schedd_1478_5d11>
...
040 (196930.087.000) 2026-06-12 23:13:21 Started transferring input files
	Transferring to host: <155.230.21.97:9618?addrs=155.230.21.97-9618+[2407-c000-c025--21-97]-9618&alias=cluster297.knu.ac.kr&noUDP&sock=slot1_9_1112_4126_1585>
...
040 (196930.087.000) 2026-06-12 23:13:22 Finished transferring input files
...
001 (196930.087.000) 2026-06-12 23:13:23 Job executing on host: <155.230.21.97:9618?addrs=155.230.21.97-9618+[2407-c000-c025--21-97]-9618&alias=cluster297.knu.ac.kr&noUDP&sock=startd_1064_64db>
	SlotName: slot1_9@cluster297.knu.ac.kr
	CondorScratchDir = "/home/condor/dir_605683"
	Cpus = 1
	Disk = 3072
	GPUs = 0
	Memory = 1100
...
006 (196930.087.000) 2026-06-12 23:13:36 Image size of job updated: 99608
	98  -  MemoryUsage of job (MB)
	99608  -  ResidentSetSize of job (KB)
...
006 (196930.087.000) 2026-06-12 23:18:36 Image size of job updated: 101576
	100  -  MemoryUsage of job (MB)
	101576  -  ResidentSetSize of job (KB)
...
006 (196930.087.000) 2026-06-12 23:23:36 Image size of job updated: 101892
	100  -  MemoryUsage of job (MB)
	101892  -  ResidentSetSize of job (KB)
...
006 (196930.087.000) 2026-06-12 23:28:37 Image size of job updated: 102208
	100  -  MemoryUsage of job (MB)
	102208  -  ResidentSetSize of job (KB)
...
006 (196930.087.000) 2026-06-12 23:33:37 Image size of job updated: 102348
	100  -  MemoryUsage of job (MB)
	102348  -  ResidentSetSize of job (KB)
...
006 (196930.087.000) 2026-06-12 23:38:19 Image size of job updated: 222492
	100  -  MemoryUsage of job (MB)
	102348  -  ResidentSetSize of job (KB)
...
040 (196930.087.000) 2026-06-12 23:38:19 Started transferring output files
...
040 (196930.087.000) 2026-06-12 23:38:19 Finished transferring output files
...
005 (196930.087.000) 2026-06-12 23:38:19 Job terminated.
	(1) Normal termination (return value 139)
		Usr 0 00:24:32, Sys 0 00:00:01  -  Run Remote Usage
		Usr 0 00:00:00, Sys 0 00:00:00  -  Run Local Usage
		Usr 0 00:24:32, Sys 0 00:00:01  -  Total Remote Usage
		Usr 0 00:00:00, Sys 0 00:00:00  -  Total Local Usage
	38183  -  Run Bytes Sent By Job
	1231206  -  Run Bytes Received By Job
	38183  -  Total Bytes Sent By Job
	1231206  -  Total Bytes Received By Job
	Partitionable Resources :    Usage  Request Allocated 
	   Cpus                 :     0.99        1         1 
	   Disk (KB)            :  1262        1250      3072 
	   GPUs                 :                           0 
	   Memory (MB)          :   100        1024      1100 
	   TimeExecute (s)      :  1496                       
	   TimeSlotBusy (s)     :  1498                       

	Job terminated of its own accord at 2026-06-12T14:38:19Z with exit-code 139.
...
