000 (196930.009.000) 2026-06-12 22:48:48 Job submitted from host: <155.230.23.73:9618?addrs=155.230.23.73-9618+[2407-c000-c024-0-20c-29ff-fe93-3763]-9618&alias=cms03.knu.ac.kr&noUDP&sock=schedd_1478_5d11>
...
040 (196930.009.000) 2026-06-12 22:49:50 Started transferring input files
	Transferring to host: <155.230.21.116:9618?addrs=155.230.21.116-9618+[2407-c000-c025--21-116]-9618&alias=cluster316.knu.ac.kr&noUDP&sock=slot1_7_1621_e41b_2876>
...
040 (196930.009.000) 2026-06-12 22:49:50 Finished transferring input files
...
001 (196930.009.000) 2026-06-12 22:49:51 Job executing on host: <155.230.21.116:9618?addrs=155.230.21.116-9618+[2407-c000-c025--21-116]-9618&alias=cluster316.knu.ac.kr&noUDP&sock=startd_1583_6282>
	SlotName: slot1_7@cluster316.knu.ac.kr
	CondorScratchDir = "/home/condor/dir_1259512"
	Cpus = 1
	Disk = 3860
	GPUs = 0
	Memory = 1100
...
006 (196930.009.000) 2026-06-12 22:50:05 Image size of job updated: 56520
	56  -  MemoryUsage of job (MB)
	56520  -  ResidentSetSize of job (KB)
...
006 (196930.009.000) 2026-06-12 22:55:06 Image size of job updated: 99204
	97  -  MemoryUsage of job (MB)
	99204  -  ResidentSetSize of job (KB)
...
006 (196930.009.000) 2026-06-12 23:00:07 Image size of job updated: 99864
	98  -  MemoryUsage of job (MB)
	99864  -  ResidentSetSize of job (KB)
...
006 (196930.009.000) 2026-06-12 23:05:07 Image size of job updated: 100204
	98  -  MemoryUsage of job (MB)
	100204  -  ResidentSetSize of job (KB)
...
006 (196930.009.000) 2026-06-12 23:10:08 Image size of job updated: 100300
	98  -  MemoryUsage of job (MB)
	100300  -  ResidentSetSize of job (KB)
...
006 (196930.009.000) 2026-06-12 23:10:52 Image size of job updated: 117472
	98  -  MemoryUsage of job (MB)
	100300  -  ResidentSetSize of job (KB)
...
040 (196930.009.000) 2026-06-12 23:10:52 Started transferring output files
...
040 (196930.009.000) 2026-06-12 23:10:52 Finished transferring output files
...
005 (196930.009.000) 2026-06-12 23:10:52 Job terminated.
	(1) Normal termination (return value 139)
		Usr 0 00:20:38, Sys 0 00:00:01  -  Run Remote Usage
		Usr 0 00:00:00, Sys 0 00:00:00  -  Run Local Usage
		Usr 0 00:20:38, Sys 0 00:00:01  -  Total Remote Usage
		Usr 0 00:00:00, Sys 0 00:00:00  -  Total Local Usage
	38183  -  Run Bytes Sent By Job
	1231206  -  Run Bytes Received By Job
	38183  -  Total Bytes Sent By Job
	1231206  -  Total Bytes Received By Job
	Partitionable Resources :    Usage  Request Allocated 
	   Cpus                 :     0.99        1         1 
	   Disk (KB)            :  1262        1250      3860 
	   GPUs                 :                           0 
	   Memory (MB)          :    98        1024      1100 
	   TimeExecute (s)      :  1261                       
	   TimeSlotBusy (s)     :  1263                       

	Job terminated of its own accord at 2026-06-12T14:10:52Z with exit-code 139.
...
