000 (196930.096.000) 2026-06-12 22:48:48 Job submitted from host: <155.230.23.73:9618?addrs=155.230.23.73-9618+[2407-c000-c024-0-20c-29ff-fe93-3763]-9618&alias=cms03.knu.ac.kr&noUDP&sock=schedd_1478_5d11>
...
040 (196930.096.000) 2026-06-12 23:14:43 Started transferring input files
	Transferring to host: <155.230.21.97:9618?addrs=155.230.21.97-9618+[2407-c000-c025--21-97]-9618&alias=cluster297.knu.ac.kr&noUDP&sock=slot1_10_1112_4126_1589>
...
040 (196930.096.000) 2026-06-12 23:14:43 Finished transferring input files
...
001 (196930.096.000) 2026-06-12 23:14:44 Job executing on host: <155.230.21.97:9618?addrs=155.230.21.97-9618+[2407-c000-c025--21-97]-9618&alias=cluster297.knu.ac.kr&noUDP&sock=startd_1064_64db>
	SlotName: slot1_10@cluster297.knu.ac.kr
	CondorScratchDir = "/home/condor/dir_606091"
	Cpus = 1
	Disk = 3072
	GPUs = 0
	Memory = 1100
...
006 (196930.096.000) 2026-06-12 23:14:58 Image size of job updated: 99632
	98  -  MemoryUsage of job (MB)
	99632  -  ResidentSetSize of job (KB)
...
006 (196930.096.000) 2026-06-12 23:19:59 Image size of job updated: 101312
	99  -  MemoryUsage of job (MB)
	101312  -  ResidentSetSize of job (KB)
...
006 (196930.096.000) 2026-06-12 23:24:59 Image size of job updated: 101512
	100  -  MemoryUsage of job (MB)
	101512  -  ResidentSetSize of job (KB)
...
006 (196930.096.000) 2026-06-12 23:29:59 Image size of job updated: 101856
	100  -  MemoryUsage of job (MB)
	101856  -  ResidentSetSize of job (KB)
...
006 (196930.096.000) 2026-06-12 23:35:00 Image size of job updated: 101928
	100  -  MemoryUsage of job (MB)
	101928  -  ResidentSetSize of job (KB)
...
006 (196930.096.000) 2026-06-12 23:37:23 Image size of job updated: 272464
	100  -  MemoryUsage of job (MB)
	101928  -  ResidentSetSize of job (KB)
...
040 (196930.096.000) 2026-06-12 23:37:23 Started transferring output files
...
040 (196930.096.000) 2026-06-12 23:37:23 Finished transferring output files
...
005 (196930.096.000) 2026-06-12 23:37:23 Job terminated.
	(1) Normal termination (return value 139)
		Usr 0 00:22:09, Sys 0 00:00:03  -  Run Remote Usage
		Usr 0 00:00:00, Sys 0 00:00:00  -  Run Local Usage
		Usr 0 00:22:09, Sys 0 00:00:03  -  Total Remote Usage
		Usr 0 00:00:00, Sys 0 00:00:00  -  Total Local Usage
	38183  -  Run Bytes Sent By Job
	1231206  -  Run Bytes Received By Job
	38183  -  Total Bytes Sent By Job
	1231206  -  Total Bytes Received By Job
	Partitionable Resources :    Usage  Request Allocated 
	   Cpus                 :     0.99        1         1 
	   Disk (KB)            :  1262        1250      3072 
	   GPUs                 :                           0 
	   Memory (MB)          :   100        1024      1100 
	   TimeExecute (s)      :  1359                       
	   TimeSlotBusy (s)     :  1360                       

	Job terminated of its own accord at 2026-06-12T14:37:23Z with exit-code 139.
...
