000 (196930.098.000) 2026-06-12 22:48:48 Job submitted from host: <155.230.23.73:9618?addrs=155.230.23.73-9618+[2407-c000-c024-0-20c-29ff-fe93-3763]-9618&alias=cms03.knu.ac.kr&noUDP&sock=schedd_1478_5d11>
...
040 (196930.098.000) 2026-06-12 23:16:03 Started transferring input files
	Transferring to host: <155.230.21.94:9618?addrs=155.230.21.94-9618+[2407-c000-c025--21-94]-9618&alias=cluster294.knu.ac.kr&noUDP&sock=slot1_3_1331_8f4f_2035>
...
040 (196930.098.000) 2026-06-12 23:16:03 Finished transferring input files
...
001 (196930.098.000) 2026-06-12 23:16:04 Job executing on host: <155.230.21.94:9618?addrs=155.230.21.94-9618+[2407-c000-c025--21-94]-9618&alias=cluster294.knu.ac.kr&noUDP&sock=startd_1271_60f6>
	SlotName: slot1_3@cluster294.knu.ac.kr
	CondorScratchDir = "/home/condor/dir_2121513"
	Cpus = 1
	Disk = 3859
	GPUs = 0
	Memory = 1100
...
006 (196930.098.000) 2026-06-12 23:16:18 Image size of job updated: 80944
	80  -  MemoryUsage of job (MB)
	80944  -  ResidentSetSize of job (KB)
...
006 (196930.098.000) 2026-06-12 23:21:19 Image size of job updated: 101244
	99  -  MemoryUsage of job (MB)
	101244  -  ResidentSetSize of job (KB)
...
006 (196930.098.000) 2026-06-12 23:26:20 Image size of job updated: 102480
	101  -  MemoryUsage of job (MB)
	102480  -  ResidentSetSize of job (KB)
...
006 (196930.098.000) 2026-06-12 23:31:20 Image size of job updated: 102584
	101  -  MemoryUsage of job (MB)
	102584  -  ResidentSetSize of job (KB)
...
006 (196930.098.000) 2026-06-12 23:32:32 Image size of job updated: 275760
	101  -  MemoryUsage of job (MB)
	102584  -  ResidentSetSize of job (KB)
...
040 (196930.098.000) 2026-06-12 23:32:33 Started transferring output files
...
040 (196930.098.000) 2026-06-12 23:32:33 Finished transferring output files
...
005 (196930.098.000) 2026-06-12 23:32:33 Job terminated.
	(1) Normal termination (return value 139)
		Usr 0 00:16:07, Sys 0 00:00:01  -  Run Remote Usage
		Usr 0 00:00:00, Sys 0 00:00:00  -  Run Local Usage
		Usr 0 00:16:07, Sys 0 00:00:01  -  Total Remote Usage
		Usr 0 00:00:00, Sys 0 00:00:00  -  Total Local Usage
	38181  -  Run Bytes Sent By Job
	1231206  -  Run Bytes Received By Job
	38181  -  Total Bytes Sent By Job
	1231206  -  Total Bytes Received By Job
	Partitionable Resources :    Usage  Request Allocated 
	   Cpus                 :     0.99        1         1 
	   Disk (KB)            :  1262        1250      3859 
	   GPUs                 :                           0 
	   Memory (MB)          :   101        1024      1100 
	   TimeExecute (s)      :   988                       
	   TimeSlotBusy (s)     :   990                       

	Job terminated of its own accord at 2026-06-12T14:32:32Z with exit-code 139.
...
